000000  42 4d 00 00 00 46 00 00 00 00 36 00 00 00 28 00 
000010  00 00 2c 01 00 00 90 01 00 00 01 00 18 00 00 00 
000020  00 00 40 7e 05 00 00 00 00 00 00 00 00 00 00 00 
000030  00 00 00 00 00 00 df a0 fe df a0 fe df a0 fe df 
000040  a0 fe df a0 fe df a0 fe df a0 fe df a0 fe df a0 
000050  fe df a0 fe df a0 fe df a0 fe df a0 fe df a0 fe 
000060  df a0 fe df a0 fe df a0 fe df a0 fe df a0 fe df 
000070  a0 fe df a0 fe df a0 fe df a0 fe df a0 fe df a0 
000080  fe df a0 fe df a0 fe df a0 fe df a0 fe df a0 fe 
000090  df a0 fe df a0 fe df a0 fe df a0 fe df a0 fe df 
0000a0  a0 fe df a0 fe df a0 fe df a0 fe df a0 fe df a0 
0000b0  fe df a0 fe df a0 fe df a0 fe df a0 fe df a0 fe 
0000c0  df a0 fe df a0 fe df a0 fe df a0 fe df a0 fe df 
0000d0  a0 fe df a0 fe df a0 fe df a0 fe df a0 fe df a0 
0000e0  fe df a0 fe df a0 fe df a0 fe df a0 fe df a0 fe 
0000f0  df a0 fe df a0 fe df a0 fe df a0 fe df a0 fe df 
000100  a0 fe df a0 fe df a0 fe df a0 fe df a0 fe df a0 
000110  fe df a0 fe df a0 fe df a0 fe df a0 fe df a0 fe 
000120  df a0 fe df a0 fe df a0 fe df a0 fe df a0 fe df 
000130  a0 fe df a0 fe df a0 fe df a0 fe df a0 fe df a0 
000140  fe df a0 fe df a0 fe df a0 fe df a0 fe df a0 fe 
000150  df a0 fe df a0 fe df a0 fe df a0 fe df a0 fe df 
000160  a0 fe df a0 fe df a0 fe df a0 fe df a0 fe df a0 
000170  fe df a0 fe df a0 fe df a0 fe df a0 fe df a0 fe 
000180  df a0 fe df a0 fe df a0 fe df a0 fe df a0 fe df 
000190  a0 fe df a0 fe df a0 fe df a0 fe df a0 fe df a0 
0001a0  fe df a0 fe df a0 fe df a0 fe df a0 fe df a0 fe 
0001b0  df a0 fe df a0 fe df a0 fe df a0 fe df a0 fe df 
0001c0  a0 fe df a0 fe df a0 fe df a0 fe df a0 fe df a0 
0001d0  fe df a0 fe df a0 fe df a0 fe df a0 fe df a0 fe 
0001e0  df a0 fe df a0 fe df a0 fe df a0 fe df a0 fe df 
0001f0  a0 fe df a0 fe df a0 fe df a0 fe df a0 fe df a0 
000200  fe df a0 fe df a0 fe df a0 fe df a0 fe df a0 fe 
000210  df a0 fe df a0 fe df a0 fe df a0 fe df a0 fe df 
000220  a0 fe df a0 fe df a0 fe df a0 fe df a0 fe df a0 
000230  fe df a0 fe df a0 fe df a0 fe df a0 fe df a0 fe 
000240  df a0 fe df a0 fe df a0 fe df a0 fe df a0 fe df 
000250  a0 fe df a0 fe df a0 fe df a0 fe df a0 fe df a0 
000260  fe df a0 fe df a0 fe df a0 fe df a0 fe df a0 fe 
000270  df a0 fe df a0 fe df a0 fe df a0 fe df a0 fe df 
000280  a0 fe df a0 fe df a0 fe df a0 fe df a0 fe df a0 
000290  fe df a0 fe df a0 fe df a0 fe df a0 fe df a0 fe 
0002a0  df a0 fe df a0 fe df a0 fe df a0 fe df a0 fe df 
0002b0  a0 fe df a0 fe df a0 fe df a0 fe df a0 fe df a0 
0002c0  fe df a0 fe df a0 fe df a0 fe df a0 fe df a0 fe 
0002d0  df a0 fe df a0 fe df a0 fe df a0 fe df a0 fe df 
0002e0  a0 fe df a0 fe df a0 fe df a0 fe df a0 fe df a0 
0002f0  fe df a0 fe df a0 fe df a0 fe df a0 fe df a0 fe 
000300  df a0 fe df a0 fe df a0 fe df a0 fe df a0 fe df 
000310  a0 fe df a0 fe df a0 fe df a0 fe df a0 fe df a0 
000320  fe df a0 fe df a0 fe df a0 fe df a0 fe df a0 fe 
000330  df a0 fe df a0 fe df a0 fe df a0 fe df a0 fe df 
000340  a0 fe df a0 fe df a0 fe df a0 fe df a0 fe df a0 
000350  fe df a0 fe df a0 fe df a0 fe df a0 fe df a0 fe 
000360  df a0 fe df a0 fe df a0 fe df a0 fe df a0 fe df 
000370  a0 fe df a0 fe df a0 fe df a0 fe df a0 fe df a0 
000380  fe df a0 fe df a0 fe df a0 fe df a0 fe df a0 fe 
000390  df a0 fe df a0 fe df a0 fe df a0 fe df a0 fe df 
0003a0  a0 fe df a0 fe df a0 fe df a0 fe df a0 fe df a0 
0003b0  fe df a0 fe df a0 fe df a0 fe df a0 fe df a0 fe 
0003c0  df a0 fe df a0 fe df a0 fe df a0 fe df a0 fe df 
0003d0  a0 fe df a0 fe df a0 fe df a0 fe df a0 fe df a0 
0003e0  fe df a0 fe df a0 fe df a0 fe df a0 fe df a0 fe 
0003f0  df a0 fe df a0 fe df a0 fe df a0 fe df a0 fe df 
000400  a0 fe df a0 fe df a0 fe df a0 fe df a0 fe df a0 
000410  fe df a0 fe df a0 fe df a0 fe df a0 fe df a0 fe 
000420  df a0 fe df a0 fe df a0 fe df a0 fe df a0 fe df 
000430  a0 fe df a0 fe df a0 fe df a0 fe df a0 fe df a0 
000440  fe df a0 fe df a0 fe df a0 fe df a0 fe df a0 fe 
000450  df a0 fe df a0 fe df a0 fe df a0 fe df a0 fe df 
000460  a0 fe df a0 fe df a0 fe df a0 fe df a0 fe df a0 
000470  fe df a0 fe df a0 fe df a0 fe df a0 fe df a0 fe 
000480  df a0 fe df a0 fe df a0 fe df a0 fe df a0 fe df 
000490  a0 fe df a0 fe df a0 fe df a0 fe df a0 fe df a0 
0004a0  fe df a0 fe df a0 fe df a0 fe df a0 fe df a0 fe 
0004b0  df a0 fe df a0 fe df a0 fe df a0 fe df a0 fe df 
0004c0  a0 fe df a0 fe df a0 fe df a0 fe df a0 fe df a0 
0004d0  fe df a0 fe df a0 fe df a0 fe df a0 fe df a0 fe 
0004e0  df a0 fe df a0 fe df a0 fe df a0 fe df a0 fe df 
0004f0  a0 fe df a0 fe df a0 fe df a0 fe df a0 fe df a0 
000500  fe df a0 fe df a0 fe df a0 fe df a0 fe df a0 fe 
000510  df a0 fe df a0 fe df a0 fe df a0 fe df a0 fe df 
000520  a0 fe df a0 fe df a0 fe df a0 fe df a0 fe df a0 
000530  fe df a0 fe df a0 fe df a0 fe df a0 fe df a0 fe 
000540  df a0 fe df a0 fe df a0 fe df a0 fe df a0 fe df 
000550  a0 fe df a0 fe df a0 fe df a0 fe df a0 fe df a0 
000560  fe df a0 fe df a0 fe df a0 fe df a0 fe df a0 fe 
000570  df a0 fe df a0 fe df a0 fe df a0 fe df a0 fe df 
000580  a0 fe df a0 fe df a0 fe df a0 fe df a0 fe df a0 
000590  fe df a0 fe df a0 fe df a0 fe df a0 fe df a0 fe 
0005a0  df a0 fe df a0 fe df a0 fe df a0 fe df a0 fe df 
0005b0  a0 fe df a0 fe df a0 fe df a0 fe df a0 fe df a0 
0005c0  fe df a0 fe df a0 fe df a0 fe df a0 fe df a0 fe 
0005d0  df a0 fe df a0 fe df a0 fe df a0 fe df a0 fe df 
0005e0  a0 fe df a0 fe df a0 fe df a0 fe df a0 fe df a0 
0005f0  fe df a0 fe df a0 fe df a0 fe df a0 fe df a0 fe 
000600  df a0 fe df a0 fe df a0 fe df a0 fe df a0 fe df 
000610  a0 fe df a0 fe df a0 fe df a0 fe df a0 fe df a0 
000620  fe df a0 fe df a0 fe df a0 fe df a0 fe df a0 fe 
000630  df a0 fe df a0 fe df a0 fe df a0 fe df a0 fe df 
000640  a0 fe df a0 fe df a0 fe df a0 fe df a0 fe df a0 
000650  fe df a0 fe df a0 fe df a0 fe df a0 fe df a0 fe 
000660  df a0 fe df a0 fe df a0 fe df a0 fe df a0 fe df 
000670  a0 fe df a0 fe df a0 fe df a0 fe df a0 fe df a0 
000680  fe df a0 fe df a0 fe df a0 fe df a0 fe df a0 fe 
000690  df a0 fe df a0 fe df a0 fe df a0 fe df a0 fe df 
0006a0  a0 fe df a0 fe df a0 fe df a0 fe df a0 fe df a0 
0006b0  fe df a0 fe df a0 fe df a0 fe df a0 fe df a0 fe 
0006c0  df a0 fe df a0 fe df a0 fe df a0 fe df a0 fe df 
0006d0  a0 fe df a0 fe df a0 fe df a0 fe df a0 fe df a0 
0006e0  fe df a0 fe df a0 fe df a0 fe df a0 fe df a0 fe 
0006f0  df a0 fe df a0 fe df a0 fe df a0 fe df a0 fe df 
000700  a0 fe df a0 fe df a0 fe df a0 fe df a0 fe df a0 
000710  fe df a0 fe df a0 fe df a0 fe df a0 fe df a0 fe 
000720  df a0 fe df a0 fe df a0 fe df a0 fe df a0 fe df 
000730  a0 fe df a0 fe df a0 fe df a0 fe df a0 fe df a0 
000740  fe df a0 fe df a0 fe df a0 fe df a0 fe df a0 fe 
000750  df a0 fe df a0 fe df a0 fe df a0 fe df a0 fe df 
000760  a0 fe df a0 fe df a0 fe df a0 fe df a0 fe df a0 
000770  fe df a0 fe df a0 fe df a0 fe df a0 fe df a0 fe 
000780  df a0 fe df a0 fe df a0 fe df a0 fe df a0 fe df 
000790  a0 fe df a0 fe df a0 fe df a0 fe df a0 fe df a0 
0007a0  fe df a0 fe df a0 fe df a0 fe df a0 fe df a0 fe 
0007b0  df a0 fe df a0 fe df a0 fe df a0 fe df a0 fe df 
0007c0  a0 fe df a0 fe df a0 fe df a0 fe df a0 fe df a0 
0007d0  fe df a0 fe df a0 fe df a0 fe df a0 fe df a0 fe 
0007e0  df a0 fe df a0 fe df a0 fe df a0 fe df a0 fe df 
0007f0  a0 fe df a0 fe df a0 fe df a0 fe df a0 fe df a0 
000800  fe df a0 fe df a0 fe df a0 fe df a0 fe df a0 fe 
000810  df a0 fe df a0 fe df a0 fe df a0 fe df a0 fe df 
000820  a0 fe df a0 fe df a0 fe df a0 fe df a0 fe df a0 
000830  fe df a0 fe df a0 fe df a0 fe df a0 fe df a0 fe 
000840  df a0 fe df a0 fe df a0 fe df a0 fe df a0 fe df 
000850  a0 fe df a0 fe df a0 fe df a0 fe df a0 fe df a0 
000860  fe df a0 fe df a0 fe df a0 fe df a0 fe df a0 fe 
000870  df a0 fe df a0 fe df a0 fe df a0 fe df a0 fe df 
000880  a0 fe df a0 fe df a0 fe df a0 fe df a0 fe df a0 
000890  fe df a0 fe df a0 fe df a0 fe df a0 fe df a0 fe 
0008a0  df a0 fe df a0 fe df a0 fe df a0 fe df a0 fe df 
0008b0  a0 fe df a0 fe df a0 fe df a0 fe df a0 fe df a0 
0008c0  fe df a0 fe df a0 fe df a0 fe df a0 fe df a0 fe 
0008d0  df a0 fe df a0 fe df a0 fe df a0 fe df a0 fe df 
0008e0  a0 fe df a0 fe df a0 fe df a0 fe df a0 fe df a0 
0008f0  fe df a0 fe df a0 fe df a0 fe df a0 fe df a0 fe 
000900  df a0 fe df a0 fe df a0 fe df a0 fe df a0 fe df 
000910  a0 fe df a0 fe df a0 fe df a0 fe df a0 fe df a0 
000920  fe df a0 fe df a0 fe df a0 fe df a0 fe df a0 fe 
000930  df a0 fe df a0 fe df a0 fe df a0 fe df a0 fe df 
000940  a0 fe df a0 fe df a0 fe df a0 fe df a0 fe df a0 
000950  fe df a0 fe df a0 fe df a0 fe df a0 fe df a0 fe 
000960  df a0 fe df a0 fe df a0 fe df a0 fe df a0 fe df 
000970  a0 fe df a0 fe df a0 fe df a0 fe df a0 fe df a0 
000980  fe df a0 fe df a0 fe df a0 fe df a0 fe df a0 fe 
000990  df a0 fe df a0 fe df a0 fe df a0 fe df a0 fe df 
0009a0  a0 fe df a0 fe df a0 fe df a0 fe df a0 fe df a0 
0009b0  fe df a0 fe df a0 fe df a0 fe df a0 fe df a0 fe 
0009c0  df a0 fe df a0 fe df a0 fe df a0 fe df a0 fe df 
0009d0  a0 fe df a0 fe df a0 fe df a0 fe df a0 fe df a0 
0009e0  fe df a0 fe df a0 fe df a0 fe df a0 fe df a0 fe 
0009f0  df a0 fe df a0 fe df a0 fe df a0 fe df a0 fe df 
000a00  a0 fe df a0 fe df a0 fe df a0 fe df a0 fe df a0 
000a10  fe df a0 fe df a0 fe df a0 fe df a0 fe df a0 fe 
000a20  df a0 fe df a0 fe df a0 fe df a0 fe df a0 fe df 
000a30  a0 fe df a0 fe df a0 fe df a0 fe df a0 fe df a0 
000a40  fe df a0 fe df a0 fe df a0 fe df a0 fe df a0 fe 
000a50  df a0 fe df a0 fe df a0 fe df a0 fe df a0 fe df 
000a60  a0 fe df a0 fe df a0 fe df a0 fe df a0 fe df a0 
000a70  fe df a0 fe df a0 fe df a0 fe df a0 fe df a0 fe 
000a80  df a0 fe df a0 fe df a0 fe df a0 fe df a0 fe df 
000a90  a0 fe df a0 fe df a0 fe df a0 fe df a0 fe df a0 
000aa0  fe df a0 fe df a0 fe df a0 fe df a0 fe df a0 fe 
000ab0  df a0 fe df a0 fe df a0 fe df a0 fe df a0 fe df 
000ac0  a0 fe df a0 fe df a0 fe df a0 fe df a0 fe df a0 
000ad0  fe df a0 fe df a0 fe df a0 fe df a0 fe df a0 fe 
000ae0  df a0 fe df a0 fe df a0 fe df a0 fe df a0 fe df 
000af0  a0 fe df a0 fe df a0 fe df a0 fe df a0 fe df a0 
000b00  fe df a0 fe df a0 fe df a0 fe df a0 fe df a0 fe 
000b10  df a0 fe df a0 fe df a0 fe df a0 fe df a0 fe df 
000b20  a0 fe df a0 fe df a0 fe df a0 fe df a0 fe df a0 
000b30  fe df a0 fe df a0 fe df a0 fe df a0 fe df a0 fe 
000b40  df a0 fe df a0 fe df a0 fe df a0 fe df a0 fe df 
000b50  a0 fe df a0 fe df a0 fe df a0 fe df a0 fe df a0 
000b60  fe df a0 fe df a0 fe df a0 fe df a0 fe df a0 fe 
000b70  df a0 fe df a0 fe df a0 fe df a0 fe df a0 fe df 
000b80  a0 fe df a0 fe df a0 fe df a0 fe df a0 fe df a0 
000b90  fe df a0 fe df a0 fe df a0 fe df a0 fe df a0 fe 
000ba0  df a0 fe df a0 fe df a0 fe df a0 fe df a0 fe df 
000bb0  a0 fe df a0 fe df a0 fe df a0 fe df a0 fe df a0 
000bc0  fe df a0 fe df a0 fe df a0 fe df a0 fe df a0 fe 
000bd0  df a0 fe df a0 fe df a0 fe df a0 fe df a0 fe df 
000be0  a0 fe df a0 fe df a0 fe df a0 fe df a0 fe df a0 
000bf0  fe df a0 fe df a0 fe df a0 fe df a0 fe df a0 fe 
000c00  df a0 fe df a0 fe df a0 fe df a0 fe df a0 fe df 
000c10  a0 fe df a0 fe df a0 fe df a0 fe df a0 fe df a0 
000c20  fe df a0 fe df a0 fe df a0 fe df a0 fe df a0 fe 
000c30  df a0 fe df a0 fe df a0 fe df a0 fe df a0 fe df 
000c40  a0 fe df a0 fe df a0 fe df a0 fe df a0 fe df a0 
000c50  fe df a0 fe df a0 fe df a0 fe df a0 fe df a0 fe 
000c60  df a0 fe df a0 fe df a0 fe df a0 fe df a0 fe df 
000c70  a0 fe df a0 fe df a0 fe df a0 fe df a0 fe df a0 
000c80  fe df a0 fe df a0 fe df a0 fe df a0 fe df a0 fe 
000c90  df a0 fe df a0 fe df a0 fe df a0 fe df a0 fe df 
000ca0  a0 fe df a0 fe df a0 fe df a0 fe df a0 fe df a0 
000cb0  fe df a0 fe df a0 fe df a0 fe df a0 fe df a0 fe 
000cc0  df a0 fe df a0 fe df a0 fe df a0 fe df a0 fe df 
000cd0  a0 fe df a0 fe df a0 fe df a0 fe df a0 fe df a0 
000ce0  fe df a0 fe df a0 fe df a0 fe df a0 fe df a0 fe 
000cf0  df a0 fe df a0 fe df a0 fe df a0 fe df a0 fe df 
000d00  a0 fe df a0 fe df a0 fe df a0 fe df a0 fe df a0 
000d10  fe df a0 fe df a0 fe df a0 fe df a0 fe df a0 fe 
000d20  df a0 fe df a0 fe df a0 fe df a0 fe df a0 fe df 
000d30  a0 fe df a0 fe df a0 fe df a0 fe df a0 fe df a0 
000d40  fe df a0 fe df a0 fe df a0 fe df a0 fe df a0 fe 
000d50  df a0 fe df a0 fe df a0 fe df a0 fe df a0 fe df 
000d60  a0 fe df a0 fe df a0 fe df a0 fe df a0 fe df a0 
000d70  fe df a0 fe df a0 fe df a0 fe df a0 fe df a0 fe 
000d80  df a0 fe df a0 fe df a0 fe df a0 fe df a0 fe df 
000d90  a0 fe df a0 fe df a0 fe df a0 fe df a0 fe df a0 
000da0  fe df a0 fe df a0 fe df a0 fe df a0 fe df a0 fe 
000db0  df a0 fe df a0 fe df a0 fe df a0 fe df a0 fe df 
000dc0  a0 fe df a0 fe df a0 fe df a0 fe df a0 fe df a0 
000dd0  fe df a0 fe df a0 fe df a0 fe df a0 fe df a0 fe 
000de0  df a0 fe df a0 fe df a0 fe df a0 fe df a0 fe df 
000df0  a0 fe df a0 fe df a0 fe df a0 fe df a0 fe df a0 
000e00  fe df a0 fe df a0 fe df a0 fe df a0 fe df a0 fe 
000e10  df a0 fe df a0 fe df a0 fe df a0 fe df a0 fe df 
000e20  a0 fe df a0 fe df a0 fe df a0 fe df a0 fe df a0 
000e30  fe df a0 fe df a0 fe df a0 fe df a0 fe df a0 fe 
000e40  df a0 fe df a0 fe df a0 fe df a0 fe df a0 fe df 
000e50  a0 fe df a0 fe df a0 fe df a0 fe df a0 fe df a0 
000e60  fe df a0 fe df a0 fe df a0 fe df a0 fe df a0 fe 
000e70  df a0 fe df a0 fe df a0 fe df a0 fe df a0 fe df 
000e80  a0 fe df a0 fe df a0 fe df a0 fe df a0 fe df a0 
000e90  fe df a0 fe df a0 fe df a0 fe df a0 fe df a0 fe 
000ea0  df a0 fe df a0 fe df a0 fe df a0 fe df a0 fe df 
000eb0  a0 fe df a0 fe df a0 fe df a0 fe df a0 fe df a0 
000ec0  fe df a0 fe df a0 fe df a0 fe df a0 fe df a0 fe 
000ed0  df a0 fe df a0 fe df a0 fe df a0 fe df a0 fe df 
000ee0  a0 fe df a0 fe df a0 fe df a0 fe df a0 fe df a0 
000ef0  fe df a0 fe df a0 fe df a0 fe df a0 fe df a0 fe 
000f00  df a0 fe df a0 fe df a0 fe df a0 fe df a0 fe df 
000f10  a0 fe df a0 fe df a0 fe df a0 fe df a0 fe df a0 
000f20  fe df a0 fe df a0 fe df a0 fe df a0 fe df a0 fe 
000f30  df a0 fe df a0 fe df a0 fe df a0 fe df a0 fe df 
000f40  a0 fe df a0 fe df a0 fe df a0 fe df a0 fe df a0 
000f50  fe df a0 fe df a0 fe df a0 fe df a0 fe df a0 fe 
000f60  df a0 fe df a0 fe df a0 fe df a0 fe df a0 fe df 
000f70  a0 fe df a0 fe df a0 fe df a0 fe df a0 fe df a0 
000f80  fe df a0 fe df a0 fe df a0 fe df a0 fe df a0 fe 
000f90  df a0 fe df a0 fe df a0 fe df a0 fe df a0 fe df 
000fa0  a0 fe df a0 fe df a0 fe df a0 fe df a0 fe df a0 
000fb0  fe df a0 fe df a0 fe df a0 fe df a0 fe df a0 fe 
000fc0  df a0 fe df a0 fe df a0 fe df a0 fe df a0 fe df 
000fd0  a0 fe df a0 fe df a0 fe df a0 fe df a0 fe df a0 
000fe0  fe df a0 fe df a0 fe df a0 fe df a0 fe df a0 fe 
000ff0  df a0 fe df a0 fe df a0 fe df a0 fe df a0 fe df 
001000  a0 fe df a0 fe df a0 fe df a0 fe df a0 fe df a0 
001010  fe df a0 fe df a0 fe df a0 fe df a0 fe df a0 fe 
001020  df a0 fe df a0 fe df a0 fe df a0 fe df a0 fe df 
001030  a0 fe df a0 fe df a0 fe df a0 fe df a0 fe df a0 
001040  fe df a0 fe df a0 fe df a0 fe df a0 fe df a0 fe 
001050  df a0 fe df a0 fe df a0 fe df a0 fe df a0 fe df 
001060  a0 fe df a0 fe df a0 fe df a0 fe df a0 fe df a0 
001070  fe df a0 fe df a0 fe df a0 fe df a0 fe df a0 fe 
001080  df a0 fe df a0 fe df a0 fe df a0 fe df a0 fe df 
001090  a0 fe df a0 fe df a0 fe df a0 fe df a0 fe df a0 
0010a0  fe df a0 fe df a0 fe df a0 fe df a0 fe df a0 fe 
0010b0  df a0 fe df a0 fe df a0 fe df a0 fe df a0 fe df 
0010c0  a0 fe df a0 fe df a0 fe df a0 fe df a0 fe df a0 
0010d0  fe df a0 fe df a0 fe df a0 fe df a0 fe df a0 fe 
0010e0  df a0 fe df a0 fe df a0 fe df a0 fe df a0 fe df 
0010f0  a0 fe df a0 fe df a0 fe df a0 fe df a0 fe df a0 
001100  fe df a0 fe df a0 fe df a0 fe df a0 fe df a0 fe 
001110  df a0 fe df a0 fe df a0 fe df a0 fe df a0 fe df 
001120  a0 fe df a0 fe df a0 fe df a0 fe df a0 fe df a0 
001130  fe df a0 fe df a0 fe df a0 fe df a0 fe df a0 fe 
001140  df a0 fe df a0 fe df a0 fe df a0 fe df a0 fe df 
001150  a0 fe df a0 fe df a0 fe df a0 fe df a0 fe df a0 
001160  fe df a0 fe df a0 fe df a0 fe df a0 fe df a0 fe 
001170  df a0 fe df a0 fe df a0 fe df a0 fe df a0 fe df 
001180  a0 fe df a0 fe df a0 fe df a0 fe df a0 fe df a0 
001190  fe df a0 fe df a0 fe df a0 fe df a0 fe df a0 fe 
0011a0  df a0 fe df a0 fe df a0 fe df a0 fe df a0 fe df 
0011b0  a0 fe df a0 fe df a0 fe df a0 fe df a0 fe df a0 
0011c0  fe df a0 fe df a0 fe df a0 fe df a0 fe df a0 fe 
0011d0  df a0 fe df a0 fe df a0 fe df a0 fe df a0 fe df 
0011e0  a0 fe df a0 fe df a0 fe df a0 fe df a0 fe df a0 
0011f0  fe df a0 fe df a0 fe df a0 fe df a0 fe df a0 fe 
001200  df a0 fe df a0 fe df a0 fe df a0 fe df a0 fe df 
001210  a0 fe df a0 fe df a0 fe df a0 fe df a0 fe df a0 
001220  fe df a0 fe df a0 fe df a0 fe df a0 fe df a0 fe 
001230  df a0 fe df a0 fe df a0 fe df a0 fe df a0 fe df 
001240  a0 fe df a0 fe df a0 fe df a0 fe df a0 fe df a0 
001250  fe df a0 fe df a0 fe df a0 fe df a0 fe df a0 fe 
001260  df a0 fe df a0 fe df a0 fe df a0 fe df a0 fe df 
001270  a0 fe df a0 fe df a0 fe df a0 fe df a0 fe df a0 
001280  fe df a0 fe df a0 fe df a0 fe df a0 fe df a0 fe 
001290  df a0 fe df a0 fe df a0 fe df a0 fe df a0 fe df 
0012a0  a0 fe df a0 fe df a0 fe df a0 fe df a0 fe df a0 
0012b0  fe df a0 fe df a0 fe df a0 fe df a0 fe df a0 fe 
0012c0  df a0 fe df a0 fe df a0 fe df a0 fe df a0 fe df 
0012d0  a0 fe df a0 fe df a0 fe df a0 fe df a0 fe df a0 
0012e0  fe df a0 fe df a0 fe df a0 fe df a0 fe df a0 fe 
0012f0  df a0 fe df a0 fe df a0 fe df a0 fe df a0 fe df 
001300  a0 fe df a0 fe df a0 fe df a0 fe df a0 fe df a0 
001310  fe df a0 fe df a0 fe df a0 fe df a0 fe df a0 fe 
001320  df a0 fe df a0 fe df a0 fe df a0 fe df a0 fe df 
001330  a0 fe df a0 fe df a0 fe df a0 fe df a0 fe df a0 
001340  fe df a0 fe df a0 fe df a0 fe df a0 fe df a0 fe 
001350  df a0 fe df a0 fe df a0 fe df a0 fe df a0 fe df 
001360  a0 fe df a0 fe df a0 fe df a0 fe df a0 fe df a0 
001370  fe df a0 fe df a0 fe df a0 fe df a0 fe df a0 fe 
001380  df a0 fe df a0 fe df a0 fe df a0 fe df a0 fe df 
001390  a0 fe df a0 fe df a0 fe df a0 fe df a0 fe df a0 
0013a0  fe df a0 fe df a0 fe df a0 fe df a0 fe df a0 fe 
0013b0  df a0 fe df a0 fe df a0 fe df a0 fe df a0 fe df 
0013c0  a0 fe df a0 fe df a0 fe df a0 fe df a0 fe df a0 
0013d0  fe df a0 fe df a0 fe df a0 fe df a0 fe df a0 fe 
0013e0  df a0 fe df a0 fe df a0 fe df a0 fe df a0 fe df 
0013f0  a0 fe df a0 fe df a0 fe df a0 fe df a0 fe df a0 
001400  fe df a0 fe df a0 fe df a0 fe df a0 fe df a0 fe 
001410  df a0 fe df a0 fe df a0 fe df a0 fe df a0 fe df 
001420  a0 fe df a0 fe df a0 fe df a0 fe df a0 fe df a0 
001430  fe df a0 fe df a0 fe df a0 fe df a0 fe df a0 fe 
001440  df a0 fe df a0 fe df a0 fe df a0 fe df a0 fe df 
001450  a0 fe df a0 fe df a0 fe df a0 fe df a0 fe df a0 
001460  fe df a0 fe df a0 fe df a0 fe df a0 fe df a0 fe 
001470  df a0 fe df a0 fe df a0 fe df a0 fe df a0 fe df 
001480  a0 fe df a0 fe df a0 fe df a0 fe df a0 fe df a0 
001490  fe df a0 fe df a0 fe df a0 fe df a0 fe df a0 fe 
0014a0  df a0 fe df a0 fe df a0 fe df a0 fe df a0 fe df 
0014b0  a0 fe df a0 fe df a0 fe df a0 fe df a0 fe df a0 
0014c0  fe df a0 fe df a0 fe df a0 fe df a0 fe df a0 fe 
0014d0  df a0 fe df a0 fe df a0 fe df a0 fe df a0 fe df 
0014e0  a0 fe df a0 fe df a0 fe df a0 fe df a0 fe df a0 
0014f0  fe df a0 fe df a0 fe df a0 fe df a0 fe df a0 fe 
001500  df a0 fe df a0 fe df a0 fe df a0 fe df a0 fe df 
001510  a0 fe df a0 fe df a0 fe df a0 fe df a0 fe df a0 
001520  fe df a0 fe df a0 fe df a0 fe df a0 fe df a0 fe 
001530  df a0 fe df a0 fe df a0 fe df a0 fe df a0 fe df 
001540  a0 fe df a0 fe df a0 fe df a0 fe df a0 fe df a0 
001550  fe df a0 fe df a0 fe df a0 fe df a0 fe df a0 fe 
001560  df a0 fe df a0 fe df a0 fe df a0 fe df a0 fe df 
001570  a0 fe df a0 fe df a0 fe df a0 fe df a0 fe df a0 
001580  fe df a0 fe df a0 fe df a0 fe df a0 fe df a0 fe 
001590  df a0 fe df a0 fe df a0 fe df a0 fe df a0 fe df 
0015a0  a0 fe df a0 fe df a0 fe df a0 fe df a0 fe df a0 
0015b0  fe df a0 fe df a0 fe df a0 fe df a0 fe df a0 fe 
0015c0  df a0 fe df a0 fe df a0 fe df a0 fe df a0 fe df 
0015d0  a0 fe df a0 fe df a0 fe df a0 fe df a0 fe df a0 
0015e0  fe df a0 fe df a0 fe df a0 fe df a0 fe df a0 fe 
0015f0  df a0 fe df a0 fe df a0 fe df a0 fe df a0 fe df 
001600  a0 fe df a0 fe df a0 fe df a0 fe df a0 fe df a0 
001610  fe df a0 fe df a0 fe df a0 fe df a0 fe df a0 fe 
001620  df a0 fe df a0 fe df a0 fe df a0 fe df a0 fe df 
001630  a0 fe df a0 fe df a0 fe df a0 fe df a0 fe df a0 
001640  fe df a0 fe df a0 fe df a0 fe df a0 fe df a0 fe 
001650  df a0 fe df a0 fe df a0 fe df a0 fe df a0 fe df 
001660  a0 fe df a0 fe df a0 fe df a0 fe df a0 fe df a0 
001670  fe df a0 fe df a0 fe df a0 fe df a0 fe df a0 fe 
001680  df a0 fe df a0 fe df a0 fe df a0 fe df a0 fe df 
001690  a0 fe df a0 fe df a0 fe df a0 fe df a0 fe df a0 
0016a0  fe df a0 fe df a0 fe df a0 fe df a0 fe df a0 fe 
0016b0  df a0 fe df a0 fe df a0 fe df a0 fe df a0 fe df 
0016c0  a0 fe df a0 fe df a0 fe df a0 fe df a0 fe df a0 
0016d0  fe df a0 fe df a0 fe df a0 fe df a0 fe df a0 fe 
0016e0  df a0 fe df a0 fe df a0 fe df a0 fe df a0 fe df 
0016f0  a0 fe df a0 fe df a0 fe df a0 fe df a0 fe df a0 
001700  fe df a0 fe df a0 fe df a0 fe df a0 fe df a0 fe 
001710  df a0 fe df a0 fe df a0 fe df a0 fe df a0 fe df 
001720  a0 fe df a0 fe df a0 fe df a0 fe df a0 fe df a0 
001730  fe df a0 fe df a0 fe df a0 fe df a0 fe df a0 fe 
001740  df a0 fe df a0 fe df a0 fe df a0 fe df a0 fe df 
001750  a0 fe df a0 fe df a0 fe df a0 fe df a0 fe df a0 
001760  fe df a0 fe df a0 fe df a0 fe df a0 fe df a0 fe 
001770  df a0 fe df a0 fe df a0 fe df a0 fe df a0 fe df 
001780  a0 fe df a0 fe df a0 fe df a0 fe df a0 fe df a0 
001790  fe df a0 fe df a0 fe df a0 fe df a0 fe df a0 fe 
0017a0  df a0 fe df a0 fe df a0 fe df a0 fe df a0 fe df 
0017b0  a0 fe df a0 fe df a0 fe df a0 fe df a0 fe df a0 
0017c0  fe df a0 fe df a0 fe df a0 fe df a0 fe df a0 fe 
0017d0  df a0 fe df a0 fe df a0 fe df a0 fe df a0 fe df 
0017e0  a0 fe df a0 fe df a0 fe df a0 fe df a0 fe df a0 
0017f0  fe df a0 fe df a0 fe df a0 fe df a0 fe df a0 fe 
001800  df a0 fe df a0 fe df a0 fe df a0 fe df a0 fe df 
001810  a0 fe df a0 fe df a0 fe df a0 fe df a0 fe df a0 
001820  fe df a0 fe df a0 fe df a0 fe df a0 fe df a0 fe 
001830  df a0 fe df a0 fe df a0 fe df a0 fe df a0 fe df 
001840  a0 fe df a0 fe df a0 fe df a0 fe df a0 fe df a0 
001850  fe df a0 fe df a0 fe df a0 fe df a0 fe df a0 fe 
001860  df a0 fe df a0 fe df a0 fe df a0 fe df a0 fe df 
001870  a0 fe df a0 fe df a0 fe df a0 fe df a0 fe df a0 
001880  fe df a0 fe df a0 fe df a0 fe df a0 fe df a0 fe 
001890  df a0 fe df a0 fe df a0 fe df a0 fe df a0 fe df 
0018a0  a0 fe df a0 fe df a0 fe df a0 fe df a0 fe df a0 
0018b0  fe df a0 fe df a0 fe df a0 fe df a0 fe df a0 fe 
0018c0  df a0 fe df a0 fe df a0 fe df a0 fe df a0 fe df 
0018d0  a0 fe df a0 fe df a0 fe df a0 fe df a0 fe df a0 
0018e0  fe df a0 fe df a0 fe df a0 fe df a0 fe df a0 fe 
0018f0  df a0 fe df a0 fe df a0 fe df a0 fe df a0 fe df 
001900  a0 fe df a0 fe df a0 fe df a0 fe df a0 fe df a0 
001910  fe df a0 fe df a0 fe df a0 fe df a0 fe df a0 fe 
001920  df a0 fe df a0 fe df a0 fe df a0 fe df a0 fe df 
001930  a0 fe df a0 fe df a0 fe df a0 fe df a0 fe df a0 
001940  fe df a0 fe df a0 fe df a0 fe df a0 fe df a0 fe 
001950  df a0 fe df a0 fe df a0 fe df a0 fe df a0 fe df 
001960  a0 fe df a0 fe df a0 fe df a0 fe df a0 fe df a0 
001970  fe df a0 fe df a0 fe df a0 fe df a0 fe df a0 fe 
001980  df a0 fe df a0 fe df a0 fe df a0 fe df a0 fe df 
001990  a0 fe df a0 fe df a0 fe df a0 fe df a0 fe df a0 
0019a0  fe df a0 fe df a0 fe df a0 fe df a0 fe df a0 fe 
0019b0  df a0 fe df a0 fe df a0 fe df a0 fe df a0 fe df 
0019c0  a0 fe df a0 fe df a0 fe df a0 fe df a0 fe df a0 
0019d0  fe df a0 fe df a0 fe df a0 fe df a0 fe df a0 fe 
0019e0  df a0 fe df a0 fe df a0 fe df a0 fe df a0 fe df 
0019f0  a0 fe df a0 fe df a0 fe df a0 fe df a0 fe df a0 
001a00  fe df a0 fe df a0 fe df a0 fe df a0 fe df a0 fe 
001a10  df a0 fe df a0 fe df a0 fe df a0 fe df a0 fe df 
001a20  a0 fe df a0 fe df a0 fe df a0 fe df a0 fe df a0 
001a30  fe df a0 fe df a0 fe df a0 fe df a0 fe df a0 fe 
001a40  df a0 fe df a0 fe df a0 fe df a0 fe df a0 fe df 
001a50  a0 fe df a0 fe df a0 fe df a0 fe df a0 fe df a0 
001a60  fe df a0 fe df a0 fe df a0 fe df a0 fe df a0 fe 
001a70  df a0 fe df a0 fe df a0 fe df a0 fe df a0 fe df 
001a80  a0 fe df a0 fe df a0 fe df a0 fe df a0 fe df a0 
001a90  fe df a0 fe df a0 fe df a0 fe df a0 fe df a0 fe 
001aa0  df a0 fe df a0 fe df a0 fe df a0 fe df a0 fe df 
001ab0  a0 fe df a0 fe df a0 fe df a0 fe df a0 fe df a0 
001ac0  fe df a0 fe df a0 fe df a0 fe df a0 fe df a0 fe 
001ad0  df a0 fe df a0 fe df a0 fe df a0 fe df a0 fe df 
001ae0  a0 fe df a0 fe df a0 fe df a0 fe df a0 fe df a0 
001af0  fe df a0 fe df a0 fe df a0 fe df a0 fe df a0 fe 
001b00  df a0 fe df a0 fe df a0 fe df a0 fe df a0 fe df 
001b10  a0 fe df a0 fe df a0 fe df a0 fe df a0 fe df a0 
001b20  fe df a0 fe df a0 fe df a0 fe df a0 fe df a0 fe 
001b30  df a0 fe df a0 fe df a0 fe df a0 fe df a0 fe df 
001b40  a0 fe df a0 fe df a0 fe df a0 fe df a0 fe df a0 
001b50  fe df a0 fe df a0 fe df a0 fe df a0 fe df a0 fe 
001b60  df a0 fe df a0 fe df a0 fe df a0 fe df a0 fe df 
001b70  a0 fe df a0 fe df a0 fe df a0 fe df a0 fe df a0 
001b80  fe df a0 fe df a0 fe df a0 fe df a0 fe df a0 fe 
001b90  df a0 fe df a0 fe df a0 fe df a0 fe df a0 fe df 
001ba0  a0 fe df a0 fe df a0 fe df a0 fe df a0 fe df a0 
001bb0  fe df a0 fe df a0 fe df a0 fe df a0 fe df a0 fe 
001bc0  df a0 fe df a0 fe df a0 fe df a0 fe df a0 fe df 
001bd0  a0 fe df a0 fe df a0 fe df a0 fe df a0 fe df a0 
001be0  fe df a0 fe df a0 fe df a0 fe df a0 fe df a0 fe 
001bf0  df a0 fe df a0 fe df a0 fe df a0 fe df a0 fe df 
001c00  a0 fe df a0 fe df a0 fe df a0 fe df a0 fe df a0 
001c10  fe df a0 fe df a0 fe df a0 fe df a0 fe df a0 fe 
001c20  df a0 fe df a0 fe df a0 fe df a0 fe df a0 fe df 
001c30  a0 fe df a0 fe df a0 fe df a0 fe df a0 fe df a0 
001c40  fe df a0 fe df a0 fe df a0 fe df a0 fe df a0 fe 
001c50  df a0 fe df a0 fe df a0 fe df a0 fe df a0 fe df 
001c60  a0 fe df a0 fe df a0 fe df a0 fe df a0 fe df a0 
001c70  fe df a0 fe df a0 fe df a0 fe df a0 fe df a0 fe 
001c80  df a0 fe df a0 fe df a0 fe df a0 fe df a0 fe df 
001c90  a0 fe df a0 fe df a0 fe df a0 fe df a0 fe df a0 
001ca0  fe df a0 fe df a0 fe df a0 fe df a0 fe df a0 fe 
001cb0  df a0 fe df a0 fe df a0 fe df a0 fe df a0 fe df 
001cc0  a0 fe df a0 fe df a0 fe df a0 fe df a0 fe df a0 
001cd0  fe df a0 fe df a0 fe df a0 fe df a0 fe df a0 fe 
001ce0  df a0 fe df a0 fe df a0 fe df a0 fe df a0 fe df 
001cf0  a0 fe df a0 fe df a0 fe df a0 fe df a0 fe df a0 
001d00  fe df a0 fe df a0 fe df a0 fe df a0 fe df a0 fe 
001d10  df a0 fe df a0 fe df a0 fe df a0 fe df a0 fe df 
001d20  a0 fe df a0 fe df a0 fe df a0 fe df a0 fe df a0 
001d30  fe df a0 fe df a0 fe df a0 fe df a0 fe df a0 fe 
001d40  df a0 fe df a0 fe df a0 fe df a0 fe df a0 fe df 
001d50  a0 fe df a0 fe df a0 fe df a0 fe df a0 fe df a0 
001d60  fe df a0 fe df a0 fe df a0 fe df a0 fe df a0 fe 
001d70  df a0 fe df a0 fe df a0 fe df a0 fe df a0 fe df 
001d80  a0 fe df a0 fe df a0 fe df a0 fe df a0 fe df a0 
001d90  fe df a0 fe df a0 fe df a0 fe df a0 fe df a0 fe 
001da0  df a0 fe df a0 fe df a0 fe df a0 fe df a0 fe df 
001db0  a0 fe df a0 fe df a0 fe df a0 fe df a0 fe df a0 
001dc0  fe df a0 fe df a0 fe df a0 fe df a0 fe df a0 fe 
001dd0  df a0 fe df a0 fe df a0 fe df a0 fe df a0 fe df 
001de0  a0 fe df a0 fe df a0 fe df a0 fe df a0 fe df a0 
001df0  fe df a0 fe df a0 fe df a0 fe df a0 fe df a0 fe 
001e00  df a0 fe df a0 fe df a0 fe df a0 fe df a0 fe df 
001e10  a0 fe df a0 fe df a0 fe df a0 fe df a0 fe df a0 
001e20  fe df a0 fe df a0 fe df a0 fe df a0 fe df a0 fe 
001e30  df a0 fe df a0 fe df a0 fe df a0 fe df a0 fe df 
001e40  a0 fe df a0 fe df a0 fe df a0 fe df a0 fe df a0 
001e50  fe df a0 fe df a0 fe df a0 fe df a0 fe df a0 fe 
001e60  df a0 fe df a0 fe df a0 fe df a0 fe df a0 fe df 
001e70  a0 fe df a0 fe df a0 fe df a0 fe df a0 fe df a0 
001e80  fe df a0 fe df a0 fe df a0 fe df a0 fe df a0 fe 
001e90  df a0 fe df a0 fe df a0 fe df a0 fe df a0 fe df 
001ea0  a0 fe df a0 fe df a0 fe df a0 fe df a0 fe df a0 
001eb0  fe df a0 fe df a0 fe df a0 fe df a0 fe df a0 fe 
001ec0  df a0 fe df a0 fe df a0 fe df a0 fe df a0 fe df 
001ed0  a0 fe df a0 fe df a0 fe df a0 fe df a0 fe df a0 
001ee0  fe df a0 fe df a0 fe df a0 fe df a0 fe df a0 fe 
001ef0  df a0 fe df a0 fe df a0 fe df a0 fe df a0 fe df 
001f00  a0 fe df a0 fe df a0 fe df a0 fe df a0 fe df a0 
001f10  fe df a0 fe df a0 fe df a0 fe df a0 fe df a0 fe 
001f20  df a0 fe df a0 fe df a0 fe df a0 fe df a0 fe df 
001f30  a0 fe df a0 fe df a0 fe df a0 fe df a0 fe df a0 
001f40  fe df a0 fe df a0 fe df a0 fe df a0 fe df a0 fe 
001f50  df a0 fe df a0 fe df a0 fe df a0 fe df a0 fe df 
001f60  a0 fe df a0 fe df a0 fe df a0 fe df a0 fe df a0 
001f70  fe df a0 fe df a0 fe df a0 fe df a0 fe df a0 fe 
001f80  df a0 fe df a0 fe df a0 fe df a0 fe df a0 fe df 
001f90  a0 fe df a0 fe df a0 fe df a0 fe df a0 fe df a0 
001fa0  fe df a0 fe df a0 fe df a0 fe df a0 fe df a0 fe 
001fb0  df a0 fe df a0 fe df a0 fe df a0 fe df a0 fe df 
001fc0  a0 fe df a0 fe df a0 fe df a0 fe df a0 fe df a0 
001fd0  fe df a0 fe df a0 fe df a0 fe df a0 fe df a0 fe 
001fe0  df a0 fe df a0 fe df a0 fe df a0 fe df a0 fe df 
001ff0  a0 fe df a0 fe df a0 fe df a0 fe df a0 fe df a0 
002000  fe df a0 fe df a0 fe df a0 fe df a0 fe df a0 fe 
002010  df a0 fe df a0 fe df a0 fe df a0 fe df a0 fe df 
002020  a0 fe df a0 fe df a0 fe df a0 fe df a0 fe df a0 
002030  fe df a0 fe df a0 fe df a0 fe df a0 fe df a0 fe 
002040  df a0 fe df a0 fe df a0 fe df a0 fe df a0 fe df 
002050  a0 fe df a0 fe df a0 fe df a0 fe df a0 fe df a0 
002060  fe df a0 fe df a0 fe df a0 fe df a0 fe df a0 fe 
002070  df a0 fe df a0 fe df a0 fe df a0 fe df a0 fe df 
002080  a0 fe df a0 fe df a0 fe df a0 fe df a0 fe df a0 
002090  fe df a0 fe df a0 fe df a0 fe df a0 fe df a0 fe 
0020a0  df a0 fe df a0 fe df a0 fe df a0 fe df a0 fe df 
0020b0  a0 fe df a0 fe df a0 fe df a0 fe df a0 fe df a0 
0020c0  fe df a0 fe df a0 fe df a0 fe df a0 fe df a0 fe 
0020d0  df a0 fe df a0 fe df a0 fe df a0 fe df a0 fe df 
0020e0  a0 fe df a0 fe df a0 fe df a0 fe df a0 fe df a0 
0020f0  fe df a0 fe df a0 fe df a0 fe df a0 fe df a0 fe 
002100  df a0 fe df a0 fe df a0 fe df a0 fe df a0 fe df 
002110  a0 fe df a0 fe df a0 fe df a0 fe df a0 fe df a0 
002120  fe df a0 fe df a0 fe df a0 fe df a0 fe df a0 fe 
002130  df a0 fe df a0 fe df a0 fe df a0 fe df a0 fe df 
002140  a0 fe df a0 fe df a0 fe df a0 fe df a0 fe df a0 
002150  fe df a0 fe df a0 fe df a0 fe df a0 fe df a0 fe 
002160  df a0 fe df a0 fe df a0 fe df a0 fe df a0 fe df 
002170  a0 fe df a0 fe df a0 fe df a0 fe df a0 fe df a0 
002180  fe df a0 fe df a0 fe df a0 fe df a0 fe df a0 fe 
002190  df a0 fe df a0 fe df a0 fe df a0 fe df a0 fe df 
0021a0  a0 fe df a0 fe df a0 fe df a0 fe df a0 fe df a0 
0021b0  fe df a0 fe df a0 fe df a0 fe df a0 fe df a0 fe 
0021c0  df a0 fe df a0 fe df a0 fe df a0 fe df a0 fe df 
0021d0  a0 fe df a0 fe df a0 fe df a0 fe df a0 fe df a0 
0021e0  fe df a0 fe df a0 fe df a0 fe df a0 fe df a0 fe 
0021f0  df a0 fe df a0 fe df a0 fe df a0 fe df a0 fe df 
002200  a0 fe df a0 fe df a0 fe df a0 fe df a0 fe df a0 
002210  fe df a0 fe df a0 fe df a0 fe df a0 fe df a0 fe 
002220  df a0 fe df a0 fe df a0 fe df a0 fe df a0 fe df 
002230  a0 fe df a0 fe df a0 fe df a0 fe df a0 fe df a0 
002240  fe df a0 fe df a0 fe df a0 fe df a0 fe df a0 fe 
002250  df a0 fe df a0 fe df a0 fe df a0 fe df a0 fe df 
002260  a0 fe df a0 fe df a0 fe df a0 fe df a0 fe df a0 
002270  fe df a0 fe df a0 fe df a0 fe df a0 fe df a0 fe 
002280  df a0 fe df a0 fe df a0 fe df a0 fe df a0 fe df 
002290  a0 fe df a0 fe df a0 fe df a0 fe df a0 fe df a0 
0022a0  fe df a0 fe df a0 fe df a0 fe df a0 fe df a0 fe 
0022b0  df a0 fe df a0 fe df a0 fe df a0 fe df a0 fe df 
0022c0  a0 fe df a0 fe df a0 fe df a0 fe df a0 fe df a0 
0022d0  fe df a0 fe df a0 fe df a0 fe df a0 fe df a0 fe 
0022e0  df a0 fe df a0 fe df a0 fe df a0 fe df a0 fe df 
0022f0  a0 fe df a0 fe df a0 fe df a0 fe df a0 fe df a0 
002300  fe df a0 fe df a0 fe df a0 fe df a0 fe df a0 fe 
002310  df a0 fe df a0 fe df a0 fe df a0 fe df a0 fe df 
002320  a0 fe df a0 fe df a0 fe df a0 fe df a0 fe df a0 
002330  fe df a0 fe df a0 fe df a0 fe df a0 fe df a0 fe 
002340  df a0 fe df a0 fe df a0 fe df a0 fe df a0 fe df 
002350  a0 fe df a0 fe df a0 fe df a0 fe df a0 fe df a0 
002360  fe df a0 fe df a0 fe df a0 fe df a0 fe df a0 fe 
002370  df a0 fe df a0 fe df a0 fe df a0 fe df a0 fe df 
002380  a0 fe df a0 fe df a0 fe df a0 fe df a0 fe df a0 
002390  fe df a0 fe df a0 fe df a0 fe df a0 fe df a0 fe 
0023a0  df a0 fe df a0 fe df a0 fe df a0 fe df a0 fe df 
0023b0  a0 fe df a0 fe df a0 fe df a0 fe df a0 fe df a0 
0023c0  fe df a0 fe df a0 fe df a0 fe df a0 fe df a0 fe 
0023d0  df a0 fe df a0 fe df a0 fe df a0 fe df a0 fe df 
0023e0  a0 fe df a0 fe df a0 fe df a0 fe df a0 fe df a0 
0023f0  fe df a0 fe df a0 fe df a0 fe df a0 fe df a0 fe 
002400  df a0 fe df a0 fe df a0 fe df a0 fe df a0 fe df 
002410  a0 fe df a0 fe df a0 fe df a0 fe df a0 fe df a0 
002420  fe df a0 fe df a0 fe df a0 fe df a0 fe df a0 fe 
002430  df a0 fe df a0 fe df a0 fe df a0 fe df a0 fe df 
002440  a0 fe df a0 fe df a0 fe df a0 fe df a0 fe df a0 
002450  fe df a0 fe df a0 fe df a0 fe df a0 fe df a0 fe 
002460  df a0 fe df a0 fe df a0 fe df a0 fe df a0 fe df 
002470  a0 fe df a0 fe df a0 fe df a0 fe df a0 fe df a0 
002480  fe df a0 fe df a0 fe df a0 fe df a0 fe df a0 fe 
002490  df a0 fe df a0 fe df a0 fe df a0 fe df a0 fe df 
0024a0  a0 fe df a0 fe df a0 fe df a0 fe df a0 fe df a0 
0024b0  fe df a0 fe df a0 fe df a0 fe df a0 fe df a0 fe 
0024c0  df a0 fe df a0 fe df a0 fe df a0 fe df a0 fe df 
0024d0  a0 fe df a0 fe df a0 fe df a0 fe df a0 fe df a0 
0024e0  fe df a0 fe df a0 fe df a0 fe df a0 fe df a0 fe 
0024f0  df a0 fe df a0 fe df a0 fe df a0 fe df a0 fe df 
002500  a0 fe df a0 fe df a0 fe df a0 fe df a0 fe df a0 
002510  fe df a0 fe df a0 fe df a0 fe df a0 fe df a0 fe 
002520  df a0 fe df a0 fe df a0 fe df a0 fe df a0 fe df 
002530  a0 fe df a0 fe df a0 fe df a0 fe df a0 fe df a0 
002540  fe df a0 fe df a0 fe df a0 fe df a0 fe df a0 fe 
002550  df a0 fe df a0 fe df a0 fe df a0 fe df a0 fe df 
002560  a0 fe df a0 fe df a0 fe df a0 fe df a0 fe df a0 
002570  fe df a0 fe df a0 fe df a0 fe df a0 fe df a0 fe 
002580  df a0 fe df a0 fe df a0 fe df a0 fe df a0 fe df 
002590  a0 fe df a0 fe df a0 fe df a0 fe df a0 fe df a0 
0025a0  fe df a0 fe df a0 fe df a0 fe df a0 fe df a0 fe 
0025b0  df a0 fe df a0 fe df a0 fe df a0 fe df a0 fe df 
0025c0  a0 fe df a0 fe df a0 fe df a0 fe df a0 fe df a0 
0025d0  fe df a0 fe df a0 fe df a0 fe df a0 fe df a0 fe 
0025e0  df a0 fe df a0 fe df a0 fe df a0 fe df a0 fe df 
0025f0  a0 fe df a0 fe df a0 fe df a0 fe df a0 fe df a0 
002600  fe df a0 fe df a0 fe df a0 fe df a0 fe df a0 fe 
002610  df a0 fe df a0 fe df a0 fe df a0 fe df a0 fe df 
002620  a0 fe df a0 fe df a0 fe df a0 fe df a0 fe df a0 
002630  fe df a0 fe df a0 fe df a0 fe df a0 fe df a0 fe 
002640  df a0 fe df a0 fe df a0 fe df a0 fe df a0 fe df 
002650  a0 fe df a0 fe df a0 fe df a0 fe df a0 fe df a0 
002660  fe df a0 fe df a0 fe df a0 fe df a0 fe df a0 fe 
002670  df a0 fe df a0 fe df a0 fe df a0 fe df a0 fe df 
002680  a0 fe df a0 fe df a0 fe df a0 fe df a0 fe df a0 
002690  fe df a0 fe df a0 fe df a0 fe df a0 fe df a0 fe 
0026a0  df a0 fe df a0 fe df a0 fe df a0 fe df a0 fe df 
0026b0  a0 fe df a0 fe df a0 fe df a0 fe df a0 fe df a0 
0026c0  fe df a0 fe df a0 fe df a0 fe df a0 fe df a0 fe 
0026d0  df a0 fe df a0 fe df a0 fe df a0 fe df a0 fe df 
0026e0  a0 fe df a0 fe df a0 fe df a0 fe df a0 fe df a0 
0026f0  fe df a0 fe df a0 fe df a0 fe df a0 fe df a0 fe 
002700  df a0 fe df a0 fe df a0 fe df a0 fe df a0 fe df 
002710  a0 fe df a0 fe df a0 fe df a0 fe df a0 fe df a0 
002720  fe df a0 fe df a0 fe df a0 fe df a0 fe df a0 fe 
002730  df a0 fe df a0 fe df a0 fe df a0 fe df a0 fe df 
002740  a0 fe df a0 fe df a0 fe df a0 fe df a0 fe df a0 
002750  fe df a0 fe df a0 fe df a0 fe df a0 fe df a0 fe 
002760  df a0 fe df a0 fe df a0 fe df a0 fe df a0 fe df 
002770  a0 fe df a0 fe df a0 fe df a0 fe df a0 fe df a0 
002780  fe df a0 fe df a0 fe df a0 fe df a0 fe df a0 fe 
002790  df a0 fe df a0 fe df a0 fe df a0 fe df a0 fe df 
0027a0  a0 fe df a0 fe df a0 fe df a0 fe df a0 fe df a0 
0027b0  fe df a0 fe df a0 fe df a0 fe df a0 fe df a0 fe 
0027c0  df a0 fe df a0 fe df a0 fe df a0 fe df a0 fe df 
0027d0  a0 fe df a0 fe df a0 fe df a0 fe df a0 fe df a0 
0027e0  fe df a0 fe df a0 fe df a0 fe df a0 fe df a0 fe 
0027f0  df a0 fe df a0 fe df a0 fe df a0 fe df a0 fe df 
002800  a0 fe df a0 fe df a0 fe df a0 fe df a0 fe df a0 
002810  fe df a0 fe df a0 fe df a0 fe df a0 fe df a0 fe 
002820  df a0 fe df a0 fe df a0 fe df a0 fe df a0 fe df 
002830  a0 fe df a0 fe df a0 fe df a0 fe df a0 fe df a0 
002840  fe df a0 fe df a0 fe df a0 fe df a0 fe df a0 fe 
002850  df a0 fe df a0 fe df a0 fe df a0 fe df a0 fe df 
002860  a0 fe df a0 fe df a0 fe df a0 fe df a0 fe df a0 
002870  fe df a0 fe df a0 fe df a0 fe df a0 fe df a0 fe 
002880  df a0 fe df a0 fe df a0 fe df a0 fe df a0 fe df 
002890  a0 fe df a0 fe df a0 fe df a0 fe df a0 fe df a0 
0028a0  fe df a0 fe df a0 fe df a0 fe df a0 fe df a0 fe 
0028b0  df a0 fe df a0 fe df a0 fe df a0 fe df a0 fe df 
0028c0  a0 fe df a0 fe df a0 fe df a0 fe df a0 fe df a0 
0028d0  fe df a0 fe df a0 fe df a0 fe df a0 fe df a0 fe 
0028e0  df a0 fe df a0 fe df a0 fe df a0 fe df a0 fe df 
0028f0  a0 fe df a0 fe df a0 fe df a0 fe df a0 fe df a0 
002900  fe df a0 fe df a0 fe df a0 fe df a0 fe df a0 fe 
002910  df a0 fe df a0 fe df a0 fe df a0 fe df a0 fe df 
002920  a0 fe df a0 fe df a0 fe df a0 fe df a0 fe df a0 
002930  fe df a0 fe df a0 fe df a0 fe df a0 fe df a0 fe 
002940  df a0 fe df a0 fe df a0 fe df a0 fe df a0 fe df 
002950  a0 fe df a0 fe df a0 fe df a0 fe df a0 fe df a0 
002960  fe df a0 fe df a0 fe df a0 fe df a0 fe df a0 fe 
002970  df a0 fe df a0 fe df a0 fe df a0 fe df a0 fe df 
002980  a0 fe df a0 fe df a0 fe df a0 fe df a0 fe df a0 
002990  fe df a0 fe df a0 fe df a0 fe df a0 fe df a0 fe 
0029a0  df a0 fe df a0 fe df a0 fe df a0 fe df a0 fe df 
0029b0  a0 fe df a0 fe df a0 fe df a0 fe df a0 fe df a0 
0029c0  fe df a0 fe df a0 fe df a0 fe df a0 fe df a0 fe 
0029d0  df a0 fe df a0 fe df a0 fe df a0 fe df a0 fe df 
0029e0  a0 fe df a0 fe df a0 fe df a0 fe df a0 fe df a0 
0029f0  fe df a0 fe df a0 fe df a0 fe df a0 fe df a0 fe 
002a00  df a0 fe df a0 fe df a0 fe df a0 fe df a0 fe df 
002a10  a0 fe df a0 fe df a0 fe df a0 fe df a0 fe df a0 
002a20  fe df a0 fe df a0 fe df a0 fe df a0 fe df a0 fe 
002a30  df a0 fe df a0 fe df a0 fe df a0 fe df a0 fe df 
002a40  a0 fe df a0 fe df a0 fe df a0 fe df a0 fe df a0 
002a50  fe df a0 fe df a0 fe df a0 fe df a0 fe df a0 fe 
002a60  df a0 fe df a0 fe df a0 fe df a0 fe df a0 fe df 
002a70  a0 fe df a0 fe df a0 fe df a0 fe df a0 fe df a0 
002a80  fe df a0 fe df a0 fe df a0 fe df a0 fe df a0 fe 
002a90  df a0 fe df a0 fe df a0 fe df a0 fe df a0 fe df 
002aa0  a0 fe df a0 fe df a0 fe df a0 fe df a0 fe df a0 
002ab0  fe df a0 fe df a0 fe df a0 fe df a0 fe df a0 fe 
002ac0  df a0 fe df a0 fe df a0 fe df a0 fe df a0 fe df 
002ad0  a0 fe df a0 fe df a0 fe df a0 fe df a0 fe df a0 
002ae0  fe df a0 fe df a0 fe df a0 fe df a0 fe df a0 fe 
002af0  df a0 fe df a0 fe df a0 fe df a0 fe df a0 fe df 
002b00  a0 fe df a0 fe df a0 fe df a0 fe df a0 fe df a0 
002b10  fe df a0 fe df a0 fe df a0 fe df a0 fe df a0 fe 
002b20  df a0 fe df a0 fe df a0 fe df a0 fe df a0 fe df 
002b30  a0 fe df a0 fe df a0 fe df a0 fe df a0 fe df a0 
002b40  fe df a0 fe df a0 fe df a0 fe df a0 fe df a0 fe 
002b50  df a0 fe df a0 fe df a0 fe df a0 fe df a0 fe df 
002b60  a0 fe df a0 fe df a0 fe df a0 fe df a0 fe df a0 
002b70  fe df a0 fe df a0 fe df a0 fe df a0 fe df a0 fe 
002b80  df a0 fe df a0 fe df a0 fe df a0 fe df a0 fe df 
002b90  a0 fe df a0 fe df a0 fe df a0 fe df a0 fe df a0 
002ba0  fe df a0 fe df a0 fe df a0 fe df a0 fe df a0 fe 
002bb0  df a0 fe df a0 fe df a0 fe df a0 fe df a0 fe df 
002bc0  a0 fe df a0 fe df a0 fe df a0 fe df a0 fe df a0 
002bd0  fe df a0 fe df a0 fe df a0 fe df a0 fe df a0 fe 
002be0  df a0 fe df a0 fe df a0 fe df a0 fe df a0 fe df 
002bf0  a0 fe df a0 fe df a0 fe df a0 fe df a0 fe df a0 
002c00  fe df a0 fe df a0 fe df a0 fe df a0 fe df a0 fe 
002c10  df a0 fe df a0 fe df a0 fe df a0 fe df a0 fe df 
002c20  a0 fe df a0 fe df a0 fe df a0 fe df a0 fe df a0 
002c30  fe df a0 fe df a0 fe df a0 fe df a0 fe df a0 fe 
002c40  df a0 fe df a0 fe df a0 fe df a0 fe df a0 fe df 
002c50  a0 fe df a0 fe df a0 fe df a0 fe df a0 fe df a0 
002c60  fe df a0 fe df a0 fe df a0 fe df a0 fe df a0 fe 
002c70  df a0 fe df a0 fe df a0 fe df a0 fe df a0 fe df 
002c80  a0 fe df a0 fe df a0 fe df a0 fe df a0 fe df a0 
002c90  fe df a0 fe df a0 fe df a0 fe df a0 fe df a0 fe 
002ca0  df a0 fe df a0 fe df a0 fe df a0 fe df a0 fe df 
002cb0  a0 fe df a0 fe df a0 fe df a0 fe df a0 fe df a0 
002cc0  fe df a0 fe df a0 fe df a0 fe df a0 fe df a0 fe 
002cd0  df a0 fe df a0 fe df a0 fe df a0 fe df a0 fe df 
002ce0  a0 fe df a0 fe df a0 fe df a0 fe df a0 fe df a0 
002cf0  fe df a0 fe df a0 fe df a0 fe df a0 fe df a0 fe 
002d00  df a0 fe df a0 fe df a0 fe df a0 fe df a0 fe df 
002d10  a0 fe df a0 fe df a0 fe df a0 fe df a0 fe df a0 
002d20  fe df a0 fe df a0 fe df a0 fe df a0 fe df a0 fe 
002d30  df a0 fe df a0 fe df a0 fe df a0 fe df a0 fe df 
002d40  a0 fe df a0 fe df a0 fe df a0 fe df a0 fe df a0 
002d50  fe df a0 fe df a0 fe df a0 fe df a0 fe df a0 fe 
002d60  df a0 fe df a0 fe df a0 fe df a0 fe df a0 fe df 
002d70  a0 fe df a0 fe df a0 fe df a0 fe df a0 fe df a0 
002d80  fe df a0 fe df a0 fe df a0 fe df a0 fe df a0 fe 
002d90  df a0 fe df a0 fe df a0 fe df a0 fe df a0 fe df 
002da0  a0 fe df a0 fe df a0 fe df a0 fe df a0 fe df a0 
002db0  fe df a0 fe df a0 fe df a0 fe df a0 fe df a0 fe 
002dc0  df a0 fe df a0 fe df a0 fe df a0 fe df a0 fe df 
002dd0  a0 fe df a0 fe df a0 fe df a0 fe df a0 fe df a0 
002de0  fe df a0 fe df a0 fe df a0 fe df a0 fe df a0 fe 
002df0  df a0 fe df a0 fe df a0 fe df a0 fe df a0 fe df 
002e00  a0 fe df a0 fe df a0 fe df a0 fe df a0 fe df a0 
002e10  fe df a0 fe df a0 fe df a0 fe df a0 fe df a0 fe 
002e20  df a0 fe df a0 fe df a0 fe df a0 fe df a0 fe df 
002e30  a0 fe df a0 fe df a0 fe df a0 fe df a0 fe df a0 
002e40  fe df a0 fe df a0 fe df a0 fe df a0 fe df a0 fe 
002e50  df a0 fe df a0 fe df a0 fe df a0 fe df a0 fe df 
002e60  a0 fe df a0 fe df a0 fe df a0 fe df a0 fe df a0 
002e70  fe df a0 fe df a0 fe df a0 fe df a0 fe df a0 fe 
002e80  df a0 fe df a0 fe df a0 fe df a0 fe df a0 fe df 
002e90  a0 fe df a0 fe df a0 fe df a0 fe df a0 fe df a0 
002ea0  fe df a0 fe df a0 fe df a0 fe df a0 fe df a0 fe 
002eb0  df a0 fe df a0 fe df a0 fe df a0 fe df a0 fe df 
002ec0  a0 fe df a0 fe df a0 fe df a0 fe df a0 fe df a0 
002ed0  fe df a0 fe df a0 fe df a0 fe df a0 fe df a0 fe 
002ee0  df a0 fe df a0 fe df a0 fe df a0 fe df a0 fe df 
002ef0  a0 fe df a0 fe df a0 fe df a0 fe df a0 fe df a0 
002f00  fe df a0 fe df a0 fe df a0 fe df a0 fe df a0 fe 
002f10  df a0 fe df a0 fe df a0 fe df a0 fe df a0 fe df 
002f20  a0 fe df a0 fe df a0 fe df a0 fe df a0 fe df a0 
002f30  fe df a0 fe df a0 fe df a0 fe df a0 fe df a0 fe 
002f40  df a0 fe df a0 fe df a0 fe df a0 fe df a0 fe df 
002f50  a0 fe df a0 fe df a0 fe df a0 fe df a0 fe df a0 
002f60  fe df a0 fe df a0 fe df a0 fe df a0 fe df a0 fe 
002f70  df a0 fe df a0 fe df a0 fe df a0 fe df a0 fe df 
002f80  a0 fe df a0 fe df a0 fe df a0 fe df a0 fe df a0 
002f90  fe df a0 fe df a0 fe df a0 fe df a0 fe df a0 fe 
002fa0  df a0 fe df a0 fe df a0 fe df a0 fe df a0 fe df 
002fb0  a0 fe df a0 fe df a0 fe df a0 fe df a0 fe df a0 
002fc0  fe df a0 fe df a0 fe df a0 fe df a0 fe df a0 fe 
002fd0  df a0 fe df a0 fe df a0 fe df a0 fe df a0 fe df 
002fe0  a0 fe df a0 fe df a0 fe df a0 fe df a0 fe df a0 
002ff0  fe df a0 fe df a0 fe df a0 fe df a0 fe df a0 fe 
003000  df a0 fe df a0 fe df a0 fe df a0 fe df a0 fe df 
003010  a0 fe df a0 fe df a0 fe df a0 fe df a0 fe df a0 
003020  fe df a0 fe df a0 fe df a0 fe df a0 fe df a0 fe 
003030  df a0 fe df a0 fe df a0 fe df a0 fe df a0 fe df 
003040  a0 fe df a0 fe df a0 fe df a0 fe df a0 fe df a0 
003050  fe df a0 fe df a0 fe df a0 fe df a0 fe df a0 fe 
003060  df a0 fe df a0 fe df a0 fe df a0 fe df a0 fe df 
003070  a0 fe df a0 fe df a0 fe df a0 fe df a0 fe df a0 
003080  fe df a0 fe df a0 fe df a0 fe df a0 fe df a0 fe 
003090  df a0 fe df a0 fe df a0 fe df a0 fe df a0 fe df 
0030a0  a0 fe df a0 fe df a0 fe df a0 fe df a0 fe df a0 
0030b0  fe df a0 fe df a0 fe df a0 fe df a0 fe df a0 fe 
0030c0  df a0 fe df a0 fe df a0 fe df a0 fe df a0 fe df 
0030d0  a0 fe df a0 fe df a0 fe df a0 fe df a0 fe df a0 
0030e0  fe df a0 fe df a0 fe df a0 fe df a0 fe df a0 fe 
0030f0  df a0 fe df a0 fe df a0 fe df a0 fe df a0 fe df 
003100  a0 fe df a0 fe df a0 fe df a0 fe df a0 fe df a0 
003110  fe df a0 fe df a0 fe df a0 fe df a0 fe df a0 fe 
003120  df a0 fe df a0 fe df a0 fe df a0 fe df a0 fe df 
003130  a0 fe df a0 fe df a0 fe df a0 fe df a0 fe df a0 
003140  fe df a0 fe df a0 fe df a0 fe df a0 fe df a0 fe 
003150  df a0 fe df a0 fe df a0 fe df a0 fe df a0 fe df 
003160  a0 fe df a0 fe df a0 fe df a0 fe df a0 fe df a0 
003170  fe df a0 fe df a0 fe df a0 fe df a0 fe df a0 fe 
003180  df a0 fe df a0 fe df a0 fe df a0 fe df a0 fe df 
003190  a0 fe df a0 fe df a0 fe df a0 fe df a0 fe df a0 
0031a0  fe df a0 fe df a0 fe df a0 fe df a0 fe df a0 fe 
0031b0  df a0 fe df a0 fe df a0 fe df a0 fe df a0 fe df 
0031c0  a0 fe df a0 fe df a0 fe df a0 fe df a0 fe df a0 
0031d0  fe df a0 fe df a0 fe df a0 fe df a0 fe df a0 fe 
0031e0  df a0 fe df a0 fe df a0 fe df a0 fe df a0 fe df 
0031f0  a0 fe df a0 fe df a0 fe df a0 fe df a0 fe df a0 
003200  fe df a0 fe df a0 fe df a0 fe df a0 fe df a0 fe 
003210  df a0 fe df a0 fe df a0 fe df a0 fe df a0 fe df 
003220  a0 fe df a0 fe df a0 fe df a0 fe df a0 fe df a0 
003230  fe df a0 fe df a0 fe df a0 fe df a0 fe df a0 fe 
003240  df a0 fe df a0 fe df a0 fe df a0 fe df a0 fe df 
003250  a0 fe df a0 fe df a0 fe df a0 fe df a0 fe df a0 
003260  fe df a0 fe df a0 fe df a0 fe df a0 fe df a0 fe 
003270  df a0 fe df a0 fe df a0 fe df a0 fe df a0 fe df 
003280  a0 fe df a0 fe df a0 fe df a0 fe df a0 fe df a0 
003290  fe df a0 fe df a0 fe df a0 fe df a0 fe df a0 fe 
0032a0  df a0 fe df a0 fe df a0 fe df a0 fe df a0 fe df 
0032b0  a0 fe df a0 fe df a0 fe df a0 fe df a0 fe df a0 
0032c0  fe df a0 fe df a0 fe df a0 fe df a0 fe df a0 fe 
0032d0  df a0 fe df a0 fe df a0 fe df a0 fe df a0 fe df 
0032e0  a0 fe df a0 fe df a0 fe df a0 fe df a0 fe df a0 
0032f0  fe df a0 fe df a0 fe df a0 fe df a0 fe df a0 fe 
003300  df a0 fe df a0 fe df a0 fe df a0 fe df a0 fe df 
003310  a0 fe df a0 fe df a0 fe df a0 fe df a0 fe df a0 
003320  fe df a0 fe df a0 fe df a0 fe df a0 fe df a0 fe 
003330  df a0 fe df a0 fe df a0 fe df a0 fe df a0 fe df 
003340  a0 fe df a0 fe df a0 fe df a0 fe df a0 fe df a0 
003350  fe df a0 fe df a0 fe df a0 fe df a0 fe df a0 fe 
003360  df a0 fe df a0 fe df a0 fe df a0 fe df a0 fe df 
003370  a0 fe df a0 fe df a0 fe df a0 fe df a0 fe df a0 
003380  fe df a0 fe df a0 fe df a0 fe df a0 fe df a0 fe 
003390  df a0 fe df a0 fe df a0 fe df a0 fe df a0 fe df 
0033a0  a0 fe df a0 fe df a0 fe df a0 fe df a0 fe df a0 
0033b0  fe df a0 fe df a0 fe df a0 fe df a0 fe df a0 fe 
0033c0  df a0 fe df a0 fe df a0 fe df a0 fe df a0 fe df 
0033d0  a0 fe df a0 fe df a0 fe df a0 fe df a0 fe df a0 
0033e0  fe df a0 fe df a0 fe df a0 fe df a0 fe df a0 fe 
0033f0  df a0 fe df a0 fe df a0 fe df a0 fe df a0 fe df 
003400  a0 fe df a0 fe df a0 fe df a0 fe df a0 fe df a0 
003410  fe df a0 fe df a0 fe df a0 fe df a0 fe df a0 fe 
003420  df a0 fe df a0 fe df a0 fe df a0 fe df a0 fe df 
003430  a0 fe df a0 fe df a0 fe df a0 fe df a0 fe df a0 
003440  fe df a0 fe df a0 fe df a0 fe df a0 fe df a0 fe 
003450  df a0 fe df a0 fe df a0 fe df a0 fe df a0 fe df 
003460  a0 fe df a0 fe df a0 fe df a0 fe df a0 fe df a0 
003470  fe df a0 fe df a0 fe df a0 fe df a0 fe df a0 fe 
003480  df a0 fe df a0 fe df a0 fe df a0 fe df a0 fe df 
003490  a0 fe df a0 fe df a0 fe df a0 fe df a0 fe df a0 
0034a0  fe df a0 fe df a0 fe df a0 fe df a0 fe df a0 fe 
0034b0  df a0 fe df a0 fe df a0 fe df a0 fe df a0 fe df 
0034c0  a0 fe df a0 fe df a0 fe df a0 fe df a0 fe df a0 
0034d0  fe df a0 fe df a0 fe df a0 fe df a0 fe df a0 fe 
0034e0  df a0 fe df a0 fe df a0 fe df a0 fe df a0 fe df 
0034f0  a0 fe df a0 fe df a0 fe df a0 fe df a0 fe df a0 
003500  fe df a0 fe df a0 fe df a0 fe df a0 fe df a0 fe 
003510  df a0 fe df a0 fe df a0 fe df a0 fe df a0 fe df 
003520  a0 fe df a0 fe df a0 fe df a0 fe df a0 fe df a0 
003530  fe df a0 fe df a0 fe df a0 fe df a0 fe df a0 fe 
003540  df a0 fe df a0 fe df a0 fe df a0 fe df a0 fe df 
003550  a0 fe df a0 fe df a0 fe df a0 fe df a0 fe df a0 
003560  fe df a0 fe df a0 fe df a0 fe df a0 fe df a0 fe 
003570  df a0 fe df a0 fe df a0 fe df a0 fe df a0 fe df 
003580  a0 fe df a0 fe df a0 fe df a0 fe df a0 fe df a0 
003590  fe df a0 fe df a0 fe df a0 fe df a0 fe df a0 fe 
0035a0  df a0 fe df a0 fe df a0 fe df a0 fe df a0 fe df 
0035b0  a0 fe df a0 fe df a0 fe df a0 fe df a0 fe df a0 
0035c0  fe df a0 fe df a0 fe df a0 fe df a0 fe df a0 fe 
0035d0  df a0 fe df a0 fe df a0 fe df a0 fe df a0 fe df 
0035e0  a0 fe df a0 fe df a0 fe df a0 fe df a0 fe df a0 
0035f0  fe df a0 fe df a0 fe df a0 fe df a0 fe df a0 fe 
003600  df a0 fe df a0 fe df a0 fe df a0 fe df a0 fe df 
003610  a0 fe df a0 fe df a0 fe df a0 fe df a0 fe df a0 
003620  fe df a0 fe df a0 fe df a0 fe df a0 fe df a0 fe 
003630  df a0 fe df a0 fe df a0 fe df a0 fe df a0 fe df 
003640  a0 fe df a0 fe df a0 fe df a0 fe df a0 fe df a0 
003650  fe df a0 fe df a0 fe df a0 fe df a0 fe df a0 fe 
003660  df a0 fe df a0 fe df a0 fe df a0 fe df a0 fe df 
003670  a0 fe df a0 fe df a0 fe df a0 fe df a0 fe df a0 
003680  fe df a0 fe df a0 fe df a0 fe df a0 fe df a0 fe 
003690  df a0 fe df a0 fe df a0 fe df a0 fe df a0 fe df 
0036a0  a0 fe df a0 fe df a0 fe df a0 fe df a0 fe df a0 
0036b0  fe df a0 fe df a0 fe df a0 fe df a0 fe df a0 fe 
0036c0  df a0 fe df a0 fe df a0 fe df a0 fe df a0 fe df 
0036d0  a0 fe df a0 fe df a0 fe df a0 fe df a0 fe df a0 
0036e0  fe df a0 fe df a0 fe df a0 fe df a0 fe df a0 fe 
0036f0  df a0 fe df a0 fe df a0 fe df a0 fe df a0 fe df 
003700  a0 fe df a0 fe df a0 fe df a0 fe df a0 fe df a0 
003710  fe df a0 fe df a0 fe df a0 fe df a0 fe df a0 fe 
003720  df a0 fe df a0 fe df a0 fe df a0 fe df a0 fe df 
003730  a0 fe df a0 fe df a0 fe df a0 fe df a0 fe df a0 
003740  fe df a0 fe df a0 fe df a0 fe df a0 fe df a0 fe 
003750  df a0 fe df a0 fe df a0 fe df a0 fe df a0 fe df 
003760  a0 fe df a0 fe df a0 fe df a0 fe df a0 fe df a0 
003770  fe df a0 fe df a0 fe df a0 fe df a0 fe df a0 fe 
003780  df a0 fe df a0 fe df a0 fe df a0 fe df a0 fe df 
003790  a0 fe df a0 fe df a0 fe df a0 fe df a0 fe df a0 
0037a0  fe df a0 fe df a0 fe df a0 fe df a0 fe df a0 fe 
0037b0  df a0 fe df a0 fe df a0 fe df a0 fe df a0 fe df 
0037c0  a0 fe df a0 fe df a0 fe df a0 fe df a0 fe df a0 
0037d0  fe df a0 fe df a0 fe df a0 fe df a0 fe df a0 fe 
0037e0  df a0 fe df a0 fe df a0 fe df a0 fe df a0 fe df 
0037f0  a0 fe df a0 fe df a0 fe df a0 fe df a0 fe df a0 
003800  fe df a0 fe df a0 fe df a0 fe df a0 fe df a0 fe 
003810  df a0 fe df a0 fe df a0 fe df a0 fe df a0 fe df 
003820  a0 fe df a0 fe df a0 fe df a0 fe df a0 fe df a0 
003830  fe df a0 fe df a0 fe df a0 fe df a0 fe df a0 fe 
003840  df a0 fe df a0 fe df a0 fe df a0 fe df a0 fe df 
003850  a0 fe df a0 fe df a0 fe df a0 fe df a0 fe df a0 
003860  fe df a0 fe df a0 fe df a0 fe df a0 fe df a0 fe 
003870  df a0 fe df a0 fe df a0 fe df a0 fe df a0 fe df 
003880  a0 fe df a0 fe df a0 fe df a0 fe df a0 fe df a0 
003890  fe df a0 fe df a0 fe df a0 fe df a0 fe df a0 fe 
0038a0  df a0 fe df a0 fe df a0 fe df a0 fe df a0 fe df 
0038b0  a0 fe df a0 fe df a0 fe df a0 fe df a0 fe df a0 
0038c0  fe df a0 fe df a0 fe df a0 fe df a0 fe df a0 fe 
0038d0  df a0 fe df a0 fe df a0 fe df a0 fe df a0 fe df 
0038e0  a0 fe df a0 fe df a0 fe df a0 fe df a0 fe df a0 
0038f0  fe df a0 fe df a0 fe df a0 fe df a0 fe df a0 fe 
003900  df a0 fe df a0 fe df a0 fe df a0 fe df a0 fe df 
003910  a0 fe df a0 fe df a0 fe df a0 fe df a0 fe df a0 
003920  fe df a0 fe df a0 fe df a0 fe df a0 fe df a0 fe 
003930  df a0 fe df a0 fe df a0 fe df a0 fe df a0 fe df 
003940  a0 fe df a0 fe df a0 fe df a0 fe df a0 fe df a0 
003950  fe df a0 fe df a0 fe df a0 fe df a0 fe df a0 fe 
003960  df a0 fe df a0 fe df a0 fe df a0 fe df a0 fe df 
003970  a0 fe df a0 fe df a0 fe df a0 fe df a0 fe df a0 
003980  fe df a0 fe df a0 fe df a0 fe df a0 fe df a0 fe 
003990  df a0 fe df a0 fe df a0 fe df a0 fe df a0 fe df 
0039a0  a0 fe df a0 fe df a0 fe df a0 fe df a0 fe df a0 
0039b0  fe df a0 fe df a0 fe df a0 fe df a0 fe df a0 fe 
0039c0  df a0 fe df a0 fe df a0 fe df a0 fe df a0 fe df 
0039d0  a0 fe df a0 fe df a0 fe df a0 fe df a0 fe df a0 
0039e0  fe df a0 fe df a0 fe df a0 fe df a0 fe df a0 fe 
0039f0  df a0 fe df a0 fe df a0 fe df a0 fe df a0 fe df 
003a00  a0 fe df a0 fe df a0 fe df a0 fe df a0 fe df a0 
003a10  fe df a0 fe df a0 fe df a0 fe df a0 fe df a0 fe 
003a20  df a0 fe df a0 fe df a0 fe df a0 fe df a0 fe df 
003a30  a0 fe df a0 fe df a0 fe df a0 fe df a0 fe df a0 
003a40  fe df a0 fe df a0 fe df a0 fe df a0 fe df a0 fe 
003a50  df a0 fe df a0 fe df a0 fe df a0 fe df a0 fe df 
003a60  a0 fe df a0 fe df a0 fe df a0 fe df a0 fe df a0 
003a70  fe df a0 fe df a0 fe df a0 fe df a0 fe df a0 fe 
003a80  df a0 fe df a0 fe df a0 fe df a0 fe df a0 fe df 
003a90  a0 fe df a0 fe df a0 fe df a0 fe df a0 fe df a0 
003aa0  fe df a0 fe df a0 fe df a0 fe df a0 fe df a0 fe 
003ab0  df a0 fe df a0 fe df a0 fe df a0 fe df a0 fe df 
003ac0  a0 fe df a0 fe df a0 fe df a0 fe df a0 fe df a0 
003ad0  fe df a0 fe df a0 fe df a0 fe df a0 fe df a0 fe 
003ae0  df a0 fe df a0 fe df a0 fe df a0 fe df a0 fe df 
003af0  a0 fe df a0 fe df a0 fe df a0 fe df a0 fe df a0 
003b00  fe df a0 fe df a0 fe df a0 fe df a0 fe df a0 fe 
003b10  df a0 fe df a0 fe df a0 fe df a0 fe df a0 fe df 
003b20  a0 fe df a0 fe df a0 fe df a0 fe df a0 fe df a0 
003b30  fe df a0 fe df a0 fe df a0 fe df a0 fe df a0 fe 
003b40  df a0 fe df a0 fe df a0 fe df a0 fe df a0 fe df 
003b50  a0 fe df a0 fe df a0 fe df a0 fe df a0 fe df a0 
003b60  fe df a0 fe df a0 fe df a0 fe df a0 fe df a0 fe 
003b70  df a0 fe df a0 fe df a0 fe df a0 fe df a0 fe df 
003b80  a0 fe df a0 fe df a0 fe df a0 fe df a0 fe df a0 
003b90  fe df a0 fe df a0 fe df a0 fe df a0 fe df a0 fe 
003ba0  df a0 fe df a0 fe df a0 fe df a0 fe df a0 fe df 
003bb0  a0 fe df a0 fe df a0 fe df a0 fe df a0 fe df a0 
003bc0  fe df a0 fe df a0 fe df a0 fe df a0 fe df a0 fe 
003bd0  df a0 fe df a0 fe df a0 fe df a0 fe df a0 fe df 
003be0  a0 fe df a0 fe df a0 fe df a0 fe df a0 fe df a0 
003bf0  fe df a0 fe df a0 fe df a0 fe df a0 fe df a0 fe 
003c00  df a0 fe df a0 fe df a0 fe df a0 fe df a0 fe df 
003c10  a0 fe df a0 fe df a0 fe df a0 fe df a0 fe df a0 
003c20  fe df a0 fe df a0 fe df a0 fe df a0 fe df a0 fe 
003c30  df a0 fe df a0 fe df a0 fe df a0 fe df a0 fe df 
003c40  a0 fe df a0 fe df a0 fe df a0 fe df a0 fe df a0 
003c50  fe df a0 fe df a0 fe df a0 fe df a0 fe df a0 fe 
003c60  df a0 fe df a0 fe df a0 fe df a0 fe df a0 fe df 
003c70  a0 fe df a0 fe df a0 fe df a0 fe df a0 fe df a0 
003c80  fe df a0 fe df a0 fe df a0 fe df a0 fe df a0 fe 
003c90  df a0 fe df a0 fe df a0 fe df a0 fe df a0 fe df 
003ca0  a0 fe df a0 fe df a0 fe df a0 fe df a0 fe df a0 
003cb0  fe df a0 fe df a0 fe df a0 fe df a0 fe df a0 fe 
003cc0  df a0 fe df a0 fe df a0 fe df a0 fe df a0 fe df 
003cd0  a0 fe df a0 fe df a0 fe df a0 fe df a0 fe df a0 
003ce0  fe df a0 fe df a0 fe df a0 fe df a0 fe df a0 fe 
003cf0  df a0 fe df a0 fe df a0 fe df a0 fe df a0 fe df 
003d00  a0 fe df a0 fe df a0 fe df a0 fe df a0 fe df a0 
003d10  fe df a0 fe df a0 fe df a0 fe df a0 fe df a0 fe 
003d20  df a0 fe df a0 fe df a0 fe df a0 fe df a0 fe df 
003d30  a0 fe df a0 fe df a0 fe df a0 fe df a0 fe df a0 
003d40  fe df a0 fe df a0 fe df a0 fe df a0 fe df a0 fe 
003d50  df a0 fe df a0 fe df a0 fe df a0 fe df a0 fe df 
003d60  a0 fe df a0 fe df a0 fe df a0 fe df a0 fe df a0 
003d70  fe df a0 fe df a0 fe df a0 fe df a0 fe df a0 fe 
003d80  df a0 fe df a0 fe df a0 fe df a0 fe df a0 fe df 
003d90  a0 fe df a0 fe df a0 fe df a0 fe df a0 fe df a0 
003da0  fe df a0 fe df a0 fe df a0 fe df a0 fe df a0 fe 
003db0  df a0 fe df a0 fe df a0 fe df a0 fe df a0 fe df 
003dc0  a0 fe df a0 fe df a0 fe df a0 fe df a0 fe df a0 
003dd0  fe df a0 fe df a0 fe df a0 fe df a0 fe df a0 fe 
003de0  df a0 fe df a0 fe df a0 fe df a0 fe df a0 fe df 
003df0  a0 fe df a0 fe df a0 fe df a0 fe df a0 fe df a0 
003e00  fe df a0 fe df a0 fe df a0 fe df a0 fe df a0 fe 
003e10  df a0 fe df a0 fe df a0 fe df a0 fe df a0 fe df 
003e20  a0 fe df a0 fe df a0 fe df a0 fe df a0 fe df a0 
003e30  fe df a0 fe df a0 fe df a0 fe df a0 fe df a0 fe 
003e40  df a0 fe df a0 fe df a0 fe df a0 fe df a0 fe df 
003e50  a0 fe df a0 fe df a0 fe df a0 fe df a0 fe df a0 
003e60  fe df a0 fe df a0 fe df a0 fe df a0 fe df a0 fe 
003e70  df a0 fe df a0 fe df a0 fe df a0 fe df a0 fe df 
003e80  a0 fe df a0 fe df a0 fe df a0 fe df a0 fe df a0 
003e90  fe df a0 fe df a0 fe df a0 fe df a0 fe df a0 fe 
003ea0  df a0 fe df a0 fe df a0 fe df a0 fe df a0 fe df 
003eb0  a0 fe df a0 fe df a0 fe df a0 fe df a0 fe df a0 
003ec0  fe df a0 fe df a0 fe df a0 fe df a0 fe df a0 fe 
003ed0  df a0 fe df a0 fe df a0 fe df a0 fe df a0 fe df 
003ee0  a0 fe df a0 fe df a0 fe df a0 fe df a0 fe df a0 
003ef0  fe df a0 fe df a0 fe df a0 fe df a0 fe df a0 fe 
003f00  df a0 fe df a0 fe df a0 fe df a0 fe df a0 fe df 
003f10  a0 fe df a0 fe df a0 fe df a0 fe df a0 fe df a0 
003f20  fe df a0 fe df a0 fe df a0 fe df a0 fe df a0 fe 
003f30  df a0 fe df a0 fe df a0 fe df a0 fe df a0 fe df 
003f40  a0 fe df a0 fe df a0 fe df a0 fe df a0 fe df a0 
003f50  fe df a0 fe df a0 fe df a0 fe df a0 fe df a0 fe 
003f60  df a0 fe df a0 fe df a0 fe df a0 fe df a0 fe df 
003f70  a0 fe df a0 fe df a0 fe df a0 fe df a0 fe df a0 
003f80  fe df a0 fe df a0 fe df a0 fe df a0 fe df a0 fe 
003f90  df a0 fe df a0 fe df a0 fe df a0 fe df a0 fe df 
003fa0  a0 fe df a0 fe df a0 fe df a0 fe df a0 fe df a0 
003fb0  fe df a0 fe df a0 fe df a0 fe df a0 fe df a0 fe 
003fc0  df a0 fe df a0 fe df a0 fe df a0 fe df a0 fe df 
003fd0  a0 fe df a0 fe df a0 fe df a0 fe df a0 fe df a0 
003fe0  fe df a0 fe df a0 fe df a0 fe df a0 fe df a0 fe 
003ff0  df a0 fe df a0 fe df a0 fe df a0 fe df a0 fe df 
004000  a0 fe df a0 fe df a0 fe df a0 fe df a0 fe df a0 
004010  fe df a0 fe df a0 fe df a0 fe df a0 fe df a0 fe 
004020  df a0 fe df a0 fe df a0 fe df a0 fe df a0 fe df 
004030  a0 fe df a0 fe df a0 fe df a0 fe df a0 fe df a0 
004040  fe df a0 fe df a0 fe df a0 fe df a0 fe df a0 fe 
004050  df a0 fe df a0 fe df a0 fe df a0 fe df a0 fe df 
004060  a0 fe df a0 fe df a0 fe df a0 fe df a0 fe df a0 
004070  fe df a0 fe df a0 fe df a0 fe df a0 fe df a0 fe 
004080  df a0 fe df a0 fe df a0 fe df a0 fe df a0 fe df 
004090  a0 fe df a0 fe df a0 fe df a0 fe df a0 fe df a0 
0040a0  fe df a0 fe df a0 fe df a0 fe df a0 fe df a0 fe 
0040b0  df a0 fe df a0 fe df a0 fe df a0 fe df a0 fe df 
0040c0  a0 fe df a0 fe df a0 fe df a0 fe df a0 fe df a0 
0040d0  fe df a0 fe df a0 fe df a0 fe df a0 fe df a0 fe 
0040e0  df a0 fe df a0 fe df a0 fe df a0 fe df a0 fe df 
0040f0  a0 fe df a0 fe df a0 fe df a0 fe df a0 fe df a0 
004100  fe df a0 fe df a0 fe df a0 fe df a0 fe df a0 fe 
004110  df a0 fe df a0 fe df a0 fe df a0 fe df a0 fe df 
004120  a0 fe df a0 fe df a0 fe df a0 fe df a0 fe df a0 
004130  fe df a0 fe df a0 fe df a0 fe df a0 fe df a0 fe 
004140  df a0 fe df a0 fe df a0 fe df a0 fe df a0 fe df 
004150  a0 fe df a0 fe df a0 fe df a0 fe df a0 fe df a0 
004160  fe df a0 fe df a0 fe df a0 fe df a0 fe df a0 fe 
004170  df a0 fe df a0 fe df a0 fe df a0 fe df a0 fe df 
004180  a0 fe df a0 fe df a0 fe df a0 fe df a0 fe df a0 
004190  fe df a0 fe df a0 fe df a0 fe df a0 fe df a0 fe 
0041a0  df a0 fe df a0 fe df a0 fe df a0 fe df a0 fe df 
0041b0  a0 fe df a0 fe df a0 fe df a0 fe df a0 fe df a0 
0041c0  fe df a0 fe df a0 fe df a0 fe df a0 fe df a0 fe 
0041d0  df a0 fe df a0 fe df a0 fe df a0 fe df a0 fe df 
0041e0  a0 fe df a0 fe df a0 fe df a0 fe df a0 fe df a0 
0041f0  fe df a0 fe df a0 fe df a0 fe df a0 fe df a0 fe 
004200  df a0 fe df a0 fe df a0 fe df a0 fe df a0 fe df 
004210  a0 fe df a0 fe df a0 fe df a0 fe df a0 fe df a0 
004220  fe df a0 fe df a0 fe df a0 fe df a0 fe df a0 fe 
004230  df a0 fe df a0 fe df a0 fe df a0 fe df a0 fe df 
004240  a0 fe df a0 fe df a0 fe df a0 fe df a0 fe df a0 
004250  fe df a0 fe df a0 fe df a0 fe df a0 fe df a0 fe 
004260  df a0 fe df a0 fe df a0 fe df a0 fe df a0 fe df 
004270  a0 fe df a0 fe df a0 fe df a0 fe df a0 fe df a0 
004280  fe df a0 fe df a0 fe df a0 fe df a0 fe df a0 fe 
004290  df a0 fe df a0 fe df a0 fe df a0 fe df a0 fe df 
0042a0  a0 fe df a0 fe df a0 fe df a0 fe df a0 fe df a0 
0042b0  fe df a0 fe df a0 fe df a0 fe df a0 fe df a0 fe 
0042c0  df a0 fe df a0 fe df a0 fe df a0 fe df a0 fe df 
0042d0  a0 fe df a0 fe df a0 fe df a0 fe df a0 fe df a0 
0042e0  fe df a0 fe df a0 fe df a0 fe df a0 fe df a0 fe 
0042f0  df a0 fe df a0 fe df a0 fe df a0 fe df a0 fe df 
004300  a0 fe df a0 fe df a0 fe df a0 fe df a0 fe df a0 
004310  fe df a0 fe df a0 fe df a0 fe df a0 fe df a0 fe 
004320  df a0 fe df a0 fe df a0 fe df a0 fe df a0 fe df 
004330  a0 fe df a0 fe df a0 fe df a0 fe df a0 fe df a0 
004340  fe df a0 fe df a0 fe df a0 fe df a0 fe df a0 fe 
004350  df a0 fe df a0 fe df a0 fe df a0 fe df a0 fe df 
004360  a0 fe df a0 fe df a0 fe df a0 fe df a0 fe df a0 
004370  fe df a0 fe df a0 fe df a0 fe df a0 fe df a0 fe 
004380  df a0 fe df a0 fe df a0 fe df a0 fe df a0 fe df 
004390  a0 fe df a0 fe df a0 fe df a0 fe df a0 fe df a0 
0043a0  fe df a0 fe df a0 fe df a0 fe df a0 fe df a0 fe 
0043b0  df a0 fe df a0 fe df a0 fe df a0 fe df a0 fe df 
0043c0  a0 fe df a0 fe df a0 fe df a0 fe df a0 fe df a0 
0043d0  fe df a0 fe df a0 fe df a0 fe df a0 fe df a0 fe 
0043e0  df a0 fe df a0 fe df a0 fe df a0 fe df a0 fe df 
0043f0  a0 fe df a0 fe df a0 fe df a0 fe df a0 fe df a0 
004400  fe df a0 fe df a0 fe df a0 fe df a0 fe df a0 fe 
004410  df a0 fe df a0 fe df a0 fe df a0 fe df a0 fe df 
004420  a0 fe df a0 fe df a0 fe df a0 fe df a0 fe df a0 
004430  fe df a0 fe df a0 fe df a0 fe df a0 fe df a0 fe 
004440  df a0 fe df a0 fe df a0 fe df a0 fe df a0 fe df 
004450  a0 fe df a0 fe df a0 fe df a0 fe df a0 fe df a0 
004460  fe df a0 fe df a0 fe df a0 fe df a0 fe df a0 fe 
004470  df a0 fe df a0 fe df a0 fe df a0 fe df a0 fe df 
004480  a0 fe df a0 fe df a0 fe df a0 fe df a0 fe df a0 
004490  fe df a0 fe df a0 fe df a0 fe df a0 fe df a0 fe 
0044a0  df a0 fe df a0 fe df a0 fe df a0 fe df a0 fe df 
0044b0  a0 fe df a0 fe df a0 fe df a0 fe df a0 fe df a0 
0044c0  fe df a0 fe df a0 fe df a0 fe df a0 fe df a0 fe 
0044d0  df a0 fe df a0 fe df a0 fe df a0 fe df a0 fe df 
0044e0  a0 fe df a0 fe df a0 fe df a0 fe df a0 fe df a0 
0044f0  fe df a0 fe df a0 fe df a0 fe df a0 fe df a0 fe 
004500  df a0 fe df a0 fe df a0 fe df a0 fe df a0 fe df 
004510  a0 fe df a0 fe df a0 fe df a0 fe df a0 fe df a0 
004520  fe df a0 fe df a0 fe df a0 fe df a0 fe df a0 fe 
004530  df a0 fe df a0 fe df a0 fe df a0 fe df a0 fe df 
004540  a0 fe df a0 fe df a0 fe df a0 fe df a0 fe df a0 
004550  fe df a0 fe df a0 fe df a0 fe df a0 fe df a0 fe 
004560  df a0 fe df a0 fe df a0 fe df a0 fe df a0 fe df 
004570  a0 fe df a0 fe df a0 fe df a0 fe df a0 fe df a0 
004580  fe df a0 fe df a0 fe df a0 fe df a0 fe df a0 fe 
004590  df a0 fe df a0 fe df a0 fe df a0 fe df a0 fe df 
0045a0  a0 fe df a0 fe df a0 fe df a0 fe df a0 fe df a0 
0045b0  fe df a0 fe df a0 fe df a0 fe df a0 fe df a0 fe 
0045c0  df a0 fe df a0 fe df a0 fe df a0 fe df a0 fe df 
0045d0  a0 fe df a0 fe df a0 fe df a0 fe df a0 fe df a0 
0045e0  fe df a0 fe df a0 fe df a0 fe df a0 fe df a0 fe 
0045f0  df a0 fe df a0 fe df a0 fe df a0 fe df a0 fe df 
004600  a0 fe df a0 fe df a0 fe df a0 fe df a0 fe df a0 
004610  fe df a0 fe df a0 fe df a0 fe df a0 fe df a0 fe 
004620  df a0 fe df a0 fe df a0 fe df a0 fe df a0 fe df 
004630  a0 fe df a0 fe df a0 fe df a0 fe df a0 fe df a0 
004640  fe df a0 fe df a0 fe df a0 fe df a0 fe df a0 fe 
004650  df a0 fe df a0 fe df a0 fe df a0 fe df a0 fe df 
004660  a0 fe df a0 fe df a0 fe df a0 fe df a0 fe df a0 
004670  fe df a0 fe df a0 fe df a0 fe df a0 fe df a0 fe 
004680  df a0 fe df a0 fe df a0 fe df a0 fe df a0 fe df 
004690  a0 fe df a0 fe df a0 fe df a0 fe df a0 fe df a0 
0046a0  fe df a0 fe df a0 fe df a0 fe df a0 fe df a0 fe 
0046b0  df a0 fe df a0 fe df a0 fe df a0 fe df a0 fe df 
0046c0  a0 fe df a0 fe df a0 fe df a0 fe df a0 fe df a0 
0046d0  fe df a0 fe df a0 fe df a0 fe df a0 fe df a0 fe 
0046e0  df a0 fe df a0 fe df a0 fe df a0 fe df a0 fe df 
0046f0  a0 fe df a0 fe df a0 fe df a0 fe df a0 fe df a0 
004700  fe df a0 fe df a0 fe df a0 fe df a0 fe df a0 fe 
004710  df a0 fe df a0 fe df a0 fe df a0 fe df a0 fe df 
004720  a0 fe df a0 fe df a0 fe df a0 fe df a0 fe df a0 
004730  fe df a0 fe df a0 fe df a0 fe df a0 fe df a0 fe 
004740  df a0 fe df a0 fe df a0 fe df a0 fe df a0 fe df 
004750  a0 fe df a0 fe df a0 fe df a0 fe df a0 fe df a0 
004760  fe df a0 fe df a0 fe df a0 fe df a0 fe df a0 fe 
004770  df a0 fe df a0 fe df a0 fe df a0 fe df a0 fe df 
004780  a0 fe df a0 fe df a0 fe df a0 fe df a0 fe df a0 
004790  fe df a0 fe df a0 fe df a0 fe df a0 fe df a0 fe 
0047a0  df a0 fe df a0 fe df a0 fe df a0 fe df a0 fe df 
0047b0  a0 fe df a0 fe df a0 fe df a0 fe df a0 fe df a0 
0047c0  fe df a0 fe df a0 fe df a0 fe df a0 fe df a0 fe 
0047d0  df a0 fe df a0 fe df a0 fe df a0 fe df a0 fe df 
0047e0  a0 fe df a0 fe df a0 fe df a0 fe df a0 fe df a0 
0047f0  fe df a0 fe df a0 fe df a0 fe df a0 fe df a0 fe 
004800  df a0 fe df a0 fe df a0 fe df a0 fe df a0 fe df 
004810  a0 fe df a0 fe df a0 fe df a0 fe df a0 fe df a0 
004820  fe df a0 fe df a0 fe df a0 fe df a0 fe df a0 fe 
004830  df a0 fe df a0 fe df a0 fe df a0 fe df a0 fe df 
004840  a0 fe df a0 fe df a0 fe df a0 fe df a0 fe df a0 
004850  fe df a0 fe df a0 fe df a0 fe df a0 fe df a0 fe 
004860  df a0 fe df a0 fe df a0 fe df a0 fe df a0 fe df 
004870  a0 fe df a0 fe df a0 fe df a0 fe df a0 fe df a0 
004880  fe df a0 fe df a0 fe df a0 fe df a0 fe df a0 fe 
004890  df a0 fe df a0 fe df a0 fe df a0 fe df a0 fe df 
0048a0  a0 fe df a0 fe df a0 fe df a0 fe df a0 fe df a0 
0048b0  fe df a0 fe df a0 fe df a0 fe df a0 fe df a0 fe 
0048c0  df a0 fe df a0 fe df a0 fe df a0 fe df a0 fe df 
0048d0  a0 fe df a0 fe df a0 fe df a0 fe df a0 fe df a0 
0048e0  fe df a0 fe df a0 fe df a0 fe df a0 fe df a0 fe 
0048f0  df a0 fe df a0 fe df a0 fe df a0 fe df a0 fe df 
004900  a0 fe df a0 fe df a0 fe df a0 fe df a0 fe df a0 
004910  fe df a0 fe df a0 fe df a0 fe df a0 fe df a0 fe 
004920  df a0 fe df a0 fe df a0 fe df a0 fe df a0 fe df 
004930  a0 fe df a0 fe df a0 fe df a0 fe df a0 fe df a0 
004940  fe df a0 fe df a0 fe df a0 fe df a0 fe df a0 fe 
004950  df a0 fe df a0 fe df a0 fe df a0 fe df a0 fe df 
004960  a0 fe df a0 fe df a0 fe df a0 fe df a0 fe df a0 
004970  fe df a0 fe df a0 fe df a0 fe df a0 fe df a0 fe 
004980  df a0 fe df a0 fe df a0 fe df a0 fe df a0 fe df 
004990  a0 fe df a0 fe df a0 fe df a0 fe df a0 fe df a0 
0049a0  fe df a0 fe df a0 fe df a0 fe df a0 fe df a0 fe 
0049b0  df a0 fe df a0 fe df a0 fe df a0 fe df a0 fe df 
0049c0  a0 fe df a0 fe df a0 fe df a0 fe df a0 fe df a0 
0049d0  fe df a0 fe df a0 fe df a0 fe df a0 fe df a0 fe 
0049e0  df a0 fe df a0 fe df a0 fe df a0 fe df a0 fe df 
0049f0  a0 fe df a0 fe df a0 fe df a0 fe df a0 fe df a0 
004a00  fe df a0 fe df a0 fe df a0 fe df a0 fe df a0 fe 
004a10  df a0 fe df a0 fe df a0 fe df a0 fe df a0 fe df 
004a20  a0 fe df a0 fe df a0 fe df a0 fe df a0 fe df a0 
004a30  fe df a0 fe df a0 fe df a0 fe df a0 fe df a0 fe 
004a40  df a0 fe df a0 fe df a0 fe df a0 fe df a0 fe df 
004a50  a0 fe df a0 fe df a0 fe df a0 fe df a0 fe df a0 
004a60  fe df a0 fe df a0 fe df a0 fe df a0 fe df a0 fe 
004a70  df a0 fe df a0 fe df a0 fe df a0 fe df a0 fe df 
004a80  a0 fe df a0 fe df a0 fe df a0 fe df a0 fe df a0 
004a90  fe df a0 fe df a0 fe df a0 fe df a0 fe df a0 fe 
004aa0  df a0 fe df a0 fe df a0 fe df a0 fe df a0 fe df 
004ab0  a0 fe df a0 fe df a0 fe df a0 fe df a0 fe df a0 
004ac0  fe df a0 fe df a0 fe df a0 fe df a0 fe df a0 fe 
004ad0  df a0 fe df a0 fe df a0 fe df a0 fe df a0 fe df 
004ae0  a0 fe df a0 fe df a0 fe df a0 fe df a0 fe df a0 
004af0  fe df a0 fe df a0 fe df a0 fe df a0 fe df a0 fe 
004b00  df a0 fe df a0 fe df a0 fe df a0 fe df a0 fe df 
004b10  a0 fe df a0 fe df a0 fe df a0 fe df a0 fe df a0 
004b20  fe df a0 fe df a0 fe df a0 fe df a0 fe df a0 fe 
004b30  df a0 fe df a0 fe df a0 fe df a0 fe df a0 fe df 
004b40  a0 fe df a0 fe df a0 fe df a0 fe df a0 fe df a0 
004b50  fe df a0 fe df a0 fe df a0 fe df a0 fe df a0 fe 
004b60  df a0 fe df a0 fe df a0 fe df a0 fe df a0 fe df 
004b70  a0 fe df a0 fe df a0 fe df a0 fe df a0 fe df a0 
004b80  fe df a0 fe df a0 fe df a0 fe df a0 fe df a0 fe 
004b90  df a0 fe df a0 fe df a0 fe df a0 fe df a0 fe df 
004ba0  a0 fe df a0 fe df a0 fe df a0 fe df a0 fe df a0 
004bb0  fe df a0 fe df a0 fe df a0 fe df a0 fe df a0 fe 
004bc0  df a0 fe df a0 fe df a0 fe df a0 fe df a0 fe df 
004bd0  a0 fe df a0 fe df a0 fe df a0 fe df a0 fe df a0 
004be0  fe df a0 fe df a0 fe df a0 fe df a0 fe df a0 fe 
004bf0  df a0 fe df a0 fe df a0 fe df a0 fe df a0 fe df 
004c00  a0 fe df a0 fe df a0 fe df a0 fe df a0 fe df a0 
004c10  fe df a0 fe df a0 fe df a0 fe df a0 fe df a0 fe 
004c20  df a0 fe df a0 fe df a0 fe df a0 fe df a0 fe df 
004c30  a0 fe df a0 fe df a0 fe df a0 fe df a0 fe df a0 
004c40  fe df a0 fe df a0 fe df a0 fe df a0 fe df a0 fe 
004c50  df a0 fe df a0 fe df a0 fe df a0 fe df a0 fe df 
004c60  a0 fe df a0 fe df a0 fe df a0 fe df a0 fe df a0 
004c70  fe df a0 fe df a0 fe df a0 fe df a0 fe df a0 fe 
004c80  df a0 fe df a0 fe df a0 fe df a0 fe df a0 fe df 
004c90  a0 fe df a0 fe df a0 fe df a0 fe df a0 fe df a0 
004ca0  fe df a0 fe df a0 fe df a0 fe df a0 fe df a0 fe 
004cb0  df a0 fe df a0 fe df a0 fe df a0 fe df a0 fe df 
004cc0  a0 fe df a0 fe df a0 fe df a0 fe df a0 fe df a0 
004cd0  fe df a0 fe df a0 fe df a0 fe df a0 fe df a0 fe 
004ce0  df a0 fe df a0 fe df a0 fe df a0 fe df a0 fe df 
004cf0  a0 fe df a0 fe df a0 fe df a0 fe df a0 fe df a0 
004d00  fe df a0 fe df a0 fe df a0 fe df a0 fe df a0 fe 
004d10  df a0 fe df a0 fe df a0 fe df a0 fe df a0 fe df 
004d20  a0 fe df a0 fe df a0 fe df a0 fe df a0 fe df a0 
004d30  fe df a0 fe df a0 fe df a0 fe df a0 fe df a0 fe 
004d40  df a0 fe df a0 fe df a0 fe df a0 fe df a0 fe df 
004d50  a0 fe df a0 fe df a0 fe df a0 fe df a0 fe df a0 
004d60  fe df a0 fe df a0 fe df a0 fe df a0 fe df a0 fe 
004d70  df a0 fe df a0 fe df a0 fe df a0 fe df a0 fe df 
004d80  a0 fe df a0 fe df a0 fe df a0 fe df a0 fe df a0 
004d90  fe df a0 fe df a0 fe df a0 fe df a0 fe df a0 fe 
004da0  df a0 fe df a0 fe df a0 fe df a0 fe df a0 fe df 
004db0  a0 fe df a0 fe df a0 fe df a0 fe df a0 fe df a0 
004dc0  fe df a0 fe df a0 fe df a0 fe df a0 fe df a0 fe 
004dd0  df a0 fe df a0 fe df a0 fe df a0 fe df a0 fe df 
004de0  a0 fe df a0 fe df a0 fe df a0 fe df a0 fe df a0 
004df0  fe df a0 fe df a0 fe df a0 fe df a0 fe df a0 fe 
004e00  df a0 fe df a0 fe df a0 fe df a0 fe df a0 fe df 
004e10  a0 fe df a0 fe df a0 fe df a0 fe df a0 fe df a0 
004e20  fe df a0 fe df a0 fe df a0 fe df a0 fe df a0 fe 
004e30  df a0 fe df a0 fe df a0 fe df a0 fe df a0 fe df 
004e40  a0 fe df a0 fe df a0 fe df a0 fe df a0 fe df a0 
004e50  fe df a0 fe df a0 fe df a0 fe df a0 fe df a0 fe 
004e60  df a0 fe df a0 fe df a0 fe df a0 fe df a0 fe df 
004e70  a0 fe df a0 fe df a0 fe df a0 fe df a0 fe df a0 
004e80  fe df a0 fe df a0 fe df a0 fe df a0 fe df a0 fe 
004e90  df a0 fe df a0 fe df a0 fe df a0 fe df a0 fe df 
004ea0  a0 fe df a0 fe df a0 fe df a0 fe df a0 fe df a0 
004eb0  fe df a0 fe df a0 fe df a0 fe df a0 fe df a0 fe 
004ec0  df a0 fe df a0 fe df a0 fe df a0 fe df a0 fe df 
004ed0  a0 fe df a0 fe df a0 fe df a0 fe df a0 fe df a0 
004ee0  fe df a0 fe df a0 fe df a0 fe df a0 fe df a0 fe 
004ef0  df a0 fe df a0 fe df a0 fe df a0 fe df a0 fe df 
004f00  a0 fe df a0 fe df a0 fe df a0 fe df a0 fe df a0 
004f10  fe df a0 fe df a0 fe df a0 fe df a0 fe df a0 fe 
004f20  df a0 fe df a0 fe df a0 fe df a0 fe df a0 fe df 
004f30  a0 fe df a0 fe df a0 fe df a0 fe df a0 fe df a0 
004f40  fe df a0 fe df a0 fe df a0 fe df a0 fe df a0 fe 
004f50  df a0 fe df a0 fe df a0 fe df a0 fe df a0 fe df 
004f60  a0 fe df a0 fe df a0 fe df a0 fe df a0 fe df a0 
004f70  fe df a0 fe df a0 fe df a0 fe df a0 fe df a0 fe 
004f80  df a0 fe df a0 fe df a0 fe df a0 fe df a0 fe df 
004f90  a0 fe df a0 fe df a0 fe df a0 fe df a0 fe df a0 
004fa0  fe df a0 fe df a0 fe df a0 fe df a0 fe df a0 fe 
004fb0  df a0 fe df a0 fe df a0 fe df a0 fe df a0 fe df 
004fc0  a0 fe df a0 fe df a0 fe df a0 fe df a0 fe df a0 
004fd0  fe df a0 fe df a0 fe df a0 fe df a0 fe df a0 fe 
004fe0  df a0 fe df a0 fe df a0 fe df a0 fe df a0 fe df 
004ff0  a0 fe df a0 fe df a0 fe df a0 fe df a0 fe df a0 
005000  fe df a0 fe df a0 fe df a0 fe df a0 fe df a0 fe 
005010  df a0 fe df a0 fe df a0 fe df a0 fe df a0 fe df 
005020  a0 fe df a0 fe df a0 fe df a0 fe df a0 fe df a0 
005030  fe df a0 fe df a0 fe df a0 fe df a0 fe df a0 fe 
005040  df a0 fe df a0 fe df a0 fe df a0 fe df a0 fe df 
005050  a0 fe df a0 fe df a0 fe df a0 fe df a0 fe df a0 
005060  fe df a0 fe df a0 fe df a0 fe df a0 fe df a0 fe 
005070  df a0 fe df a0 fe df a0 fe df a0 fe df a0 fe df 
005080  a0 fe df a0 fe df a0 fe df a0 fe df a0 fe df a0 
005090  fe df a0 fe df a0 fe df a0 fe df a0 fe df a0 fe 
0050a0  df a0 fe df a0 fe df a0 fe df a0 fe df a0 fe df 
0050b0  a0 fe df a0 fe df a0 fe df a0 fe df a0 fe df a0 
0050c0  fe df a0 fe df a0 fe df a0 fe df a0 fe df a0 fe 
0050d0  df a0 fe df a0 fe df a0 fe df a0 fe df a0 fe df 
0050e0  a0 fe df a0 fe df a0 fe df a0 fe df a0 fe df a0 
0050f0  fe df a0 fe df a0 fe df a0 fe df a0 fe df a0 fe 
005100  df a0 fe df a0 fe df a0 fe df a0 fe df a0 fe df 
005110  a0 fe df a0 fe df a0 fe df a0 fe df a0 fe df a0 
005120  fe df a0 fe df a0 fe df a0 fe df a0 fe df a0 fe 
005130  df a0 fe df a0 fe df a0 fe df a0 fe df a0 fe df 
005140  a0 fe df a0 fe df a0 fe df a0 fe df a0 fe df a0 
005150  fe df a0 fe df a0 fe df a0 fe df a0 fe df a0 fe 
005160  df a0 fe df a0 fe df a0 fe df a0 fe df a0 fe df 
005170  a0 fe df a0 fe df a0 fe df a0 fe df a0 fe df a0 
005180  fe df a0 fe df a0 fe df a0 fe df a0 fe df a0 fe 
005190  df a0 fe df a0 fe df a0 fe df a0 fe df a0 fe df 
0051a0  a0 fe df a0 fe df a0 fe df a0 fe df a0 fe df a0 
0051b0  fe df a0 fe df a0 fe df a0 fe df a0 fe df a0 fe 
0051c0  df a0 fe df a0 fe df a0 fe df a0 fe df a0 fe df 
0051d0  a0 fe df a0 fe df a0 fe df a0 fe df a0 fe df a0 
0051e0  fe df a0 fe df a0 fe df a0 fe df a0 fe df a0 fe 
0051f0  df a0 fe df a0 fe df a0 fe df a0 fe df a0 fe df 
005200  a0 fe df a0 fe df a0 fe df a0 fe df a0 fe df a0 
005210  fe df a0 fe df a0 fe df a0 fe df a0 fe df a0 fe 
005220  df a0 fe df a0 fe df a0 fe df a0 fe df a0 fe df 
005230  a0 fe df a0 fe df a0 fe df a0 fe df a0 fe df a0 
005240  fe df a0 fe df a0 fe df a0 fe df a0 fe df a0 fe 
005250  df a0 fe df a0 fe df a0 fe df a0 fe df a0 fe df 
005260  a0 fe df a0 fe df a0 fe df a0 fe df a0 fe df a0 
005270  fe df a0 fe df a0 fe df a0 fe df a0 fe df a0 fe 
005280  df a0 fe df a0 fe df a0 fe df a0 fe df a0 fe df 
005290  a0 fe df a0 fe df a0 fe df a0 fe df a0 fe df a0 
0052a0  fe df a0 fe df a0 fe df a0 fe df a0 fe df a0 fe 
0052b0  df a0 fe df a0 fe df a0 fe df a0 fe df a0 fe df 
0052c0  a0 fe df a0 fe df a0 fe df a0 fe df a0 fe df a0 
0052d0  fe df a0 fe df a0 fe df a0 fe df a0 fe df a0 fe 
0052e0  df a0 fe df a0 fe df a0 fe df a0 fe df a0 fe df 
0052f0  a0 fe df a0 fe df a0 fe df a0 fe df a0 fe df a0 
005300  fe df a0 fe df a0 fe df a0 fe df a0 fe df a0 fe 
005310  df a0 fe df a0 fe df a0 fe df a0 fe df a0 fe df 
005320  a0 fe df a0 fe df a0 fe df a0 fe df a0 fe df a0 
005330  fe df a0 fe df a0 fe df a0 fe df a0 fe df a0 fe 
005340  df a0 fe df a0 fe df a0 fe df a0 fe df a0 fe df 
005350  a0 fe df a0 fe df a0 fe df a0 fe df a0 fe df a0 
005360  fe df a0 fe df a0 fe df a0 fe df a0 fe df a0 fe 
005370  df a0 fe df a0 fe df a0 fe df a0 fe df a0 fe df 
005380  a0 fe df a0 fe df a0 fe df a0 fe df a0 fe df a0 
005390  fe df a0 fe df a0 fe df a0 fe df a0 fe df a0 fe 
0053a0  df a0 fe df a0 fe df a0 fe df a0 fe df a0 fe df 
0053b0  a0 fe df a0 fe df a0 fe df a0 fe df a0 fe df a0 
0053c0  fe df a0 fe df a0 fe df a0 fe df a0 fe df a0 fe 
0053d0  df a0 fe df a0 fe df a0 fe df a0 fe df a0 fe df 
0053e0  a0 fe df a0 fe df a0 fe df a0 fe df a0 fe df a0 
0053f0  fe df a0 fe df a0 fe df a0 fe df a0 fe df a0 fe 
005400  df a0 fe df a0 fe df a0 fe df a0 fe df a0 fe df 
005410  a0 fe df a0 fe df a0 fe df a0 fe df a0 fe df a0 
005420  fe df a0 fe df a0 fe df a0 fe df a0 fe df a0 fe 
005430  df a0 fe df a0 fe df a0 fe df a0 fe df a0 fe df 
005440  a0 fe df a0 fe df a0 fe df a0 fe df a0 fe df a0 
005450  fe df a0 fe df a0 fe df a0 fe df a0 fe df a0 fe 
005460  df a0 fe df a0 fe df a0 fe df a0 fe df a0 fe df 
005470  a0 fe df a0 fe df a0 fe df a0 fe df a0 fe df a0 
005480  fe df a0 fe df a0 fe df a0 fe df a0 fe df a0 fe 
005490  df a0 fe df a0 fe df a0 fe df a0 fe df a0 fe df 
0054a0  a0 fe df a0 fe df a0 fe df a0 fe df a0 fe df a0 
0054b0  fe df a0 fe df a0 fe df a0 fe df a0 fe df a0 fe 
0054c0  df a0 fe df a0 fe df a0 fe df a0 fe df a0 fe df 
0054d0  a0 fe df a0 fe df a0 fe df a0 fe df a0 fe df a0 
0054e0  fe df a0 fe df a0 fe df a0 fe df a0 fe df a0 fe 
0054f0  df a0 fe df a0 fe df a0 fe df a0 fe df a0 fe df 
005500  a0 fe df a0 fe df a0 fe df a0 fe df a0 fe df a0 
005510  fe df a0 fe df a0 fe df a0 fe df a0 fe df a0 fe 
005520  df a0 fe df a0 fe df a0 fe df a0 fe df a0 fe df 
005530  a0 fe df a0 fe df a0 fe df a0 fe df a0 fe df a0 
005540  fe df a0 fe df a0 fe df a0 fe df a0 fe df a0 fe 
005550  df a0 fe df a0 fe df a0 fe df a0 fe df a0 fe df 
005560  a0 fe df a0 fe df a0 fe df a0 fe df a0 fe df a0 
005570  fe df a0 fe df a0 fe df a0 fe df a0 fe df a0 fe 
005580  df a0 fe df a0 fe df a0 fe df a0 fe df a0 fe df 
005590  a0 fe df a0 fe df a0 fe df a0 fe df a0 fe df a0 
0055a0  fe df a0 fe df a0 fe df a0 fe df a0 fe df a0 fe 
0055b0  df a0 fe df a0 fe df a0 fe df a0 fe df a0 fe df 
0055c0  a0 fe df a0 fe df a0 fe df a0 fe df a0 fe df a0 
0055d0  fe df a0 fe df a0 fe df a0 fe df a0 fe df a0 fe 
0055e0  df a0 fe df a0 fe df a0 fe df a0 fe df a0 fe df 
0055f0  a0 fe df a0 fe df a0 fe df a0 fe df a0 fe df a0 
005600  fe df a0 fe df a0 fe df a0 fe df a0 fe df a0 fe 
005610  df a0 fe df a0 fe df a0 fe df a0 fe df a0 fe df 
005620  a0 fe df a0 fe df a0 fe df a0 fe df a0 fe df a0 
005630  fe df a0 fe df a0 fe df a0 fe df a0 fe df a0 fe 
005640  df a0 fe df a0 fe df a0 fe df a0 fe df a0 fe df 
005650  a0 fe df a0 fe df a0 fe df a0 fe df a0 fe df a0 
005660  fe df a0 fe df a0 fe df a0 fe df a0 fe df a0 fe 
005670  df a0 fe df a0 fe df a0 fe df a0 fe df a0 fe df 
005680  a0 fe df a0 fe df a0 fe df a0 fe df a0 fe df a0 
005690  fe df a0 fe df a0 fe df a0 fe df a0 fe df a0 fe 
0056a0  df a0 fe df a0 fe df a0 fe df a0 fe df a0 fe df 
0056b0  a0 fe df a0 fe df a0 fe df a0 fe df a0 fe df a0 
0056c0  fe df a0 fe df a0 fe df a0 fe df a0 fe df a0 fe 
0056d0  df a0 fe df a0 fe df a0 fe df a0 fe df a0 fe df 
0056e0  a0 fe df a0 fe df a0 fe df a0 fe df a0 fe df a0 
0056f0  fe df a0 fe df a0 fe df a0 fe df a0 fe df a0 fe 
005700  df a0 fe df a0 fe df a0 fe df a0 fe df a0 fe df 
005710  a0 fe df a0 fe df a0 fe df a0 fe df a0 fe df a0 
005720  fe df a0 fe df a0 fe df a0 fe df a0 fe df a0 fe 
005730  df a0 fe df a0 fe df a0 fe df a0 fe df a0 fe df 
005740  a0 fe df a0 fe df a0 fe df a0 fe df a0 fe df a0 
005750  fe df a0 fe df a0 fe df a0 fe df a0 fe df a0 fe 
005760  df a0 fe df a0 fe df a0 fe df a0 fe df a0 fe df 
005770  a0 fe df a0 fe df a0 fe df a0 fe df a0 fe df a0 
005780  fe df a0 fe df a0 fe df a0 fe df a0 fe df a0 fe 
005790  df a0 fe df a0 fe df a0 fe df a0 fe df a0 fe df 
0057a0  a0 fe df a0 fe df a0 fe df a0 fe df a0 fe df a0 
0057b0  fe df a0 fe df a0 fe df a0 fe df a0 fe df a0 fe 
0057c0  df a0 fe df a0 fe df a0 fe df a0 fe df a0 fe df 
0057d0  a0 fe df a0 fe df a0 fe df a0 fe df a0 fe df a0 
0057e0  fe df a0 fe df a0 fe df a0 fe df a0 fe df a0 fe 
0057f0  df a0 fe df a0 fe df a0 fe df a0 fe df a0 fe df 
005800  a0 fe df a0 fe df a0 fe df a0 fe df a0 fe df a0 
005810  fe df a0 fe df a0 fe df a0 fe df a0 fe df a0 fe 
005820  df a0 fe df a0 fe df a0 fe df a0 fe df a0 fe df 
005830  a0 fe df a0 fe df a0 fe df a0 fe df a0 fe df a0 
005840  fe df a0 fe df a0 fe df a0 fe df a0 fe df a0 fe 
005850  df a0 fe df a0 fe df a0 fe df a0 fe df a0 fe df 
005860  a0 fe df a0 fe df a0 fe df a0 fe df a0 fe df a0 
005870  fe df a0 fe df a0 fe df a0 fe df a0 fe df a0 fe 
005880  df a0 fe df a0 fe df a0 fe df a0 fe df a0 fe df 
005890  a0 fe df a0 fe df a0 fe df a0 fe df a0 fe df a0 
0058a0  fe df a0 fe df a0 fe df a0 fe df a0 fe df a0 fe 
0058b0  df a0 fe df a0 fe df a0 fe df a0 fe df a0 fe df 
0058c0  a0 fe df a0 fe df a0 fe df a0 fe df a0 fe df a0 
0058d0  fe df a0 fe df a0 fe df a0 fe df a0 fe df a0 fe 
0058e0  df a0 fe df a0 fe df a0 fe df a0 fe df a0 fe df 
0058f0  a0 fe df a0 fe df a0 fe df a0 fe df a0 fe df a0 
005900  fe df a0 fe df a0 fe df a0 fe df a0 fe df a0 fe 
005910  df a0 fe df a0 fe df a0 fe df a0 fe df a0 fe df 
005920  a0 fe df a0 fe df a0 fe df a0 fe df a0 fe df a0 
005930  fe df a0 fe df a0 fe df a0 fe df a0 fe df a0 fe 
005940  df a0 fe df a0 fe df a0 fe df a0 fe df a0 fe df 
005950  a0 fe df a0 fe df a0 fe df a0 fe df a0 fe df a0 
005960  fe df a0 fe df a0 fe df a0 fe df a0 fe df a0 fe 
005970  df a0 fe df a0 fe df a0 fe df a0 fe df a0 fe df 
005980  a0 fe df a0 fe df a0 fe df a0 fe df a0 fe df a0 
005990  fe df a0 fe df a0 fe df a0 fe df a0 fe df a0 fe 
0059a0  df a0 fe df a0 fe df a0 fe df a0 fe df a0 fe df 
0059b0  a0 fe df a0 fe df a0 fe df a0 fe df a0 fe df a0 
0059c0  fe df a0 fe df a0 fe df a0 fe df a0 fe df a0 fe 
0059d0  df a0 fe df a0 fe df a0 fe df a0 fe df a0 fe df 
0059e0  a0 fe df a0 fe df a0 fe df a0 fe df a0 fe df a0 
0059f0  fe df a0 fe df a0 fe df a0 fe df a0 fe df a0 fe 
005a00  df a0 fe df a0 fe df a0 fe df a0 fe df a0 fe df 
005a10  a0 fe df a0 fe df a0 fe df a0 fe df a0 fe df a0 
005a20  fe df a0 fe df a0 fe df a0 fe df a0 fe df a0 fe 
005a30  df a0 fe df a0 fe df a0 fe df a0 fe df a0 fe df 
005a40  a0 fe df a0 fe df a0 fe df a0 fe df a0 fe df a0 
005a50  fe df a0 fe df a0 fe df a0 fe df a0 fe df a0 fe 
005a60  df a0 fe df a0 fe df a0 fe df a0 fe df a0 fe df 
005a70  a0 fe df a0 fe df a0 fe df a0 fe df a0 fe df a0 
005a80  fe df a0 fe df a0 fe df a0 fe df a0 fe df a0 fe 
005a90  df a0 fe df a0 fe df a0 fe df a0 fe df a0 fe df 
005aa0  a0 fe df a0 fe df a0 fe df a0 fe df a0 fe df a0 
005ab0  fe df a0 fe df a0 fe df a0 fe df a0 fe df a0 fe 
005ac0  df a0 fe df a0 fe df a0 fe df a0 fe df a0 fe df 
005ad0  a0 fe df a0 fe df a0 fe df a0 fe df a0 fe df a0 
005ae0  fe df a0 fe df a0 fe df a0 fe df a0 fe df a0 fe 
005af0  df a0 fe df a0 fe df a0 fe df a0 fe df a0 fe df 
005b00  a0 fe df a0 fe df a0 fe df a0 fe df a0 fe df a0 
005b10  fe df a0 fe df a0 fe df a0 fe df a0 fe df a0 fe 
005b20  df a0 fe df a0 fe df a0 fe df a0 fe df a0 fe df 
005b30  a0 fe df a0 fe df a0 fe df a0 fe df a0 fe df a0 
005b40  fe df a0 fe df a0 fe df a0 fe df a0 fe df a0 fe 
005b50  df a0 fe df a0 fe df a0 fe df a0 fe df a0 fe df 
005b60  a0 fe df a0 fe df a0 fe df a0 fe df a0 fe df a0 
005b70  fe df a0 fe df a0 fe df a0 fe df a0 fe df a0 fe 
005b80  df a0 fe df a0 fe df a0 fe df a0 fe df a0 fe df 
005b90  a0 fe df a0 fe df a0 fe df a0 fe df a0 fe df a0 
005ba0  fe df a0 fe df a0 fe df a0 fe df a0 fe df a0 fe 
005bb0  df a0 fe df a0 fe df a0 fe df a0 fe df a0 fe df 
005bc0  a0 fe df a0 fe df a0 fe df a0 fe df a0 fe df a0 
005bd0  fe df a0 fe df a0 fe df a0 fe df a0 fe df a0 fe 
005be0  df a0 fe df a0 fe df a0 fe df a0 fe df a0 fe df 
005bf0  a0 fe df a0 fe df a0 fe df a0 fe df a0 fe df a0 
005c00  fe df a0 fe df a0 fe df a0 fe df a0 fe df a0 fe 
005c10  df a0 fe df a0 fe df a0 fe df a0 fe df a0 fe df 
005c20  a0 fe df a0 fe df a0 fe df a0 fe df a0 fe df a0 
005c30  fe df a0 fe df a0 fe df a0 fe df a0 fe df a0 fe 
005c40  df a0 fe df a0 fe df a0 fe df a0 fe df a0 fe df 
005c50  a0 fe df a0 fe df a0 fe df a0 fe df a0 fe df a0 
005c60  fe df a0 fe df a0 fe df a0 fe df a0 fe df a0 fe 
005c70  df a0 fe df a0 fe df a0 fe df a0 fe df a0 fe df 
005c80  a0 fe df a0 fe df a0 fe df a0 fe df a0 fe df a0 
005c90  fe df a0 fe df a0 fe df a0 fe df a0 fe df a0 fe 
005ca0  df a0 fe df a0 fe df a0 fe df a0 fe df a0 fe df 
005cb0  a0 fe df a0 fe df a0 fe df a0 fe df a0 fe df a0 
005cc0  fe df a0 fe df a0 fe df a0 fe df a0 fe df a0 fe 
005cd0  df a0 fe df a0 fe df a0 fe df a0 fe df a0 fe df 
005ce0  a0 fe df a0 fe df a0 fe df a0 fe df a0 fe df a0 
005cf0  fe df a0 fe df a0 fe df a0 fe df a0 fe df a0 fe 
005d00  df a0 fe df a0 fe df a0 fe df a0 fe df a0 fe df 
005d10  a0 fe df a0 fe df a0 fe df a0 fe df a0 fe df a0 
005d20  fe df a0 fe df a0 fe df a0 fe df a0 fe df a0 fe 
005d30  df a0 fe df a0 fe df a0 fe df a0 fe df a0 fe df 
005d40  a0 fe df a0 fe df a0 fe df a0 fe df a0 fe df a0 
005d50  fe df a0 fe df a0 fe df a0 fe df a0 fe df a0 fe 
005d60  df a0 fe df a0 fe df a0 fe df a0 fe df a0 fe df 
005d70  a0 fe df a0 fe df a0 fe df a0 fe df a0 fe df a0 
005d80  fe df a0 fe df a0 fe df a0 fe df a0 fe df a0 fe 
005d90  df a0 fe df a0 fe df a0 fe df a0 fe df a0 fe df 
005da0  a0 fe df a0 fe df a0 fe df a0 fe df a0 fe df a0 
005db0  fe df a0 fe df a0 fe df a0 fe df a0 fe df a0 fe 
005dc0  df a0 fe df a0 fe df a0 fe df a0 fe df a0 fe df 
005dd0  a0 fe df a0 fe df a0 fe df a0 fe df a0 fe df a0 
005de0  fe df a0 fe df a0 fe df a0 fe df a0 fe df a0 fe 
005df0  df a0 fe df a0 fe df a0 fe df a0 fe df a0 fe df 
005e00  a0 fe df a0 fe df a0 fe df a0 fe df a0 fe df a0 
005e10  fe df a0 fe df a0 fe df a0 fe df a0 fe df a0 fe 
005e20  df a0 fe df a0 fe df a0 fe df a0 fe df a0 fe df 
005e30  a0 fe df a0 fe df a0 fe df a0 fe df a0 fe df a0 
005e40  fe df a0 fe df a0 fe df a0 fe df a0 fe df a0 fe 
005e50  df a0 fe df a0 fe df a0 fe df a0 fe df a0 fe df 
005e60  a0 fe df a0 fe df a0 fe df a0 fe df a0 fe df a0 
005e70  fe df a0 fe df a0 fe df a0 fe df a0 fe df a0 fe 
005e80  df a0 fe df a0 fe df a0 fe df a0 fe df a0 fe df 
005e90  a0 fe df a0 fe df a0 fe df a0 fe df a0 fe df a0 
005ea0  fe df a0 fe df a0 fe df a0 fe df a0 fe df a0 fe 
005eb0  df a0 fe df a0 fe df a0 fe df a0 fe df a0 fe df 
005ec0  a0 fe df a0 fe df a0 fe df a0 fe df a0 fe df a0 
005ed0  fe df a0 fe df a0 fe df a0 fe df a0 fe df a0 fe 
005ee0  df a0 fe df a0 fe df a0 fe df a0 fe df a0 fe df 
005ef0  a0 fe df a0 fe df a0 fe df a0 fe df a0 fe df a0 
005f00  fe df a0 fe df a0 fe df a0 fe df a0 fe df a0 fe 
005f10  df a0 fe df a0 fe df a0 fe df a0 fe df a0 fe df 
005f20  a0 fe df a0 fe df a0 fe df a0 fe df a0 fe df a0 
005f30  fe df a0 fe df a0 fe df a0 fe df a0 fe df a0 fe 
005f40  df a0 fe df a0 fe df a0 fe df a0 fe df a0 fe df 
005f50  a0 fe df a0 fe df a0 fe df a0 fe df a0 fe df a0 
005f60  fe df a0 fe df a0 fe df a0 fe df a0 fe df a0 fe 
005f70  df a0 fe df a0 fe df a0 fe df a0 fe df a0 fe df 
005f80  a0 fe df a0 fe df a0 fe df a0 fe df a0 fe df a0 
005f90  fe df a0 fe df a0 fe df a0 fe df a0 fe df a0 fe 
005fa0  df a0 fe df a0 fe df a0 fe df a0 fe df a0 fe df 
005fb0  a0 fe df a0 fe df a0 fe df a0 fe df a0 fe df a0 
005fc0  fe df a0 fe df a0 fe df a0 fe df a0 fe df a0 fe 
005fd0  df a0 fe df a0 fe df a0 fe df a0 fe df a0 fe df 
005fe0  a0 fe df a0 fe df a0 fe df a0 fe df a0 fe df a0 
005ff0  fe df a0 fe df a0 fe df a0 fe df a0 fe df a0 fe 
006000  df a0 fe df a0 fe df a0 fe df a0 fe df a0 fe df 
006010  a0 fe df a0 fe df a0 fe df a0 fe df a0 fe df a0 
006020  fe df a0 fe df a0 fe df a0 fe df a0 fe df a0 fe 
006030  df a0 fe df a0 fe df a0 fe df a0 fe df a0 fe df 
006040  a0 fe df a0 fe df a0 fe df a0 fe df a0 fe df a0 
006050  fe df a0 fe df a0 fe df a0 fe df a0 fe df a0 fe 
006060  df a0 fe df a0 fe df a0 fe df a0 fe df a0 fe df 
006070  a0 fe df a0 fe df a0 fe df a0 fe df a0 fe df a0 
006080  fe df a0 fe df a0 fe df a0 fe df a0 fe df a0 fe 
006090  df a0 fe df a0 fe df a0 fe df a0 fe df a0 fe df 
0060a0  a0 fe df a0 fe df a0 fe df a0 fe df a0 fe df a0 
0060b0  fe df a0 fe df a0 fe df a0 fe df a0 fe df a0 fe 
0060c0  df a0 fe df a0 fe df a0 fe df a0 fe df a0 fe df 
0060d0  a0 fe df a0 fe df a0 fe df a0 fe df a0 fe df a0 
0060e0  fe df a0 fe df a0 fe df a0 fe df a0 fe df a0 fe 
0060f0  df a0 fe df a0 fe df a0 fe df a0 fe df a0 fe df 
006100  a0 fe df a0 fe df a0 fe df a0 fe df a0 fe df a0 
006110  fe df a0 fe df a0 fe df a0 fe df a0 fe df a0 fe 
006120  df a0 fe df a0 fe df a0 fe df a0 fe df a0 fe df 
006130  a0 fe df a0 fe df a0 fe df a0 fe df a0 fe df a0 
006140  fe df a0 fe df a0 fe df a0 fe df a0 fe df a0 fe 
006150  df a0 fe df a0 fe df a0 fe df a0 fe df a0 fe df 
006160  a0 fe df a0 fe df a0 fe df a0 fe df a0 fe df a0 
006170  fe df a0 fe df a0 fe df a0 fe df a0 fe df a0 fe 
006180  df a0 fe df a0 fe df a0 fe df a0 fe df a0 fe df 
006190  a0 fe df a0 fe df a0 fe df a0 fe df a0 fe df a0 
0061a0  fe df a0 fe df a0 fe df a0 fe df a0 fe df a0 fe 
0061b0  df a0 fe df a0 fe df a0 fe df a0 fe df a0 fe df 
0061c0  a0 fe df a0 fe df a0 fe df a0 fe df a0 fe df a0 
0061d0  fe df a0 fe df a0 fe df a0 fe df a0 fe df a0 fe 
0061e0  df a0 fe df a0 fe df a0 fe df a0 fe df a0 fe df 
0061f0  a0 fe df a0 fe df a0 fe df a0 fe df a0 fe df a0 
006200  fe df a0 fe df a0 fe df a0 fe df a0 fe df a0 fe 
006210  df a0 fe df a0 fe df a0 fe df a0 fe df a0 fe df 
006220  a0 fe df a0 fe df a0 fe df a0 fe df a0 fe df a0 
006230  fe df a0 fe df a0 fe df a0 fe df a0 fe df a0 fe 
006240  df a0 fe df a0 fe df a0 fe df a0 fe df a0 fe df 
006250  a0 fe df a0 fe df a0 fe df a0 fe df a0 fe df a0 
006260  fe df a0 fe df a0 fe df a0 fe df a0 fe df a0 fe 
006270  df a0 fe df a0 fe df a0 fe df a0 fe df a0 fe df 
006280  a0 fe df a0 fe df a0 fe df a0 fe df a0 fe df a0 
006290  fe df a0 fe df a0 fe df a0 fe df a0 fe df a0 fe 
0062a0  df a0 fe df a0 fe df a0 fe df a0 fe df a0 fe df 
0062b0  a0 fe df a0 fe df a0 fe df a0 fe df a0 fe df a0 
0062c0  fe df a0 fe df a0 fe df a0 fe df a0 fe df a0 fe 
0062d0  df a0 fe df a0 fe df a0 fe df a0 fe df a0 fe df 
0062e0  a0 fe df a0 fe df a0 fe df a0 fe df a0 fe df a0 
0062f0  fe df a0 fe df a0 fe df a0 fe df a0 fe df a0 fe 
006300  df a0 fe df a0 fe df a0 fe df a0 fe df a0 fe df 
006310  a0 fe df a0 fe df a0 fe df a0 fe df a0 fe df a0 
006320  fe df a0 fe df a0 fe df a0 fe df a0 fe df a0 fe 
006330  df a0 fe df a0 fe df a0 fe df a0 fe df a0 fe df 
006340  a0 fe df a0 fe df a0 fe df a0 fe df a0 fe df a0 
006350  fe df a0 fe df a0 fe df a0 fe df a0 fe df a0 fe 
006360  df a0 fe df a0 fe df a0 fe df a0 fe df a0 fe df 
006370  a0 fe df a0 fe df a0 fe df a0 fe df a0 fe df a0 
006380  fe df a0 fe df a0 fe df a0 fe df a0 fe df a0 fe 
006390  df a0 fe df a0 fe df a0 fe df a0 fe df a0 fe df 
0063a0  a0 fe df a0 fe df a0 fe df a0 fe df a0 fe df a0 
0063b0  fe df a0 fe df a0 fe df a0 fe df a0 fe df a0 fe 
0063c0  df a0 fe df a0 fe df a0 fe df a0 fe df a0 fe df 
0063d0  a0 fe df a0 fe df a0 fe df a0 fe df a0 fe df a0 
0063e0  fe df a0 fe df a0 fe df a0 fe df a0 fe df a0 fe 
0063f0  df a0 fe df a0 fe df a0 fe df a0 fe df a0 fe df 
006400  a0 fe df a0 fe df a0 fe df a0 fe df a0 fe df a0 
006410  fe df a0 fe df a0 fe df a0 fe df a0 fe df a0 fe 
006420  df a0 fe df a0 fe df a0 fe df a0 fe df a0 fe df 
006430  a0 fe df a0 fe df a0 fe df a0 fe df a0 fe df a0 
006440  fe df a0 fe df a0 fe df a0 fe df a0 fe df a0 fe 
006450  df a0 fe df a0 fe df a0 fe df a0 fe df a0 fe df 
006460  a0 fe df a0 fe df a0 fe df a0 fe df a0 fe df a0 
006470  fe df a0 fe df a0 fe df a0 fe df a0 fe df a0 fe 
006480  df a0 fe df a0 fe df a0 fe df a0 fe df a0 fe df 
006490  a0 fe df a0 fe df a0 fe df a0 fe df a0 fe df a0 
0064a0  fe df a0 fe df a0 fe df a0 fe df a0 fe df a0 fe 
0064b0  df a0 fe df a0 fe df a0 fe df a0 fe df a0 fe df 
0064c0  a0 fe df a0 fe df a0 fe df a0 fe df a0 fe df a0 
0064d0  fe df a0 fe df a0 fe df a0 fe df a0 fe df a0 fe 
0064e0  df a0 fe df a0 fe df a0 fe df a0 fe df a0 fe df 
0064f0  a0 fe df a0 fe df a0 fe df a0 fe df a0 fe df a0 
006500  fe df a0 fe df a0 fe df a0 fe df a0 fe df a0 fe 
006510  df a0 fe df a0 fe df a0 fe df a0 fe df a0 fe df 
006520  a0 fe df a0 fe df a0 fe df a0 fe df a0 fe df a0 
006530  fe df a0 fe df a0 fe df a0 fe df a0 fe df a0 fe 
006540  df a0 fe df a0 fe df a0 fe df a0 fe df a0 fe df 
006550  a0 fe df a0 fe df a0 fe df a0 fe df a0 fe df a0 
006560  fe df a0 fe df a0 fe df a0 fe df a0 fe df a0 fe 
006570  df a0 fe df a0 fe df a0 fe df a0 fe df a0 fe df 
006580  a0 fe df a0 fe df a0 fe df a0 fe df a0 fe df a0 
006590  fe df a0 fe df a0 fe df a0 fe df a0 fe df a0 fe 
0065a0  df a0 fe df a0 fe df a0 fe df a0 fe df a0 fe df 
0065b0  a0 fe df a0 fe df a0 fe df a0 fe df a0 fe df a0 
0065c0  fe df a0 fe df a0 fe df a0 fe df a0 fe df a0 fe 
0065d0  df a0 fe df a0 fe df a0 fe df a0 fe df a0 fe df 
0065e0  a0 fe df a0 fe df a0 fe df a0 fe df a0 fe df a0 
0065f0  fe df a0 fe df a0 fe df a0 fe df a0 fe df a0 fe 
006600  df a0 fe df a0 fe df a0 fe df a0 fe df a0 fe df 
006610  a0 fe df a0 fe df a0 fe df a0 fe df a0 fe df a0 
006620  fe df a0 fe df a0 fe df a0 fe df a0 fe df a0 fe 
006630  df a0 fe df a0 fe df a0 fe df a0 fe df a0 fe df 
006640  a0 fe df a0 fe df a0 fe df a0 fe df a0 fe df a0 
006650  fe df a0 fe df a0 fe df a0 fe df a0 fe df a0 fe 
006660  df a0 fe df a0 fe df a0 fe df a0 fe df a0 fe df 
006670  a0 fe df a0 fe df a0 fe df a0 fe df a0 fe df a0 
006680  fe df a0 fe df a0 fe df a0 fe df a0 fe df a0 fe 
006690  df a0 fe df a0 fe df a0 fe df a0 fe df a0 fe df 
0066a0  a0 fe df a0 fe df a0 fe df a0 fe df a0 fe df a0 
0066b0  fe df a0 fe df a0 fe df a0 fe df a0 fe df a0 fe 
0066c0  df a0 fe df a0 fe df a0 fe df a0 fe df a0 fe df 
0066d0  a0 fe df a0 fe df a0 fe df a0 fe df a0 fe df a0 
0066e0  fe df a0 fe df a0 fe df a0 fe df a0 fe df a0 fe 
0066f0  df a0 fe df a0 fe df a0 fe df a0 fe df a0 fe df 
006700  a0 fe df a0 fe df a0 fe df a0 fe df a0 fe df a0 
006710  fe df a0 fe df a0 fe df a0 fe df a0 fe df a0 fe 
006720  df a0 fe df a0 fe df a0 fe df a0 fe df a0 fe df 
006730  a0 fe df a0 fe df a0 fe df a0 fe df a0 fe df a0 
006740  fe df a0 fe df a0 fe df a0 fe df a0 fe df a0 fe 
006750  df a0 fe df a0 fe df a0 fe df a0 fe df a0 fe df 
006760  a0 fe df a0 fe df a0 fe df a0 fe df a0 fe df a0 
006770  fe df a0 fe df a0 fe df a0 fe df a0 fe df a0 fe 
006780  df a0 fe df a0 fe df a0 fe df a0 fe df a0 fe df 
006790  a0 fe df a0 fe df a0 fe df a0 fe df a0 fe df a0 
0067a0  fe df a0 fe df a0 fe df a0 fe df a0 fe df a0 fe 
0067b0  df a0 fe df a0 fe df a0 fe df a0 fe df a0 fe df 
0067c0  a0 fe df a0 fe df a0 fe df a0 fe df a0 fe df a0 
0067d0  fe df a0 fe df a0 fe df a0 fe df a0 fe df a0 fe 
0067e0  df a0 fe df a0 fe df a0 fe df a0 fe df a0 fe df 
0067f0  a0 fe df a0 fe df a0 fe df a0 fe df a0 fe df a0 
006800  fe df a0 fe df a0 fe df a0 fe df a0 fe df a0 fe 
006810  df a0 fe df a0 fe df a0 fe df a0 fe df a0 fe df 
006820  a0 fe df a0 fe df a0 fe df a0 fe df a0 fe df a0 
006830  fe df a0 fe df a0 fe df a0 fe df a0 fe df a0 fe 
006840  df a0 fe df a0 fe df a0 fe df a0 fe df a0 fe df 
006850  a0 fe df a0 fe df a0 fe df a0 fe df a0 fe df a0 
006860  fe df a0 fe df a0 fe df a0 fe df a0 fe df a0 fe 
006870  df a0 fe df a0 fe df a0 fe df a0 fe df a0 fe df 
006880  a0 fe df a0 fe df a0 fe df a0 fe df a0 fe df a0 
006890  fe df a0 fe df a0 fe df a0 fe df a0 fe df a0 fe 
0068a0  df a0 fe df a0 fe df a0 fe df a0 fe df a0 fe df 
0068b0  a0 fe df a0 fe df a0 fe df a0 fe df a0 fe df a0 
0068c0  fe df a0 fe df a0 fe df a0 fe df a0 fe df a0 fe 
0068d0  df a0 fe df a0 fe df a0 fe df a0 fe df a0 fe df 
0068e0  a0 fe df a0 fe df a0 fe df a0 fe df a0 fe df a0 
0068f0  fe df a0 fe df a0 fe df a0 fe df a0 fe df a0 fe 
006900  df a0 fe df a0 fe df a0 fe df a0 fe df a0 fe df 
006910  a0 fe df a0 fe df a0 fe df a0 fe df a0 fe df a0 
006920  fe df a0 fe df a0 fe df a0 fe df a0 fe df a0 fe 
006930  df a0 fe df a0 fe df a0 fe df a0 fe df a0 fe df 
006940  a0 fe df a0 fe df a0 fe df a0 fe df a0 fe df a0 
006950  fe df a0 fe df a0 fe df a0 fe df a0 fe df a0 fe 
006960  df a0 fe df a0 fe df a0 fe df a0 fe df a0 fe df 
006970  a0 fe df a0 fe df a0 fe df a0 fe df a0 fe df a0 
006980  fe df a0 fe df a0 fe df a0 fe df a0 fe df a0 fe 
006990  df a0 fe df a0 fe df a0 fe df a0 fe df a0 fe df 
0069a0  a0 fe df a0 fe df a0 fe df a0 fe df a0 fe df a0 
0069b0  fe df a0 fe df a0 fe df a0 fe df a0 fe df a0 fe 
0069c0  df a0 fe df a0 fe df a0 fe df a0 fe df a0 fe df 
0069d0  a0 fe df a0 fe df a0 fe df a0 fe df a0 fe df a0 
0069e0  fe df a0 fe df a0 fe df a0 fe df a0 fe df a0 fe 
0069f0  df a0 fe df a0 fe df a0 fe df a0 fe df a0 fe df 
006a00  a0 fe df a0 fe df a0 fe df a0 fe df a0 fe df a0 
006a10  fe df a0 fe df a0 fe df a0 fe df a0 fe df a0 fe 
006a20  df a0 fe df a0 fe df a0 fe df a0 fe df a0 fe df 
006a30  a0 fe df a0 fe df a0 fe df a0 fe df a0 fe df a0 
006a40  fe df a0 fe df a0 fe df a0 fe df a0 fe df a0 fe 
006a50  df a0 fe df a0 fe df a0 fe df a0 fe df a0 fe df 
006a60  a0 fe df a0 fe df a0 fe df a0 fe df a0 fe df a0 
006a70  fe df a0 fe df a0 fe df a0 fe df a0 fe df a0 fe 
006a80  df a0 fe df a0 fe df a0 fe df a0 fe df a0 fe df 
006a90  a0 fe df a0 fe df a0 fe df a0 fe df a0 fe df a0 
006aa0  fe df a0 fe df a0 fe df a0 fe df a0 fe df a0 fe 
006ab0  df a0 fe df a0 fe df a0 fe df a0 fe df a0 fe df 
006ac0  a0 fe df a0 fe df a0 fe df a0 fe df a0 fe df a0 
006ad0  fe df a0 fe df a0 fe df a0 fe df a0 fe df a0 fe 
006ae0  df a0 fe df a0 fe df a0 fe df a0 fe df a0 fe df 
006af0  a0 fe df a0 fe df a0 fe df a0 fe df a0 fe df a0 
006b00  fe df a0 fe df a0 fe df a0 fe df a0 fe df a0 fe 
006b10  df a0 fe df a0 fe df a0 fe df a0 fe df a0 fe df 
006b20  a0 fe df a0 fe df a0 fe df a0 fe df a0 fe df a0 
006b30  fe df a0 fe df a0 fe df a0 fe df a0 fe df a0 fe 
006b40  df a0 fe df a0 fe df a0 fe df a0 fe df a0 fe df 
006b50  a0 fe df a0 fe df a0 fe df a0 fe df a0 fe df a0 
006b60  fe df a0 fe df a0 fe df a0 fe df a0 fe df a0 fe 
006b70  df a0 fe df a0 fe df a0 fe df a0 fe df a0 fe df 
006b80  a0 fe df a0 fe df a0 fe df a0 fe df a0 fe df a0 
006b90  fe df a0 fe df a0 fe df a0 fe df a0 fe df a0 fe 
006ba0  df a0 fe df a0 fe df a0 fe df a0 fe df a0 fe df 
006bb0  a0 fe df a0 fe df a0 fe df a0 fe df a0 fe df a0 
006bc0  fe df a0 fe df a0 fe df a0 fe df a0 fe df a0 fe 
006bd0  df a0 fe df a0 fe df a0 fe df a0 fe df a0 fe df 
006be0  a0 fe df a0 fe df a0 fe df a0 fe df a0 fe df a0 
006bf0  fe df a0 fe df a0 fe df a0 fe df a0 fe df a0 fe 
006c00  df a0 fe df a0 fe df a0 fe df a0 fe df a0 fe df 
006c10  a0 fe df a0 fe df a0 fe df a0 fe df a0 fe df a0 
006c20  fe df a0 fe df a0 fe df a0 fe df a0 fe df a0 fe 
006c30  df a0 fe df a0 fe df a0 fe df a0 fe df a0 fe df 
006c40  a0 fe df a0 fe df a0 fe df a0 fe df a0 fe df a0 
006c50  fe df a0 fe df a0 fe df a0 fe df a0 fe df a0 fe 
006c60  df a0 fe df a0 fe df a0 fe df a0 fe df a0 fe df 
006c70  a0 fe df a0 fe df a0 fe df a0 fe df a0 fe df a0 
006c80  fe df a0 fe df a0 fe df a0 fe df a0 fe df a0 fe 
006c90  df a0 fe df a0 fe df a0 fe df a0 fe df a0 fe df 
006ca0  a0 fe df a0 fe df a0 fe df a0 fe df a0 fe df a0 
006cb0  fe df a0 fe df a0 fe df a0 fe df a0 fe df a0 fe 
006cc0  df a0 fe df a0 fe df a0 fe df a0 fe df a0 fe df 
006cd0  a0 fe df a0 fe df a0 fe df a0 fe df a0 fe df a0 
006ce0  fe df a0 fe df a0 fe df a0 fe df a0 fe df a0 fe 
006cf0  df a0 fe df a0 fe df a0 fe df a0 fe df a0 fe df 
006d00  a0 fe df a0 fe df a0 fe df a0 fe df a0 fe df a0 
006d10  fe df a0 fe df a0 fe df a0 fe df a0 fe df a0 fe 
006d20  df a0 fe df a0 fe df a0 fe df a0 fe df a0 fe df 
006d30  a0 fe df a0 fe df a0 fe df a0 fe df a0 fe df a0 
006d40  fe df a0 fe df a0 fe df a0 fe df a0 fe df a0 fe 
006d50  df a0 fe df a0 fe df a0 fe df a0 fe df a0 fe df 
006d60  a0 fe df a0 fe df a0 fe df a0 fe df a0 fe df a0 
006d70  fe df a0 fe df a0 fe df a0 fe df a0 fe df a0 fe 
006d80  df a0 fe df a0 fe df a0 fe df a0 fe df a0 fe df 
006d90  a0 fe df a0 fe df a0 fe df a0 fe df a0 fe df a0 
006da0  fe df a0 fe df a0 fe df a0 fe df a0 fe df a0 fe 
006db0  df a0 fe df a0 fe df a0 fe df a0 fe df a0 fe df 
006dc0  a0 fe df a0 fe df a0 fe df a0 fe df a0 fe df a0 
006dd0  fe df a0 fe df a0 fe df a0 fe df a0 fe df a0 fe 
006de0  df a0 fe df a0 fe df a0 fe df a0 fe df a0 fe df 
006df0  a0 fe df a0 fe df a0 fe df a0 fe df a0 fe df a0 
006e00  fe df a0 fe df a0 fe df a0 fe df a0 fe df a0 fe 
006e10  df a0 fe df a0 fe df a0 fe df a0 fe df a0 fe df 
006e20  a0 fe df a0 fe df a0 fe df a0 fe df a0 fe df a0 
006e30  fe df a0 fe df a0 fe df a0 fe df a0 fe df a0 fe 
006e40  df a0 fe df a0 fe df a0 fe df a0 fe df a0 fe df 
006e50  a0 fe df a0 fe df a0 fe df a0 fe df a0 fe df a0 
006e60  fe df a0 fe df a0 fe df a0 fe df a0 fe df a0 fe 
006e70  df a0 fe df a0 fe df a0 fe df a0 fe df a0 fe df 
006e80  a0 fe df a0 fe df a0 fe df a0 fe df a0 fe df a0 
006e90  fe df a0 fe df a0 fe df a0 fe df a0 fe df a0 fe 
006ea0  df a0 fe df a0 fe df a0 fe df a0 fe df a0 fe df 
006eb0  a0 fe df a0 fe df a0 fe df a0 fe df a0 fe df a0 
006ec0  fe df a0 fe df a0 fe df a0 fe df a0 fe df a0 fe 
006ed0  df a0 fe df a0 fe df a0 fe df a0 fe df a0 fe df 
006ee0  a0 fe df a0 fe df a0 fe df a0 fe df a0 fe df a0 
006ef0  fe df a0 fe df a0 fe df a0 fe df a0 fe df a0 fe 
006f00  df a0 fe df a0 fe df a0 fe df a0 fe df a0 fe df 
006f10  a0 fe df a0 fe df a0 fe df a0 fe df a0 fe df a0 
006f20  fe df a0 fe df a0 fe df a0 fe df a0 fe df a0 fe 
006f30  df a0 fe df a0 fe df a0 fe df a0 fe df a0 fe df 
006f40  a0 fe df a0 fe df a0 fe df a0 fe df a0 fe df a0 
006f50  fe df a0 fe df a0 fe df a0 fe df a0 fe df a0 fe 
006f60  df a0 fe df a0 fe df a0 fe df a0 fe df a0 fe df 
006f70  a0 fe df a0 fe df a0 fe df a0 fe df a0 fe df a0 
006f80  fe df a0 fe df a0 fe df a0 fe df a0 fe df a0 fe 
006f90  df a0 fe df a0 fe df a0 fe df a0 fe df a0 fe df 
006fa0  a0 fe df a0 fe df a0 fe df a0 fe df a0 fe df a0 
006fb0  fe df a0 fe df a0 fe df a0 fe df a0 fe df a0 fe 
006fc0  df a0 fe df a0 fe df a0 fe df a0 fe df a0 fe df 
006fd0  a0 fe df a0 fe df a0 fe df a0 fe df a0 fe df a0 
006fe0  fe df a0 fe df a0 fe df a0 fe df a0 fe df a0 fe 
006ff0  df a0 fe df a0 fe df a0 fe df a0 fe df a0 fe df 
007000  a0 fe df a0 fe df a0 fe df a0 fe df a0 fe df a0 
007010  fe df a0 fe df a0 fe df a0 fe df a0 fe df a0 fe 
007020  df a0 fe df a0 fe df a0 fe df a0 fe df a0 fe df 
007030  a0 fe df a0 fe df a0 fe df a0 fe df a0 fe df a0 
007040  fe df a0 fe df a0 fe df a0 fe df a0 fe df a0 fe 
007050  df a0 fe df a0 fe df a0 fe df a0 fe df a0 fe df 
007060  a0 fe df a0 fe df a0 fe df a0 fe df a0 fe df a0 
007070  fe df a0 fe df a0 fe df a0 fe df a0 fe df a0 fe 
007080  df a0 fe df a0 fe df a0 fe df a0 fe df a0 fe df 
007090  a0 fe df a0 fe df a0 fe df a0 fe df a0 fe df a0 
0070a0  fe df a0 fe df a0 fe df a0 fe df a0 fe df a0 fe 
0070b0  df a0 fe df a0 fe df a0 fe df a0 fe df a0 fe df 
0070c0  a0 fe df a0 fe df a0 fe df a0 fe df a0 fe df a0 
0070d0  fe df a0 fe df a0 fe df a0 fe df a0 fe df a0 fe 
0070e0  df a0 fe df a0 fe df a0 fe df a0 fe df a0 fe df 
0070f0  a0 fe df a0 fe df a0 fe df a0 fe df a0 fe df a0 
007100  fe df a0 fe df a0 fe df a0 fe df a0 fe df a0 fe 
007110  df a0 fe df a0 fe df a0 fe df a0 fe df a0 fe df 
007120  a0 fe df a0 fe df a0 fe df a0 fe df a0 fe df a0 
007130  fe df a0 fe df a0 fe df a0 fe df a0 fe df a0 fe 
007140  df a0 fe df a0 fe df a0 fe df a0 fe df a0 fe df 
007150  a0 fe df a0 fe df a0 fe df a0 fe df a0 fe df a0 
007160  fe df a0 fe df a0 fe df a0 fe df a0 fe df a0 fe 
007170  df a0 fe df a0 fe df a0 fe df a0 fe df a0 fe df 
007180  a0 fe df a0 fe df a0 fe df a0 fe df a0 fe df a0 
007190  fe df a0 fe df a0 fe df a0 fe df a0 fe df a0 fe 
0071a0  df a0 fe df a0 fe df a0 fe df a0 fe df a0 fe df 
0071b0  a0 fe df a0 fe df a0 fe df a0 fe df a0 fe df a0 
0071c0  fe df a0 fe df a0 fe df a0 fe df a0 fe df a0 fe 
0071d0  df a0 fe df a0 fe df a0 fe df a0 fe df a0 fe df 
0071e0  a0 fe df a0 fe df a0 fe df a0 fe df a0 fe df a0 
0071f0  fe df a0 fe df a0 fe df a0 fe df a0 fe df a0 fe 
007200  df a0 fe df a0 fe df a0 fe df a0 fe df a0 fe df 
007210  a0 fe df a0 fe df a0 fe df a0 fe df a0 fe df a0 
007220  fe df a0 fe df a0 fe df a0 fe df a0 fe df a0 fe 
007230  df a0 fe df a0 fe df a0 fe df a0 fe df a0 fe df 
007240  a0 fe df a0 fe df a0 fe df a0 fe df a0 fe df a0 
007250  fe df a0 fe df a0 fe df a0 fe df a0 fe df a0 fe 
007260  df a0 fe df a0 fe df a0 fe df a0 fe df a0 fe df 
007270  a0 fe df a0 fe df a0 fe df a0 fe df a0 fe df a0 
007280  fe df a0 fe df a0 fe df a0 fe df a0 fe df a0 fe 
007290  df a0 fe df a0 fe df a0 fe df a0 fe df a0 fe df 
0072a0  a0 fe df a0 fe df a0 fe df a0 fe df a0 fe df a0 
0072b0  fe df a0 fe df a0 fe df a0 fe df a0 fe df a0 fe 
0072c0  df a0 fe df a0 fe df a0 fe df a0 fe df a0 fe df 
0072d0  a0 fe df a0 fe df a0 fe df a0 fe df a0 fe df a0 
0072e0  fe df a0 fe df a0 fe df a0 fe df a0 fe df a0 fe 
0072f0  df a0 fe df a0 fe df a0 fe df a0 fe df a0 fe df 
007300  a0 fe df a0 fe df a0 fe df a0 fe df a0 fe df a0 
007310  fe df a0 fe df a0 fe df a0 fe df a0 fe df a0 fe 
007320  df a0 fe df a0 fe df a0 fe df a0 fe df a0 fe df 
007330  a0 fe df a0 fe df a0 fe df a0 fe df a0 fe df a0 
007340  fe df a0 fe df a0 fe df a0 fe df a0 fe df a0 fe 
007350  df a0 fe df a0 fe df a0 fe df a0 fe df a0 fe df 
007360  a0 fe df a0 fe df a0 fe df a0 fe df a0 fe df a0 
007370  fe df a0 fe df a0 fe df a0 fe df a0 fe df a0 fe 
007380  df a0 fe df a0 fe df a0 fe df a0 fe df a0 fe df 
007390  a0 fe df a0 fe df a0 fe df a0 fe df a0 fe df a0 
0073a0  fe df a0 fe df a0 fe df a0 fe df a0 fe df a0 fe 
0073b0  df a0 fe df a0 fe df a0 fe df a0 fe df a0 fe df 
0073c0  a0 fe df a0 fe df a0 fe df a0 fe df a0 fe df a0 
0073d0  fe df a0 fe df a0 fe df a0 fe df a0 fe df a0 fe 
0073e0  df a0 fe df a0 fe df a0 fe df a0 fe df a0 fe df 
0073f0  a0 fe df a0 fe df a0 fe df a0 fe df a0 fe df a0 
007400  fe df a0 fe df a0 fe df a0 fe df a0 fe df a0 fe 
007410  df a0 fe df a0 fe df a0 fe df a0 fe df a0 fe df 
007420  a0 fe df a0 fe df a0 fe df a0 fe df a0 fe df a0 
007430  fe df a0 fe df a0 fe df a0 fe df a0 fe df a0 fe 
007440  df a0 fe df a0 fe df a0 fe df a0 fe df a0 fe df 
007450  a0 fe df a0 fe df a0 fe df a0 fe df a0 fe df a0 
007460  fe df a0 fe df a0 fe df a0 fe df a0 fe df a0 fe 
007470  df a0 fe df a0 fe df a0 fe df a0 fe df a0 fe df 
007480  a0 fe df a0 fe df a0 fe df a0 fe df a0 fe df a0 
007490  fe df a0 fe df a0 fe df a0 fe df a0 fe df a0 fe 
0074a0  df a0 fe df a0 fe df a0 fe df a0 fe df a0 fe df 
0074b0  a0 fe df a0 fe df a0 fe df a0 fe df a0 fe df a0 
0074c0  fe df a0 fe df a0 fe df a0 fe df a0 fe df a0 fe 
0074d0  df a0 fe df a0 fe df a0 fe df a0 fe df a0 fe df 
0074e0  a0 fe df a0 fe df a0 fe df a0 fe df a0 fe df a0 
0074f0  fe df a0 fe df a0 fe df a0 fe df a0 fe df a0 fe 
007500  df a0 fe df a0 fe df a0 fe df a0 fe df a0 fe df 
007510  a0 fe df a0 fe df a0 fe df a0 fe df a0 fe df a0 
007520  fe df a0 fe df a0 fe df a0 fe df a0 fe df a0 fe 
007530  df a0 fe df a0 fe df a0 fe df a0 fe df a0 fe df 
007540  a0 fe df a0 fe df a0 fe df a0 fe df a0 fe df a0 
007550  fe df a0 fe df a0 fe df a0 fe df a0 fe df a0 fe 
007560  df a0 fe df a0 fe df a0 fe df a0 fe df a0 fe df 
007570  a0 fe df a0 fe df a0 fe df a0 fe df a0 fe df a0 
007580  fe df a0 fe df a0 fe df a0 fe df a0 fe df a0 fe 
007590  df a0 fe df a0 fe df a0 fe df a0 fe df a0 fe df 
0075a0  a0 fe df a0 fe df a0 fe df a0 fe df a0 fe df a0 
0075b0  fe df a0 fe df a0 fe df a0 fe df a0 fe df a0 fe 
0075c0  df a0 fe df a0 fe df a0 fe df a0 fe df a0 fe df 
0075d0  a0 fe df a0 fe df a0 fe df a0 fe df a0 fe df a0 
0075e0  fe df a0 fe df a0 fe df a0 fe df a0 fe df a0 fe 
0075f0  df a0 fe df a0 fe df a0 fe df a0 fe df a0 fe df 
007600  a0 fe df a0 fe df a0 fe df a0 fe df a0 fe df a0 
007610  fe df a0 fe df a0 fe df a0 fe df a0 fe df a0 fe 
007620  df a0 fe df a0 fe df a0 fe df a0 fe df a0 fe df 
007630  a0 fe df a0 fe df a0 fe df a0 fe df a0 fe df a0 
007640  fe df a0 fe df a0 fe df a0 fe df a0 fe df a0 fe 
007650  df a0 fe df a0 fe df a0 fe df a0 fe df a0 fe df 
007660  a0 fe df a0 fe df a0 fe df a0 fe df a0 fe df a0 
007670  fe df a0 fe df a0 fe df a0 fe df a0 fe df a0 fe 
007680  df a0 fe df a0 fe df a0 fe df a0 fe df a0 fe df 
007690  a0 fe df a0 fe df a0 fe df a0 fe df a0 fe df a0 
0076a0  fe df a0 fe df a0 fe df a0 fe df a0 fe df a0 fe 
0076b0  df a0 fe df a0 fe df a0 fe df a0 fe df a0 fe df 
0076c0  a0 fe df a0 fe df a0 fe df a0 fe df a0 fe df a0 
0076d0  fe df a0 fe df a0 fe df a0 fe df a0 fe df a0 fe 
0076e0  df a0 fe df a0 fe df a0 fe df a0 fe df a0 fe df 
0076f0  a0 fe df a0 fe df a0 fe df a0 fe df a0 fe df a0 
007700  fe df a0 fe df a0 fe df a0 fe df a0 fe df a0 fe 
007710  df a0 fe df a0 fe df a0 fe df a0 fe df a0 fe df 
007720  a0 fe df a0 fe df a0 fe df a0 fe df a0 fe df a0 
007730  fe df a0 fe df a0 fe df a0 fe df a0 fe df a0 fe 
007740  df a0 fe df a0 fe df a0 fe df a0 fe df a0 fe df 
007750  a0 fe df a0 fe df a0 fe df a0 fe df a0 fe df a0 
007760  fe df a0 fe df a0 fe df a0 fe df a0 fe df a0 fe 
007770  df a0 fe df a0 fe df a0 fe df a0 fe df a0 fe df 
007780  a0 fe df a0 fe df a0 fe df a0 fe df a0 fe df a0 
007790  fe df a0 fe df a0 fe df a0 fe df a0 fe df a0 fe 
0077a0  df a0 fe df a0 fe df a0 fe df a0 fe df a0 fe df 
0077b0  a0 fe df a0 fe df a0 fe df a0 fe df a0 fe df a0 
0077c0  fe df a0 fe df a0 fe df a0 fe df a0 fe df a0 fe 
0077d0  df a0 fe df a0 fe df a0 fe df a0 fe df a0 fe df 
0077e0  a0 fe df a0 fe df a0 fe df a0 fe df a0 fe df a0 
0077f0  fe df a0 fe df a0 fe df a0 fe df a0 fe df a0 fe 
007800  df a0 fe df a0 fe df a0 fe df a0 fe df a0 fe df 
007810  a0 fe df a0 fe df a0 fe df a0 fe df a0 fe df a0 
007820  fe df a0 fe df a0 fe df a0 fe df a0 fe df a0 fe 
007830  df a0 fe df a0 fe df a0 fe df a0 fe df a0 fe df 
007840  a0 fe df a0 fe df a0 fe df a0 fe df a0 fe df a0 
007850  fe df a0 fe df a0 fe df a0 fe df a0 fe df a0 fe 
007860  df a0 fe df a0 fe df a0 fe df a0 fe df a0 fe df 
007870  a0 fe df a0 fe df a0 fe df a0 fe df a0 fe df a0 
007880  fe df a0 fe df a0 fe df a0 fe df a0 fe df a0 fe 
007890  df a0 fe df a0 fe df a0 fe df a0 fe df a0 fe df 
0078a0  a0 fe df a0 fe df a0 fe df a0 fe df a0 fe df a0 
0078b0  fe df a0 fe df a0 fe df a0 fe df a0 fe df a0 fe 
0078c0  df a0 fe df a0 fe df a0 fe df a0 fe df a0 fe df 
0078d0  a0 fe df a0 fe df a0 fe df a0 fe df a0 fe df a0 
0078e0  fe df a0 fe df a0 fe df a0 fe df a0 fe df a0 fe 
0078f0  df a0 fe df a0 fe df a0 fe df a0 fe df a0 fe df 
007900  a0 fe df a0 fe df a0 fe df a0 fe df a0 fe df a0 
007910  fe df a0 fe df a0 fe df a0 fe df a0 fe df a0 fe 
007920  df a0 fe df a0 fe df a0 fe df a0 fe df a0 fe df 
007930  a0 fe df a0 fe df a0 fe df a0 fe df a0 fe df a0 
007940  fe df a0 fe df a0 fe df a0 fe df a0 fe df a0 fe 
007950  df a0 fe df a0 fe df a0 fe df a0 fe df a0 fe df 
007960  a0 fe df a0 fe df a0 fe df a0 fe df a0 fe df a0 
007970  fe df a0 fe df a0 fe df a0 fe df a0 fe df a0 fe 
007980  df a0 fe df a0 fe df a0 fe df a0 fe df a0 fe df 
007990  a0 fe df a0 fe df a0 fe df a0 fe df a0 fe df a0 
0079a0  fe df a0 fe df a0 fe df a0 fe df a0 fe df a0 fe 
0079b0  df a0 fe df a0 fe df a0 fe df a0 fe df a0 fe df 
0079c0  a0 fe df a0 fe df a0 fe df a0 fe df a0 fe df a0 
0079d0  fe df a0 fe df a0 fe df a0 fe df a0 fe df a0 fe 
0079e0  df a0 fe df a0 fe df a0 fe df a0 fe df a0 fe df 
0079f0  a0 fe df a0 fe df a0 fe df a0 fe df a0 fe df a0 
007a00  fe df a0 fe df a0 fe df a0 fe df a0 fe df a0 fe 
007a10  df a0 fe df a0 fe df a0 fe df a0 fe df a0 fe df 
007a20  a0 fe df a0 fe df a0 fe df a0 fe df a0 fe df a0 
007a30  fe df a0 fe df a0 fe df a0 fe df a0 fe df a0 fe 
007a40  df a0 fe df a0 fe df a0 fe df a0 fe df a0 fe df 
007a50  a0 fe df a0 fe df a0 fe df a0 fe df a0 fe df a0 
007a60  fe df a0 fe df a0 fe df a0 fe df a0 fe df a0 fe 
007a70  df a0 fe df a0 fe df a0 fe df a0 fe df a0 fe df 
007a80  a0 fe df a0 fe df a0 fe df a0 fe df a0 fe df a0 
007a90  fe df a0 fe df a0 fe df a0 fe df a0 fe df a0 fe 
007aa0  df a0 fe df a0 fe df a0 fe df a0 fe df a0 fe df 
007ab0  a0 fe df a0 fe df a0 fe df a0 fe df a0 fe df a0 
007ac0  fe df a0 fe df a0 fe df a0 fe df a0 fe df a0 fe 
007ad0  df a0 fe df a0 fe df a0 fe df a0 fe df a0 fe df 
007ae0  a0 fe df a0 fe df a0 fe df a0 fe df a0 fe df a0 
007af0  fe df a0 fe df a0 fe df a0 fe df a0 fe df a0 fe 
007b00  df a0 fe df a0 fe df a0 fe df a0 fe df a0 fe df 
007b10  a0 fe df a0 fe df a0 fe df a0 fe df a0 fe df a0 
007b20  fe df a0 fe df a0 fe df a0 fe df a0 fe df a0 fe 
007b30  df a0 fe df a0 fe df a0 fe df a0 fe df a0 fe df 
007b40  a0 fe df a0 fe df a0 fe df a0 fe df a0 fe df a0 
007b50  fe df a0 fe df a0 fe df a0 fe df a0 fe df a0 fe 
007b60  df a0 fe df a0 fe df a0 fe df a0 fe df a0 fe df 
007b70  a0 fe df a0 fe df a0 fe df a0 fe df a0 fe df a0 
007b80  fe df a0 fe df a0 fe df a0 fe df a0 fe df a0 fe 
007b90  df a0 fe df a0 fe df a0 fe df a0 fe df a0 fe df 
007ba0  a0 fe df a0 fe df a0 fe df a0 fe df a0 fe df a0 
007bb0  fe df a0 fe df a0 fe df a0 fe df a0 fe df a0 fe 
007bc0  df a0 fe df a0 fe df a0 fe df a0 fe df a0 fe df 
007bd0  a0 fe df a0 fe df a0 fe df a0 fe df a0 fe df a0 
007be0  fe df a0 fe df a0 fe df a0 fe df a0 fe df a0 fe 
007bf0  df a0 fe df a0 fe df a0 fe df a0 fe df a0 fe df 
007c00  a0 fe df a0 fe df a0 fe df a0 fe df a0 fe df a0 
007c10  fe df a0 fe df a0 fe df a0 fe df a0 fe df a0 fe 
007c20  df a0 fe df a0 fe df a0 fe df a0 fe df a0 fe df 
007c30  a0 fe df a0 fe df a0 fe df a0 fe df a0 fe df a0 
007c40  fe df a0 fe df a0 fe df a0 fe df a0 fe df a0 fe 
007c50  df a0 fe df a0 fe df a0 fe df a0 fe df a0 fe df 
007c60  a0 fe df a0 fe df a0 fe df a0 fe df a0 fe df a0 
007c70  fe df a0 fe df a0 fe df a0 fe df a0 fe df a0 fe 
007c80  df a0 fe df a0 fe df a0 fe df a0 fe df a0 fe df 
007c90  a0 fe df a0 fe df a0 fe df a0 fe df a0 fe df a0 
007ca0  fe df a0 fe df a0 fe df a0 fe df a0 fe df a0 fe 
007cb0  df a0 fe df a0 fe df a0 fe df a0 fe df a0 fe df 
007cc0  a0 fe df a0 fe df a0 fe df a0 fe df a0 fe df a0 
007cd0  fe df a0 fe df a0 fe df a0 fe df a0 fe df a0 fe 
007ce0  df a0 fe df a0 fe df a0 fe df a0 fe df a0 fe df 
007cf0  a0 fe df a0 fe df a0 fe df a0 fe df a0 fe df a0 
007d00  fe df a0 fe df a0 fe df a0 fe df a0 fe df a0 fe 
007d10  df a0 fe df a0 fe df a0 fe df a0 fe df a0 fe df 
007d20  a0 fe df a0 fe df a0 fe df a0 fe df a0 fe df a0 
007d30  fe df a0 fe df a0 fe df a0 fe df a0 fe df a0 fe 
007d40  df a0 fe df a0 fe df a0 fe df a0 fe df a0 fe df 
007d50  a0 fe df a0 fe df a0 fe df a0 fe df a0 fe df a0 
007d60  fe df a0 fe df a0 fe df a0 fe df a0 fe df a0 fe 
007d70  df a0 fe df a0 fe df a0 fe df a0 fe df a0 fe df 
007d80  a0 fe df a0 fe df a0 fe df a0 fe df a0 fe df a0 
007d90  fe df a0 fe df a0 fe df a0 fe df a0 fe df a0 fe 
007da0  df a0 fe df a0 fe df a0 fe df a0 fe df a0 fe df 
007db0  a0 fe df a0 fe df a0 fe df a0 fe df a0 fe df a0 
007dc0  fe df a0 fe df a0 fe df a0 fe df a0 fe df a0 fe 
007dd0  df a0 fe df a0 fe df a0 fe df a0 fe df a0 fe df 
007de0  a0 fe df a0 fe df a0 fe df a0 fe df a0 fe df a0 
007df0  fe df a0 fe df a0 fe df a0 fe df a0 fe df a0 fe 
007e00  df a0 fe df a0 fe df a0 fe df a0 fe df a0 fe df 
007e10  a0 fe df a0 fe df a0 fe df a0 fe df a0 fe df a0 
007e20  fe df a0 fe df a0 fe df a0 fe df a0 fe df a0 fe 
007e30  df a0 fe df a0 fe df a0 fe df a0 fe df a0 fe df 
007e40  a0 fe df a0 fe df a0 fe df a0 fe df a0 fe df a0 
007e50  fe df a0 fe df a0 fe df a0 fe df a0 fe df a0 fe 
007e60  df a0 fe df a0 fe df a0 fe df a0 fe df a0 fe df 
007e70  a0 fe df a0 fe df a0 fe df a0 fe df a0 fe df a0 
007e80  fe df a0 fe df a0 fe df a0 fe df a0 fe df a0 fe 
007e90  df a0 fe df a0 fe df a0 fe df a0 fe df a0 fe df 
007ea0  a0 fe df a0 fe df a0 fe df a0 fe df a0 fe df a0 
007eb0  fe df a0 fe df a0 fe df a0 fe df a0 fe df a0 fe 
007ec0  df a0 fe df a0 fe df a0 fe df a0 fe df a0 fe df 
007ed0  a0 fe df a0 fe df a0 fe df a0 fe df a0 fe df a0 
007ee0  fe df a0 fe df a0 fe df a0 fe df a0 fe df a0 fe 
007ef0  df a0 fe df a0 fe df a0 fe df a0 fe df a0 fe df 
007f00  a0 fe df a0 fe df a0 fe df a0 fe df a0 fe df a0 
007f10  fe df a0 fe df a0 fe df a0 fe df a0 fe df a0 fe 
007f20  df a0 fe df a0 fe df a0 fe df a0 fe df a0 fe df 
007f30  a0 fe df a0 fe df a0 fe df a0 fe df a0 fe df a0 
007f40  fe df a0 fe df a0 fe df a0 fe df a0 fe df a0 fe 
007f50  df a0 fe df a0 fe df a0 fe df a0 fe df a0 fe df 
007f60  a0 fe df a0 fe df a0 fe df a0 fe df a0 fe df a0 
007f70  fe df a0 fe df a0 fe df a0 fe df a0 fe df a0 fe 
007f80  df a0 fe df a0 fe df a0 fe df a0 fe df a0 fe df 
007f90  a0 fe df a0 fe df a0 fe df a0 fe df a0 fe df a0 
007fa0  fe df a0 fe df a0 fe df a0 fe df a0 fe df a0 fe 
007fb0  df a0 fe df a0 fe df a0 fe df a0 fe df a0 fe df 
007fc0  a0 fe df a0 fe df a0 fe df a0 fe df a0 fe df a0 
007fd0  fe df a0 fe df a0 fe df a0 fe df a0 fe df a0 fe 
007fe0  df a0 fe df a0 fe df a0 fe df a0 fe df a0 fe df 
007ff0  a0 fe df a0 fe df a0 fe df a0 fe df a0 fe df a0 
008000  fe df a0 fe df a0 fe df a0 fe df a0 fe df a0 fe 
008010  df a0 fe df a0 fe df a0 fe df a0 fe df a0 fe df 
008020  a0 fe df a0 fe df a0 fe df a0 fe df a0 fe df a0 
008030  fe df a0 fe df a0 fe df a0 fe df a0 fe df a0 fe 
008040  df a0 fe df a0 fe df a0 fe df a0 fe df a0 fe df 
008050  a0 fe df a0 fe df a0 fe df a0 fe df a0 fe df a0 
008060  fe df a0 fe df a0 fe df a0 fe df a0 fe df a0 fe 
008070  df a0 fe df a0 fe df a0 fe df a0 fe df a0 fe df 
008080  a0 fe df a0 fe df a0 fe df a0 fe df a0 fe df a0 
008090  fe df a0 fe df a0 fe df a0 fe df a0 fe df a0 fe 
0080a0  df a0 fe df a0 fe df a0 fe df a0 fe df a0 fe df 
0080b0  a0 fe df a0 fe df a0 fe df a0 fe df a0 fe df a0 
0080c0  fe df a0 fe df a0 fe df a0 fe df a0 fe df a0 fe 
0080d0  df a0 fe df a0 fe df a0 fe df a0 fe df a0 fe df 
0080e0  a0 fe df a0 fe df a0 fe df a0 fe df a0 fe df a0 
0080f0  fe df a0 fe df a0 fe df a0 fe df a0 fe df a0 fe 
008100  df a0 fe df a0 fe df a0 fe df a0 fe df a0 fe df 
008110  a0 fe df a0 fe df a0 fe df a0 fe df a0 fe df a0 
008120  fe df a0 fe df a0 fe df a0 fe df a0 fe df a0 fe 
008130  df a0 fe df a0 fe df a0 fe df a0 fe df a0 fe df 
008140  a0 fe df a0 fe df a0 fe df a0 fe df a0 fe df a0 
008150  fe df a0 fe df a0 fe df a0 fe df a0 fe df a0 fe 
008160  df a0 fe df a0 fe df a0 fe df a0 fe df a0 fe df 
008170  a0 fe df a0 fe df a0 fe df a0 fe df a0 fe df a0 
008180  fe df a0 fe df a0 fe df a0 fe df a0 fe df a0 fe 
008190  df a0 fe df a0 fe df a0 fe df a0 fe df a0 fe df 
0081a0  a0 fe df a0 fe df a0 fe df a0 fe df a0 fe df a0 
0081b0  fe df a0 fe df a0 fe df a0 fe df a0 fe df a0 fe 
0081c0  df a0 fe df a0 fe df a0 fe df a0 fe df a0 fe df 
0081d0  a0 fe df a0 fe df a0 fe df a0 fe df a0 fe df a0 
0081e0  fe df a0 fe df a0 fe df a0 fe df a0 fe df a0 fe 
0081f0  df a0 fe df a0 fe df a0 fe df a0 fe df a0 fe df 
008200  a0 fe df a0 fe df a0 fe df a0 fe df a0 fe df a0 
008210  fe df a0 fe df a0 fe df a0 fe df a0 fe df a0 fe 
008220  df a0 fe df a0 fe df a0 fe df a0 fe df a0 fe df 
008230  a0 fe df a0 fe df a0 fe df a0 fe df a0 fe df a0 
008240  fe df a0 fe df a0 fe df a0 fe df a0 fe df a0 fe 
008250  df a0 fe df a0 fe df a0 fe df a0 fe df a0 fe df 
008260  a0 fe df a0 fe df a0 fe df a0 fe df a0 fe df a0 
008270  fe df a0 fe df a0 fe df a0 fe df a0 fe df a0 fe 
008280  df a0 fe df a0 fe df a0 fe df a0 fe df a0 fe df 
008290  a0 fe df a0 fe df a0 fe df a0 fe df a0 fe df a0 
0082a0  fe df a0 fe df a0 fe df a0 fe df a0 fe df a0 fe 
0082b0  df a0 fe df a0 fe df a0 fe df a0 fe df a0 fe df 
0082c0  a0 fe df a0 fe df a0 fe df a0 fe df a0 fe df a0 
0082d0  fe df a0 fe df a0 fe df a0 fe df a0 fe df a0 fe 
0082e0  df a0 fe df a0 fe df a0 fe df a0 fe df a0 fe df 
0082f0  a0 fe df a0 fe df a0 fe df a0 fe df a0 fe df a0 
008300  fe df a0 fe df a0 fe df a0 fe df a0 fe df a0 fe 
008310  df a0 fe df a0 fe df a0 fe df a0 fe df a0 fe df 
008320  a0 fe df a0 fe df a0 fe df a0 fe df a0 fe df a0 
008330  fe df a0 fe df a0 fe df a0 fe df a0 fe df a0 fe 
008340  df a0 fe df a0 fe df a0 fe df a0 fe df a0 fe df 
008350  a0 fe df a0 fe df a0 fe df a0 fe df a0 fe df a0 
008360  fe df a0 fe df a0 fe df a0 fe df a0 fe df a0 fe 
008370  df a0 fe df a0 fe df a0 fe df a0 fe df a0 fe df 
008380  a0 fe df a0 fe df a0 fe df a0 fe df a0 fe df a0 
008390  fe df a0 fe df a0 fe df a0 fe df a0 fe df a0 fe 
0083a0  df a0 fe df a0 fe df a0 fe df a0 fe df a0 fe df 
0083b0  a0 fe df a0 fe df a0 fe df a0 fe df a0 fe df a0 
0083c0  fe df a0 fe df a0 fe df a0 fe df a0 fe df a0 fe 
0083d0  df a0 fe df a0 fe df a0 fe df a0 fe df a0 fe df 
0083e0  a0 fe df a0 fe df a0 fe df a0 fe df a0 fe df a0 
0083f0  fe df a0 fe df a0 fe df a0 fe df a0 fe df a0 fe 
008400  df a0 fe df a0 fe df a0 fe df a0 fe df a0 fe df 
008410  a0 fe df a0 fe df a0 fe df a0 fe df a0 fe df a0 
008420  fe df a0 fe df a0 fe df a0 fe df a0 fe df a0 fe 
008430  df a0 fe df a0 fe df a0 fe df a0 fe df a0 fe df 
008440  a0 fe df a0 fe df a0 fe df a0 fe df a0 fe df a0 
008450  fe df a0 fe df a0 fe df a0 fe df a0 fe df a0 fe 
008460  df a0 fe df a0 fe df a0 fe df a0 fe df a0 fe df 
008470  a0 fe df a0 fe df a0 fe df a0 fe df a0 fe df a0 
008480  fe df a0 fe df a0 fe df a0 fe df a0 fe df a0 fe 
008490  df a0 fe df a0 fe df a0 fe df a0 fe df a0 fe df 
0084a0  a0 fe df a0 fe df a0 fe df a0 fe df a0 fe df a0 
0084b0  fe df a0 fe df a0 fe df a0 fe df a0 fe df a0 fe 
0084c0  df a0 fe df a0 fe df a0 fe df a0 fe df a0 fe df 
0084d0  a0 fe df a0 fe df a0 fe df a0 fe df a0 fe df a0 
0084e0  fe df a0 fe df a0 fe df a0 fe df a0 fe df a0 fe 
0084f0  df a0 fe df a0 fe df a0 fe df a0 fe df a0 fe df 
008500  a0 fe df a0 fe df a0 fe df a0 fe df a0 fe df a0 
008510  fe df a0 fe df a0 fe df a0 fe df a0 fe df a0 fe 
008520  df a0 fe df a0 fe df a0 fe df a0 fe df a0 fe df 
008530  a0 fe df a0 fe df a0 fe df a0 fe df a0 fe df a0 
008540  fe df a0 fe df a0 fe df a0 fe df a0 fe df a0 fe 
008550  df a0 fe df a0 fe df a0 fe df a0 fe df a0 fe df 
008560  a0 fe df a0 fe df a0 fe df a0 fe df a0 fe df a0 
008570  fe df a0 fe df a0 fe df a0 fe df a0 fe df a0 fe 
008580  df a0 fe df a0 fe df a0 fe df a0 fe df a0 fe df 
008590  a0 fe df a0 fe df a0 fe df a0 fe df a0 fe df a0 
0085a0  fe df a0 fe df a0 fe df a0 fe df a0 fe df a0 fe 
0085b0  df a0 fe df a0 fe df a0 fe df a0 fe df a0 fe df 
0085c0  a0 fe df a0 fe df a0 fe df a0 fe df a0 fe df a0 
0085d0  fe df a0 fe df a0 fe df a0 fe df a0 fe df a0 fe 
0085e0  df a0 fe df a0 fe df a0 fe df a0 fe df a0 fe df 
0085f0  a0 fe df a0 fe df a0 fe df a0 fe df a0 fe df a0 
008600  fe df a0 fe df a0 fe df a0 fe df a0 fe df a0 fe 
008610  df a0 fe df a0 fe df a0 fe df a0 fe df a0 fe df 
008620  a0 fe df a0 fe df a0 fe df a0 fe df a0 fe df a0 
008630  fe df a0 fe df a0 fe df a0 fe df a0 fe df a0 fe 
008640  df a0 fe df a0 fe df a0 fe df a0 fe df a0 fe df 
008650  a0 fe df a0 fe df a0 fe df a0 fe df a0 fe df a0 
008660  fe df a0 fe df a0 fe df a0 fe df a0 fe df a0 fe 
008670  df a0 fe df a0 fe df a0 fe df a0 fe df a0 fe df 
008680  a0 fe df a0 fe df a0 fe df a0 fe df a0 fe df a0 
008690  fe df a0 fe df a0 fe df a0 fe df a0 fe df a0 fe 
0086a0  df a0 fe df a0 fe df a0 fe df a0 fe df a0 fe df 
0086b0  a0 fe df a0 fe df a0 fe df a0 fe df a0 fe df a0 
0086c0  fe df a0 fe df a0 fe df a0 fe df a0 fe df a0 fe 
0086d0  df a0 fe df a0 fe df a0 fe df a0 fe df a0 fe df 
0086e0  a0 fe df a0 fe df a0 fe df a0 fe df a0 fe df a0 
0086f0  fe df a0 fe df a0 fe df a0 fe df a0 fe df a0 fe 
008700  df a0 fe df a0 fe df a0 fe df a0 fe df a0 fe df 
008710  a0 fe df a0 fe df a0 fe df a0 fe df a0 fe df a0 
008720  fe df a0 fe df a0 fe df a0 fe df a0 fe df a0 fe 
008730  df a0 fe df a0 fe df a0 fe df a0 fe df a0 fe df 
008740  a0 fe df a0 fe df a0 fe df a0 fe df a0 fe df a0 
008750  fe df a0 fe df a0 fe df a0 fe df a0 fe df a0 fe 
008760  df a0 fe df a0 fe df a0 fe df a0 fe df a0 fe df 
008770  a0 fe df a0 fe df a0 fe df a0 fe df a0 fe df a0 
008780  fe df a0 fe df a0 fe df a0 fe df a0 fe df a0 fe 
008790  df a0 fe df a0 fe df a0 fe df a0 fe df a0 fe df 
0087a0  a0 fe df a0 fe df a0 fe df a0 fe df a0 fe df a0 
0087b0  fe df a0 fe df a0 fe df a0 fe df a0 fe df a0 fe 
0087c0  df a0 fe df a0 fe df a0 fe df a0 fe df a0 fe df 
0087d0  a0 fe df a0 fe df a0 fe df a0 fe df a0 fe df a0 
0087e0  fe df a0 fe df a0 fe df a0 fe df a0 fe df a0 fe 
0087f0  df a0 fe df a0 fe df a0 fe df a0 fe df a0 fe df 
008800  a0 fe df a0 fe df a0 fe df a0 fe df a0 fe df a0 
008810  fe df a0 fe df a0 fe df a0 fe df a0 fe df a0 fe 
008820  df a0 fe df a0 fe df a0 fe df a0 fe df a0 fe df 
008830  a0 fe df a0 fe df a0 fe df a0 fe df a0 fe df a0 
008840  fe df a0 fe df a0 fe df a0 fe df a0 fe df a0 fe 
008850  df a0 fe df a0 fe df a0 fe df a0 fe df a0 fe df 
008860  a0 fe df a0 fe df a0 fe df a0 fe df a0 fe df a0 
008870  fe df a0 fe df a0 fe df a0 fe df a0 fe df a0 fe 
008880  df a0 fe df a0 fe df a0 fe df a0 fe df a0 fe df 
008890  a0 fe df a0 fe df a0 fe df a0 fe df a0 fe df a0 
0088a0  fe df a0 fe df a0 fe df a0 fe df a0 fe df a0 fe 
0088b0  df a0 fe df a0 fe df a0 fe df a0 fe df a0 fe df 
0088c0  a0 fe df a0 fe df a0 fe df a0 fe df a0 fe df a0 
0088d0  fe df a0 fe df a0 fe df a0 fe df a0 fe df a0 fe 
0088e0  df a0 fe df a0 fe df a0 fe df a0 fe df a0 fe df 
0088f0  a0 fe df a0 fe df a0 fe df a0 fe df a0 fe df a0 
008900  fe df a0 fe df a0 fe df a0 fe df a0 fe df a0 fe 
008910  df a0 fe df a0 fe df a0 fe df a0 fe df a0 fe df 
008920  a0 fe df a0 fe df a0 fe df a0 fe df a0 fe df a0 
008930  fe df a0 fe df a0 fe df a0 fe df a0 fe df a0 fe 
008940  df a0 fe df a0 fe df a0 fe df a0 fe df a0 fe df 
008950  a0 fe df a0 fe df a0 fe df a0 fe df a0 fe df a0 
008960  fe df a0 fe df a0 fe df a0 fe df a0 fe df a0 fe 
008970  df a0 fe df a0 fe df a0 fe df a0 fe df a0 fe df 
008980  a0 fe df a0 fe df a0 fe df a0 fe df a0 fe df a0 
008990  fe df a0 fe df a0 fe df a0 fe df a0 fe df a0 fe 
0089a0  df a0 fe df a0 fe df a0 fe df a0 fe df a0 fe df 
0089b0  a0 fe df a0 fe df a0 fe df a0 fe df a0 fe df a0 
0089c0  fe df a0 fe df a0 fe df a0 fe df a0 fe df a0 fe 
0089d0  df a0 fe df a0 fe df a0 fe df a0 fe df a0 fe df 
0089e0  a0 fe df a0 fe df a0 fe df a0 fe df a0 fe df a0 
0089f0  fe df a0 fe df a0 fe df a0 fe df a0 fe df a0 fe 
008a00  df a0 fe df a0 fe df a0 fe df a0 fe df a0 fe df 
008a10  a0 fe df a0 fe df a0 fe df a0 fe df a0 fe df a0 
008a20  fe df a0 fe df a0 fe df a0 fe df a0 fe df a0 fe 
008a30  df a0 fe df a0 fe df a0 fe df a0 fe df a0 fe df 
008a40  a0 fe df a0 fe df a0 fe df a0 fe df a0 fe df a0 
008a50  fe df a0 fe df a0 fe df a0 fe df a0 fe df a0 fe 
008a60  df a0 fe df a0 fe df a0 fe df a0 fe df a0 fe df 
008a70  a0 fe df a0 fe df a0 fe df a0 fe df a0 fe df a0 
008a80  fe df a0 fe df a0 fe df a0 fe df a0 fe df a0 fe 
008a90  df a0 fe df a0 fe df a0 fe df a0 fe df a0 fe df 
008aa0  a0 fe df a0 fe df a0 fe df a0 fe df a0 fe df a0 
008ab0  fe df a0 fe df a0 fe df a0 fe df a0 fe df a0 fe 
008ac0  df a0 fe df a0 fe df a0 fe df a0 fe df a0 fe df 
008ad0  a0 fe df a0 fe df a0 fe df a0 fe df a0 fe df a0 
008ae0  fe df a0 fe df a0 fe df a0 fe df a0 fe df a0 fe 
008af0  df a0 fe df a0 fe df a0 fe df a0 fe df a0 fe df 
008b00  a0 fe df a0 fe df a0 fe df a0 fe df a0 fe df a0 
008b10  fe df a0 fe df a0 fe df a0 fe df a0 fe df a0 fe 
008b20  df a0 fe df a0 fe df a0 fe df a0 fe df a0 fe df 
008b30  a0 fe df a0 fe df a0 fe df a0 fe df a0 fe df a0 
008b40  fe df a0 fe df a0 fe df a0 fe df a0 fe df a0 fe 
008b50  df a0 fe df a0 fe df a0 fe df a0 fe df a0 fe df 
008b60  a0 fe df a0 fe df a0 fe df a0 fe df a0 fe df a0 
008b70  fe df a0 fe df a0 fe df a0 fe df a0 fe df a0 fe 
008b80  df a0 fe df a0 fe df a0 fe df a0 fe df a0 fe df 
008b90  a0 fe df a0 fe df a0 fe df a0 fe df a0 fe df a0 
008ba0  fe df a0 fe df a0 fe df a0 fe df a0 fe df a0 fe 
008bb0  df a0 fe df a0 fe df a0 fe df a0 fe df a0 fe df 
008bc0  a0 fe df a0 fe df a0 fe df a0 fe df a0 fe df a0 
008bd0  fe df a0 fe df a0 fe df a0 fe df a0 fe df a0 fe 
008be0  df a0 fe df a0 fe df a0 fe df a0 fe df a0 fe df 
008bf0  a0 fe df a0 fe df a0 fe df a0 fe df a0 fe df a0 
008c00  fe df a0 fe df a0 fe df a0 fe df a0 fe df a0 fe 
008c10  df a0 fe df a0 fe df a0 fe df a0 fe df a0 fe df 
008c20  a0 fe df a0 fe df a0 fe df a0 fe df a0 fe df a0 
008c30  fe df a0 fe df a0 fe df a0 fe df a0 fe df a0 fe 
008c40  df a0 fe df a0 fe df a0 fe df a0 fe df a0 fe df 
008c50  a0 fe df a0 fe df a0 fe df a0 fe df a0 fe df a0 
008c60  fe df a0 fe df a0 fe df a0 fe df a0 fe df a0 fe 
008c70  df a0 fe df a0 fe df a0 fe df a0 fe df a0 fe df 
008c80  a0 fe df a0 fe df a0 fe df a0 fe df a0 fe df a0 
008c90  fe df a0 fe df a0 fe df a0 fe df a0 fe df a0 fe 
008ca0  df a0 fe df a0 fe df a0 fe df a0 fe df a0 fe df 
008cb0  a0 fe df a0 fe df a0 fe df a0 fe df a0 fe df a0 
008cc0  fe df a0 fe df a0 fe df a0 fe df a0 fe df a0 fe 
008cd0  df a0 fe df a0 fe df a0 fe df a0 fe df a0 fe df 
008ce0  a0 fe df a0 fe df a0 fe df a0 fe df a0 fe df a0 
008cf0  fe df a0 fe df a0 fe df a0 fe df a0 fe df a0 fe 
008d00  df a0 fe df a0 fe df a0 fe df a0 fe df a0 fe df 
008d10  a0 fe df a0 fe df a0 fe df a0 fe df a0 fe df a0 
008d20  fe df a0 fe df a0 fe df a0 fe df a0 fe df a0 fe 
008d30  df a0 fe df a0 fe df a0 fe df a0 fe df a0 fe df 
008d40  a0 fe df a0 fe df a0 fe df a0 fe df a0 fe df a0 
008d50  fe df a0 fe df a0 fe df a0 fe df a0 fe df a0 fe 
008d60  df a0 fe df a0 fe df a0 fe df a0 fe df a0 fe df 
008d70  a0 fe df a0 fe df a0 fe df a0 fe df a0 fe df a0 
008d80  fe df a0 fe df a0 fe df a0 fe df a0 fe df a0 fe 
008d90  df a0 fe df a0 fe df a0 fe df a0 fe df a0 fe df 
008da0  a0 fe df a0 fe df a0 fe df a0 fe df a0 fe df a0 
008db0  fe df a0 fe df a0 fe df a0 fe df a0 fe df a0 fe 
008dc0  df a0 fe df a0 fe df a0 fe df a0 fe df a0 fe df 
008dd0  a0 fe df a0 fe df a0 fe df a0 fe df a0 fe df a0 
008de0  fe df a0 fe df a0 fe df a0 fe df a0 fe df a0 fe 
008df0  df a0 fe df a0 fe df a0 fe df a0 fe df a0 fe df 
008e00  a0 fe df a0 fe df a0 fe df a0 fe df a0 fe df a0 
008e10  fe df a0 fe df a0 fe df a0 fe df a0 fe df a0 fe 
008e20  df a0 fe df a0 fe df a0 fe df a0 fe df a0 fe df 
008e30  a0 fe df a0 fe df a0 fe df a0 fe df a0 fe df a0 
008e40  fe df a0 fe df a0 fe df a0 fe df a0 fe df a0 fe 
008e50  df a0 fe df a0 fe df a0 fe df a0 fe df a0 fe df 
008e60  a0 fe df a0 fe df a0 fe df a0 fe df a0 fe df a0 
008e70  fe df a0 fe df a0 fe df a0 fe df a0 fe df a0 fe 
008e80  df a0 fe df a0 fe df a0 fe df a0 fe df a0 fe df 
008e90  a0 fe df a0 fe df a0 fe df a0 fe df a0 fe df a0 
008ea0  fe df a0 fe df a0 fe df a0 fe df a0 fe df a0 fe 
008eb0  df a0 fe df a0 fe df a0 fe df a0 fe df a0 fe df 
008ec0  a0 fe df a0 fe df a0 fe df a0 fe df a0 fe df a0 
008ed0  fe df a0 fe df a0 fe df a0 fe df a0 fe df a0 fe 
008ee0  df a0 fe df a0 fe df a0 fe df a0 fe df a0 fe df 
008ef0  a0 fe df a0 fe df a0 fe df a0 fe df a0 fe df a0 
008f00  fe df a0 fe df a0 fe df a0 fe df a0 fe df a0 fe 
008f10  df a0 fe df a0 fe df a0 fe df a0 fe df a0 fe df 
008f20  a0 fe df a0 fe df a0 fe df a0 fe df a0 fe df a0 
008f30  fe df a0 fe df a0 fe df a0 fe df a0 fe df a0 fe 
008f40  df a0 fe df a0 fe df a0 fe df a0 fe df a0 fe df 
008f50  a0 fe df a0 fe df a0 fe df a0 fe df a0 fe df a0 
008f60  fe df a0 fe df a0 fe df a0 fe df a0 fe df a0 fe 
008f70  df a0 fe df a0 fe df a0 fe df a0 fe df a0 fe df 
008f80  a0 fe df a0 fe df a0 fe df a0 fe df a0 fe df a0 
008f90  fe df a0 fe df a0 fe df a0 fe df a0 fe df a0 fe 
008fa0  df a0 fe df a0 fe df a0 fe df a0 fe df a0 fe df 
008fb0  a0 fe df a0 fe df a0 fe df a0 fe df a0 fe df a0 
008fc0  fe df a0 fe df a0 fe df a0 fe df a0 fe df a0 fe 
008fd0  df a0 fe df a0 fe df a0 fe df a0 fe df a0 fe df 
008fe0  a0 fe df a0 fe df a0 fe df a0 fe df a0 fe df a0 
008ff0  fe df a0 fe df a0 fe df a0 fe df a0 fe df a0 fe 
009000  df a0 fe df a0 fe df a0 fe df a0 fe df a0 fe df 
009010  a0 fe df a0 fe df a0 fe df a0 fe df a0 fe df a0 
009020  fe df a0 fe df a0 fe df a0 fe df a0 fe df a0 fe 
009030  df a0 fe df a0 fe df a0 fe df a0 fe df a0 fe df 
009040  a0 fe df a0 fe df a0 fe df a0 fe df a0 fe df a0 
009050  fe df a0 fe df a0 fe df a0 fe df a0 fe df a0 fe 
009060  df a0 fe df a0 fe df a0 fe df a0 fe df a0 fe df 
009070  a0 fe df a0 fe df a0 fe df a0 fe df a0 fe df a0 
009080  fe df a0 fe df a0 fe df a0 fe df a0 fe df a0 fe 
009090  df a0 fe df a0 fe df a0 fe df a0 fe df a0 fe df 
0090a0  a0 fe df a0 fe df a0 fe df a0 fe df a0 fe df a0 
0090b0  fe df a0 fe df a0 fe df a0 fe df a0 fe df a0 fe 
0090c0  df a0 fe df a0 fe df a0 fe df a0 fe df a0 fe df 
0090d0  a0 fe df a0 fe df a0 fe df a0 fe df a0 fe df a0 
0090e0  fe df a0 fe df a0 fe df a0 fe df a0 fe df a0 fe 
0090f0  df a0 fe df a0 fe df a0 fe df a0 fe df a0 fe df 
009100  a0 fe df a0 fe df a0 fe df a0 fe df a0 fe df a0 
009110  fe df a0 fe df a0 fe df a0 fe df a0 fe df a0 fe 
009120  df a0 fe df a0 fe df a0 fe df a0 fe df a0 fe df 
009130  a0 fe df a0 fe df a0 fe df a0 fe df a0 fe df a0 
009140  fe df a0 fe df a0 fe df a0 fe df a0 fe df a0 fe 
009150  df a0 fe df a0 fe df a0 fe df a0 fe df a0 fe df 
009160  a0 fe df a0 fe df a0 fe df a0 fe df a0 fe df a0 
009170  fe df a0 fe df a0 fe df a0 fe df a0 fe df a0 fe 
009180  df a0 fe df a0 fe df a0 fe df a0 fe df a0 fe df 
009190  a0 fe df a0 fe df a0 fe df a0 fe df a0 fe df a0 
0091a0  fe df a0 fe df a0 fe df a0 fe df a0 fe df a0 fe 
0091b0  df a0 fe df a0 fe df a0 fe df a0 fe df a0 fe df 
0091c0  a0 fe df a0 fe df a0 fe df a0 fe df a0 fe df a0 
0091d0  fe df a0 fe df a0 fe df a0 fe df a0 fe df a0 fe 
0091e0  df a0 fe df a0 fe df a0 fe df a0 fe df a0 fe df 
0091f0  a0 fe df a0 fe df a0 fe df a0 fe df a0 fe df a0 
009200  fe df a0 fe df a0 fe df a0 fe df a0 fe df a0 fe 
009210  df a0 fe df a0 fe df a0 fe df a0 fe df a0 fe df 
009220  a0 fe df a0 fe df a0 fe df a0 fe df a0 fe df a0 
009230  fe df a0 fe df a0 fe df a0 fe df a0 fe df a0 fe 
009240  df a0 fe df a0 fe df a0 fe df a0 fe df a0 fe df 
009250  a0 fe df a0 fe df a0 fe df a0 fe df a0 fe df a0 
009260  fe df a0 fe df a0 fe df a0 fe df a0 fe df a0 fe 
009270  df a0 fe df a0 fe df a0 fe df a0 fe df a0 fe df 
009280  a0 fe df a0 fe df a0 fe df a0 fe df a0 fe df a0 
009290  fe df a0 fe df a0 fe df a0 fe df a0 fe df a0 fe 
0092a0  df a0 fe df a0 fe df a0 fe df a0 fe df a0 fe df 
0092b0  a0 fe df a0 fe df a0 fe df a0 fe df a0 fe df a0 
0092c0  fe df a0 fe df a0 fe df a0 fe df a0 fe df a0 fe 
0092d0  df a0 fe df a0 fe df a0 fe df a0 fe df a0 fe df 
0092e0  a0 fe df a0 fe df a0 fe df a0 fe df a0 fe df a0 
0092f0  fe df a0 fe df a0 fe df a0 fe df a0 fe df a0 fe 
009300  df a0 fe df a0 fe df a0 fe df a0 fe df a0 fe df 
009310  a0 fe df a0 fe df a0 fe df a0 fe df a0 fe df a0 
009320  fe df a0 fe df a0 fe df a0 fe df a0 fe df a0 fe 
009330  df a0 fe df a0 fe df a0 fe df a0 fe df a0 fe df 
009340  a0 fe df a0 fe df a0 fe df a0 fe df a0 fe df a0 
009350  fe df a0 fe df a0 fe df a0 fe df a0 fe df a0 fe 
009360  df a0 fe df a0 fe df a0 fe df a0 fe df a0 fe df 
009370  a0 fe df a0 fe df a0 fe df a0 fe df a0 fe df a0 
009380  fe df a0 fe df a0 fe df a0 fe df a0 fe df a0 fe 
009390  df a0 fe df a0 fe df a0 fe df a0 fe df a0 fe df 
0093a0  a0 fe df a0 fe df a0 fe df a0 fe df a0 fe df a0 
0093b0  fe df a0 fe df a0 fe df a0 fe df a0 fe df a0 fe 
0093c0  df a0 fe df a0 fe df a0 fe df a0 fe df a0 fe df 
0093d0  a0 fe df a0 fe df a0 fe df a0 fe df a0 fe df a0 
0093e0  fe df a0 fe df a0 fe df a0 fe df a0 fe df a0 fe 
0093f0  df a0 fe df a0 fe df a0 fe df a0 fe df a0 fe df 
009400  a0 fe df a0 fe df a0 fe df a0 fe df a0 fe df a0 
009410  fe df a0 fe df a0 fe df a0 fe df a0 fe df a0 fe 
009420  df a0 fe df a0 fe df a0 fe df a0 fe df a0 fe df 
009430  a0 fe df a0 fe df a0 fe df a0 fe df a0 fe df a0 
009440  fe df a0 fe df a0 fe df a0 fe df a0 fe df a0 fe 
009450  df a0 fe df a0 fe df a0 fe df a0 fe df a0 fe df 
009460  a0 fe df a0 fe df a0 fe df a0 fe df a0 fe df a0 
009470  fe df a0 fe df a0 fe df a0 fe df a0 fe df a0 fe 
009480  df a0 fe df a0 fe df a0 fe df a0 fe df a0 fe df 
009490  a0 fe df a0 fe df a0 fe df a0 fe df a0 fe df a0 
0094a0  fe df a0 fe df a0 fe df a0 fe df a0 fe df a0 fe 
0094b0  df a0 fe df a0 fe df a0 fe df a0 fe df a0 fe df 
0094c0  a0 fe df a0 fe df a0 fe df a0 fe df a0 fe df a0 
0094d0  fe df a0 fe df a0 fe df a0 fe df a0 fe df a0 fe 
0094e0  df a0 fe df a0 fe df a0 fe df a0 fe df a0 fe df 
0094f0  a0 fe df a0 fe df a0 fe df a0 fe df a0 fe df a0 
009500  fe df a0 fe df a0 fe df a0 fe df a0 fe df a0 fe 
009510  df a0 fe df a0 fe df a0 fe df a0 fe df a0 fe df 
009520  a0 fe df a0 fe df a0 fe df a0 fe df a0 fe df a0 
009530  fe df a0 fe df a0 fe df a0 fe df a0 fe df a0 fe 
009540  df a0 fe df a0 fe df a0 fe df a0 fe df a0 fe df 
009550  a0 fe df a0 fe df a0 fe df a0 fe df a0 fe df a0 
009560  fe df a0 fe df a0 fe df a0 fe df a0 fe df a0 fe 
009570  df a0 fe df a0 fe df a0 fe df a0 fe df a0 fe df 
009580  a0 fe df a0 fe df a0 fe df a0 fe df a0 fe df a0 
009590  fe df a0 fe df a0 fe df a0 fe df a0 fe df a0 fe 
0095a0  df a0 fe df a0 fe df a0 fe df a0 fe df a0 fe df 
0095b0  a0 fe df a0 fe df a0 fe df a0 fe df a0 fe df a0 
0095c0  fe df a0 fe df a0 fe df a0 fe df a0 fe df a0 fe 
0095d0  df a0 fe df a0 fe df a0 fe df a0 fe df a0 fe df 
0095e0  a0 fe df a0 fe df a0 fe df a0 fe df a0 fe df a0 
0095f0  fe df a0 fe df a0 fe df a0 fe df a0 fe df a0 fe 
009600  df a0 fe df a0 fe df a0 fe df a0 fe df a0 fe df 
009610  a0 fe df a0 fe df a0 fe df a0 fe df a0 fe df a0 
009620  fe df a0 fe df a0 fe df a0 fe df a0 fe df a0 fe 
009630  df a0 fe df a0 fe df a0 fe df a0 fe df a0 fe df 
009640  a0 fe df a0 fe df a0 fe df a0 fe df a0 fe df a0 
009650  fe df a0 fe df a0 fe df a0 fe df a0 fe df a0 fe 
009660  df a0 fe df a0 fe df a0 fe df a0 fe df a0 fe df 
009670  a0 fe df a0 fe df a0 fe df a0 fe df a0 fe df a0 
009680  fe df a0 fe df a0 fe df a0 fe df a0 fe df a0 fe 
009690  df a0 fe df a0 fe df a0 fe df a0 fe df a0 fe df 
0096a0  a0 fe df a0 fe df a0 fe df a0 fe df a0 fe df a0 
0096b0  fe df a0 fe df a0 fe df a0 fe df a0 fe df a0 fe 
0096c0  df a0 fe df a0 fe df a0 fe df a0 fe df a0 fe df 
0096d0  a0 fe df a0 fe df a0 fe df a0 fe df a0 fe df a0 
0096e0  fe df a0 fe df a0 fe df a0 fe df a0 fe df a0 fe 
0096f0  df a0 fe df a0 fe df a0 fe df a0 fe df a0 fe df 
009700  a0 fe df a0 fe df a0 fe df a0 fe df a0 fe df a0 
009710  fe df a0 fe df a0 fe df a0 fe df a0 fe df a0 fe 
009720  df a0 fe df a0 fe df a0 fe df a0 fe df a0 fe df 
009730  a0 fe df a0 fe df a0 fe df a0 fe df a0 fe df a0 
009740  fe df a0 fe df a0 fe df a0 fe df a0 fe df a0 fe 
009750  df a0 fe df a0 fe df a0 fe df a0 fe df a0 fe df 
009760  a0 fe df a0 fe df a0 fe df a0 fe df a0 fe df a0 
009770  fe df a0 fe df a0 fe df a0 fe df a0 fe df a0 fe 
009780  df a0 fe df a0 fe df a0 fe df a0 fe df a0 fe df 
009790  a0 fe df a0 fe df a0 fe df a0 fe df a0 fe df a0 
0097a0  fe df a0 fe df a0 fe df a0 fe df a0 fe df a0 fe 
0097b0  df a0 fe df a0 fe df a0 fe df a0 fe df a0 fe df 
0097c0  a0 fe df a0 fe df a0 fe df a0 fe df a0 fe df a0 
0097d0  fe df a0 fe df a0 fe df a0 fe df a0 fe df a0 fe 
0097e0  df a0 fe df a0 fe df a0 fe df a0 fe df a0 fe df 
0097f0  a0 fe df a0 fe df a0 fe df a0 fe df a0 fe df a0 
009800  fe df a0 fe df a0 fe df a0 fe df a0 fe df a0 fe 
009810  df a0 fe df a0 fe df a0 fe df a0 fe df a0 fe df 
009820  a0 fe df a0 fe df a0 fe df a0 fe df a0 fe df a0 
009830  fe df a0 fe df a0 fe df a0 fe df a0 fe df a0 fe 
009840  df a0 fe df a0 fe df a0 fe df a0 fe df a0 fe df 
009850  a0 fe df a0 fe df a0 fe df a0 fe df a0 fe df a0 
009860  fe df a0 fe df a0 fe df a0 fe df a0 fe df a0 fe 
009870  df a0 fe df a0 fe df a0 fe df a0 fe df a0 fe df 
009880  a0 fe df a0 fe df a0 fe df a0 fe df a0 fe df a0 
009890  fe df a0 fe df a0 fe df a0 fe df a0 fe df a0 fe 
0098a0  df a0 fe df a0 fe df a0 fe df a0 fe df a0 fe df 
0098b0  a0 fe df a0 fe df a0 fe df a0 fe df a0 fe df a0 
0098c0  fe df a0 fe df a0 fe df a0 fe df a0 fe df a0 fe 
0098d0  df a0 fe df a0 fe df a0 fe df a0 fe df a0 fe df 
0098e0  a0 fe df a0 fe df a0 fe df a0 fe df a0 fe df a0 
0098f0  fe df a0 fe df a0 fe df a0 fe df a0 fe df a0 fe 
009900  df a0 fe df a0 fe df a0 fe df a0 fe df a0 fe df 
009910  a0 fe df a0 fe df a0 fe df a0 fe df a0 fe df a0 
009920  fe df a0 fe df a0 fe df a0 fe df a0 fe df a0 fe 
009930  df a0 fe df a0 fe df a0 fe df a0 fe df a0 fe df 
009940  a0 fe df a0 fe df a0 fe df a0 fe df a0 fe df a0 
009950  fe df a0 fe df a0 fe df a0 fe df a0 fe df a0 fe 
009960  df a0 fe df a0 fe df a0 fe df a0 fe df a0 fe df 
009970  a0 fe df a0 fe df a0 fe df a0 fe df a0 fe df a0 
009980  fe df a0 fe df a0 fe df a0 fe df a0 fe df a0 fe 
009990  df a0 fe df a0 fe df a0 fe df a0 fe df a0 fe df 
0099a0  a0 fe df a0 fe df a0 fe df a0 fe df a0 fe df a0 
0099b0  fe df a0 fe df a0 fe df a0 fe df a0 fe df a0 fe 
0099c0  df a0 fe df a0 fe df a0 fe df a0 fe df a0 fe df 
0099d0  a0 fe df a0 fe df a0 fe df a0 fe df a0 fe df a0 
0099e0  fe df a0 fe df a0 fe df a0 fe df a0 fe df a0 fe 
0099f0  df a0 fe df a0 fe df a0 fe df a0 fe df a0 fe df 
009a00  a0 fe df a0 fe df a0 fe df a0 fe df a0 fe df a0 
009a10  fe df a0 fe df a0 fe df a0 fe df a0 fe df a0 fe 
009a20  df a0 fe df a0 fe df a0 fe df a0 fe df a0 fe df 
009a30  a0 fe df a0 fe df a0 fe df a0 fe df a0 fe df a0 
009a40  fe df a0 fe df a0 fe df a0 fe df a0 fe df a0 fe 
009a50  df a0 fe df a0 fe df a0 fe df a0 fe df a0 fe df 
009a60  a0 fe df a0 fe df a0 fe df a0 fe df a0 fe df a0 
009a70  fe df a0 fe df a0 fe df a0 fe df a0 fe df a0 fe 
009a80  df a0 fe df a0 fe df a0 fe df a0 fe df a0 fe df 
009a90  a0 fe df a0 fe df a0 fe df a0 fe df a0 fe df a0 
009aa0  fe df a0 fe df a0 fe df a0 fe df a0 fe df a0 fe 
009ab0  df a0 fe df a0 fe df a0 fe df a0 fe df a0 fe df 
009ac0  a0 fe df a0 fe df a0 fe df a0 fe df a0 fe df a0 
009ad0  fe df a0 fe df a0 fe df a0 fe df a0 fe df a0 fe 
009ae0  df a0 fe df a0 fe df a0 fe df a0 fe df a0 fe df 
009af0  a0 fe df a0 fe df a0 fe df a0 fe df a0 fe df a0 
009b00  fe df a0 fe df a0 fe df a0 fe df a0 fe df a0 fe 
009b10  df a0 fe df a0 fe df a0 fe df a0 fe df a0 fe df 
009b20  a0 fe df a0 fe df a0 fe df a0 fe df a0 fe df a0 
009b30  fe df a0 fe df a0 fe df a0 fe df a0 fe df a0 fe 
009b40  df a0 fe df a0 fe df a0 fe df a0 fe df a0 fe df 
009b50  a0 fe df a0 fe df a0 fe df a0 fe df a0 fe df a0 
009b60  fe df a0 fe df a0 fe df a0 fe df a0 fe df a0 fe 
009b70  df a0 fe df a0 fe df a0 fe df a0 fe df a0 fe df 
009b80  a0 fe df a0 fe df a0 fe df a0 fe df a0 fe df a0 
009b90  fe df a0 fe df a0 fe df a0 fe df a0 fe df a0 fe 
009ba0  df a0 fe df a0 fe df a0 fe df a0 fe df a0 fe df 
009bb0  a0 fe df a0 fe df a0 fe df a0 fe df a0 fe df a0 
009bc0  fe df a0 fe df a0 fe df a0 fe df a0 fe df a0 fe 
009bd0  df a0 fe df a0 fe df a0 fe df a0 fe df a0 fe df 
009be0  a0 fe df a0 fe df a0 fe df a0 fe df a0 fe df a0 
009bf0  fe df a0 fe df a0 fe df a0 fe df a0 fe df a0 fe 
009c00  df a0 fe df a0 fe df a0 fe df a0 fe df a0 fe df 
009c10  a0 fe df a0 fe df a0 fe df a0 fe df a0 fe df a0 
009c20  fe df a0 fe df a0 fe df a0 fe df a0 fe df a0 fe 
009c30  df a0 fe df a0 fe df a0 fe df a0 fe df a0 fe df 
009c40  a0 fe df a0 fe df a0 fe df a0 fe df a0 fe df a0 
009c50  fe df a0 fe df a0 fe df a0 fe df a0 fe df a0 fe 
009c60  df a0 fe df a0 fe df a0 fe df a0 fe df a0 fe df 
009c70  a0 fe df a0 fe df a0 fe df a0 fe df a0 fe df a0 
009c80  fe df a0 fe df a0 fe df a0 fe df a0 fe df a0 fe 
009c90  df a0 fe df a0 fe df a0 fe df a0 fe df a0 fe df 
009ca0  a0 fe df a0 fe df a0 fe df a0 fe df a0 fe df a0 
009cb0  fe df a0 fe df a0 fe df a0 fe df a0 fe df a0 fe 
009cc0  df a0 fe df a0 fe df a0 fe df a0 fe df a0 fe df 
009cd0  a0 fe df a0 fe df a0 fe df a0 fe df a0 fe df a0 
009ce0  fe df a0 fe df a0 fe df a0 fe df a0 fe df a0 fe 
009cf0  df a0 fe df a0 fe df a0 fe df a0 fe df a0 fe df 
009d00  a0 fe df a0 fe df a0 fe df a0 fe df a0 fe df a0 
009d10  fe df a0 fe df a0 fe df a0 fe df a0 fe df a0 fe 
009d20  df a0 fe df a0 fe df a0 fe df a0 fe df a0 fe df 
009d30  a0 fe df a0 fe df a0 fe df a0 fe df a0 fe df a0 
009d40  fe df a0 fe df a0 fe df a0 fe df a0 fe df a0 fe 
009d50  df a0 fe df a0 fe df a0 fe df a0 fe df a0 fe df 
009d60  a0 fe df a0 fe df a0 fe df a0 fe df a0 fe df a0 
009d70  fe df a0 fe df a0 fe df a0 fe df a0 fe df a0 fe 
009d80  df a0 fe df a0 fe df a0 fe df a0 fe df a0 fe df 
009d90  a0 fe df a0 fe df a0 fe df a0 fe df a0 fe df a0 
009da0  fe df a0 fe df a0 fe df a0 fe df a0 fe df a0 fe 
009db0  df a0 fe df a0 fe df a0 fe df a0 fe df a0 fe df 
009dc0  a0 fe df a0 fe df a0 fe df a0 fe df a0 fe df a0 
009dd0  fe df a0 fe df a0 fe df a0 fe df a0 fe df a0 fe 
009de0  df a0 fe df a0 fe df a0 fe df a0 fe df a0 fe df 
009df0  a0 fe df a0 fe df a0 fe df a0 fe df a0 fe df a0 
009e00  fe df a0 fe df a0 fe df a0 fe df a0 fe df a0 fe 
009e10  df a0 fe df a0 fe df a0 fe df a0 fe df a0 fe df 
009e20  a0 fe df a0 fe df a0 fe df a0 fe df a0 fe df a0 
009e30  fe df a0 fe df a0 fe df a0 fe df a0 fe df a0 fe 
009e40  df a0 fe df a0 fe df a0 fe df a0 fe df a0 fe df 
009e50  a0 fe df a0 fe df a0 fe df a0 fe df a0 fe df a0 
009e60  fe df a0 fe df a0 fe df a0 fe df a0 fe df a0 fe 
009e70  df a0 fe df a0 fe df a0 fe df a0 fe df a0 fe df 
009e80  a0 fe df a0 fe df a0 fe df a0 fe df a0 fe df a0 
009e90  fe df a0 fe df a0 fe df a0 fe df a0 fe df a0 fe 
009ea0  df a0 fe df a0 fe df a0 fe df a0 fe df a0 fe df 
009eb0  a0 fe df a0 fe df a0 fe df a0 fe df a0 fe df a0 
009ec0  fe df a0 fe df a0 fe df a0 fe df a0 fe df a0 fe 
009ed0  df a0 fe df a0 fe df a0 fe df a0 fe df a0 fe df 
009ee0  a0 fe df a0 fe df a0 fe df a0 fe df a0 fe df a0 
009ef0  fe df a0 fe df a0 fe df a0 fe df a0 fe df a0 fe 
009f00  df a0 fe df a0 fe df a0 fe df a0 fe df a0 fe df 
009f10  a0 fe df a0 fe df a0 fe df a0 fe df a0 fe df a0 
009f20  fe df a0 fe df a0 fe df a0 fe df a0 fe df a0 fe 
009f30  df a0 fe df a0 fe df a0 fe df a0 fe df a0 fe df 
009f40  a0 fe df a0 fe df a0 fe df a0 fe df a0 fe df a0 
009f50  fe df a0 fe df a0 fe df a0 fe df a0 fe df a0 fe 
009f60  df a0 fe df a0 fe df a0 fe df a0 fe df a0 fe df 
009f70  a0 fe df a0 fe df a0 fe df a0 fe df a0 fe df a0 
009f80  fe df a0 fe df a0 fe df a0 fe df a0 fe df a0 fe 
009f90  df a0 fe df a0 fe df a0 fe df a0 fe df a0 fe df 
009fa0  a0 fe df a0 fe df a0 fe df a0 fe df a0 fe df a0 
009fb0  fe df a0 fe df a0 fe df a0 fe df a0 fe df a0 fe 
009fc0  df a0 fe df a0 fe df a0 fe df a0 fe df a0 fe df 
009fd0  a0 fe df a0 fe df a0 fe df a0 fe df a0 fe df a0 
009fe0  fe df a0 fe df a0 fe df a0 fe df a0 fe df a0 fe 
009ff0  df a0 fe df a0 fe df a0 fe df a0 fe df a0 fe df 
00a000  a0 fe df a0 fe df a0 fe df a0 fe df a0 fe df a0 
00a010  fe df a0 fe df a0 fe df a0 fe df a0 fe df a0 fe 
00a020  df a0 fe df a0 fe df a0 fe df a0 fe df a0 fe df 
00a030  a0 fe df a0 fe df a0 fe df a0 fe df a0 fe df a0 
00a040  fe df a0 fe df a0 fe df a0 fe df a0 fe df a0 fe 
00a050  df a0 fe df a0 fe df a0 fe df a0 fe df a0 fe df 
00a060  a0 fe df a0 fe df a0 fe df a0 fe df a0 fe df a0 
00a070  fe df a0 fe df a0 fe df a0 fe df a0 fe df a0 fe 
00a080  df a0 fe df a0 fe df a0 fe df a0 fe df a0 fe df 
00a090  a0 fe df a0 fe df a0 fe df a0 fe df a0 fe df a0 
00a0a0  fe df a0 fe df a0 fe df a0 fe df a0 fe df a0 fe 
00a0b0  df a0 fe df a0 fe df a0 fe df a0 fe df a0 fe df 
00a0c0  a0 fe df a0 fe df a0 fe df a0 fe df a0 fe df a0 
00a0d0  fe df a0 fe df a0 fe df a0 fe df a0 fe df a0 fe 
00a0e0  df a0 fe df a0 fe df a0 fe df a0 fe df a0 fe df 
00a0f0  a0 fe df a0 fe df a0 fe df a0 fe df a0 fe df a0 
00a100  fe df a0 fe df a0 fe df a0 fe df a0 fe df a0 fe 
00a110  df a0 fe df a0 fe df a0 fe df a0 fe df a0 fe df 
00a120  a0 fe df a0 fe df a0 fe df a0 fe df a0 fe df a0 
00a130  fe df a0 fe df a0 fe df a0 fe df a0 fe df a0 fe 
00a140  df a0 fe df a0 fe df a0 fe df a0 fe df a0 fe df 
00a150  a0 fe df a0 fe df a0 fe df a0 fe df a0 fe df a0 
00a160  fe df a0 fe df a0 fe df a0 fe df a0 fe df a0 fe 
00a170  df a0 fe df a0 fe df a0 fe df a0 fe df a0 fe df 
00a180  a0 fe df a0 fe df a0 fe df a0 fe df a0 fe df a0 
00a190  fe df a0 fe df a0 fe df a0 fe df a0 fe df a0 fe 
00a1a0  df a0 fe df a0 fe df a0 fe df a0 fe df a0 fe df 
00a1b0  a0 fe df a0 fe df a0 fe df a0 fe df a0 fe df a0 
00a1c0  fe df a0 fe df a0 fe df a0 fe df a0 fe df a0 fe 
00a1d0  df a0 fe df a0 fe df a0 fe df a0 fe df a0 fe df 
00a1e0  a0 fe df a0 fe df a0 fe df a0 fe df a0 fe df a0 
00a1f0  fe df a0 fe df a0 fe df a0 fe df a0 fe df a0 fe 
00a200  df a0 fe df a0 fe df a0 fe df a0 fe df a0 fe df 
00a210  a0 fe df a0 fe df a0 fe df a0 fe df a0 fe df a0 
00a220  fe df a0 fe df a0 fe df a0 fe df a0 fe df a0 fe 
00a230  df a0 fe df a0 fe df a0 fe df a0 fe df a0 fe df 
00a240  a0 fe df a0 fe df a0 fe df a0 fe df a0 fe df a0 
00a250  fe df a0 fe df a0 fe df a0 fe df a0 fe df a0 fe 
00a260  df a0 fe df a0 fe df a0 fe df a0 fe df a0 fe df 
00a270  a0 fe df a0 fe df a0 fe df a0 fe df a0 fe df a0 
00a280  fe df a0 fe df a0 fe df a0 fe df a0 fe df a0 fe 
00a290  df a0 fe df a0 fe df a0 fe df a0 fe df a0 fe df 
00a2a0  a0 fe df a0 fe df a0 fe df a0 fe df a0 fe df a0 
00a2b0  fe df a0 fe df a0 fe df a0 fe df a0 fe df a0 fe 
00a2c0  df a0 fe df a0 fe df a0 fe df a0 fe df a0 fe df 
00a2d0  a0 fe df a0 fe df a0 fe df a0 fe df a0 fe df a0 
00a2e0  fe df a0 fe df a0 fe df a0 fe df a0 fe df a0 fe 
00a2f0  df a0 fe df a0 fe df a0 fe df a0 fe df a0 fe df 
00a300  a0 fe df a0 fe df a0 fe df a0 fe df a0 fe df a0 
00a310  fe df a0 fe df a0 fe df a0 fe df a0 fe df a0 fe 
00a320  df a0 fe df a0 fe df a0 fe df a0 fe df a0 fe df 
00a330  a0 fe df a0 fe df a0 fe df a0 fe df a0 fe df a0 
00a340  fe df a0 fe df a0 fe df a0 fe df a0 fe df a0 fe 
00a350  df a0 fe df a0 fe df a0 fe df a0 fe df a0 fe df 
00a360  a0 fe df a0 fe df a0 fe df a0 fe df a0 fe df a0 
00a370  fe df a0 fe df a0 fe df a0 fe df a0 fe df a0 fe 
00a380  df a0 fe df a0 fe df a0 fe df a0 fe df a0 fe df 
00a390  a0 fe df a0 fe df a0 fe df a0 fe df a0 fe df a0 
00a3a0  fe df a0 fe df a0 fe df a0 fe df a0 fe df a0 fe 
00a3b0  df a0 fe df a0 fe df a0 fe df a0 fe df a0 fe df 
00a3c0  a0 fe df a0 fe df a0 fe df a0 fe df a0 fe df a0 
00a3d0  fe df a0 fe df a0 fe df a0 fe df a0 fe df a0 fe 
00a3e0  df a0 fe df a0 fe df a0 fe df a0 fe df a0 fe df 
00a3f0  a0 fe df a0 fe df a0 fe df a0 fe df a0 fe df a0 
00a400  fe df a0 fe df a0 fe df a0 fe df a0 fe df a0 fe 
00a410  df a0 fe df a0 fe df a0 fe df a0 fe df a0 fe df 
00a420  a0 fe df a0 fe df a0 fe df a0 fe df a0 fe df a0 
00a430  fe df a0 fe df a0 fe df a0 fe df a0 fe df a0 fe 
00a440  df a0 fe df a0 fe df a0 fe df a0 fe df a0 fe df 
00a450  a0 fe df a0 fe df a0 fe df a0 fe df a0 fe df a0 
00a460  fe df a0 fe df a0 fe df a0 fe df a0 fe df a0 fe 
00a470  df a0 fe df a0 fe df a0 fe df a0 fe df a0 fe df 
00a480  a0 fe df a0 fe df a0 fe df a0 fe df a0 fe df a0 
00a490  fe df a0 fe df a0 fe df a0 fe df a0 fe df a0 fe 
00a4a0  df a0 fe df a0 fe df a0 fe df a0 fe df a0 fe df 
00a4b0  a0 fe df a0 fe df a0 fe df a0 fe df a0 fe df a0 
00a4c0  fe df a0 fe df a0 fe df a0 fe df a0 fe df a0 fe 
00a4d0  df a0 fe df a0 fe df a0 fe df a0 fe df a0 fe df 
00a4e0  a0 fe df a0 fe df a0 fe df a0 fe df a0 fe df a0 
00a4f0  fe df a0 fe df a0 fe df a0 fe df a0 fe df a0 fe 
00a500  df a0 fe df a0 fe df a0 fe df a0 fe df a0 fe df 
00a510  a0 fe df a0 fe df a0 fe df a0 fe df a0 fe df a0 
00a520  fe df a0 fe df a0 fe df a0 fe df a0 fe df a0 fe 
00a530  df a0 fe df a0 fe df a0 fe df a0 fe df a0 fe df 
00a540  a0 fe df a0 fe df a0 fe df a0 fe df a0 fe df a0 
00a550  fe df a0 fe df a0 fe df a0 fe df a0 fe df a0 fe 
00a560  df a0 fe df a0 fe df a0 fe df a0 fe df a0 fe df 
00a570  a0 fe df a0 fe df a0 fe df a0 fe df a0 fe df a0 
00a580  fe df a0 fe df a0 fe df a0 fe df a0 fe df a0 fe 
00a590  df a0 fe df a0 fe df a0 fe df a0 fe df a0 fe df 
00a5a0  a0 fe df a0 fe df a0 fe df a0 fe df a0 fe df a0 
00a5b0  fe df a0 fe df a0 fe df a0 fe df a0 fe df a0 fe 
00a5c0  df a0 fe df a0 fe df a0 fe df a0 fe df a0 fe df 
00a5d0  a0 fe df a0 fe df a0 fe df a0 fe df a0 fe df a0 
00a5e0  fe df a0 fe df a0 fe df a0 fe df a0 fe df a0 fe 
00a5f0  df a0 fe df a0 fe df a0 fe df a0 fe df a0 fe df 
00a600  a0 fe df a0 fe df a0 fe df a0 fe df a0 fe df a0 
00a610  fe df a0 fe df a0 fe df a0 fe df a0 fe df a0 fe 
00a620  df a0 fe df a0 fe df a0 fe df a0 fe df a0 fe df 
00a630  a0 fe df a0 fe df a0 fe df a0 fe df a0 fe df a0 
00a640  fe df a0 fe df a0 fe df a0 fe df a0 fe df a0 fe 
00a650  df a0 fe df a0 fe df a0 fe df a0 fe df a0 fe df 
00a660  a0 fe df a0 fe df a0 fe df a0 fe df a0 fe df a0 
00a670  fe df a0 fe df a0 fe df a0 fe df a0 fe df a0 fe 
00a680  df a0 fe df a0 fe df a0 fe df a0 fe df a0 fe df 
00a690  a0 fe df a0 fe df a0 fe df a0 fe df a0 fe df a0 
00a6a0  fe df a0 fe df a0 fe df a0 fe df a0 fe df a0 fe 
00a6b0  df a0 fe df a0 fe df a0 fe df a0 fe df a0 fe df 
00a6c0  a0 fe df a0 fe df a0 fe df a0 fe df a0 fe df a0 
00a6d0  fe df a0 fe df a0 fe df a0 fe df a0 fe df a0 fe 
00a6e0  df a0 fe df a0 fe df a0 fe df a0 fe df a0 fe df 
00a6f0  a0 fe df a0 fe df a0 fe df a0 fe df a0 fe df a0 
00a700  fe df a0 fe df a0 fe df a0 fe df a0 fe df a0 fe 
00a710  df a0 fe df a0 fe df a0 fe df a0 fe df a0 fe df 
00a720  a0 fe df a0 fe df a0 fe df a0 fe df a0 fe df a0 
00a730  fe df a0 fe df a0 fe df a0 fe df a0 fe df a0 fe 
00a740  df a0 fe df a0 fe df a0 fe df a0 fe df a0 fe df 
00a750  a0 fe df a0 fe df a0 fe df a0 fe df a0 fe df a0 
00a760  fe df a0 fe df a0 fe df a0 fe df a0 fe df a0 fe 
00a770  df a0 fe df a0 fe df a0 fe df a0 fe df a0 fe df 
00a780  a0 fe df a0 fe df a0 fe df a0 fe df a0 fe df a0 
00a790  fe df a0 fe df a0 fe df a0 fe df a0 fe df a0 fe 
00a7a0  df a0 fe df a0 fe df a0 fe df a0 fe df a0 fe df 
00a7b0  a0 fe df a0 fe df a0 fe df a0 fe df a0 fe df a0 
00a7c0  fe df a0 fe df a0 fe df a0 fe df a0 fe df a0 fe 
00a7d0  df a0 fe df a0 fe df a0 fe df a0 fe df a0 fe df 
00a7e0  a0 fe df a0 fe df a0 fe df a0 fe df a0 fe df a0 
00a7f0  fe df a0 fe df a0 fe df a0 fe df a0 fe df a0 fe 
00a800  df a0 fe df a0 fe df a0 fe df a0 fe df a0 fe df 
00a810  a0 fe df a0 fe df a0 fe df a0 fe df a0 fe df a0 
00a820  fe df a0 fe df a0 fe df a0 fe df a0 fe df a0 fe 
00a830  df a0 fe df a0 fe df a0 fe df a0 fe df a0 fe df 
00a840  a0 fe df a0 fe df a0 fe df a0 fe df a0 fe df a0 
00a850  fe df a0 fe df a0 fe df a0 fe df a0 fe df a0 fe 
00a860  df a0 fe df a0 fe df a0 fe df a0 fe df a0 fe df 
00a870  a0 fe df a0 fe df a0 fe df a0 fe df a0 fe df a0 
00a880  fe df a0 fe df a0 fe df a0 fe df a0 fe df a0 fe 
00a890  df a0 fe df a0 fe df a0 fe df a0 fe df a0 fe df 
00a8a0  a0 fe df a0 fe df a0 fe df a0 fe df a0 fe df a0 
00a8b0  fe df a0 fe df a0 fe df a0 fe df a0 fe df a0 fe 
00a8c0  df a0 fe df a0 fe df a0 fe df a0 fe df a0 fe df 
00a8d0  a0 fe df a0 fe df a0 fe df a0 fe df a0 fe df a0 
00a8e0  fe df a0 fe df a0 fe df a0 fe df a0 fe df a0 fe 
00a8f0  df a0 fe df a0 fe df a0 fe df a0 fe df a0 fe df 
00a900  a0 fe df a0 fe df a0 fe df a0 fe df a0 fe df a0 
00a910  fe df a0 fe df a0 fe df a0 fe df a0 fe df a0 fe 
00a920  df a0 fe df a0 fe df a0 fe df a0 fe df a0 fe df 
00a930  a0 fe df a0 fe df a0 fe df a0 fe df a0 fe df a0 
00a940  fe df a0 fe df a0 fe df a0 fe df a0 fe df a0 fe 
00a950  df a0 fe df a0 fe df a0 fe df a0 fe df a0 fe df 
00a960  a0 fe df a0 fe df a0 fe df a0 fe df a0 fe df a0 
00a970  fe df a0 fe df a0 fe df a0 fe df a0 fe df a0 fe 
00a980  df a0 fe df a0 fe df a0 fe df a0 fe df a0 fe df 
00a990  a0 fe df a0 fe df a0 fe df a0 fe df a0 fe df a0 
00a9a0  fe df a0 fe df a0 fe df a0 fe df a0 fe df a0 fe 
00a9b0  df a0 fe df a0 fe df a0 fe df a0 fe df a0 fe df 
00a9c0  a0 fe df a0 fe df a0 fe df a0 fe df a0 fe df a0 
00a9d0  fe df a0 fe df a0 fe df a0 fe df a0 fe df a0 fe 
00a9e0  df a0 fe df a0 fe df a0 fe df a0 fe df a0 fe df 
00a9f0  a0 fe df a0 fe df a0 fe df a0 fe df a0 fe df a0 
00aa00  fe df a0 fe df a0 fe df a0 fe df a0 fe df a0 fe 
00aa10  df a0 fe df a0 fe df a0 fe df a0 fe df a0 fe df 
00aa20  a0 fe df a0 fe df a0 fe df a0 fe df a0 fe df a0 
00aa30  fe df a0 fe df a0 fe df a0 fe df a0 fe df a0 fe 
00aa40  df a0 fe df a0 fe df a0 fe df a0 fe df a0 fe df 
00aa50  a0 fe df a0 fe df a0 fe df a0 fe df a0 fe df a0 
00aa60  fe df a0 fe df a0 fe df a0 fe df a0 fe df a0 fe 
00aa70  df a0 fe df a0 fe df a0 fe df a0 fe df a0 fe df 
00aa80  a0 fe df a0 fe df a0 fe df a0 fe df a0 fe df a0 
00aa90  fe df a0 fe df a0 fe df a0 fe df a0 fe df a0 fe 
00aaa0  df a0 fe df a0 fe df a0 fe df a0 fe df a0 fe df 
00aab0  a0 fe df a0 fe df a0 fe df a0 fe df a0 fe df a0 
00aac0  fe df a0 fe df a0 fe df a0 fe df a0 fe df a0 fe 
00aad0  df a0 fe df a0 fe df a0 fe df a0 fe df a0 fe df 
00aae0  a0 fe df a0 fe df a0 fe df a0 fe df a0 fe df a0 
00aaf0  fe df a0 fe df a0 fe df a0 fe df a0 fe df a0 fe 
00ab00  df a0 fe df a0 fe df a0 fe df a0 fe df a0 fe df 
00ab10  a0 fe df a0 fe df a0 fe df a0 fe df a0 fe df a0 
00ab20  fe df a0 fe df a0 fe df a0 fe df a0 fe df a0 fe 
00ab30  df a0 fe df a0 fe df a0 fe df a0 fe df a0 fe df 
00ab40  a0 fe df a0 fe df a0 fe df a0 fe df a0 fe df a0 
00ab50  fe df a0 fe df a0 fe df a0 fe df a0 fe df a0 fe 
00ab60  df a0 fe df a0 fe df a0 fe df a0 fe df a0 fe df 
00ab70  a0 fe df a0 fe df a0 fe df a0 fe df a0 fe df a0 
00ab80  fe df a0 fe df a0 fe df a0 fe df a0 fe df a0 fe 
00ab90  df a0 fe df a0 fe df a0 fe df a0 fe df a0 fe df 
00aba0  a0 fe df a0 fe df a0 fe df a0 fe df a0 fe df a0 
00abb0  fe df a0 fe df a0 fe df a0 fe df a0 fe df a0 fe 
00abc0  df a0 fe df a0 fe df a0 fe df a0 fe df a0 fe df 
00abd0  a0 fe df a0 fe df a0 fe df a0 fe df a0 fe df a0 
00abe0  fe df a0 fe df a0 fe df a0 fe df a0 fe df a0 fe 
00abf0  df a0 fe df a0 fe df a0 fe df a0 fe df a0 fe df 
00ac00  a0 fe df a0 fe df a0 fe df a0 fe df a0 fe df a0 
00ac10  fe df a0 fe df a0 fe df a0 fe df a0 fe df a0 fe 
00ac20  df a0 fe df a0 fe df a0 fe df a0 fe df a0 fe df 
00ac30  a0 fe df a0 fe df a0 fe df a0 fe df a0 fe df a0 
00ac40  fe df a0 fe df a0 fe df a0 fe df a0 fe df a0 fe 
00ac50  df a0 fe df a0 fe df a0 fe df a0 fe df a0 fe df 
00ac60  a0 fe df a0 fe df a0 fe df a0 fe df a0 fe df a0 
00ac70  fe df a0 fe df a0 fe df a0 fe df a0 fe df a0 fe 
00ac80  df a0 fe df a0 fe df a0 fe df a0 fe df a0 fe df 
00ac90  a0 fe df a0 fe df a0 fe df a0 fe df a0 fe df a0 
00aca0  fe df a0 fe df a0 fe df a0 fe df a0 fe df a0 fe 
00acb0  df a0 fe df a0 fe df a0 fe df a0 fe df a0 fe df 
00acc0  a0 fe df a0 fe df a0 fe df a0 fe df a0 fe df a0 
00acd0  fe df a0 fe df a0 fe df a0 fe df a0 fe df a0 fe 
00ace0  df a0 fe df a0 fe df a0 fe df a0 fe df a0 fe df 
00acf0  a0 fe df a0 fe df a0 fe df a0 fe df a0 fe df a0 
00ad00  fe df a0 fe df a0 fe df a0 fe df a0 fe df a0 fe 
00ad10  df a0 fe df a0 fe df a0 fe df a0 fe df a0 fe df 
00ad20  a0 fe df a0 fe df a0 fe df a0 fe df a0 fe df a0 
00ad30  fe df a0 fe df a0 fe df a0 fe df a0 fe df a0 fe 
00ad40  df a0 fe df a0 fe df a0 fe df a0 fe df a0 fe df 
00ad50  a0 fe df a0 fe df a0 fe df a0 fe df a0 fe df a0 
00ad60  fe df a0 fe df a0 fe df a0 fe df a0 fe df a0 fe 
00ad70  df a0 fe df a0 fe df a0 fe df a0 fe df a0 fe df 
00ad80  a0 fe df a0 fe df a0 fe df a0 fe df a0 fe df a0 
00ad90  fe df a0 fe df a0 fe df a0 fe df a0 fe df a0 fe 
00ada0  df a0 fe df a0 fe df a0 fe df a0 fe df a0 fe df 
00adb0  a0 fe df a0 fe df a0 fe df a0 fe df a0 fe df a0 
00adc0  fe df a0 fe df a0 fe df a0 fe df a0 fe df a0 fe 
00add0  df a0 fe df a0 fe df a0 fe df a0 fe df a0 fe df 
00ade0  a0 fe df a0 fe df a0 fe df a0 fe df a0 fe df a0 
00adf0  fe df a0 fe df a0 fe df a0 fe df a0 fe df a0 fe 
00ae00  df a0 fe df a0 fe df a0 fe df a0 fe df a0 fe df 
00ae10  a0 fe df a0 fe df a0 fe df a0 fe df a0 fe df a0 
00ae20  fe df a0 fe df a0 fe df a0 fe df a0 fe df a0 fe 
00ae30  df a0 fe df a0 fe df a0 fe df a0 fe df a0 fe df 
00ae40  a0 fe df a0 fe df a0 fe df a0 fe df a0 fe df a0 
00ae50  fe df a0 fe df a0 fe df a0 fe df a0 fe df a0 fe 
00ae60  df a0 fe df a0 fe df a0 fe df a0 fe df a0 fe df 
00ae70  a0 fe df a0 fe df a0 fe df a0 fe df a0 fe df a0 
00ae80  fe df a0 fe df a0 fe df a0 fe df a0 fe df a0 fe 
00ae90  df a0 fe df a0 fe df a0 fe df a0 fe df a0 fe df 
00aea0  a0 fe df a0 fe df a0 fe df a0 fe df a0 fe df a0 
00aeb0  fe df a0 fe df a0 fe df a0 fe df a0 fe df a0 fe 
00aec0  df a0 fe df a0 fe df a0 fe df a0 fe df a0 fe df 
00aed0  a0 fe df a0 fe df a0 fe df a0 fe df a0 fe df a0 
00aee0  fe df a0 fe df a0 fe df a0 fe df a0 fe df a0 fe 
00aef0  df a0 fe df a0 fe df a0 fe df a0 fe df a0 fe df 
00af00  a0 fe df a0 fe df a0 fe df a0 fe df a0 fe df a0 
00af10  fe df a0 fe df a0 fe df a0 fe df a0 fe df a0 fe 
00af20  df a0 fe df a0 fe df a0 fe df a0 fe df a0 fe df 
00af30  a0 fe df a0 fe df a0 fe df a0 fe df a0 fe df a0 
00af40  fe df a0 fe df a0 fe df a0 fe df a0 fe df a0 fe 
00af50  df a0 fe df a0 fe df a0 fe df a0 fe df a0 fe df 
00af60  a0 fe df a0 fe df a0 fe df a0 fe df a0 fe df a0 
00af70  fe df a0 fe df a0 fe df a0 fe df a0 fe df a0 fe 
00af80  df a0 fe df a0 fe df a0 fe df a0 fe df a0 fe df 
00af90  a0 fe df a0 fe df a0 fe df a0 fe df a0 fe df a0 
00afa0  fe df a0 fe df a0 fe df a0 fe df a0 fe df a0 fe 
00afb0  df a0 fe df a0 fe df a0 fe df a0 fe df a0 fe df 
00afc0  a0 fe df a0 fe df a0 fe df a0 fe df a0 fe df a0 
00afd0  fe df a0 fe df a0 fe df a0 fe df a0 fe df a0 fe 
00afe0  df a0 fe df a0 fe df a0 fe df a0 fe df a0 fe df 
00aff0  a0 fe df a0 fe df a0 fe df a0 fe df a0 fe df a0 
00b000  fe df a0 fe df a0 fe df a0 fe df a0 fe df a0 fe 
00b010  df a0 fe df a0 fe df a0 fe df a0 fe df a0 fe df 
00b020  a0 fe df a0 fe df a0 fe df a0 fe df a0 fe df a0 
00b030  fe df a0 fe df a0 fe df a0 fe df a0 fe df a0 fe 
00b040  df a0 fe df a0 fe df a0 fe df a0 fe df a0 fe df 
00b050  a0 fe df a0 fe df a0 fe df a0 fe df a0 fe df a0 
00b060  fe df a0 fe df a0 fe df a0 fe df a0 fe df a0 fe 
00b070  df a0 fe df a0 fe df a0 fe df a0 fe df a0 fe df 
00b080  a0 fe df a0 fe df a0 fe df a0 fe df a0 fe df a0 
00b090  fe df a0 fe df a0 fe df a0 fe df a0 fe df a0 fe 
00b0a0  df a0 fe df a0 fe df a0 fe df a0 fe df a0 fe df 
00b0b0  a0 fe df a0 fe df a0 fe df a0 fe df a0 fe df a0 
00b0c0  fe df a0 fe df a0 fe df a0 fe df a0 fe df a0 fe 
00b0d0  df a0 fe df a0 fe df a0 fe df a0 fe df a0 fe df 
00b0e0  a0 fe df a0 fe df a0 fe df a0 fe df a0 fe df a0 
00b0f0  fe df a0 fe df a0 fe df a0 fe df a0 fe df a0 fe 
00b100  df a0 fe df a0 fe df a0 fe df a0 fe df a0 fe df 
00b110  a0 fe df a0 fe df a0 fe df a0 fe df a0 fe df a0 
00b120  fe df a0 fe df a0 fe df a0 fe df a0 fe df a0 fe 
00b130  df a0 fe df a0 fe df a0 fe df a0 fe df a0 fe df 
00b140  a0 fe df a0 fe df a0 fe df a0 fe df a0 fe df a0 
00b150  fe df a0 fe df a0 fe df a0 fe df a0 fe df a0 fe 
00b160  df a0 fe df a0 fe df a0 fe df a0 fe df a0 fe df 
00b170  a0 fe df a0 fe df a0 fe df a0 fe df a0 fe df a0 
00b180  fe df a0 fe df a0 fe df a0 fe df a0 fe df a0 fe 
00b190  df a0 fe df a0 fe df a0 fe df a0 fe df a0 fe df 
00b1a0  a0 fe df a0 fe df a0 fe df a0 fe df a0 fe df a0 
00b1b0  fe df a0 fe df a0 fe df a0 fe df a0 fe df a0 fe 
00b1c0  df a0 fe df a0 fe df a0 fe df a0 fe df a0 fe df 
00b1d0  a0 fe df a0 fe df a0 fe df a0 fe df a0 fe df a0 
00b1e0  fe df a0 fe df a0 fe df a0 fe df a0 fe df a0 fe 
00b1f0  df a0 fe df a0 fe df a0 fe df a0 fe df a0 fe df 
00b200  a0 fe df a0 fe df a0 fe df a0 fe df a0 fe df a0 
00b210  fe df a0 fe df a0 fe df a0 fe df a0 fe df a0 fe 
00b220  df a0 fe df a0 fe df a0 fe df a0 fe df a0 fe df 
00b230  a0 fe df a0 fe df a0 fe df a0 fe df a0 fe df a0 
00b240  fe df a0 fe df a0 fe df a0 fe df a0 fe df a0 fe 
00b250  df a0 fe df a0 fe df a0 fe df a0 fe df a0 fe df 
00b260  a0 fe df a0 fe df a0 fe df a0 fe df a0 fe df a0 
00b270  fe df a0 fe df a0 fe df a0 fe df a0 fe df a0 fe 
00b280  df a0 fe df a0 fe df a0 fe df a0 fe df a0 fe df 
00b290  a0 fe df a0 fe df a0 fe df a0 fe df a0 fe df a0 
00b2a0  fe df a0 fe df a0 fe df a0 fe df a0 fe df a0 fe 
00b2b0  df a0 fe df a0 fe df a0 fe df a0 fe df a0 fe df 
00b2c0  a0 fe df a0 fe df a0 fe df a0 fe df a0 fe df a0 
00b2d0  fe df a0 fe df a0 fe df a0 fe df a0 fe df a0 fe 
00b2e0  df a0 fe df a0 fe df a0 fe df a0 fe df a0 fe df 
00b2f0  a0 fe df a0 fe df a0 fe df a0 fe df a0 fe df a0 
00b300  fe df a0 fe df a0 fe df a0 fe df a0 fe df a0 fe 
00b310  df a0 fe df a0 fe df a0 fe df a0 fe df a0 fe df 
00b320  a0 fe df a0 fe df a0 fe df a0 fe df a0 fe df a0 
00b330  fe df a0 fe df a0 fe df a0 fe df a0 fe df a0 fe 
00b340  df a0 fe df a0 fe df a0 fe df a0 fe df a0 fe df 
00b350  a0 fe df a0 fe df a0 fe df a0 fe df a0 fe df a0 
00b360  fe df a0 fe df a0 fe df a0 fe df a0 fe df a0 fe 
00b370  df a0 fe df a0 fe df a0 fe df a0 fe df a0 fe df 
00b380  a0 fe df a0 fe df a0 fe df a0 fe df a0 fe df a0 
00b390  fe df a0 fe df a0 fe df a0 fe df a0 fe df a0 fe 
00b3a0  df a0 fe df a0 fe df a0 fe df a0 fe df a0 fe df 
00b3b0  a0 fe df a0 fe df a0 fe df a0 fe df a0 fe df a0 
00b3c0  fe df a0 fe df a0 fe df a0 fe df a0 fe df a0 fe 
00b3d0  df a0 fe df a0 fe df a0 fe df a0 fe df a0 fe df 
00b3e0  a0 fe df a0 fe df a0 fe df a0 fe df a0 fe df a0 
00b3f0  fe df a0 fe df a0 fe df a0 fe df a0 fe df a0 fe 
00b400  df a0 fe df a0 fe df a0 fe df a0 fe df a0 fe df 
00b410  a0 fe df a0 fe df a0 fe df a0 fe df a0 fe df a0 
00b420  fe df a0 fe df a0 fe df a0 fe df a0 fe df a0 fe 
00b430  df a0 fe df a0 fe df a0 fe df a0 fe df a0 fe df 
00b440  a0 fe df a0 fe df a0 fe df a0 fe df a0 fe df a0 
00b450  fe df a0 fe df a0 fe df a0 fe df a0 fe df a0 fe 
00b460  df a0 fe df a0 fe df a0 fe df a0 fe df a0 fe df 
00b470  a0 fe df a0 fe df a0 fe df a0 fe df a0 fe df a0 
00b480  fe df a0 fe df a0 fe df a0 fe df a0 fe df a0 fe 
00b490  df a0 fe df a0 fe df a0 fe df a0 fe df a0 fe df 
00b4a0  a0 fe df a0 fe df a0 fe df a0 fe df a0 fe df a0 
00b4b0  fe df a0 fe df a0 fe df a0 fe df a0 fe df a0 fe 
00b4c0  df a0 fe df a0 fe df a0 fe df a0 fe df a0 fe df 
00b4d0  a0 fe df a0 fe df a0 fe df a0 fe df a0 fe df a0 
00b4e0  fe df a0 fe df a0 fe df a0 fe df a0 fe df a0 fe 
00b4f0  df a0 fe df a0 fe df a0 fe df a0 fe df a0 fe df 
00b500  a0 fe df a0 fe df a0 fe df a0 fe df a0 fe df a0 
00b510  fe df a0 fe df a0 fe df a0 fe df a0 fe df a0 fe 
00b520  df a0 fe df a0 fe df a0 fe df a0 fe df a0 fe df 
00b530  a0 fe df a0 fe df a0 fe df a0 fe df a0 fe df a0 
00b540  fe df a0 fe df a0 fe df a0 fe df a0 fe df a0 fe 
00b550  df a0 fe df a0 fe df a0 fe df a0 fe df a0 fe df 
00b560  a0 fe df a0 fe df a0 fe df a0 fe df a0 fe df a0 
00b570  fe df a0 fe df a0 fe df a0 fe df a0 fe df a0 fe 
00b580  df a0 fe df a0 fe df a0 fe df a0 fe df a0 fe df 
00b590  a0 fe df a0 fe df a0 fe df a0 fe df a0 fe df a0 
00b5a0  fe df a0 fe df a0 fe df a0 fe df a0 fe df a0 fe 
00b5b0  df a0 fe df a0 fe df a0 fe df a0 fe df a0 fe df 
00b5c0  a0 fe df a0 fe df a0 fe df a0 fe df a0 fe df a0 
00b5d0  fe df a0 fe df a0 fe df a0 fe df a0 fe df a0 fe 
00b5e0  df a0 fe df a0 fe df a0 fe df a0 fe df a0 fe df 
00b5f0  a0 fe df a0 fe df a0 fe df a0 fe df a0 fe df a0 
00b600  fe df a0 fe df a0 fe df a0 fe df a0 fe df a0 fe 
00b610  df a0 fe df a0 fe df a0 fe df a0 fe df a0 fe df 
00b620  a0 fe df a0 fe df a0 fe df a0 fe df a0 fe df a0 
00b630  fe df a0 fe df a0 fe df a0 fe df a0 fe df a0 fe 
00b640  df a0 fe df a0 fe df a0 fe df a0 fe df a0 fe df 
00b650  a0 fe df a0 fe df a0 fe df a0 fe df a0 fe df a0 
00b660  fe df a0 fe df a0 fe df a0 fe df a0 fe df a0 fe 
00b670  df a0 fe df a0 fe df a0 fe df a0 fe df a0 fe df 
00b680  a0 fe df a0 fe df a0 fe df a0 fe df a0 fe df a0 
00b690  fe df a0 fe df a0 fe df a0 fe df a0 fe df a0 fe 
00b6a0  df a0 fe df a0 fe df a0 fe df a0 fe df a0 fe df 
00b6b0  a0 fe df a0 fe df a0 fe df a0 fe df a0 fe df a0 
00b6c0  fe df a0 fe df a0 fe df a0 fe df a0 fe df a0 fe 
00b6d0  df a0 fe df a0 fe df a0 fe df a0 fe df a0 fe df 
00b6e0  a0 fe df a0 fe df a0 fe df a0 fe df a0 fe df a0 
00b6f0  fe df a0 fe df a0 fe df a0 fe df a0 fe df a0 fe 
00b700  df a0 fe df a0 fe df a0 fe df a0 fe df a0 fe df 
00b710  a0 fe df a0 fe df a0 fe df a0 fe df a0 fe df a0 
00b720  fe df a0 fe df a0 fe df a0 fe df a0 fe df a0 fe 
00b730  df a0 fe df a0 fe df a0 fe df a0 fe df a0 fe df 
00b740  a0 fe df a0 fe df a0 fe df a0 fe df a0 fe df a0 
00b750  fe df a0 fe df a0 fe df a0 fe df a0 fe df a0 fe 
00b760  df a0 fe df a0 fe df a0 fe df a0 fe df a0 fe df 
00b770  a0 fe df a0 fe df a0 fe df a0 fe df a0 fe df a0 
00b780  fe df a0 fe df a0 fe df a0 fe df a0 fe df a0 fe 
00b790  df a0 fe df a0 fe df a0 fe df a0 fe df a0 fe df 
00b7a0  a0 fe df a0 fe df a0 fe df a0 fe df a0 fe df a0 
00b7b0  fe df a0 fe df a0 fe df a0 fe df a0 fe df a0 fe 
00b7c0  df a0 fe df a0 fe df a0 fe df a0 fe df a0 fe df 
00b7d0  a0 fe df a0 fe df a0 fe df a0 fe df a0 fe df a0 
00b7e0  fe df a0 fe df a0 fe df a0 fe df a0 fe df a0 fe 
00b7f0  df a0 fe df a0 fe df a0 fe df a0 fe df a0 fe df 
00b800  a0 fe df a0 fe df a0 fe df a0 fe df a0 fe df a0 
00b810  fe df a0 fe df a0 fe df a0 fe df a0 fe df a0 fe 
00b820  df a0 fe df a0 fe df a0 fe df a0 fe df a0 fe df 
00b830  a0 fe df a0 fe df a0 fe df a0 fe df a0 fe df a0 
00b840  fe df a0 fe df a0 fe df a0 fe df a0 fe df a0 fe 
00b850  df a0 fe df a0 fe df a0 fe df a0 fe df a0 fe df 
00b860  a0 fe df a0 fe df a0 fe df a0 fe df a0 fe df a0 
00b870  fe df a0 fe df a0 fe df a0 fe df a0 fe df a0 fe 
00b880  df a0 fe df a0 fe df a0 fe df a0 fe df a0 fe df 
00b890  a0 fe df a0 fe df a0 fe df a0 fe df a0 fe df a0 
00b8a0  fe df a0 fe df a0 fe df a0 fe df a0 fe df a0 fe 
00b8b0  df a0 fe df a0 fe df a0 fe df a0 fe df a0 fe df 
00b8c0  a0 fe df a0 fe df a0 fe df a0 fe df a0 fe df a0 
00b8d0  fe df a0 fe df a0 fe df a0 fe df a0 fe df a0 fe 
00b8e0  df a0 fe df a0 fe df a0 fe df a0 fe df a0 fe df 
00b8f0  a0 fe df a0 fe df a0 fe df a0 fe df a0 fe df a0 
00b900  fe df a0 fe df a0 fe df a0 fe df a0 fe df a0 fe 
00b910  df a0 fe df a0 fe df a0 fe df a0 fe df a0 fe df 
00b920  a0 fe df a0 fe df a0 fe df a0 fe df a0 fe df a0 
00b930  fe df a0 fe df a0 fe df a0 fe df a0 fe df a0 fe 
00b940  df a0 fe df a0 fe df a0 fe df a0 fe df a0 fe df 
00b950  a0 fe df a0 fe df a0 fe df a0 fe df a0 fe df a0 
00b960  fe df a0 fe df a0 fe df a0 fe df a0 fe df a0 fe 
00b970  df a0 fe df a0 fe df a0 fe df a0 fe df a0 fe df 
00b980  a0 fe df a0 fe df a0 fe df a0 fe df a0 fe df a0 
00b990  fe df a0 fe df a0 fe df a0 fe df a0 fe df a0 fe 
00b9a0  df a0 fe df a0 fe df a0 fe df a0 fe df a0 fe df 
00b9b0  a0 fe df a0 fe df a0 fe df a0 fe df a0 fe df a0 
00b9c0  fe df a0 fe df a0 fe df a0 fe df a0 fe df a0 fe 
00b9d0  df a0 fe df a0 fe df a0 fe df a0 fe df a0 fe df 
00b9e0  a0 fe df a0 fe df a0 fe df a0 fe df a0 fe df a0 
00b9f0  fe df a0 fe df a0 fe df a0 fe df a0 fe df a0 fe 
00ba00  df a0 fe df a0 fe df a0 fe df a0 fe df a0 fe df 
00ba10  a0 fe df a0 fe df a0 fe df a0 fe df a0 fe df a0 
00ba20  fe df a0 fe df a0 fe df a0 fe df a0 fe df a0 fe 
00ba30  df a0 fe df a0 fe df a0 fe df a0 fe df a0 fe df 
00ba40  a0 fe df a0 fe df a0 fe df a0 fe df a0 fe df a0 
00ba50  fe df a0 fe df a0 fe df a0 fe df a0 fe df a0 fe 
00ba60  df a0 fe df a0 fe df a0 fe df a0 fe df a0 fe df 
00ba70  a0 fe df a0 fe df a0 fe df a0 fe df a0 fe df a0 
00ba80  fe df a0 fe df a0 fe df a0 fe df a0 fe df a0 fe 
00ba90  df a0 fe df a0 fe df a0 fe df a0 fe df a0 fe df 
00baa0  a0 fe df a0 fe df a0 fe df a0 fe df a0 fe df a0 
00bab0  fe df a0 fe df a0 fe df a0 fe df a0 fe df a0 fe 
00bac0  df a0 fe df a0 fe df a0 fe df a0 fe df a0 fe df 
00bad0  a0 fe df a0 fe df a0 fe df a0 fe df a0 fe df a0 
00bae0  fe df a0 fe df a0 fe df a0 fe df a0 fe df a0 fe 
00baf0  df a0 fe df a0 fe df a0 fe df a0 fe df a0 fe df 
00bb00  a0 fe df a0 fe df a0 fe df a0 fe df a0 fe df a0 
00bb10  fe df a0 fe df a0 fe df a0 fe df a0 fe df a0 fe 
00bb20  df a0 fe df a0 fe df a0 fe df a0 fe df a0 fe df 
00bb30  a0 fe df a0 fe df a0 fe df a0 fe df a0 fe df a0 
00bb40  fe df a0 fe df a0 fe df a0 fe df a0 fe df a0 fe 
00bb50  df a0 fe df a0 fe df a0 fe df a0 fe df a0 fe df 
00bb60  a0 fe df a0 fe df a0 fe df a0 fe df a0 fe df a0 
00bb70  fe df a0 fe df a0 fe df a0 fe df a0 fe df a0 fe 
00bb80  df a0 fe df a0 fe df a0 fe df a0 fe df a0 fe df 
00bb90  a0 fe df a0 fe df a0 fe df a0 fe df a0 fe df a0 
00bba0  fe df a0 fe df a0 fe df a0 fe df a0 fe df a0 fe 
00bbb0  df a0 fe df a0 fe df a0 fe df a0 fe df a0 fe df 
00bbc0  a0 fe df a0 fe df a0 fe df a0 fe df a0 fe df a0 
00bbd0  fe df a0 fe df a0 fe df a0 fe df a0 fe df a0 fe 
00bbe0  df a0 fe df a0 fe df a0 fe df a0 fe df a0 fe df 
00bbf0  a0 fe df a0 fe df a0 fe df a0 fe df a0 fe df a0 
00bc00  fe df a0 fe df a0 fe df a0 fe df a0 fe df a0 fe 
00bc10  df a0 fe df a0 fe df a0 fe df a0 fe df a0 fe df 
00bc20  a0 fe df a0 fe df a0 fe df a0 fe df a0 fe df a0 
00bc30  fe df a0 fe df a0 fe df a0 fe df a0 fe df a0 fe 
00bc40  df a0 fe df a0 fe df a0 fe df a0 fe df a0 fe df 
00bc50  a0 fe df a0 fe df a0 fe df a0 fe df a0 fe df a0 
00bc60  fe df a0 fe df a0 fe df a0 fe df a0 fe df a0 fe 
00bc70  df a0 fe df a0 fe df a0 fe df a0 fe df a0 fe df 
00bc80  a0 fe df a0 fe df a0 fe df a0 fe df a0 fe df a0 
00bc90  fe df a0 fe df a0 fe df a0 fe df a0 fe df a0 fe 
00bca0  df a0 fe df a0 fe df a0 fe df a0 fe df a0 fe df 
00bcb0  a0 fe df a0 fe df a0 fe df a0 fe df a0 fe df a0 
00bcc0  fe df a0 fe df a0 fe df a0 fe df a0 fe df a0 fe 
00bcd0  df a0 fe df a0 fe df a0 fe df a0 fe df a0 fe df 
00bce0  a0 fe df a0 fe df a0 fe df a0 fe df a0 fe df a0 
00bcf0  fe df a0 fe df a0 fe df a0 fe df a0 fe df a0 fe 
00bd00  df a0 fe df a0 fe df a0 fe df a0 fe df a0 fe df 
00bd10  a0 fe df a0 fe df a0 fe df a0 fe df a0 fe df a0 
00bd20  fe df a0 fe df a0 fe df a0 fe df a0 fe df a0 fe 
00bd30  df a0 fe df a0 fe df a0 fe df a0 fe df a0 fe df 
00bd40  a0 fe df a0 fe df a0 fe df a0 fe df a0 fe df a0 
00bd50  fe df a0 fe df a0 fe df a0 fe df a0 fe df a0 fe 
00bd60  df a0 fe df a0 fe df a0 fe df a0 fe df a0 fe df 
00bd70  a0 fe df a0 fe df a0 fe df a0 fe df a0 fe df a0 
00bd80  fe df a0 fe df a0 fe df a0 fe df a0 fe df a0 fe 
00bd90  df a0 fe df a0 fe df a0 fe df a0 fe df a0 fe df 
00bda0  a0 fe df a0 fe df a0 fe df a0 fe df a0 fe df a0 
00bdb0  fe df a0 fe df a0 fe df a0 fe df a0 fe df a0 fe 
00bdc0  df a0 fe df a0 fe df a0 fe df a0 fe df a0 fe df 
00bdd0  a0 fe df a0 fe df a0 fe df a0 fe df a0 fe df a0 
00bde0  fe df a0 fe df a0 fe df a0 fe df a0 fe df a0 fe 
00bdf0  df a0 fe df a0 fe df a0 fe df a0 fe df a0 fe df 
00be00  a0 fe df a0 fe df a0 fe df a0 fe df a0 fe df a0 
00be10  fe df a0 fe df a0 fe df a0 fe df a0 fe df a0 fe 
00be20  df a0 fe df a0 fe df a0 fe df a0 fe df a0 fe df 
00be30  a0 fe df a0 fe df a0 fe df a0 fe df a0 fe df a0 
00be40  fe df a0 fe df a0 fe df a0 fe df a0 fe df a0 fe 
00be50  df a0 fe df a0 fe df a0 fe df a0 fe df a0 fe df 
00be60  a0 fe df a0 fe df a0 fe df a0 fe df a0 fe df a0 
00be70  fe df a0 fe df a0 fe df a0 fe df a0 fe df a0 fe 
00be80  df a0 fe df a0 fe df a0 fe df a0 fe df a0 fe df 
00be90  a0 fe df a0 fe df a0 fe df a0 fe df a0 fe df a0 
00bea0  fe df a0 fe df a0 fe df a0 fe df a0 fe df a0 fe 
00beb0  df a0 fe df a0 fe df a0 fe df a0 fe df a0 fe df 
00bec0  a0 fe df a0 fe df a0 fe df a0 fe df a0 fe df a0 
00bed0  fe df a0 fe df a0 fe df a0 fe df a0 fe df a0 fe 
00bee0  df a0 fe df a0 fe df a0 fe df a0 fe df a0 fe df 
00bef0  a0 fe df a0 fe df a0 fe df a0 fe df a0 fe df a0 
00bf00  fe df a0 fe df a0 fe df a0 fe df a0 fe df a0 fe 
00bf10  df a0 fe df a0 fe df a0 fe df a0 fe df a0 fe df 
00bf20  a0 fe df a0 fe df a0 fe df a0 fe df a0 fe df a0 
00bf30  fe df a0 fe df a0 fe df a0 fe df a0 fe df a0 fe 
00bf40  df a0 fe df a0 fe df a0 fe df a0 fe df a0 fe df 
00bf50  a0 fe df a0 fe df a0 fe df a0 fe df a0 fe df a0 
00bf60  fe df a0 fe df a0 fe df a0 fe df a0 fe df a0 fe 
00bf70  df a0 fe df a0 fe df a0 fe df a0 fe df a0 fe df 
00bf80  a0 fe df a0 fe df a0 fe df a0 fe df a0 fe df a0 
00bf90  fe df a0 fe df a0 fe df a0 fe df a0 fe df a0 fe 
00bfa0  df a0 fe df a0 fe df a0 fe df a0 fe df a0 fe df 
00bfb0  a0 fe df a0 fe df a0 fe df a0 fe df a0 fe df a0 
00bfc0  fe df a0 fe df a0 fe df a0 fe df a0 fe df a0 fe 
00bfd0  df a0 fe df a0 fe df a0 fe df a0 fe df a0 fe df 
00bfe0  a0 fe df a0 fe df a0 fe df a0 fe df a0 fe df a0 
00bff0  fe df a0 fe df a0 fe df a0 fe df a0 fe df a0 fe 
00c000  df a0 fe df a0 fe df a0 fe df a0 fe df a0 fe df 
00c010  a0 fe df a0 fe df a0 fe df a0 fe df a0 fe df a0 
00c020  fe df a0 fe df a0 fe df a0 fe df a0 fe df a0 fe 
00c030  df a0 fe df a0 fe df a0 fe df a0 fe df a0 fe df 
00c040  a0 fe df a0 fe df a0 fe df a0 fe df a0 fe df a0 
00c050  fe df a0 fe df a0 fe df a0 fe df a0 fe df a0 fe 
00c060  df a0 fe df a0 fe df a0 fe df a0 fe df a0 fe df 
00c070  a0 fe df a0 fe df a0 fe df a0 fe df a0 fe df a0 
00c080  fe df a0 fe df a0 fe df a0 fe df a0 fe df a0 fe 
00c090  df a0 fe df a0 fe df a0 fe df a0 fe df a0 fe df 
00c0a0  a0 fe df a0 fe df a0 fe df a0 fe df a0 fe df a0 
00c0b0  fe df a0 fe df a0 fe df a0 fe df a0 fe df a0 fe 
00c0c0  df a0 fe df a0 fe df a0 fe df a0 fe df a0 fe df 
00c0d0  a0 fe df a0 fe df a0 fe df a0 fe df a0 fe df a0 
00c0e0  fe df a0 fe df a0 fe df a0 fe df a0 fe df a0 fe 
00c0f0  df a0 fe df a0 fe df a0 fe df a0 fe df a0 fe df 
00c100  a0 fe df a0 fe df a0 fe df a0 fe df a0 fe df a0 
00c110  fe df a0 fe df a0 fe df a0 fe df a0 fe df a0 fe 
00c120  df a0 fe df a0 fe df a0 fe df a0 fe df a0 fe df 
00c130  a0 fe df a0 fe df a0 fe df a0 fe df a0 fe df a0 
00c140  fe df a0 fe df a0 fe df a0 fe df a0 fe df a0 fe 
00c150  df a0 fe df a0 fe df a0 fe df a0 fe df a0 fe df 
00c160  a0 fe df a0 fe df a0 fe df a0 fe df a0 fe df a0 
00c170  fe df a0 fe df a0 fe df a0 fe df a0 fe df a0 fe 
00c180  df a0 fe df a0 fe df a0 fe df a0 fe df a0 fe df 
00c190  a0 fe df a0 fe df a0 fe df a0 fe df a0 fe df a0 
00c1a0  fe df a0 fe df a0 fe df a0 fe df a0 fe df a0 fe 
00c1b0  df a0 fe df a0 fe df a0 fe df a0 fe df a0 fe df 
00c1c0  a0 fe df a0 fe df a0 fe df a0 fe df a0 fe df a0 
00c1d0  fe df a0 fe df a0 fe df a0 fe df a0 fe df a0 fe 
00c1e0  df a0 fe df a0 fe df a0 fe df a0 fe df a0 fe df 
00c1f0  a0 fe df a0 fe df a0 fe df a0 fe df a0 fe df a0 
00c200  fe df a0 fe df a0 fe df a0 fe df a0 fe df a0 fe 
00c210  df a0 fe df a0 fe df a0 fe df a0 fe df a0 fe df 
00c220  a0 fe df a0 fe df a0 fe df a0 fe df a0 fe df a0 
00c230  fe df a0 fe df a0 fe df a0 fe df a0 fe df a0 fe 
00c240  df a0 fe df a0 fe df a0 fe df a0 fe df a0 fe df 
00c250  a0 fe df a0 fe df a0 fe df a0 fe df a0 fe df a0 
00c260  fe df a0 fe df a0 fe df a0 fe df a0 fe df a0 fe 
00c270  df a0 fe df a0 fe df a0 fe df a0 fe df a0 fe df 
00c280  a0 fe df a0 fe df a0 fe df a0 fe df a0 fe df a0 
00c290  fe df a0 fe df a0 fe df a0 fe df a0 fe df a0 fe 
00c2a0  df a0 fe df a0 fe df a0 fe df a0 fe df a0 fe df 
00c2b0  a0 fe df a0 fe df a0 fe df a0 fe df a0 fe df a0 
00c2c0  fe df a0 fe df a0 fe df a0 fe df a0 fe df a0 fe 
00c2d0  df a0 fe df a0 fe df a0 fe df a0 fe df a0 fe df 
00c2e0  a0 fe df a0 fe df a0 fe df a0 fe df a0 fe df a0 
00c2f0  fe df a0 fe df a0 fe df a0 fe df a0 fe df a0 fe 
00c300  df a0 fe df a0 fe df a0 fe df a0 fe df a0 fe df 
00c310  a0 fe df a0 fe df a0 fe df a0 fe df a0 fe df a0 
00c320  fe df a0 fe df a0 fe df a0 fe df a0 fe df a0 fe 
00c330  df a0 fe df a0 fe df a0 fe df a0 fe df a0 fe df 
00c340  a0 fe df a0 fe df a0 fe df a0 fe df a0 fe df a0 
00c350  fe df a0 fe df a0 fe df a0 fe df a0 fe df a0 fe 
00c360  df a0 fe df a0 fe df a0 fe df a0 fe df a0 fe df 
00c370  a0 fe df a0 fe df a0 fe df a0 fe df a0 fe df a0 
00c380  fe df a0 fe df a0 fe df a0 fe df a0 fe df a0 fe 
00c390  df a0 fe df a0 fe df a0 fe df a0 fe df a0 fe df 
00c3a0  a0 fe df a0 fe df a0 fe df a0 fe df a0 fe df a0 
00c3b0  fe df a0 fe df a0 fe df a0 fe df a0 fe df a0 fe 
00c3c0  df a0 fe df a0 fe df a0 fe df a0 fe df a0 fe df 
00c3d0  a0 fe df a0 fe df a0 fe df a0 fe df a0 fe df a0 
00c3e0  fe df a0 fe df a0 fe df a0 fe df a0 fe df a0 fe 
00c3f0  df a0 fe df a0 fe df a0 fe df a0 fe df a0 fe df 
00c400  a0 fe df a0 fe df a0 fe df a0 fe df a0 fe df a0 
00c410  fe df a0 fe df a0 fe df a0 fe df a0 fe df a0 fe 
00c420  df a0 fe df a0 fe df a0 fe df a0 fe df a0 fe df 
00c430  a0 fe df a0 fe df a0 fe df a0 fe df a0 fe df a0 
00c440  fe df a0 fe df a0 fe df a0 fe df a0 fe df a0 fe 
00c450  df a0 fe df a0 fe df a0 fe df a0 fe df a0 fe df 
00c460  a0 fe df a0 fe df a0 fe df a0 fe df a0 fe df a0 
00c470  fe df a0 fe df a0 fe df a0 fe df a0 fe df a0 fe 
00c480  df a0 fe df a0 fe df a0 fe df a0 fe df a0 fe df 
00c490  a0 fe df a0 fe df a0 fe df a0 fe df a0 fe df a0 
00c4a0  fe df a0 fe df a0 fe df a0 fe df a0 fe df a0 fe 
00c4b0  df a0 fe df a0 fe df a0 fe df a0 fe df a0 fe df 
00c4c0  a0 fe df a0 fe df a0 fe df a0 fe df a0 fe df a0 
00c4d0  fe df a0 fe df a0 fe df a0 fe df a0 fe df a0 fe 
00c4e0  df a0 fe df a0 fe df a0 fe df a0 fe df a0 fe df 
00c4f0  a0 fe df a0 fe df a0 fe df a0 fe df a0 fe df a0 
00c500  fe df a0 fe df a0 fe df a0 fe df a0 fe df a0 fe 
00c510  df a0 fe df a0 fe df a0 fe df a0 fe df a0 fe df 
00c520  a0 fe df a0 fe df a0 fe df a0 fe df a0 fe df a0 
00c530  fe df a0 fe df a0 fe df a0 fe df a0 fe df a0 fe 
00c540  df a0 fe df a0 fe df a0 fe df a0 fe df a0 fe df 
00c550  a0 fe df a0 fe df a0 fe df a0 fe df a0 fe df a0 
00c560  fe df a0 fe df a0 fe df a0 fe df a0 fe df a0 fe 
00c570  df a0 fe df a0 fe df a0 fe df a0 fe df a0 fe df 
00c580  a0 fe df a0 fe df a0 fe df a0 fe df a0 fe df a0 
00c590  fe df a0 fe df a0 fe df a0 fe df a0 fe df a0 fe 
00c5a0  df a0 fe df a0 fe df a0 fe df a0 fe df a0 fe df 
00c5b0  a0 fe df a0 fe df a0 fe df a0 fe df a0 fe df a0 
00c5c0  fe df a0 fe df a0 fe df a0 fe df a0 fe df a0 fe 
00c5d0  df a0 fe df a0 fe df a0 fe df a0 fe df a0 fe df 
00c5e0  a0 fe df a0 fe df a0 fe df a0 fe df a0 fe df a0 
00c5f0  fe df a0 fe df a0 fe df a0 fe df a0 fe df a0 fe 
00c600  df a0 fe df a0 fe df a0 fe df a0 fe df a0 fe df 
00c610  a0 fe df a0 fe df a0 fe df a0 fe df a0 fe df a0 
00c620  fe df a0 fe df a0 fe df a0 fe df a0 fe df a0 fe 
00c630  df a0 fe df a0 fe df a0 fe df a0 fe df a0 fe df 
00c640  a0 fe df a0 fe df a0 fe df a0 fe df a0 fe df a0 
00c650  fe df a0 fe df a0 fe df a0 fe df a0 fe df a0 fe 
00c660  df a0 fe df a0 fe df a0 fe df a0 fe df a0 fe df 
00c670  a0 fe df a0 fe df a0 fe df a0 fe df a0 fe df a0 
00c680  fe df a0 fe df a0 fe df a0 fe df a0 fe df a0 fe 
00c690  df a0 fe df a0 fe df a0 fe df a0 fe df a0 fe df 
00c6a0  a0 fe df a0 fe df a0 fe df a0 fe df a0 fe df a0 
00c6b0  fe df a0 fe df a0 fe df a0 fe df a0 fe df a0 fe 
00c6c0  df a0 fe df a0 fe df a0 fe df a0 fe df a0 fe df 
00c6d0  a0 fe df a0 fe df a0 fe df a0 fe df a0 fe df a0 
00c6e0  fe df a0 fe df a0 fe df a0 fe df a0 fe df a0 fe 
00c6f0  df a0 fe df a0 fe df a0 fe df a0 fe df a0 fe df 
00c700  a0 fe df a0 fe df a0 fe df a0 fe df a0 fe df a0 
00c710  fe df a0 fe df a0 fe df a0 fe df a0 fe df a0 fe 
00c720  df a0 fe df a0 fe df a0 fe df a0 fe df a0 fe df 
00c730  a0 fe df a0 fe df a0 fe df a0 fe df a0 fe df a0 
00c740  fe df a0 fe df a0 fe df a0 fe df a0 fe df a0 fe 
00c750  df a0 fe df a0 fe df a0 fe df a0 fe df a0 fe df 
00c760  a0 fe df a0 fe df a0 fe df a0 fe df a0 fe df a0 
00c770  fe df a0 fe df a0 fe df a0 fe df a0 fe df a0 fe 
00c780  df a0 fe df a0 fe df a0 fe df a0 fe df a0 fe df 
00c790  a0 fe df a0 fe df a0 fe df a0 fe df a0 fe df a0 
00c7a0  fe df a0 fe df a0 fe df a0 fe df a0 fe df a0 fe 
00c7b0  df a0 fe df a0 fe df a0 fe df a0 fe df a0 fe df 
00c7c0  a0 fe df a0 fe df a0 fe df a0 fe df a0 fe df a0 
00c7d0  fe df a0 fe df a0 fe df a0 fe df a0 fe df a0 fe 
00c7e0  df a0 fe df a0 fe df a0 fe df a0 fe df a0 fe df 
00c7f0  a0 fe df a0 fe df a0 fe df a0 fe df a0 fe df a0 
00c800  fe df a0 fe df a0 fe df a0 fe df a0 fe df a0 fe 
00c810  df a0 fe df a0 fe df a0 fe df a0 fe df a0 fe df 
00c820  a0 fe df a0 fe df a0 fe df a0 fe df a0 fe df a0 
00c830  fe df a0 fe df a0 fe df a0 fe df a0 fe df a0 fe 
00c840  df a0 fe df a0 fe df a0 fe df a0 fe df a0 fe df 
00c850  a0 fe df a0 fe df a0 fe df a0 fe df a0 fe df a0 
00c860  fe df a0 fe df a0 fe df a0 fe df a0 fe df a0 fe 
00c870  df a0 fe df a0 fe df a0 fe df a0 fe df a0 fe df 
00c880  a0 fe df a0 fe df a0 fe df a0 fe df a0 fe df a0 
00c890  fe df a0 fe df a0 fe df a0 fe df a0 fe df a0 fe 
00c8a0  df a0 fe df a0 fe df a0 fe df a0 fe df a0 fe df 
00c8b0  a0 fe df a0 fe df a0 fe df a0 fe df a0 fe df a0 
00c8c0  fe df a0 fe df a0 fe df a0 fe df a0 fe df a0 fe 
00c8d0  df a0 fe df a0 fe df a0 fe df a0 fe df a0 fe df 
00c8e0  a0 fe df a0 fe df a0 fe df a0 fe df a0 fe df a0 
00c8f0  fe df a0 fe df a0 fe df a0 fe df a0 fe df a0 fe 
00c900  df a0 fe df a0 fe df a0 fe df a0 fe df a0 fe df 
00c910  a0 fe df a0 fe df a0 fe df a0 fe df a0 fe df a0 
00c920  fe df a0 fe df a0 fe df a0 fe df a0 fe df a0 fe 
00c930  df a0 fe df a0 fe df a0 fe df a0 fe df a0 fe df 
00c940  a0 fe df a0 fe df a0 fe df a0 fe df a0 fe df a0 
00c950  fe df a0 fe df a0 fe df a0 fe df a0 fe df a0 fe 
00c960  df a0 fe df a0 fe df a0 fe df a0 fe df a0 fe df 
00c970  a0 fe df a0 fe df a0 fe df a0 fe df a0 fe df a0 
00c980  fe df a0 fe df a0 fe df a0 fe df a0 fe df a0 fe 
00c990  df a0 fe df a0 fe df a0 fe df a0 fe df a0 fe df 
00c9a0  a0 fe df a0 fe df a0 fe df a0 fe df a0 fe df a0 
00c9b0  fe df a0 fe df a0 fe df a0 fe df a0 fe df a0 fe 
00c9c0  df a0 fe df a0 fe df a0 fe df a0 fe df a0 fe df 
00c9d0  a0 fe df a0 fe df a0 fe df a0 fe df a0 fe df a0 
00c9e0  fe df a0 fe df a0 fe df a0 fe df a0 fe df a0 fe 
00c9f0  df a0 fe df a0 fe df a0 fe df a0 fe df a0 fe df 
00ca00  a0 fe df a0 fe df a0 fe df a0 fe df a0 fe df a0 
00ca10  fe df a0 fe df a0 fe df a0 fe df a0 fe df a0 fe 
00ca20  df a0 fe df a0 fe df a0 fe df a0 fe df a0 fe df 
00ca30  a0 fe df a0 fe df a0 fe df a0 fe df a0 fe df a0 
00ca40  fe df a0 fe df a0 fe df a0 fe df a0 fe df a0 fe 
00ca50  df a0 fe df a0 fe df a0 fe df a0 fe df a0 fe df 
00ca60  a0 fe df a0 fe df a0 fe df a0 fe df a0 fe df a0 
00ca70  fe df a0 fe df a0 fe df a0 fe df a0 fe df a0 fe 
00ca80  df a0 fe df a0 fe df a0 fe df a0 fe df a0 fe df 
00ca90  a0 fe df a0 fe df a0 fe df a0 fe df a0 fe df a0 
00caa0  fe df a0 fe df a0 fe df a0 fe df a0 fe df a0 fe 
00cab0  df a0 fe df a0 fe df a0 fe df a0 fe df a0 fe df 
00cac0  a0 fe df a0 fe df a0 fe df a0 fe df a0 fe df a0 
00cad0  fe df a0 fe df a0 fe df a0 fe df a0 fe df a0 fe 
00cae0  df a0 fe df a0 fe df a0 fe df a0 fe df a0 fe df 
00caf0  a0 fe df a0 fe df a0 fe df a0 fe df a0 fe df a0 
00cb00  fe df a0 fe df a0 fe df a0 fe df a0 fe df a0 fe 
00cb10  df a0 fe df a0 fe df a0 fe df a0 fe df a0 fe df 
00cb20  a0 fe df a0 fe df a0 fe df a0 fe df a0 fe df a0 
00cb30  fe df a0 fe df a0 fe df a0 fe df a0 fe df a0 fe 
00cb40  df a0 fe df a0 fe df a0 fe df a0 fe df a0 fe df 
00cb50  a0 fe df a0 fe df a0 fe df a0 fe df a0 fe df a0 
00cb60  fe df a0 fe df a0 fe df a0 fe df a0 fe df a0 fe 
00cb70  df a0 fe df a0 fe df a0 fe df a0 fe df a0 fe df 
00cb80  a0 fe df a0 fe df a0 fe df a0 fe df a0 fe df a0 
00cb90  fe df a0 fe df a0 fe df a0 fe df a0 fe df a0 fe 
00cba0  df a0 fe df a0 fe df a0 fe df a0 fe df a0 fe df 
00cbb0  a0 fe df a0 fe df a0 fe df a0 fe df a0 fe df a0 
00cbc0  fe df a0 fe df a0 fe df a0 fe df a0 fe df a0 fe 
00cbd0  df a0 fe df a0 fe df a0 fe df a0 fe df a0 fe df 
00cbe0  a0 fe df a0 fe df a0 fe df a0 fe df a0 fe df a0 
00cbf0  fe df a0 fe df a0 fe df a0 fe df a0 fe df a0 fe 
00cc00  df a0 fe df a0 fe df a0 fe df a0 fe df a0 fe df 
00cc10  a0 fe df a0 fe df a0 fe df a0 fe df a0 fe df a0 
00cc20  fe df a0 fe df a0 fe df a0 fe df a0 fe df a0 fe 
00cc30  df a0 fe df a0 fe df a0 fe df a0 fe df a0 fe df 
00cc40  a0 fe df a0 fe df a0 fe df a0 fe df a0 fe df a0 
00cc50  fe df a0 fe df a0 fe df a0 fe df a0 fe df a0 fe 
00cc60  df a0 fe df a0 fe df a0 fe df a0 fe df a0 fe df 
00cc70  a0 fe df a0 fe df a0 fe df a0 fe df a0 fe df a0 
00cc80  fe df a0 fe df a0 fe df a0 fe df a0 fe df a0 fe 
00cc90  df a0 fe df a0 fe df a0 fe df a0 fe df a0 fe df 
00cca0  a0 fe df a0 fe df a0 fe df a0 fe df a0 fe df a0 
00ccb0  fe df a0 fe df a0 fe df a0 fe df a0 fe df a0 fe 
00ccc0  df a0 fe df a0 fe df a0 fe df a0 fe df a0 fe df 
00ccd0  a0 fe df a0 fe df a0 fe df a0 fe df a0 fe df a0 
00cce0  fe df a0 fe df a0 fe df a0 fe df a0 fe df a0 fe 
00ccf0  df a0 fe df a0 fe df a0 fe df a0 fe df a0 fe df 
00cd00  a0 fe df a0 fe df a0 fe df a0 fe df a0 fe df a0 
00cd10  fe df a0 fe df a0 fe df a0 fe df a0 fe df a0 fe 
00cd20  df a0 fe df a0 fe df a0 fe df a0 fe df a0 fe df 
00cd30  a0 fe df a0 fe df a0 fe df a0 fe df a0 fe df a0 
00cd40  fe df a0 fe df a0 fe df a0 fe df a0 fe df a0 fe 
00cd50  df a0 fe df a0 fe df a0 fe df a0 fe df a0 fe df 
00cd60  a0 fe df a0 fe df a0 fe df a0 fe df a0 fe df a0 
00cd70  fe df a0 fe df a0 fe df a0 fe df a0 fe df a0 fe 
00cd80  df a0 fe df a0 fe df a0 fe df a0 fe df a0 fe df 
00cd90  a0 fe df a0 fe df a0 fe df a0 fe df a0 fe df a0 
00cda0  fe df a0 fe df a0 fe df a0 fe df a0 fe df a0 fe 
00cdb0  df a0 fe df a0 fe df a0 fe df a0 fe df a0 fe df 
00cdc0  a0 fe df a0 fe df a0 fe df a0 fe df a0 fe df a0 
00cdd0  fe df a0 fe df a0 fe df a0 fe df a0 fe df a0 fe 
00cde0  df a0 fe df a0 fe df a0 fe df a0 fe df a0 fe df 
00cdf0  a0 fe df a0 fe df a0 fe df a0 fe df a0 fe df a0 
00ce00  fe df a0 fe df a0 fe df a0 fe df a0 fe df a0 fe 
00ce10  df a0 fe df a0 fe df a0 fe df a0 fe df a0 fe df 
00ce20  a0 fe df a0 fe df a0 fe df a0 fe df a0 fe df a0 
00ce30  fe df a0 fe df a0 fe df a0 fe df a0 fe df a0 fe 
00ce40  df a0 fe df a0 fe df a0 fe df a0 fe df a0 fe df 
00ce50  a0 fe df a0 fe df a0 fe df a0 fe df a0 fe df a0 
00ce60  fe df a0 fe df a0 fe df a0 fe df a0 fe df a0 fe 
00ce70  df a0 fe df a0 fe df a0 fe df a0 fe df a0 fe df 
00ce80  a0 fe df a0 fe df a0 fe df a0 fe df a0 fe df a0 
00ce90  fe df a0 fe df a0 fe df a0 fe df a0 fe df a0 fe 
00cea0  df a0 fe df a0 fe df a0 fe df a0 fe df a0 fe df 
00ceb0  a0 fe df a0 fe df a0 fe df a0 fe df a0 fe df a0 
00cec0  fe df a0 fe df a0 fe df a0 fe df a0 fe df a0 fe 
00ced0  df a0 fe df a0 fe df a0 fe df a0 fe df a0 fe df 
00cee0  a0 fe df a0 fe df a0 fe df a0 fe df a0 fe df a0 
00cef0  fe df a0 fe df a0 fe df a0 fe df a0 fe df a0 fe 
00cf00  df a0 fe df a0 fe df a0 fe df a0 fe df a0 fe df 
00cf10  a0 fe df a0 fe df a0 fe df a0 fe df a0 fe df a0 
00cf20  fe df a0 fe df a0 fe df a0 fe df a0 fe df a0 fe 
00cf30  df a0 fe df a0 fe df a0 fe df a0 fe df a0 fe df 
00cf40  a0 fe df a0 fe df a0 fe df a0 fe df a0 fe df a0 
00cf50  fe df a0 fe df a0 fe df a0 fe df a0 fe df a0 fe 
00cf60  df a0 fe df a0 fe df a0 fe df a0 fe df a0 fe df 
00cf70  a0 fe df a0 fe df a0 fe df a0 fe df a0 fe df a0 
00cf80  fe df a0 fe df a0 fe df a0 fe df a0 fe df a0 fe 
00cf90  df a0 fe df a0 fe df a0 fe df a0 fe df a0 fe df 
00cfa0  a0 fe df a0 fe df a0 fe df a0 fe df a0 fe df a0 
00cfb0  fe df a0 fe df a0 fe df a0 fe df a0 fe df a0 fe 
00cfc0  df a0 fe df a0 fe df a0 fe df a0 fe df a0 fe df 
00cfd0  a0 fe df a0 fe df a0 fe df a0 fe df a0 fe df a0 
00cfe0  fe df a0 fe df a0 fe df a0 fe df a0 fe df a0 fe 
00cff0  df a0 fe df a0 fe df a0 fe df a0 fe df a0 fe df 
00d000  a0 fe df a0 fe df a0 fe df a0 fe df a0 fe df a0 
00d010  fe df a0 fe df a0 fe df a0 fe df a0 fe df a0 fe 
00d020  df a0 fe df a0 fe df a0 fe df a0 fe df a0 fe df 
00d030  a0 fe df a0 fe df a0 fe df a0 fe df a0 fe df a0 
00d040  fe df a0 fe df a0 fe df a0 fe df a0 fe df a0 fe 
00d050  df a0 fe df a0 fe df a0 fe df a0 fe df a0 fe df 
00d060  a0 fe df a0 fe df a0 fe df a0 fe df a0 fe df a0 
00d070  fe df a0 fe df a0 fe df a0 fe df a0 fe df a0 fe 
00d080  df a0 fe df a0 fe df a0 fe df a0 fe df a0 fe df 
00d090  a0 fe df a0 fe df a0 fe df a0 fe df a0 fe df a0 
00d0a0  fe df a0 fe df a0 fe df a0 fe df a0 fe df a0 fe 
00d0b0  df a0 fe df a0 fe df a0 fe df a0 fe df a0 fe df 
00d0c0  a0 fe df a0 fe df a0 fe df a0 fe df a0 fe df a0 
00d0d0  fe df a0 fe df a0 fe df a0 fe df a0 fe df a0 fe 
00d0e0  df a0 fe df a0 fe df a0 fe df a0 fe df a0 fe df 
00d0f0  a0 fe df a0 fe df a0 fe df a0 fe df a0 fe df a0 
00d100  fe df a0 fe df a0 fe df a0 fe df a0 fe df a0 fe 
00d110  df a0 fe df a0 fe df a0 fe df a0 fe df a0 fe df 
00d120  a0 fe df a0 fe df a0 fe df a0 fe df a0 fe df a0 
00d130  fe df a0 fe df a0 fe df a0 fe df a0 fe df a0 fe 
00d140  df a0 fe df a0 fe df a0 fe df a0 fe df a0 fe df 
00d150  a0 fe df a0 fe df a0 fe df a0 fe df a0 fe df a0 
00d160  fe df a0 fe df a0 fe df a0 fe df a0 fe df a0 fe 
00d170  df a0 fe df a0 fe df a0 fe df a0 fe df a0 fe df 
00d180  a0 fe df a0 fe df a0 fe df a0 fe df a0 fe df a0 
00d190  fe df a0 fe df a0 fe df a0 fe df a0 fe df a0 fe 
00d1a0  df a0 fe df a0 fe df a0 fe df a0 fe df a0 fe df 
00d1b0  a0 fe df a0 fe df a0 fe df a0 fe df a0 fe df a0 
00d1c0  fe df a0 fe df a0 fe df a0 fe df a0 fe df a0 fe 
00d1d0  df a0 fe df a0 fe df a0 fe df a0 fe df a0 fe df 
00d1e0  a0 fe df a0 fe df a0 fe df a0 fe df a0 fe df a0 
00d1f0  fe df a0 fe df a0 fe df a0 fe df a0 fe df a0 fe 
00d200  df a0 fe df a0 fe df a0 fe df a0 fe df a0 fe df 
00d210  a0 fe df a0 fe df a0 fe df a0 fe df a0 fe df a0 
00d220  fe df a0 fe df a0 fe df a0 fe df a0 fe df a0 fe 
00d230  df a0 fe df a0 fe df a0 fe df a0 fe df a0 fe df 
00d240  a0 fe df a0 fe df a0 fe df a0 fe df a0 fe df a0 
00d250  fe df a0 fe df a0 fe df a0 fe df a0 fe df a0 fe 
00d260  df a0 fe df a0 fe df a0 fe df a0 fe df a0 fe df 
00d270  a0 fe df a0 fe df a0 fe df a0 fe df a0 fe df a0 
00d280  fe df a0 fe df a0 fe df a0 fe df a0 fe df a0 fe 
00d290  df a0 fe df a0 fe df a0 fe df a0 fe df a0 fe df 
00d2a0  a0 fe df a0 fe df a0 fe df a0 fe df a0 fe df a0 
00d2b0  fe df a0 fe df a0 fe df a0 fe df a0 fe df a0 fe 
00d2c0  df a0 fe df a0 fe df a0 fe df a0 fe df a0 fe df 
00d2d0  a0 fe df a0 fe df a0 fe df a0 fe df a0 fe df a0 
00d2e0  fe df a0 fe df a0 fe df a0 fe df a0 fe df a0 fe 
00d2f0  df a0 fe df a0 fe df a0 fe df a0 fe df a0 fe df 
00d300  a0 fe df a0 fe df a0 fe df a0 fe df a0 fe df a0 
00d310  fe df a0 fe df a0 fe df a0 fe df a0 fe df a0 fe 
00d320  df a0 fe df a0 fe df a0 fe df a0 fe df a0 fe df 
00d330  a0 fe df a0 fe df a0 fe df a0 fe df a0 fe df a0 
00d340  fe df a0 fe df a0 fe df a0 fe df a0 fe df a0 fe 
00d350  df a0 fe df a0 fe df a0 fe df a0 fe df a0 fe df 
00d360  a0 fe df a0 fe df a0 fe df a0 fe df a0 fe df a0 
00d370  fe df a0 fe df a0 fe df a0 fe df a0 fe df a0 fe 
00d380  df a0 fe df a0 fe df a0 fe df a0 fe df a0 fe df 
00d390  a0 fe df a0 fe df a0 fe df a0 fe df a0 fe df a0 
00d3a0  fe df a0 fe df a0 fe df a0 fe df a0 fe df a0 fe 
00d3b0  df a0 fe df a0 fe df a0 fe df a0 fe df a0 fe df 
00d3c0  a0 fe df a0 fe df a0 fe df a0 fe df a0 fe df a0 
00d3d0  fe df a0 fe df a0 fe df a0 fe df a0 fe df a0 fe 
00d3e0  df a0 fe df a0 fe df a0 fe df a0 fe df a0 fe df 
00d3f0  a0 fe df a0 fe df a0 fe df a0 fe df a0 fe df a0 
00d400  fe df a0 fe df a0 fe df a0 fe df a0 fe df a0 fe 
00d410  df a0 fe df a0 fe df a0 fe df a0 fe df a0 fe df 
00d420  a0 fe df a0 fe df a0 fe df a0 fe df a0 fe df a0 
00d430  fe df a0 fe df a0 fe df a0 fe df a0 fe df a0 fe 
00d440  df a0 fe df a0 fe df a0 fe df a0 fe df a0 fe df 
00d450  a0 fe df a0 fe df a0 fe df a0 fe df a0 fe df a0 
00d460  fe df a0 fe df a0 fe df a0 fe df a0 fe df a0 fe 
00d470  df a0 fe df a0 fe df a0 fe df a0 fe df a0 fe df 
00d480  a0 fe df a0 fe df a0 fe df a0 fe df a0 fe df a0 
00d490  fe df a0 fe df a0 fe df a0 fe df a0 fe df a0 fe 
00d4a0  df a0 fe df a0 fe df a0 fe df a0 fe df a0 fe df 
00d4b0  a0 fe df a0 fe df a0 fe df a0 fe df a0 fe df a0 
00d4c0  fe df a0 fe df a0 fe df a0 fe df a0 fe df a0 fe 
00d4d0  df a0 fe df a0 fe df a0 fe df a0 fe df a0 fe df 
00d4e0  a0 fe df a0 fe df a0 fe df a0 fe df a0 fe df a0 
00d4f0  fe df a0 fe df a0 fe df a0 fe df a0 fe df a0 fe 
00d500  df a0 fe df a0 fe df a0 fe df a0 fe df a0 fe df 
00d510  a0 fe df a0 fe df a0 fe df a0 fe df a0 fe df a0 
00d520  fe df a0 fe df a0 fe df a0 fe df a0 fe df a0 fe 
00d530  df a0 fe df a0 fe df a0 fe df a0 fe df a0 fe df 
00d540  a0 fe df a0 fe df a0 fe df a0 fe df a0 fe df a0 
00d550  fe df a0 fe df a0 fe df a0 fe df a0 fe df a0 fe 
00d560  df a0 fe df a0 fe df a0 fe df a0 fe df a0 fe df 
00d570  a0 fe df a0 fe df a0 fe df a0 fe df a0 fe df a0 
00d580  fe df a0 fe df a0 fe df a0 fe df a0 fe df a0 fe 
00d590  df a0 fe df a0 fe df a0 fe df a0 fe df a0 fe df 
00d5a0  a0 fe df a0 fe df a0 fe df a0 fe df a0 fe df a0 
00d5b0  fe df a0 fe df a0 fe df a0 fe df a0 fe df a0 fe 
00d5c0  df a0 fe df a0 fe df a0 fe df a0 fe df a0 fe df 
00d5d0  a0 fe df a0 fe df a0 fe df a0 fe df a0 fe df a0 
00d5e0  fe df a0 fe df a0 fe df a0 fe df a0 fe df a0 fe 
00d5f0  df a0 fe df a0 fe df a0 fe df a0 fe df a0 fe df 
00d600  a0 fe df a0 fe df a0 fe df a0 fe df a0 fe df a0 
00d610  fe df a0 fe df a0 fe df a0 fe df a0 fe df a0 fe 
00d620  df a0 fe df a0 fe df a0 fe df a0 fe df a0 fe df 
00d630  a0 fe df a0 fe df a0 fe df a0 fe df a0 fe df a0 
00d640  fe df a0 fe df a0 fe df a0 fe df a0 fe df a0 fe 
00d650  df a0 fe df a0 fe df a0 fe df a0 fe df a0 fe df 
00d660  a0 fe df a0 fe df a0 fe df a0 fe df a0 fe df a0 
00d670  fe df a0 fe df a0 fe df a0 fe df a0 fe df a0 fe 
00d680  df a0 fe df a0 fe df a0 fe df a0 fe df a0 fe df 
00d690  a0 fe df a0 fe df a0 fe df a0 fe df a0 fe df a0 
00d6a0  fe df a0 fe df a0 fe df a0 fe df a0 fe df a0 fe 
00d6b0  df a0 fe df a0 fe df a0 fe df a0 fe df a0 fe df 
00d6c0  a0 fe df a0 fe df a0 fe df a0 fe df a0 fe df a0 
00d6d0  fe df a0 fe df a0 fe df a0 fe df a0 fe df a0 fe 
00d6e0  df a0 fe df a0 fe df a0 fe df a0 fe df a0 fe df 
00d6f0  a0 fe df a0 fe df a0 fe df a0 fe df a0 fe df a0 
00d700  fe df a0 fe df a0 fe df a0 fe df a0 fe df a0 fe 
00d710  df a0 fe df a0 fe df a0 fe df a0 fe df a0 fe df 
00d720  a0 fe df a0 fe df a0 fe df a0 fe df a0 fe df a0 
00d730  fe df a0 fe df a0 fe df a0 fe df a0 fe df a0 fe 
00d740  df a0 fe df a0 fe df a0 fe df a0 fe df a0 fe df 
00d750  a0 fe df a0 fe df a0 fe df a0 fe df a0 fe df a0 
00d760  fe df a0 fe df a0 fe df a0 fe df a0 fe df a0 fe 
00d770  df a0 fe df a0 fe df a0 fe df a0 fe df a0 fe df 
00d780  a0 fe df a0 fe df a0 fe df a0 fe df a0 fe df a0 
00d790  fe df a0 fe df a0 fe df a0 fe df a0 fe df a0 fe 
00d7a0  df a0 fe df a0 fe df a0 fe df a0 fe df a0 fe df 
00d7b0  a0 fe df a0 fe df a0 fe df a0 fe df a0 fe df a0 
00d7c0  fe df a0 fe df a0 fe df a0 fe df a0 fe df a0 fe 
00d7d0  df a0 fe df a0 fe df a0 fe df a0 fe df a0 fe df 
00d7e0  a0 fe df a0 fe df a0 fe df a0 fe df a0 fe df a0 
00d7f0  fe df a0 fe df a0 fe df a0 fe df a0 fe df a0 fe 
00d800  df a0 fe df a0 fe df a0 fe df a0 fe df a0 fe df 
00d810  a0 fe df a0 fe df a0 fe df a0 fe df a0 fe df a0 
00d820  fe df a0 fe df a0 fe df a0 fe df a0 fe df a0 fe 
00d830  df a0 fe df a0 fe df a0 fe df a0 fe df a0 fe df 
00d840  a0 fe df a0 fe df a0 fe df a0 fe df a0 fe df a0 
00d850  fe df a0 fe df a0 fe df a0 fe df a0 fe df a0 fe 
00d860  df a0 fe df a0 fe df a0 fe df a0 fe df a0 fe df 
00d870  a0 fe df a0 fe df a0 fe df a0 fe df a0 fe df a0 
00d880  fe df a0 fe df a0 fe df a0 fe df a0 fe df a0 fe 
00d890  df a0 fe df a0 fe df a0 fe df a0 fe df a0 fe df 
00d8a0  a0 fe df a0 fe df a0 fe df a0 fe df a0 fe df a0 
00d8b0  fe df a0 fe df a0 fe df a0 fe df a0 fe df a0 fe 
00d8c0  df a0 fe df a0 fe df a0 fe df a0 fe df a0 fe df 
00d8d0  a0 fe df a0 fe df a0 fe df a0 fe df a0 fe df a0 
00d8e0  fe df a0 fe df a0 fe df a0 fe df a0 fe df a0 fe 
00d8f0  df a0 fe df a0 fe df a0 fe df a0 fe df a0 fe df 
00d900  a0 fe df a0 fe df a0 fe df a0 fe df a0 fe df a0 
00d910  fe df a0 fe df a0 fe df a0 fe df a0 fe df a0 fe 
00d920  df a0 fe df a0 fe df a0 fe df a0 fe df a0 fe df 
00d930  a0 fe df a0 fe df a0 fe df a0 fe df a0 fe df a0 
00d940  fe df a0 fe df a0 fe df a0 fe df a0 fe df a0 fe 
00d950  df a0 fe df a0 fe df a0 fe df a0 fe df a0 fe df 
00d960  a0 fe df a0 fe df a0 fe df a0 fe df a0 fe df a0 
00d970  fe df a0 fe df a0 fe df a0 fe df a0 fe df a0 fe 
00d980  df a0 fe df a0 fe df a0 fe df a0 fe df a0 fe df 
00d990  a0 fe df a0 fe df a0 fe df a0 fe df a0 fe df a0 
00d9a0  fe df a0 fe df a0 fe df a0 fe df a0 fe df a0 fe 
00d9b0  df a0 fe df a0 fe df a0 fe df a0 fe df a0 fe df 
00d9c0  a0 fe df a0 fe df a0 fe df a0 fe df a0 fe df a0 
00d9d0  fe df a0 fe df a0 fe df a0 fe df a0 fe df a0 fe 
00d9e0  df a0 fe df a0 fe df a0 fe df a0 fe df a0 fe df 
00d9f0  a0 fe df a0 fe df a0 fe df a0 fe df a0 fe df a0 
00da00  fe df a0 fe df a0 fe df a0 fe df a0 fe df a0 fe 
00da10  df a0 fe df a0 fe df a0 fe df a0 fe df a0 fe df 
00da20  a0 fe df a0 fe df a0 fe df a0 fe df a0 fe df a0 
00da30  fe df a0 fe df a0 fe df a0 fe df a0 fe df a0 fe 
00da40  df a0 fe df a0 fe df a0 fe df a0 fe df a0 fe df 
00da50  a0 fe df a0 fe df a0 fe df a0 fe df a0 fe df a0 
00da60  fe df a0 fe df a0 fe df a0 fe df a0 fe df a0 fe 
00da70  df a0 fe df a0 fe df a0 fe df a0 fe df a0 fe df 
00da80  a0 fe df a0 fe df a0 fe df a0 fe df a0 fe df a0 
00da90  fe df a0 fe df a0 fe df a0 fe df a0 fe df a0 fe 
00daa0  df a0 fe df a0 fe df a0 fe df a0 fe df a0 fe df 
00dab0  a0 fe df a0 fe df a0 fe df a0 fe df a0 fe df a0 
00dac0  fe df a0 fe df a0 fe df a0 fe df a0 fe df a0 fe 
00dad0  df a0 fe df a0 fe df a0 fe df a0 fe df a0 fe df 
00dae0  a0 fe df a0 fe df a0 fe df a0 fe df a0 fe df a0 
00daf0  fe df a0 fe df a0 fe df a0 fe df a0 fe df a0 fe 
00db00  df a0 fe df a0 fe df a0 fe df a0 fe df a0 fe df 
00db10  a0 fe df a0 fe df a0 fe df a0 fe df a0 fe df a0 
00db20  fe df a0 fe df a0 fe df a0 fe df a0 fe df a0 fe 
00db30  df a0 fe df a0 fe df a0 fe df a0 fe df a0 fe df 
00db40  a0 fe df a0 fe df a0 fe df a0 fe df a0 fe df a0 
00db50  fe df a0 fe df a0 fe df a0 fe df a0 fe df a0 fe 
00db60  df a0 fe df a0 fe df a0 fe df a0 fe df a0 fe df 
00db70  a0 fe df a0 fe df a0 fe df a0 fe df a0 fe df a0 
00db80  fe df a0 fe df a0 fe df a0 fe df a0 fe df a0 fe 
00db90  df a0 fe df a0 fe df a0 fe df a0 fe df a0 fe df 
00dba0  a0 fe df a0 fe df a0 fe df a0 fe df a0 fe df a0 
00dbb0  fe df a0 fe df a0 fe df a0 fe df a0 fe df a0 fe 
00dbc0  df a0 fe df a0 fe df a0 fe df a0 fe df a0 fe df 
00dbd0  a0 fe df a0 fe df a0 fe df a0 fe df a0 fe df a0 
00dbe0  fe df a0 fe df a0 fe df a0 fe df a0 fe df a0 fe 
00dbf0  df a0 fe df a0 fe df a0 fe df a0 fe df a0 fe df 
00dc00  a0 fe df a0 fe df a0 fe df a0 fe df a0 fe df a0 
00dc10  fe df a0 fe df a0 fe df a0 fe df a0 fe df a0 fe 
00dc20  df a0 fe df a0 fe df a0 fe df a0 fe df a0 fe df 
00dc30  a0 fe df a0 fe df a0 fe df a0 fe df a0 fe df a0 
00dc40  fe df a0 fe df a0 fe df a0 fe df a0 fe df a0 fe 
00dc50  df a0 fe df a0 fe df a0 fe df a0 fe df a0 fe df 
00dc60  a0 fe df a0 fe df a0 fe df a0 fe df a0 fe df a0 
00dc70  fe df a0 fe df a0 fe df a0 fe df a0 fe df a0 fe 
00dc80  df a0 fe df a0 fe df a0 fe df a0 fe df a0 fe df 
00dc90  a0 fe df a0 fe df a0 fe df a0 fe df a0 fe df a0 
00dca0  fe df a0 fe df a0 fe df a0 fe df a0 fe df a0 fe 
00dcb0  df a0 fe df a0 fe df a0 fe df a0 fe df a0 fe df 
00dcc0  a0 fe df a0 fe df a0 fe df a0 fe df a0 fe df a0 
00dcd0  fe df a0 fe df a0 fe df a0 fe df a0 fe df a0 fe 
00dce0  df a0 fe df a0 fe df a0 fe df a0 fe df a0 fe df 
00dcf0  a0 fe df a0 fe df a0 fe df a0 fe df a0 fe df a0 
00dd00  fe df a0 fe df a0 fe df a0 fe df a0 fe df a0 fe 
00dd10  df a0 fe df a0 fe df a0 fe df a0 fe df a0 fe df 
00dd20  a0 fe df a0 fe df a0 fe df a0 fe df a0 fe df a0 
00dd30  fe df a0 fe df a0 fe df a0 fe df a0 fe df a0 fe 
00dd40  df a0 fe df a0 fe df a0 fe df a0 fe df a0 fe df 
00dd50  a0 fe df a0 fe df a0 fe df a0 fe df a0 fe df a0 
00dd60  fe df a0 fe df a0 fe df a0 fe df a0 fe df a0 fe 
00dd70  df a0 fe df a0 fe df a0 fe df a0 fe df a0 fe df 
00dd80  a0 fe df a0 fe df a0 fe df a0 fe df a0 fe df a0 
00dd90  fe df a0 fe df a0 fe df a0 fe df a0 fe df a0 fe 
00dda0  df a0 fe df a0 fe df a0 fe df a0 fe df a0 fe df 
00ddb0  a0 fe df a0 fe df a0 fe df a0 fe df a0 fe df a0 
00ddc0  fe df a0 fe df a0 fe df a0 fe df a0 fe df a0 fe 
00ddd0  df a0 fe df a0 fe df a0 fe df a0 fe df a0 fe df 
00dde0  a0 fe df a0 fe df a0 fe df a0 fe df a0 fe df a0 
00ddf0  fe df a0 fe df a0 fe df a0 fe df a0 fe df a0 fe 
00de00  df a0 fe df a0 fe df a0 fe df a0 fe df a0 fe df 
00de10  a0 fe df a0 fe df a0 fe df a0 fe df a0 fe df a0 
00de20  fe df a0 fe df a0 fe df a0 fe df a0 fe df a0 fe 
00de30  df a0 fe df a0 fe df a0 fe df a0 fe df a0 fe df 
00de40  a0 fe df a0 fe df a0 fe df a0 fe df a0 fe df a0 
00de50  fe df a0 fe df a0 fe df a0 fe df a0 fe df a0 fe 
00de60  df a0 fe df a0 fe df a0 fe df a0 fe df a0 fe df 
00de70  a0 fe df a0 fe df a0 fe df a0 fe df a0 fe df a0 
00de80  fe df a0 fe df a0 fe df a0 fe df a0 fe df a0 fe 
00de90  df a0 fe df a0 fe df a0 fe df a0 fe df a0 fe df 
00dea0  a0 fe df a0 fe df a0 fe df a0 fe df a0 fe df a0 
00deb0  fe df a0 fe df a0 fe df a0 fe df a0 fe df a0 fe 
00dec0  df a0 fe df a0 fe df a0 fe df a0 fe df a0 fe df 
00ded0  a0 fe df a0 fe df a0 fe df a0 fe df a0 fe df a0 
00dee0  fe df a0 fe df a0 fe df a0 fe df a0 fe df a0 fe 
00def0  df a0 fe df a0 fe df a0 fe df a0 fe df a0 fe df 
00df00  a0 fe df a0 fe df a0 fe df a0 fe df a0 fe df a0 
00df10  fe df a0 fe df a0 fe df a0 fe df a0 fe df a0 fe 
00df20  df a0 fe df a0 fe df a0 fe df a0 fe df a0 fe df 
00df30  a0 fe df a0 fe df a0 fe df a0 fe df a0 fe df a0 
00df40  fe df a0 fe df a0 fe df a0 fe df a0 fe df a0 fe 
00df50  df a0 fe df a0 fe df a0 fe df a0 fe df a0 fe df 
00df60  a0 fe df a0 fe df a0 fe df a0 fe df a0 fe df a0 
00df70  fe df a0 fe df a0 fe df a0 fe df a0 fe df a0 fe 
00df80  df a0 fe df a0 fe df a0 fe df a0 fe df a0 fe df 
00df90  a0 fe df a0 fe df a0 fe df a0 fe df a0 fe df a0 
00dfa0  fe df a0 fe df a0 fe df a0 fe df a0 fe df a0 fe 
00dfb0  df a0 fe df a0 fe df a0 fe df a0 fe df a0 fe df 
00dfc0  a0 fe df a0 fe df a0 fe df a0 fe df a0 fe df a0 
00dfd0  fe df a0 fe df a0 fe df a0 fe df a0 fe df a0 fe 
00dfe0  df a0 fe df a0 fe df a0 fe df a0 fe df a0 fe df 
00dff0  a0 fe df a0 fe df a0 fe df a0 fe df a0 fe df a0 
00e000  fe df a0 fe df a0 fe df a0 fe df a0 fe df a0 fe 
00e010  df a0 fe df a0 fe df a0 fe df a0 fe df a0 fe df 
00e020  a0 fe df a0 fe df a0 fe df a0 fe df a0 fe df a0 
00e030  fe df a0 fe df a0 fe df a0 fe df a0 fe df a0 fe 
00e040  df a0 fe df a0 fe df a0 fe df a0 fe df a0 fe df 
00e050  a0 fe df a0 fe df a0 fe df a0 fe df a0 fe df a0 
00e060  fe df a0 fe df a0 fe df a0 fe df a0 fe df a0 fe 
00e070  df a0 fe df a0 fe df a0 fe df a0 fe df a0 fe df 
00e080  a0 fe df a0 fe df a0 fe df a0 fe df a0 fe df a0 
00e090  fe df a0 fe df a0 fe df a0 fe df a0 fe df a0 fe 
00e0a0  df a0 fe df a0 fe df a0 fe df a0 fe df a0 fe df 
00e0b0  a0 fe df a0 fe df a0 fe df a0 fe df a0 fe df a0 
00e0c0  fe df a0 fe df a0 fe df a0 fe df a0 fe df a0 fe 
00e0d0  df a0 fe df a0 fe df a0 fe df a0 fe df a0 fe df 
00e0e0  a0 fe df a0 fe df a0 fe df a0 fe df a0 fe df a0 
00e0f0  fe df a0 fe df a0 fe df a0 fe df a0 fe df a0 fe 
00e100  df a0 fe df a0 fe df a0 fe df a0 fe df a0 fe df 
00e110  a0 fe df a0 fe df a0 fe df a0 fe df a0 fe df a0 
00e120  fe df a0 fe df a0 fe df a0 fe df a0 fe df a0 fe 
00e130  df a0 fe df a0 fe df a0 fe df a0 fe df a0 fe df 
00e140  a0 fe df a0 fe df a0 fe df a0 fe df a0 fe df a0 
00e150  fe df a0 fe df a0 fe df a0 fe df a0 fe df a0 fe 
00e160  df a0 fe df a0 fe df a0 fe df a0 fe df a0 fe df 
00e170  a0 fe df a0 fe df a0 fe df a0 fe df a0 fe df a0 
00e180  fe df a0 fe df a0 fe df a0 fe df a0 fe df a0 fe 
00e190  df a0 fe df a0 fe df a0 fe df a0 fe df a0 fe df 
00e1a0  a0 fe df a0 fe df a0 fe df a0 fe df a0 fe df a0 
00e1b0  fe df a0 fe df a0 fe df a0 fe df a0 fe df a0 fe 
00e1c0  df a0 fe df a0 fe df a0 fe df a0 fe df a0 fe df 
00e1d0  a0 fe df a0 fe df a0 fe df a0 fe df a0 fe df a0 
00e1e0  fe df a0 fe df a0 fe df a0 fe df a0 fe df a0 fe 
00e1f0  df a0 fe df a0 fe df a0 fe df a0 fe df a0 fe df 
00e200  a0 fe df a0 fe df a0 fe df a0 fe df a0 fe df a0 
00e210  fe df a0 fe df a0 fe df a0 fe df a0 fe df a0 fe 
00e220  df a0 fe df a0 fe df a0 fe df a0 fe df a0 fe df 
00e230  a0 fe df a0 fe df a0 fe df a0 fe df a0 fe df a0 
00e240  fe df a0 fe df a0 fe df a0 fe df a0 fe df a0 fe 
00e250  df a0 fe df a0 fe df a0 fe df a0 fe df a0 fe df 
00e260  a0 fe df a0 fe df a0 fe df a0 fe df a0 fe df a0 
00e270  fe df a0 fe df a0 fe df a0 fe df a0 fe df a0 fe 
00e280  df a0 fe df a0 fe df a0 fe df a0 fe df a0 fe df 
00e290  a0 fe df a0 fe df a0 fe df a0 fe df a0 fe df a0 
00e2a0  fe df a0 fe df a0 fe df a0 fe df a0 fe df a0 fe 
00e2b0  df a0 fe df a0 fe df a0 fe df a0 fe df a0 fe df 
00e2c0  a0 fe df a0 fe df a0 fe df a0 fe df a0 fe df a0 
00e2d0  fe df a0 fe df a0 fe df a0 fe df a0 fe df a0 fe 
00e2e0  df a0 fe df a0 fe df a0 fe df a0 fe df a0 fe df 
00e2f0  a0 fe df a0 fe df a0 fe df a0 fe df a0 fe df a0 
00e300  fe df a0 fe df a0 fe df a0 fe df a0 fe df a0 fe 
00e310  df a0 fe df a0 fe df a0 fe df a0 fe df a0 fe df 
00e320  a0 fe df a0 fe df a0 fe df a0 fe df a0 fe df a0 
00e330  fe df a0 fe df a0 fe df a0 fe df a0 fe df a0 fe 
00e340  df a0 fe df a0 fe df a0 fe df a0 fe df a0 fe df 
00e350  a0 fe df a0 fe df a0 fe df a0 fe df a0 fe df a0 
00e360  fe df a0 fe df a0 fe df a0 fe df a0 fe df a0 fe 
00e370  df a0 fe df a0 fe df a0 fe df a0 fe df a0 fe df 
00e380  a0 fe df a0 fe df a0 fe df a0 fe df a0 fe df a0 
00e390  fe df a0 fe df a0 fe df a0 fe df a0 fe df a0 fe 
00e3a0  df a0 fe df a0 fe df a0 fe df a0 fe df a0 fe df 
00e3b0  a0 fe df a0 fe df a0 fe df a0 fe df a0 fe df a0 
00e3c0  fe df a0 fe df a0 fe df a0 fe df a0 fe df a0 fe 
00e3d0  df a0 fe df a0 fe df a0 fe df a0 fe df a0 fe df 
00e3e0  a0 fe df a0 fe df a0 fe df a0 fe df a0 fe df a0 
00e3f0  fe df a0 fe df a0 fe df a0 fe df a0 fe df a0 fe 
00e400  df a0 fe df a0 fe df a0 fe df a0 fe df a0 fe df 
00e410  a0 fe df a0 fe df a0 fe df a0 fe df a0 fe df a0 
00e420  fe df a0 fe df a0 fe df a0 fe df a0 fe df a0 fe 
00e430  df a0 fe df a0 fe df a0 fe df a0 fe df a0 fe df 
00e440  a0 fe df a0 fe df a0 fe df a0 fe df a0 fe df a0 
00e450  fe df a0 fe df a0 fe df a0 fe df a0 fe df a0 fe 
00e460  df a0 fe df a0 fe df a0 fe df a0 fe df a0 fe df 
00e470  a0 fe df a0 fe df a0 fe df a0 fe df a0 fe df a0 
00e480  fe df a0 fe df a0 fe df a0 fe df a0 fe df a0 fe 
00e490  df a0 fe df a0 fe df a0 fe df a0 fe df a0 fe df 
00e4a0  a0 fe df a0 fe df a0 fe df a0 fe df a0 fe df a0 
00e4b0  fe df a0 fe df a0 fe df a0 fe df a0 fe df a0 fe 
00e4c0  df a0 fe df a0 fe df a0 fe df a0 fe df a0 fe df 
00e4d0  a0 fe df a0 fe df a0 fe df a0 fe df a0 fe df a0 
00e4e0  fe df a0 fe df a0 fe df a0 fe df a0 fe df a0 fe 
00e4f0  df a0 fe df a0 fe df a0 fe df a0 fe df a0 fe df 
00e500  a0 fe df a0 fe df a0 fe df a0 fe df a0 fe df a0 
00e510  fe df a0 fe df a0 fe df a0 fe df a0 fe df a0 fe 
00e520  df a0 fe df a0 fe df a0 fe df a0 fe df a0 fe df 
00e530  a0 fe df a0 fe df a0 fe df a0 fe df a0 fe df a0 
00e540  fe df a0 fe df a0 fe df a0 fe df a0 fe df a0 fe 
00e550  df a0 fe df a0 fe df a0 fe df a0 fe df a0 fe df 
00e560  a0 fe df a0 fe df a0 fe df a0 fe df a0 fe df a0 
00e570  fe df a0 fe df a0 fe df a0 fe df a0 fe df a0 fe 
00e580  df a0 fe df a0 fe df a0 fe df a0 fe df a0 fe df 
00e590  a0 fe df a0 fe df a0 fe df a0 fe df a0 fe df a0 
00e5a0  fe df a0 fe df a0 fe df a0 fe df a0 fe df a0 fe 
00e5b0  df a0 fe df a0 fe df a0 fe df a0 fe df a0 fe df 
00e5c0  a0 fe df a0 fe df a0 fe df a0 fe df a0 fe df a0 
00e5d0  fe df a0 fe df a0 fe df a0 fe df a0 fe df a0 fe 
00e5e0  df a0 fe df a0 fe df a0 fe df a0 fe df a0 fe df 
00e5f0  a0 fe df a0 fe df a0 fe df a0 fe df a0 fe df a0 
00e600  fe df a0 fe df a0 fe df a0 fe df a0 fe df a0 fe 
00e610  df a0 fe df a0 fe df a0 fe df a0 fe df a0 fe df 
00e620  a0 fe df a0 fe df a0 fe df a0 fe df a0 fe df a0 
00e630  fe df a0 fe df a0 fe df a0 fe df a0 fe df a0 fe 
00e640  df a0 fe df a0 fe df a0 fe df a0 fe df a0 fe df 
00e650  a0 fe df a0 fe df a0 fe df a0 fe df a0 fe df a0 
00e660  fe df a0 fe df a0 fe df a0 fe df a0 fe df a0 fe 
00e670  df a0 fe df a0 fe df a0 fe df a0 fe df a0 fe df 
00e680  a0 fe df a0 fe df a0 fe df a0 fe df a0 fe df a0 
00e690  fe df a0 fe df a0 fe df a0 fe df a0 fe df a0 fe 
00e6a0  df a0 fe df a0 fe df a0 fe df a0 fe df a0 fe df 
00e6b0  a0 fe df a0 fe df a0 fe df a0 fe df a0 fe df a0 
00e6c0  fe df a0 fe df a0 fe df a0 fe df a0 fe df a0 fe 
00e6d0  df a0 fe df a0 fe df a0 fe df a0 fe df a0 fe df 
00e6e0  a0 fe df a0 fe df a0 fe df a0 fe df a0 fe df a0 
00e6f0  fe df a0 fe df a0 fe df a0 fe df a0 fe df a0 fe 
00e700  df a0 fe df a0 fe df a0 fe df a0 fe df a0 fe df 
00e710  a0 fe df a0 fe df a0 fe df a0 fe df a0 fe df a0 
00e720  fe df a0 fe df a0 fe df a0 fe df a0 fe df a0 fe 
00e730  df a0 fe df a0 fe df a0 fe df a0 fe df a0 fe df 
00e740  a0 fe df a0 fe df a0 fe df a0 fe df a0 fe df a0 
00e750  fe df a0 fe df a0 fe df a0 fe df a0 fe df a0 fe 
00e760  df a0 fe df a0 fe df a0 fe df a0 fe df a0 fe df 
00e770  a0 fe df a0 fe df a0 fe df a0 fe df a0 fe df a0 
00e780  fe df a0 fe df a0 fe df a0 fe df a0 fe df a0 fe 
00e790  df a0 fe df a0 fe df a0 fe df a0 fe df a0 fe df 
00e7a0  a0 fe df a0 fe df a0 fe df a0 fe df a0 fe df a0 
00e7b0  fe df a0 fe df a0 fe df a0 fe df a0 fe df a0 fe 
00e7c0  df a0 fe df a0 fe df a0 fe df a0 fe df a0 fe df 
00e7d0  a0 fe df a0 fe df a0 fe df a0 fe df a0 fe df a0 
00e7e0  fe df a0 fe df a0 fe df a0 fe df a0 fe df a0 fe 
00e7f0  df a0 fe df a0 fe df a0 fe df a0 fe df a0 fe df 
00e800  a0 fe df a0 fe df a0 fe df a0 fe df a0 fe df a0 
00e810  fe df a0 fe df a0 fe df a0 fe df a0 fe df a0 fe 
00e820  df a0 fe df a0 fe df a0 fe df a0 fe df a0 fe df 
00e830  a0 fe df a0 fe df a0 fe df a0 fe df a0 fe df a0 
00e840  fe df a0 fe df a0 fe df a0 fe df a0 fe df a0 fe 
00e850  df a0 fe df a0 fe df a0 fe df a0 fe df a0 fe df 
00e860  a0 fe df a0 fe df a0 fe df a0 fe df a0 fe df a0 
00e870  fe df a0 fe df a0 fe df a0 fe df a0 fe df a0 fe 
00e880  df a0 fe df a0 fe df a0 fe df a0 fe df a0 fe df 
00e890  a0 fe df a0 fe df a0 fe df a0 fe df a0 fe df a0 
00e8a0  fe df a0 fe df a0 fe df a0 fe df a0 fe df a0 fe 
00e8b0  df a0 fe df a0 fe df a0 fe df a0 fe df a0 fe df 
00e8c0  a0 fe df a0 fe df a0 fe df a0 fe df a0 fe df a0 
00e8d0  fe df a0 fe df a0 fe df a0 fe df a0 fe df a0 fe 
00e8e0  df a0 fe df a0 fe df a0 fe df a0 fe df a0 fe df 
00e8f0  a0 fe df a0 fe df a0 fe df a0 fe df a0 fe df a0 
00e900  fe df a0 fe df a0 fe df a0 fe df a0 fe df a0 fe 
00e910  df a0 fe df a0 fe df a0 fe df a0 fe df a0 fe df 
00e920  a0 fe df a0 fe df a0 fe df a0 fe df a0 fe df a0 
00e930  fe df a0 fe df a0 fe df a0 fe df a0 fe df a0 fe 
00e940  df a0 fe df a0 fe df a0 fe df a0 fe df a0 fe df 
00e950  a0 fe df a0 fe df a0 fe df a0 fe df a0 fe df a0 
00e960  fe df a0 fe df a0 fe df a0 fe df a0 fe df a0 fe 
00e970  df a0 fe df a0 fe df a0 fe df a0 fe df a0 fe df 
00e980  a0 fe df a0 fe df a0 fe df a0 fe df a0 fe df a0 
00e990  fe df a0 fe df a0 fe df a0 fe df a0 fe df a0 fe 
00e9a0  df a0 fe df a0 fe df a0 fe df a0 fe df a0 fe df 
00e9b0  a0 fe df a0 fe df a0 fe df a0 fe df a0 fe df a0 
00e9c0  fe df a0 fe df a0 fe df a0 fe df a0 fe df a0 fe 
00e9d0  df a0 fe df a0 fe df a0 fe df a0 fe df a0 fe df 
00e9e0  a0 fe df a0 fe df a0 fe df a0 fe df a0 fe df a0 
00e9f0  fe df a0 fe df a0 fe df a0 fe df a0 fe df a0 fe 
00ea00  df a0 fe df a0 fe df a0 fe df a0 fe df a0 fe df 
00ea10  a0 fe df a0 fe df a0 fe df a0 fe df a0 fe df a0 
00ea20  fe df a0 fe df a0 fe df a0 fe df a0 fe df a0 fe 
00ea30  df a0 fe df a0 fe df a0 fe df a0 fe df a0 fe df 
00ea40  a0 fe df a0 fe df a0 fe df a0 fe df a0 fe df a0 
00ea50  fe df a0 fe df a0 fe df a0 fe df a0 fe df a0 fe 
00ea60  df a0 fe df a0 fe df a0 fe df a0 fe df a0 fe df 
00ea70  a0 fe df a0 fe df a0 fe df a0 fe df a0 fe df a0 
00ea80  fe df a0 fe df a0 fe df a0 fe df a0 fe df a0 fe 
00ea90  df a0 fe df a0 fe df a0 fe df a0 fe df a0 fe df 
00eaa0  a0 fe df a0 fe df a0 fe df a0 fe df a0 fe df a0 
00eab0  fe df a0 fe df a0 fe df a0 fe df a0 fe df a0 fe 
00eac0  df a0 fe df a0 fe df a0 fe df a0 fe df a0 fe df 
00ead0  a0 fe df a0 fe df a0 fe df a0 fe df a0 fe df a0 
00eae0  fe df a0 fe df a0 fe df a0 fe df a0 fe df a0 fe 
00eaf0  df a0 fe df a0 fe df a0 fe df a0 fe df a0 fe df 
00eb00  a0 fe df a0 fe df a0 fe df a0 fe df a0 fe df a0 
00eb10  fe df a0 fe df a0 fe df a0 fe df a0 fe df a0 fe 
00eb20  df a0 fe df a0 fe df a0 fe df a0 fe df a0 fe df 
00eb30  a0 fe df a0 fe df a0 fe df a0 fe df a0 fe df a0 
00eb40  fe df a0 fe df a0 fe df a0 fe df a0 fe df a0 fe 
00eb50  df a0 fe df a0 fe df a0 fe df a0 fe df a0 fe df 
00eb60  a0 fe df a0 fe df a0 fe df a0 fe df a0 fe df a0 
00eb70  fe df a0 fe df a0 fe df a0 fe df a0 fe df a0 fe 
00eb80  df a0 fe df a0 fe df a0 fe df a0 fe df a0 fe df 
00eb90  a0 fe df a0 fe df a0 fe df a0 fe df a0 fe df a0 
00eba0  fe df a0 fe df a0 fe df a0 fe df a0 fe df a0 fe 
00ebb0  df a0 fe df a0 fe df a0 fe df a0 fe df a0 fe df 
00ebc0  a0 fe df a0 fe df a0 fe df a0 fe df a0 fe df a0 
00ebd0  fe df a0 fe df a0 fe df a0 fe df a0 fe df a0 fe 
00ebe0  df a0 fe df a0 fe df a0 fe df a0 fe df a0 fe df 
00ebf0  a0 fe df a0 fe df a0 fe df a0 fe df a0 fe df a0 
00ec00  fe df a0 fe df a0 fe df a0 fe df a0 fe df a0 fe 
00ec10  df a0 fe df a0 fe df a0 fe df a0 fe df a0 fe df 
00ec20  a0 fe df a0 fe df a0 fe df a0 fe df a0 fe df a0 
00ec30  fe df a0 fe df a0 fe df a0 fe df a0 fe df a0 fe 
00ec40  df a0 fe df a0 fe df a0 fe df a0 fe df a0 fe df 
00ec50  a0 fe df a0 fe df a0 fe df a0 fe df a0 fe df a0 
00ec60  fe df a0 fe df a0 fe df a0 fe df a0 fe df a0 fe 
00ec70  df a0 fe df a0 fe df a0 fe df a0 fe df a0 fe df 
00ec80  a0 fe df a0 fe df a0 fe df a0 fe df a0 fe df a0 
00ec90  fe df a0 fe df a0 fe df a0 fe df a0 fe df a0 fe 
00eca0  df a0 fe df a0 fe df a0 fe df a0 fe df a0 fe df 
00ecb0  a0 fe df a0 fe df a0 fe df a0 fe df a0 fe df a0 
00ecc0  fe df a0 fe df a0 fe df a0 fe df a0 fe df a0 fe 
00ecd0  df a0 fe df a0 fe df a0 fe df a0 fe df a0 fe df 
00ece0  a0 fe df a0 fe df a0 fe df a0 fe df a0 fe df a0 
00ecf0  fe df a0 fe df a0 fe df a0 fe df a0 fe df a0 fe 
00ed00  df a0 fe df a0 fe df a0 fe df a0 fe df a0 fe df 
00ed10  a0 fe df a0 fe df a0 fe df a0 fe df a0 fe df a0 
00ed20  fe df a0 fe df a0 fe df a0 fe df a0 fe df a0 fe 
00ed30  df a0 fe df a0 fe df a0 fe df a0 fe df a0 fe df 
00ed40  a0 fe df a0 fe df a0 fe df a0 fe df a0 fe df a0 
00ed50  fe df a0 fe df a0 fe df a0 fe df a0 fe df a0 fe 
00ed60  df a0 fe df a0 fe df a0 fe df a0 fe df a0 fe df 
00ed70  a0 fe df a0 fe df a0 fe df a0 fe df a0 fe df a0 
00ed80  fe df a0 fe df a0 fe df a0 fe df a0 fe df a0 fe 
00ed90  df a0 fe df a0 fe df a0 fe df a0 fe df a0 fe df 
00eda0  a0 fe df a0 fe df a0 fe df a0 fe df a0 fe df a0 
00edb0  fe df a0 fe df a0 fe df a0 fe df a0 fe df a0 fe 
00edc0  df a0 fe df a0 fe df a0 fe df a0 fe df a0 fe df 
00edd0  a0 fe df a0 fe df a0 fe df a0 fe df a0 fe df a0 
00ede0  fe df a0 fe df a0 fe df a0 fe df a0 fe df a0 fe 
00edf0  df a0 fe df a0 fe df a0 fe df a0 fe df a0 fe df 
00ee00  a0 fe df a0 fe df a0 fe df a0 fe df a0 fe df a0 
00ee10  fe df a0 fe df a0 fe df a0 fe df a0 fe df a0 fe 
00ee20  df a0 fe df a0 fe df a0 fe df a0 fe df a0 fe df 
00ee30  a0 fe df a0 fe df a0 fe df a0 fe df a0 fe df a0 
00ee40  fe df a0 fe df a0 fe df a0 fe df a0 fe df a0 fe 
00ee50  df a0 fe df a0 fe df a0 fe df a0 fe df a0 fe df 
00ee60  a0 fe df a0 fe df a0 fe df a0 fe df a0 fe df a0 
00ee70  fe df a0 fe df a0 fe df a0 fe df a0 fe df a0 fe 
00ee80  df a0 fe df a0 fe df a0 fe df a0 fe df a0 fe df 
00ee90  a0 fe df a0 fe df a0 fe df a0 fe df a0 fe df a0 
00eea0  fe df a0 fe df a0 fe df a0 fe df a0 fe df a0 fe 
00eeb0  df a0 fe df a0 fe df a0 fe df a0 fe df a0 fe df 
00eec0  a0 fe df a0 fe df a0 fe df a0 fe df a0 fe df a0 
00eed0  fe df a0 fe df a0 fe df a0 fe df a0 fe df a0 fe 
00eee0  df a0 fe df a0 fe df a0 fe df a0 fe df a0 fe df 
00eef0  a0 fe df a0 fe df a0 fe df a0 fe df a0 fe df a0 
00ef00  fe df a0 fe df a0 fe df a0 fe df a0 fe df a0 fe 
00ef10  df a0 fe df a0 fe df a0 fe df a0 fe df a0 fe df 
00ef20  a0 fe df a0 fe df a0 fe df a0 fe df a0 fe df a0 
00ef30  fe df a0 fe df a0 fe df a0 fe df a0 fe df a0 fe 
00ef40  df a0 fe df a0 fe df a0 fe df a0 fe df a0 fe df 
00ef50  a0 fe df a0 fe df a0 fe df a0 fe df a0 fe df a0 
00ef60  fe df a0 fe df a0 fe df a0 fe df a0 fe df a0 fe 
00ef70  df a0 fe df a0 fe df a0 fe df a0 fe df a0 fe df 
00ef80  a0 fe df a0 fe df a0 fe df a0 fe df a0 fe df a0 
00ef90  fe df a0 fe df a0 fe df a0 fe df a0 fe df a0 fe 
00efa0  df a0 fe df a0 fe df a0 fe df a0 fe df a0 fe df 
00efb0  a0 fe df a0 fe df a0 fe df a0 fe df a0 fe df a0 
00efc0  fe df a0 fe df a0 fe df a0 fe df a0 fe df a0 fe 
00efd0  df a0 fe df a0 fe df a0 fe df a0 fe df a0 fe df 
00efe0  a0 fe df a0 fe df a0 fe df a0 fe df a0 fe df a0 
00eff0  fe df a0 fe df a0 fe df a0 fe df a0 fe df a0 fe 
00f000  df a0 fe df a0 fe df a0 fe df a0 fe df a0 fe df 
00f010  a0 fe df a0 fe df a0 fe df a0 fe df a0 fe df a0 
00f020  fe df a0 fe df a0 fe df a0 fe df a0 fe df a0 fe 
00f030  df a0 fe df a0 fe df a0 fe df a0 fe df a0 fe df 
00f040  a0 fe df a0 fe df a0 fe df a0 fe df a0 fe df a0 
00f050  fe df a0 fe df a0 fe df a0 fe df a0 fe df a0 fe 
00f060  df a0 fe df a0 fe df a0 fe df a0 fe df a0 fe df 
00f070  a0 fe df a0 fe df a0 fe df a0 fe df a0 fe df a0 
00f080  fe df a0 fe df a0 fe df a0 fe df a0 fe df a0 fe 
00f090  df a0 fe df a0 fe df a0 fe df a0 fe df a0 fe df 
00f0a0  a0 fe df a0 fe df a0 fe df a0 fe df a0 fe df a0 
00f0b0  fe df a0 fe df a0 fe df a0 fe df a0 fe df a0 fe 
00f0c0  df a0 fe df a0 fe df a0 fe df a0 fe df a0 fe df 
00f0d0  a0 fe df a0 fe df a0 fe df a0 fe df a0 fe df a0 
00f0e0  fe df a0 fe df a0 fe df a0 fe df a0 fe df a0 fe 
00f0f0  df a0 fe df a0 fe df a0 fe df a0 fe df a0 fe df 
00f100  a0 fe df a0 fe df a0 fe df a0 fe df a0 fe df a0 
00f110  fe df a0 fe df a0 fe df a0 fe df a0 fe df a0 fe 
00f120  df a0 fe df a0 fe df a0 fe df a0 fe df a0 fe df 
00f130  a0 fe df a0 fe df a0 fe df a0 fe df a0 fe df a0 
00f140  fe df a0 fe df a0 fe df a0 fe df a0 fe df a0 fe 
00f150  df a0 fe df a0 fe df a0 fe df a0 fe df a0 fe df 
00f160  a0 fe df a0 fe df a0 fe df a0 fe df a0 fe df a0 
00f170  fe df a0 fe df a0 fe df a0 fe df a0 fe df a0 fe 
00f180  df a0 fe df a0 fe df a0 fe df a0 fe df a0 fe df 
00f190  a0 fe df a0 fe df a0 fe df a0 fe df a0 fe df a0 
00f1a0  fe df a0 fe df a0 fe df a0 fe df a0 fe df a0 fe 
00f1b0  df a0 fe df a0 fe df a0 fe df a0 fe df a0 fe df 
00f1c0  a0 fe df a0 fe df a0 fe df a0 fe df a0 fe df a0 
00f1d0  fe df a0 fe df a0 fe df a0 fe df a0 fe df a0 fe 
00f1e0  df a0 fe df a0 fe df a0 fe df a0 fe df a0 fe df 
00f1f0  a0 fe df a0 fe df a0 fe df a0 fe df a0 fe df a0 
00f200  fe df a0 fe df a0 fe df a0 fe df a0 fe df a0 fe 
00f210  df a0 fe df a0 fe df a0 fe df a0 fe df a0 fe df 
00f220  a0 fe df a0 fe df a0 fe df a0 fe df a0 fe df a0 
00f230  fe df a0 fe df a0 fe df a0 fe df a0 fe df a0 fe 
00f240  df a0 fe df a0 fe df a0 fe df a0 fe df a0 fe df 
00f250  a0 fe df a0 fe df a0 fe df a0 fe df a0 fe df a0 
00f260  fe df a0 fe df a0 fe df a0 fe df a0 fe df a0 fe 
00f270  df a0 fe df a0 fe df a0 fe df a0 fe df a0 fe df 
00f280  a0 fe df a0 fe df a0 fe df a0 fe df a0 fe df a0 
00f290  fe df a0 fe df a0 fe df a0 fe df a0 fe df a0 fe 
00f2a0  df a0 fe df a0 fe df a0 fe df a0 fe df a0 fe df 
00f2b0  a0 fe df a0 fe df a0 fe df a0 fe df a0 fe df a0 
00f2c0  fe df a0 fe df a0 fe df a0 fe df a0 fe df a0 fe 
00f2d0  df a0 fe df a0 fe df a0 fe df a0 fe df a0 fe df 
00f2e0  a0 fe df a0 fe df a0 fe df a0 fe df a0 fe df a0 
00f2f0  fe df a0 fe df a0 fe df a0 fe df a0 fe df a0 fe 
00f300  df a0 fe df a0 fe df a0 fe df a0 fe df a0 fe df 
00f310  a0 fe df a0 fe df a0 fe df a0 fe df a0 fe df a0 
00f320  fe df a0 fe df a0 fe df a0 fe df a0 fe df a0 fe 
00f330  df a0 fe df a0 fe df a0 fe df a0 fe df a0 fe df 
00f340  a0 fe df a0 fe df a0 fe df a0 fe df a0 fe df a0 
00f350  fe df a0 fe df a0 fe df a0 fe df a0 fe df a0 fe 
00f360  df a0 fe df a0 fe df a0 fe df a0 fe df a0 fe df 
00f370  a0 fe df a0 fe df a0 fe df a0 fe df a0 fe df a0 
00f380  fe df a0 fe df a0 fe df a0 fe df a0 fe df a0 fe 
00f390  df a0 fe df a0 fe df a0 fe df a0 fe df a0 fe df 
00f3a0  a0 fe df a0 fe df a0 fe df a0 fe df a0 fe df a0 
00f3b0  fe df a0 fe df a0 fe df a0 fe df a0 fe df a0 fe 
00f3c0  df a0 fe df a0 fe df a0 fe df a0 fe df a0 fe df 
00f3d0  a0 fe df a0 fe df a0 fe df a0 fe df a0 fe df a0 
00f3e0  fe df a0 fe df a0 fe df a0 fe df a0 fe df a0 fe 
00f3f0  df a0 fe df a0 fe df a0 fe df a0 fe df a0 fe df 
00f400  a0 fe df a0 fe df a0 fe df a0 fe df a0 fe df a0 
00f410  fe df a0 fe df a0 fe df a0 fe df a0 fe df a0 fe 
00f420  df a0 fe df a0 fe df a0 fe df a0 fe df a0 fe df 
00f430  a0 fe df a0 fe df a0 fe df a0 fe df a0 fe df a0 
00f440  fe df a0 fe df a0 fe df a0 fe df a0 fe df a0 fe 
00f450  df a0 fe df a0 fe df a0 fe df a0 fe df a0 fe df 
00f460  a0 fe df a0 fe df a0 fe df a0 fe df a0 fe df a0 
00f470  fe df a0 fe df a0 fe df a0 fe df a0 fe df a0 fe 
00f480  df a0 fe df a0 fe df a0 fe df a0 fe df a0 fe df 
00f490  a0 fe df a0 fe df a0 fe df a0 fe df a0 fe df a0 
00f4a0  fe df a0 fe df a0 fe df a0 fe df a0 fe df a0 fe 
00f4b0  df a0 fe df a0 fe df a0 fe df a0 fe df a0 fe df 
00f4c0  a0 fe df a0 fe df a0 fe df a0 fe df a0 fe df a0 
00f4d0  fe df a0 fe df a0 fe df a0 fe df a0 fe df a0 fe 
00f4e0  df a0 fe df a0 fe df a0 fe df a0 fe df a0 fe df 
00f4f0  a0 fe df a0 fe df a0 fe df a0 fe df a0 fe df a0 
00f500  fe df a0 fe df a0 fe df a0 fe df a0 fe df a0 fe 
00f510  df a0 fe df a0 fe df a0 fe df a0 fe df a0 fe df 
00f520  a0 fe df a0 fe df a0 fe df a0 fe df a0 fe df a0 
00f530  fe df a0 fe df a0 fe df a0 fe df a0 fe df a0 fe 
00f540  df a0 fe df a0 fe df a0 fe df a0 fe df a0 fe df 
00f550  a0 fe df a0 fe df a0 fe df a0 fe df a0 fe df a0 
00f560  fe df a0 fe df a0 fe df a0 fe df a0 fe df a0 fe 
00f570  df a0 fe df a0 fe df a0 fe df a0 fe df a0 fe df 
00f580  a0 fe df a0 fe df a0 fe df a0 fe df a0 fe df a0 
00f590  fe df a0 fe df a0 fe df a0 fe df a0 fe df a0 fe 
00f5a0  df a0 fe df a0 fe df a0 fe df a0 fe df a0 fe df 
00f5b0  a0 fe df a0 fe df a0 fe df a0 fe df a0 fe df a0 
00f5c0  fe df a0 fe df a0 fe df a0 fe df a0 fe df a0 fe 
00f5d0  df a0 fe df a0 fe df a0 fe df a0 fe df a0 fe df 
00f5e0  a0 fe df a0 fe df a0 fe df a0 fe df a0 fe df a0 
00f5f0  fe df a0 fe df a0 fe df a0 fe df a0 fe df a0 fe 
00f600  df a0 fe df a0 fe df a0 fe df a0 fe df a0 fe df 
00f610  a0 fe df a0 fe df a0 fe df a0 fe df a0 fe df a0 
00f620  fe df a0 fe df a0 fe df a0 fe df a0 fe df a0 fe 
00f630  df a0 fe df a0 fe df a0 fe df a0 fe df a0 fe df 
00f640  a0 fe df a0 fe df a0 fe df a0 fe df a0 fe df a0 
00f650  fe df a0 fe df a0 fe df a0 fe df a0 fe df a0 fe 
00f660  df a0 fe df a0 fe df a0 fe df a0 fe df a0 fe df 
00f670  a0 fe df a0 fe df a0 fe df a0 fe df a0 fe df a0 
00f680  fe df a0 fe df a0 fe df a0 fe df a0 fe df a0 fe 
00f690  df a0 fe df a0 fe df a0 fe df a0 fe df a0 fe df 
00f6a0  a0 fe df a0 fe df a0 fe df a0 fe df a0 fe df a0 
00f6b0  fe df a0 fe df a0 fe df a0 fe df a0 fe df a0 fe 
00f6c0  df a0 fe df a0 fe df a0 fe df a0 fe df a0 fe df 
00f6d0  a0 fe df a0 fe df a0 fe df a0 fe df a0 fe df a0 
00f6e0  fe df a0 fe df a0 fe df a0 fe df a0 fe df a0 fe 
00f6f0  df a0 fe df a0 fe df a0 fe df a0 fe df a0 fe df 
00f700  a0 fe df a0 fe df a0 fe df a0 fe df a0 fe df a0 
00f710  fe df a0 fe df a0 fe df a0 fe df a0 fe df a0 fe 
00f720  df a0 fe df a0 fe df a0 fe df a0 fe df a0 fe df 
00f730  a0 fe df a0 fe df a0 fe df a0 fe df a0 fe df a0 
00f740  fe df a0 fe df a0 fe df a0 fe df a0 fe df a0 fe 
00f750  df a0 fe df a0 fe df a0 fe df a0 fe df a0 fe df 
00f760  a0 fe df a0 fe df a0 fe df a0 fe df a0 fe df a0 
00f770  fe df a0 fe df a0 fe df a0 fe df a0 fe df a0 fe 
00f780  df a0 fe df a0 fe df a0 fe df a0 fe df a0 fe df 
00f790  a0 fe df a0 fe df a0 fe df a0 fe df a0 fe df a0 
00f7a0  fe df a0 fe df a0 fe df a0 fe df a0 fe df a0 fe 
00f7b0  df a0 fe df a0 fe df a0 fe df a0 fe df a0 fe df 
00f7c0  a0 fe df a0 fe df a0 fe df a0 fe df a0 fe df a0 
00f7d0  fe df a0 fe df a0 fe df a0 fe df a0 fe df a0 fe 
00f7e0  df a0 fe df a0 fe df a0 fe df a0 fe df a0 fe df 
00f7f0  a0 fe df a0 fe df a0 fe df a0 fe df a0 fe df a0 
00f800  fe df a0 fe df a0 fe df a0 fe df a0 fe df a0 fe 
00f810  df a0 fe df a0 fe df a0 fe df a0 fe df a0 fe df 
00f820  a0 fe df a0 fe df a0 fe df a0 fe df a0 fe df a0 
00f830  fe df a0 fe df a0 fe df a0 fe df a0 fe df a0 fe 
00f840  df a0 fe df a0 fe df a0 fe df a0 fe df a0 fe df 
00f850  a0 fe df a0 fe df a0 fe df a0 fe df a0 fe df a0 
00f860  fe df a0 fe df a0 fe df a0 fe df a0 fe df a0 fe 
00f870  df a0 fe df a0 fe df a0 fe df a0 fe df a0 fe df 
00f880  a0 fe df a0 fe df a0 fe df a0 fe df a0 fe df a0 
00f890  fe df a0 fe df a0 fe df a0 fe df a0 fe df a0 fe 
00f8a0  df a0 fe df a0 fe df a0 fe df a0 fe df a0 fe df 
00f8b0  a0 fe df a0 fe df a0 fe df a0 fe df a0 fe df a0 
00f8c0  fe df a0 fe df a0 fe df a0 fe df a0 fe df a0 fe 
00f8d0  df a0 fe df a0 fe df a0 fe df a0 fe df a0 fe df 
00f8e0  a0 fe df a0 fe df a0 fe df a0 fe df a0 fe df a0 
00f8f0  fe df a0 fe df a0 fe df a0 fe df a0 fe df a0 fe 
00f900  df a0 fe df a0 fe df a0 fe df a0 fe df a0 fe df 
00f910  a0 fe df a0 fe df a0 fe df a0 fe df a0 fe df a0 
00f920  fe df a0 fe df a0 fe df a0 fe df a0 fe df a0 fe 
00f930  df a0 fe df a0 fe df a0 fe df a0 fe df a0 fe df 
00f940  a0 fe df a0 fe df a0 fe df a0 fe df a0 fe df a0 
00f950  fe df a0 fe df a0 fe df a0 fe df a0 fe df a0 fe 
00f960  df a0 fe df a0 fe df a0 fe df a0 fe df a0 fe df 
00f970  a0 fe df a0 fe df a0 fe df a0 fe df a0 fe df a0 
00f980  fe df a0 fe df a0 fe df a0 fe df a0 fe df a0 fe 
00f990  df a0 fe df a0 fe df a0 fe df a0 fe df a0 fe df 
00f9a0  a0 fe df a0 fe df a0 fe df a0 fe df a0 fe df a0 
00f9b0  fe df a0 fe df a0 fe df a0 fe df a0 fe df a0 fe 
00f9c0  df a0 fe df a0 fe df a0 fe df a0 fe df a0 fe df 
00f9d0  a0 fe df a0 fe df a0 fe df a0 fe df a0 fe df a0 
00f9e0  fe df a0 fe df a0 fe df a0 fe df a0 fe df a0 fe 
00f9f0  df a0 fe df a0 fe df a0 fe df a0 fe df a0 fe df 
00fa00  a0 fe df a0 fe df a0 fe df a0 fe df a0 fe df a0 
00fa10  fe df a0 fe df a0 fe df a0 fe df a0 fe df a0 fe 
00fa20  df a0 fe df a0 fe df a0 fe df a0 fe df a0 fe df 
00fa30  a0 fe df a0 fe df a0 fe df a0 fe df a0 fe df a0 
00fa40  fe df a0 fe df a0 fe df a0 fe df a0 fe df a0 fe 
00fa50  df a0 fe df a0 fe df a0 fe df a0 fe df a0 fe df 
00fa60  a0 fe df a0 fe df a0 fe df a0 fe df a0 fe df a0 
00fa70  fe df a0 fe df a0 fe df a0 fe df a0 fe df a0 fe 
00fa80  df a0 fe df a0 fe df a0 fe df a0 fe df a0 fe df 
00fa90  a0 fe df a0 fe df a0 fe df a0 fe df a0 fe df a0 
00faa0  fe df a0 fe df a0 fe df a0 fe df a0 fe df a0 fe 
00fab0  df a0 fe df a0 fe df a0 fe df a0 fe df a0 fe df 
00fac0  a0 fe df a0 fe df a0 fe df a0 fe df a0 fe df a0 
00fad0  fe df a0 fe df a0 fe df a0 fe df a0 fe df a0 fe 
00fae0  df a0 fe df a0 fe df a0 fe df a0 fe df a0 fe df 
00faf0  a0 fe df a0 fe df a0 fe df a0 fe df a0 fe df a0 
00fb00  fe df a0 fe df a0 fe df a0 fe df a0 fe df a0 fe 
00fb10  df a0 fe df a0 fe df a0 fe df a0 fe df a0 fe df 
00fb20  a0 fe df a0 fe df a0 fe df a0 fe df a0 fe df a0 
00fb30  fe df a0 fe df a0 fe df a0 fe df a0 fe df a0 fe 
00fb40  df a0 fe df a0 fe df a0 fe df a0 fe df a0 fe df 
00fb50  a0 fe df a0 fe df a0 fe df a0 fe df a0 fe df a0 
00fb60  fe df a0 fe df a0 fe df a0 fe df a0 fe df a0 fe 
00fb70  df a0 fe df a0 fe df a0 fe df a0 fe df a0 fe df 
00fb80  a0 fe df a0 fe df a0 fe df a0 fe df a0 fe df a0 
00fb90  fe df a0 fe df a0 fe df a0 fe df a0 fe df a0 fe 
00fba0  df a0 fe df a0 fe df a0 fe df a0 fe df a0 fe df 
00fbb0  a0 fe df a0 fe df a0 fe df a0 fe df a0 fe df a0 
00fbc0  fe df a0 fe df a0 fe df a0 fe df a0 fe df a0 fe 
00fbd0  df a0 fe df a0 fe df a0 fe df a0 fe df a0 fe df 
00fbe0  a0 fe df a0 fe df a0 fe df a0 fe df a0 fe df a0 
00fbf0  fe df a0 fe df a0 fe df a0 fe df a0 fe df a0 fe 
00fc00  df a0 fe df a0 fe df a0 fe df a0 fe df a0 fe df 
00fc10  a0 fe df a0 fe df a0 fe df a0 fe df a0 fe df a0 
00fc20  fe df a0 fe df a0 fe df a0 fe df a0 fe df a0 fe 
00fc30  df a0 fe df a0 fe df a0 fe df a0 fe df a0 fe df 
00fc40  a0 fe df a0 fe df a0 fe df a0 fe df a0 fe df a0 
00fc50  fe df a0 fe df a0 fe df a0 fe df a0 fe df a0 fe 
00fc60  df a0 fe df a0 fe df a0 fe df a0 fe df a0 fe df 
00fc70  a0 fe df a0 fe df a0 fe df a0 fe df a0 fe df a0 
00fc80  fe df a0 fe df a0 fe df a0 fe df a0 fe df a0 fe 
00fc90  df a0 fe df a0 fe df a0 fe df a0 fe df a0 fe df 
00fca0  a0 fe df a0 fe df a0 fe df a0 fe df a0 fe df a0 
00fcb0  fe df a0 fe df a0 fe df a0 fe df a0 fe df a0 fe 
00fcc0  df a0 fe df a0 fe df a0 fe df a0 fe df a0 fe df 
00fcd0  a0 fe df a0 fe df a0 fe df a0 fe df a0 fe df a0 
00fce0  fe df a0 fe df a0 fe df a0 fe df a0 fe df a0 fe 
00fcf0  df a0 fe df a0 fe df a0 fe df a0 fe df a0 fe df 
00fd00  a0 fe df a0 fe df a0 fe df a0 fe df a0 fe df a0 
00fd10  fe df a0 fe df a0 fe df a0 fe df a0 fe df a0 fe 
00fd20  df a0 fe df a0 fe df a0 fe df a0 fe df a0 fe df 
00fd30  a0 fe df a0 fe df a0 fe df a0 fe df a0 fe df a0 
00fd40  fe df a0 fe df a0 fe df a0 fe df a0 fe df a0 fe 
00fd50  df a0 fe df a0 fe df a0 fe df a0 fe df a0 fe df 
00fd60  a0 fe df a0 fe df a0 fe df a0 fe df a0 fe df a0 
00fd70  fe df a0 fe df a0 fe df a0 fe df a0 fe df a0 fe 
00fd80  df a0 fe df a0 fe df a0 fe df a0 fe df a0 fe df 
00fd90  a0 fe df a0 fe df a0 fe df a0 fe df a0 fe df a0 
00fda0  fe df a0 fe df a0 fe df a0 fe df a0 fe df a0 fe 
00fdb0  df a0 fe df a0 fe df a0 fe df a0 fe df a0 fe df 
00fdc0  a0 fe df a0 fe df a0 fe df a0 fe df a0 fe df a0 
00fdd0  fe df a0 fe df a0 fe df a0 fe df a0 fe df a0 fe 
00fde0  df a0 fe df a0 fe df a0 fe df a0 fe df a0 fe df 
00fdf0  a0 fe df a0 fe df a0 fe df a0 fe df a0 fe df a0 
00fe00  fe df a0 fe df a0 fe df a0 fe df a0 fe df a0 fe 
00fe10  df a0 fe df a0 fe df a0 fe df a0 fe df a0 fe df 
00fe20  a0 fe df a0 fe df a0 fe df a0 fe df a0 fe df a0 
00fe30  fe df a0 fe df a0 fe df a0 fe df a0 fe df a0 fe 
00fe40  df a0 fe df a0 fe df a0 fe df a0 fe df a0 fe df 
00fe50  a0 fe df a0 fe df a0 fe df a0 fe df a0 fe df a0 
00fe60  fe df a0 fe df a0 fe df a0 fe df a0 fe df a0 fe 
00fe70  df a0 fe df a0 fe df a0 fe df a0 fe df a0 fe df 
00fe80  a0 fe df a0 fe df a0 fe df a0 fe df a0 fe df a0 
00fe90  fe df a0 fe df a0 fe df a0 fe df a0 fe df a0 fe 
00fea0  df a0 fe df a0 fe df a0 fe df a0 fe df a0 fe df 
00feb0  a0 fe df a0 fe df a0 fe df a0 fe df a0 fe df a0 
00fec0  fe df a0 fe df a0 fe df a0 fe df a0 fe df a0 fe 
00fed0  df a0 fe df a0 fe df a0 fe df a0 fe df a0 fe df 
00fee0  a0 fe df a0 fe df a0 fe df a0 fe df a0 fe df a0 
00fef0  fe df a0 fe df a0 fe df a0 fe df a0 fe df a0 fe 
00ff00  df a0 fe df a0 fe df a0 fe df a0 fe df a0 fe df 
00ff10  a0 fe df a0 fe df a0 fe df a0 fe df a0 fe df a0 
00ff20  fe df a0 fe df a0 fe df a0 fe df a0 fe df a0 fe 
00ff30  df a0 fe df a0 fe df a0 fe df a0 fe df a0 fe df 
00ff40  a0 fe df a0 fe df a0 fe df a0 fe df a0 fe df a0 
00ff50  fe df a0 fe df a0 fe df a0 fe df a0 fe df a0 fe 
00ff60  df a0 fe df a0 fe df a0 fe df a0 fe df a0 fe df 
00ff70  a0 fe df a0 fe df a0 fe df a0 fe df a0 fe df a0 
00ff80  fe df a0 fe df a0 fe df a0 fe df a0 fe df a0 fe 
00ff90  df a0 fe df a0 fe df a0 fe df a0 fe df a0 fe df 
00ffa0  a0 fe df a0 fe df a0 fe df a0 fe df a0 fe df a0 
00ffb0  fe df a0 fe df a0 fe df a0 fe df a0 fe df a0 fe 
00ffc0  df a0 fe df a0 fe df a0 fe df a0 fe df a0 fe df 
00ffd0  a0 fe df a0 fe df a0 fe df a0 fe df a0 fe df a0 
00ffe0  fe df a0 fe df a0 fe df a0 fe df a0 fe df a0 fe 
00fff0  df a0 fe df a0 fe df a0 fe df a0 fe df a0 fe df 
010000  a0 fe df a0 fe df a0 fe df a0 fe df a0 fe df a0 
010010  fe df a0 fe df a0 fe df a0 fe df a0 fe df a0 fe 
010020  df a0 fe df a0 fe df a0 fe df a0 fe df a0 fe df 
010030  a0 fe df a0 fe df a0 fe df a0 fe df a0 fe df a0 
010040  fe df a0 fe df a0 fe df a0 fe df a0 fe df a0 fe 
010050  df a0 fe df a0 fe df a0 fe df a0 fe df a0 fe df 
010060  a0 fe df a0 fe df a0 fe df a0 fe df a0 fe df a0 
010070  fe df a0 fe df a0 fe df a0 fe df a0 fe df a0 fe 
010080  df a0 fe df a0 fe df a0 fe df a0 fe df a0 fe df 
010090  a0 fe df a0 fe df a0 fe df a0 fe df a0 fe df a0 
0100a0  fe df a0 fe df a0 fe df a0 fe df a0 fe df a0 fe 
0100b0  df a0 fe df a0 fe df a0 fe df a0 fe df a0 fe df 
0100c0  a0 fe df a0 fe df a0 fe df a0 fe df a0 fe df a0 
0100d0  fe df a0 fe df a0 fe df a0 fe df a0 fe df a0 fe 
0100e0  df a0 fe df a0 fe df a0 fe df a0 fe df a0 fe df 
0100f0  a0 fe df a0 fe df a0 fe df a0 fe df a0 fe df a0 
010100  fe df a0 fe df a0 fe df a0 fe df a0 fe df a0 fe 
010110  df a0 fe df a0 fe df a0 fe df a0 fe df a0 fe df 
010120  a0 fe df a0 fe df a0 fe df a0 fe df a0 fe df a0 
010130  fe df a0 fe df a0 fe df a0 fe df a0 fe df a0 fe 
010140  df a0 fe df a0 fe df a0 fe df a0 fe df a0 fe df 
010150  a0 fe df a0 fe df a0 fe df a0 fe df a0 fe df a0 
010160  fe df a0 fe df a0 fe df a0 fe df a0 fe df a0 fe 
010170  df a0 fe df a0 fe df a0 fe df a0 fe df a0 fe df 
010180  a0 fe df a0 fe df a0 fe df a0 fe df a0 fe df a0 
010190  fe df a0 fe df a0 fe df a0 fe df a0 fe df a0 fe 
0101a0  df a0 fe df a0 fe df a0 fe df a0 fe df a0 fe df 
0101b0  a0 fe df a0 fe df a0 fe df a0 fe df a0 fe df a0 
0101c0  fe df a0 fe df a0 fe df a0 fe df a0 fe df a0 fe 
0101d0  df a0 fe df a0 fe df a0 fe df a0 fe df a0 fe df 
0101e0  a0 fe df a0 fe df a0 fe df a0 fe df a0 fe df a0 
0101f0  fe df a0 fe df a0 fe df a0 fe df a0 fe df a0 fe 
010200  df a0 fe df a0 fe df a0 fe df a0 fe df a0 fe df 
010210  a0 fe df a0 fe df a0 fe df a0 fe df a0 fe df a0 
010220  fe df a0 fe df a0 fe df a0 fe df a0 fe df a0 fe 
010230  df a0 fe df a0 fe df a0 fe df a0 fe df a0 fe df 
010240  a0 fe df a0 fe df a0 fe df a0 fe df a0 fe df a0 
010250  fe df a0 fe df a0 fe df a0 fe df a0 fe df a0 fe 
010260  df a0 fe df a0 fe df a0 fe df a0 fe df a0 fe df 
010270  a0 fe df a0 fe df a0 fe df a0 fe df a0 fe df a0 
010280  fe df a0 fe df a0 fe df a0 fe df a0 fe df a0 fe 
010290  df a0 fe df a0 fe df a0 fe df a0 fe df a0 fe df 
0102a0  a0 fe df a0 fe df a0 fe df a0 fe df a0 fe df a0 
0102b0  fe df a0 fe df a0 fe df a0 fe df a0 fe df a0 fe 
0102c0  df a0 fe df a0 fe df a0 fe df a0 fe df a0 fe df 
0102d0  a0 fe df a0 fe df a0 fe df a0 fe df a0 fe df a0 
0102e0  fe df a0 fe df a0 fe df a0 fe df a0 fe df a0 fe 
0102f0  df a0 fe df a0 fe df a0 fe df a0 fe df a0 fe df 
010300  a0 fe df a0 fe df a0 fe df a0 fe df a0 fe df a0 
010310  fe df a0 fe df a0 fe df a0 fe df a0 fe df a0 fe 
010320  df a0 fe df a0 fe df a0 fe df a0 fe df a0 fe df 
010330  a0 fe df a0 fe df a0 fe df a0 fe df a0 fe df a0 
010340  fe df a0 fe df a0 fe df a0 fe df a0 fe df a0 fe 
010350  df a0 fe df a0 fe df a0 fe df a0 fe df a0 fe df 
010360  a0 fe df a0 fe df a0 fe df a0 fe df a0 fe df a0 
010370  fe df a0 fe df a0 fe df a0 fe df a0 fe df a0 fe 
010380  df a0 fe df a0 fe df a0 fe df a0 fe df a0 fe df 
010390  a0 fe df a0 fe df a0 fe df a0 fe df a0 fe df a0 
0103a0  fe df a0 fe df a0 fe df a0 fe df a0 fe df a0 fe 
0103b0  df a0 fe df a0 fe df a0 fe df a0 fe df a0 fe df 
0103c0  a0 fe df a0 fe df a0 fe df a0 fe df a0 fe df a0 
0103d0  fe df a0 fe df a0 fe df a0 fe df a0 fe df a0 fe 
0103e0  df a0 fe df a0 fe df a0 fe df a0 fe df a0 fe df 
0103f0  a0 fe df a0 fe df a0 fe df a0 fe df a0 fe df a0 
010400  fe df a0 fe df a0 fe df a0 fe df a0 fe df a0 fe 
010410  df a0 fe df a0 fe df a0 fe df a0 fe df a0 fe df 
010420  a0 fe df a0 fe df a0 fe df a0 fe df a0 fe df a0 
010430  fe df a0 fe df a0 fe df a0 fe df a0 fe df a0 fe 
010440  df a0 fe df a0 fe df a0 fe df a0 fe df a0 fe df 
010450  a0 fe df a0 fe df a0 fe df a0 fe df a0 fe df a0 
010460  fe df a0 fe df a0 fe df a0 fe df a0 fe df a0 fe 
010470  df a0 fe df a0 fe df a0 fe df a0 fe df a0 fe df 
010480  a0 fe df a0 fe df a0 fe df a0 fe df a0 fe df a0 
010490  fe df a0 fe df a0 fe df a0 fe df a0 fe df a0 fe 
0104a0  df a0 fe df a0 fe df a0 fe df a0 fe df a0 fe df 
0104b0  a0 fe df a0 fe df a0 fe df a0 fe df a0 fe df a0 
0104c0  fe df a0 fe df a0 fe df a0 fe df a0 fe df a0 fe 
0104d0  df a0 fe df a0 fe df a0 fe df a0 fe df a0 fe df 
0104e0  a0 fe df a0 fe df a0 fe df a0 fe df a0 fe df a0 
0104f0  fe df a0 fe df a0 fe df a0 fe df a0 fe df a0 fe 
010500  df a0 fe df a0 fe df a0 fe df a0 fe df a0 fe df 
010510  a0 fe df a0 fe df a0 fe df a0 fe df a0 fe df a0 
010520  fe df a0 fe df a0 fe df a0 fe df a0 fe df a0 fe 
010530  df a0 fe df a0 fe df a0 fe df a0 fe df a0 fe df 
010540  a0 fe df a0 fe df a0 fe df a0 fe df a0 fe df a0 
010550  fe df a0 fe df a0 fe df a0 fe df a0 fe df a0 fe 
010560  df a0 fe df a0 fe df a0 fe df a0 fe df a0 fe df 
010570  a0 fe df a0 fe df a0 fe df a0 fe df a0 fe df a0 
010580  fe df a0 fe df a0 fe df a0 fe df a0 fe df a0 fe 
010590  df a0 fe df a0 fe df a0 fe df a0 fe df a0 fe df 
0105a0  a0 fe df a0 fe df a0 fe df a0 fe df a0 fe df a0 
0105b0  fe df a0 fe df a0 fe df a0 fe df a0 fe df a0 fe 
0105c0  df a0 fe df a0 fe df a0 fe df a0 fe df a0 fe df 
0105d0  a0 fe df a0 fe df a0 fe df a0 fe df a0 fe df a0 
0105e0  fe df a0 fe df a0 fe df a0 fe df a0 fe df a0 fe 
0105f0  df a0 fe df a0 fe df a0 fe df a0 fe df a0 fe df 
010600  a0 fe df a0 fe df a0 fe df a0 fe df a0 fe df a0 
010610  fe df a0 fe df a0 fe df a0 fe df a0 fe df a0 fe 
010620  df a0 fe df a0 fe df a0 fe df a0 fe df a0 fe df 
010630  a0 fe df a0 fe df a0 fe df a0 fe df a0 fe df a0 
010640  fe df a0 fe df a0 fe df a0 fe df a0 fe df a0 fe 
010650  df a0 fe df a0 fe df a0 fe df a0 fe df a0 fe df 
010660  a0 fe df a0 fe df a0 fe df a0 fe df a0 fe df a0 
010670  fe df a0 fe df a0 fe df a0 fe df a0 fe df a0 fe 
010680  df a0 fe df a0 fe df a0 fe df a0 fe df a0 fe df 
010690  a0 fe df a0 fe df a0 fe df a0 fe df a0 fe df a0 
0106a0  fe df a0 fe df a0 fe df a0 fe df a0 fe df a0 fe 
0106b0  df a0 fe df a0 fe df a0 fe df a0 fe df a0 fe df 
0106c0  a0 fe df a0 fe df a0 fe df a0 fe df a0 fe df a0 
0106d0  fe df a0 fe df a0 fe df a0 fe df a0 fe df a0 fe 
0106e0  df a0 fe df a0 fe df a0 fe df a0 fe df a0 fe df 
0106f0  a0 fe df a0 fe df a0 fe df a0 fe df a0 fe df a0 
010700  fe df a0 fe df a0 fe df a0 fe df a0 fe df a0 fe 
010710  df a0 fe df a0 fe df a0 fe df a0 fe df a0 fe df 
010720  a0 fe df a0 fe df a0 fe df a0 fe df a0 fe df a0 
010730  fe df a0 fe df a0 fe df a0 fe df a0 fe df a0 fe 
010740  df a0 fe df a0 fe df a0 fe df a0 fe df a0 fe df 
010750  a0 fe df a0 fe df a0 fe df a0 fe df a0 fe df a0 
010760  fe df a0 fe df a0 fe df a0 fe df a0 fe df a0 fe 
010770  df a0 fe df a0 fe df a0 fe df a0 fe df a0 fe df 
010780  a0 fe df a0 fe df a0 fe df a0 fe df a0 fe df a0 
010790  fe df a0 fe df a0 fe df a0 fe df a0 fe df a0 fe 
0107a0  df a0 fe df a0 fe df a0 fe df a0 fe df a0 fe df 
0107b0  a0 fe df a0 fe df a0 fe df a0 fe df a0 fe df a0 
0107c0  fe df a0 fe df a0 fe df a0 fe df a0 fe df a0 fe 
0107d0  df a0 fe df a0 fe df a0 fe df a0 fe df a0 fe df 
0107e0  a0 fe df a0 fe df a0 fe df a0 fe df a0 fe df a0 
0107f0  fe df a0 fe df a0 fe df a0 fe df a0 fe df a0 fe 
010800  df a0 fe df a0 fe df a0 fe df a0 fe df a0 fe df 
010810  a0 fe df a0 fe df a0 fe df a0 fe df a0 fe df a0 
010820  fe df a0 fe df a0 fe df a0 fe df a0 fe df a0 fe 
010830  df a0 fe df a0 fe df a0 fe df a0 fe df a0 fe df 
010840  a0 fe df a0 fe df a0 fe df a0 fe df a0 fe df a0 
010850  fe df a0 fe df a0 fe df a0 fe df a0 fe df a0 fe 
010860  df a0 fe df a0 fe df a0 fe df a0 fe df a0 fe df 
010870  a0 fe df a0 fe df a0 fe df a0 fe df a0 fe df a0 
010880  fe df a0 fe df a0 fe df a0 fe df a0 fe df a0 fe 
010890  df a0 fe df a0 fe df a0 fe df a0 fe df a0 fe df 
0108a0  a0 fe df a0 fe df a0 fe df a0 fe df a0 fe df a0 
0108b0  fe df a0 fe df a0 fe df a0 fe df a0 fe df a0 fe 
0108c0  df a0 fe df a0 fe df a0 fe df a0 fe df a0 fe df 
0108d0  a0 fe df a0 fe df a0 fe df a0 fe df a0 fe df a0 
0108e0  fe df a0 fe df a0 fe df a0 fe df a0 fe df a0 fe 
0108f0  df a0 fe df a0 fe df a0 fe df a0 fe df a0 fe df 
010900  a0 fe df a0 fe df a0 fe df a0 fe df a0 fe df a0 
010910  fe df a0 fe df a0 fe df a0 fe df a0 fe df a0 fe 
010920  df a0 fe df a0 fe df a0 fe df a0 fe df a0 fe df 
010930  a0 fe df a0 fe df a0 fe df a0 fe df a0 fe df a0 
010940  fe df a0 fe df a0 fe df a0 fe df a0 fe df a0 fe 
010950  df a0 fe df a0 fe df a0 fe df a0 fe df a0 fe df 
010960  a0 fe df a0 fe df a0 fe df a0 fe df a0 fe df a0 
010970  fe df a0 fe df a0 fe df a0 fe df a0 fe df a0 fe 
010980  df a0 fe df a0 fe df a0 fe df a0 fe df a0 fe df 
010990  a0 fe df a0 fe df a0 fe df a0 fe df a0 fe df a0 
0109a0  fe df a0 fe df a0 fe df a0 fe df a0 fe df a0 fe 
0109b0  df a0 fe df a0 fe df a0 fe df a0 fe df a0 fe df 
0109c0  a0 fe df a0 fe df a0 fe df a0 fe df a0 fe df a0 
0109d0  fe df a0 fe df a0 fe df a0 fe df a0 fe df a0 fe 
0109e0  df a0 fe df a0 fe df a0 fe df a0 fe df a0 fe df 
0109f0  a0 fe df a0 fe df a0 fe df a0 fe df a0 fe df a0 
010a00  fe df a0 fe df a0 fe df a0 fe df a0 fe df a0 fe 
010a10  df a0 fe df a0 fe df a0 fe df a0 fe df a0 fe df 
010a20  a0 fe df a0 fe df a0 fe df a0 fe df a0 fe df a0 
010a30  fe df a0 fe df a0 fe df a0 fe df a0 fe df a0 fe 
010a40  df a0 fe df a0 fe df a0 fe df a0 fe df a0 fe df 
010a50  a0 fe df a0 fe df a0 fe df a0 fe df a0 fe df a0 
010a60  fe df a0 fe df a0 fe df a0 fe df a0 fe df a0 fe 
010a70  df a0 fe df a0 fe df a0 fe df a0 fe df a0 fe df 
010a80  a0 fe df a0 fe df a0 fe df a0 fe df a0 fe df a0 
010a90  fe df a0 fe df a0 fe df a0 fe df a0 fe df a0 fe 
010aa0  df a0 fe df a0 fe df a0 fe df a0 fe df a0 fe df 
010ab0  a0 fe df a0 fe df a0 fe df a0 fe df a0 fe df a0 
010ac0  fe df a0 fe df a0 fe df a0 fe df a0 fe df a0 fe 
010ad0  df a0 fe df a0 fe df a0 fe df a0 fe df a0 fe df 
010ae0  a0 fe df a0 fe df a0 fe df a0 fe df a0 fe df a0 
010af0  fe df a0 fe df a0 fe df a0 fe df a0 fe df a0 fe 
010b00  df a0 fe df a0 fe df a0 fe df a0 fe df a0 fe df 
010b10  a0 fe df a0 fe df a0 fe df a0 fe df a0 fe df a0 
010b20  fe df a0 fe df a0 fe df a0 fe df a0 fe df a0 fe 
010b30  df a0 fe df a0 fe df a0 fe df a0 fe df a0 fe df 
010b40  a0 fe df a0 fe df a0 fe df a0 fe df a0 fe df a0 
010b50  fe df a0 fe df a0 fe df a0 fe df a0 fe df a0 fe 
010b60  df a0 fe df a0 fe df a0 fe df a0 fe df a0 fe df 
010b70  a0 fe df a0 fe df a0 fe df a0 fe df a0 fe df a0 
010b80  fe df a0 fe df a0 fe df a0 fe df a0 fe df a0 fe 
010b90  df a0 fe df a0 fe df a0 fe df a0 fe df a0 fe df 
010ba0  a0 fe df a0 fe df a0 fe df a0 fe df a0 fe df a0 
010bb0  fe df a0 fe df a0 fe df a0 fe df a0 fe df a0 fe 
010bc0  df a0 fe df a0 fe df a0 fe df a0 fe df a0 fe df 
010bd0  a0 fe df a0 fe df a0 fe df a0 fe df a0 fe df a0 
010be0  fe df a0 fe df a0 fe df a0 fe df a0 fe df a0 fe 
010bf0  df a0 fe df a0 fe df a0 fe df a0 fe df a0 fe df 
010c00  a0 fe df a0 fe df a0 fe df a0 fe df a0 fe df a0 
010c10  fe df a0 fe df a0 fe df a0 fe df a0 fe df a0 fe 
010c20  df a0 fe df a0 fe df a0 fe df a0 fe df a0 fe df 
010c30  a0 fe df a0 fe df a0 fe df a0 fe df a0 fe df a0 
010c40  fe df a0 fe df a0 fe df a0 fe df a0 fe df a0 fe 
010c50  df a0 fe df a0 fe df a0 fe df a0 fe df a0 fe df 
010c60  a0 fe df a0 fe df a0 fe df a0 fe df a0 fe df a0 
010c70  fe df a0 fe df a0 fe df a0 fe df a0 fe df a0 fe 
010c80  df a0 fe df a0 fe df a0 fe df a0 fe df a0 fe df 
010c90  a0 fe df a0 fe df a0 fe df a0 fe df a0 fe df a0 
010ca0  fe df a0 fe df a0 fe df a0 fe df a0 fe df a0 fe 
010cb0  df a0 fe df a0 fe df a0 fe df a0 fe df a0 fe df 
010cc0  a0 fe df a0 fe df a0 fe df a0 fe df a0 fe df a0 
010cd0  fe df a0 fe df a0 fe df a0 fe df a0 fe df a0 fe 
010ce0  df a0 fe df a0 fe df a0 fe df a0 fe df a0 fe df 
010cf0  a0 fe df a0 fe df a0 fe df a0 fe df a0 fe df a0 
010d00  fe df a0 fe df a0 fe df a0 fe df a0 fe df a0 fe 
010d10  df a0 fe df a0 fe df a0 fe df a0 fe df a0 fe df 
010d20  a0 fe df a0 fe df a0 fe df a0 fe df a0 fe df a0 
010d30  fe df a0 fe df a0 fe df a0 fe df a0 fe df a0 fe 
010d40  df a0 fe df a0 fe df a0 fe df a0 fe df a0 fe df 
010d50  a0 fe df a0 fe df a0 fe df a0 fe df a0 fe df a0 
010d60  fe df a0 fe df a0 fe df a0 fe df a0 fe df a0 fe 
010d70  df a0 fe df a0 fe df a0 fe df a0 fe df a0 fe df 
010d80  a0 fe df a0 fe df a0 fe df a0 fe df a0 fe df a0 
010d90  fe df a0 fe df a0 fe df a0 fe df a0 fe df a0 fe 
010da0  df a0 fe df a0 fe df a0 fe df a0 fe df a0 fe df 
010db0  a0 fe df a0 fe df a0 fe df a0 fe df a0 fe df a0 
010dc0  fe df a0 fe df a0 fe df a0 fe df a0 fe df a0 fe 
010dd0  df a0 fe df a0 fe df a0 fe df a0 fe df a0 fe df 
010de0  a0 fe df a0 fe df a0 fe df a0 fe df a0 fe df a0 
010df0  fe df a0 fe df a0 fe df a0 fe df a0 fe df a0 fe 
010e00  df a0 fe df a0 fe df a0 fe df a0 fe df a0 fe df 
010e10  a0 fe df a0 fe df a0 fe df a0 fe df a0 fe df a0 
010e20  fe df a0 fe df a0 fe df a0 fe df a0 fe df a0 fe 
010e30  df a0 fe df a0 fe df a0 fe df a0 fe df a0 fe df 
010e40  a0 fe df a0 fe df a0 fe df a0 fe df a0 fe df a0 
010e50  fe df a0 fe df a0 fe df a0 fe df a0 fe df a0 fe 
010e60  df a0 fe df a0 fe df a0 fe df a0 fe df a0 fe df 
010e70  a0 fe df a0 fe df a0 fe df a0 fe df a0 fe df a0 
010e80  fe df a0 fe df a0 fe df a0 fe df a0 fe df a0 fe 
010e90  df a0 fe df a0 fe df a0 fe df a0 fe df a0 fe df 
010ea0  a0 fe df a0 fe df a0 fe df a0 fe df a0 fe df a0 
010eb0  fe df a0 fe df a0 fe df a0 fe df a0 fe df a0 fe 
010ec0  df a0 fe df a0 fe df a0 fe df a0 fe df a0 fe df 
010ed0  a0 fe df a0 fe df a0 fe df a0 fe df a0 fe df a0 
010ee0  fe df a0 fe df a0 fe df a0 fe df a0 fe df a0 fe 
010ef0  df a0 fe df a0 fe df a0 fe df a0 fe df a0 fe df 
010f00  a0 fe df a0 fe df a0 fe df a0 fe df a0 fe df a0 
010f10  fe df a0 fe df a0 fe df a0 fe df a0 fe df a0 fe 
010f20  df a0 fe df a0 fe df a0 fe df a0 fe df a0 fe df 
010f30  a0 fe df a0 fe df a0 fe df a0 fe df a0 fe df a0 
010f40  fe df a0 fe df a0 fe df a0 fe df a0 fe df a0 fe 
010f50  df a0 fe df a0 fe df a0 fe df a0 fe df a0 fe df 
010f60  a0 fe df a0 fe df a0 fe df a0 fe df a0 fe df a0 
010f70  fe df a0 fe df a0 fe df a0 fe df a0 fe df a0 fe 
010f80  df a0 fe df a0 fe df a0 fe df a0 fe df a0 fe df 
010f90  a0 fe df a0 fe df a0 fe df a0 fe df a0 fe df a0 
010fa0  fe df a0 fe df a0 fe df a0 fe df a0 fe df a0 fe 
010fb0  df a0 fe df a0 fe df a0 fe df a0 fe df a0 fe df 
010fc0  a0 fe df a0 fe df a0 fe df a0 fe df a0 fe df a0 
010fd0  fe df a0 fe df a0 fe df a0 fe df a0 fe df a0 fe 
010fe0  df a0 fe df a0 fe df a0 fe df a0 fe df a0 fe df 
010ff0  a0 fe df a0 fe df a0 fe df a0 fe df a0 fe df a0 
011000  fe df a0 fe df a0 fe df a0 fe df a0 fe df a0 fe 
011010  df a0 fe df a0 fe df a0 fe df a0 fe df a0 fe df 
011020  a0 fe df a0 fe df a0 fe df a0 fe df a0 fe df a0 
011030  fe df a0 fe df a0 fe df a0 fe df a0 fe df a0 fe 
011040  df a0 fe df a0 fe df a0 fe df a0 fe df a0 fe df 
011050  a0 fe df a0 fe df a0 fe df a0 fe df a0 fe df a0 
011060  fe df a0 fe df a0 fe df a0 fe df a0 fe df a0 fe 
011070  df a0 fe df a0 fe df a0 fe df a0 fe df a0 fe df 
011080  a0 fe df a0 fe df a0 fe df a0 fe df a0 fe df a0 
011090  fe df a0 fe df a0 fe df a0 fe df a0 fe df a0 fe 
0110a0  df a0 fe df a0 fe df a0 fe df a0 fe df a0 fe df 
0110b0  a0 fe df a0 fe df a0 fe df a0 fe df a0 fe df a0 
0110c0  fe df a0 fe df a0 fe df a0 fe df a0 fe df a0 fe 
0110d0  df a0 fe df a0 fe df a0 fe df a0 fe df a0 fe df 
0110e0  a0 fe df a0 fe df a0 fe df a0 fe df a0 fe df a0 
0110f0  fe df a0 fe df a0 fe df a0 fe df a0 fe df a0 fe 
011100  df a0 fe df a0 fe df a0 fe df a0 fe df a0 fe df 
011110  a0 fe df a0 fe df a0 fe df a0 fe df a0 fe df a0 
011120  fe df a0 fe df a0 fe df a0 fe df a0 fe df a0 fe 
011130  df a0 fe df a0 fe df a0 fe df a0 fe df a0 fe df 
011140  a0 fe df a0 fe df a0 fe df a0 fe df a0 fe df a0 
011150  fe df a0 fe df a0 fe df a0 fe df a0 fe df a0 fe 
011160  df a0 fe df a0 fe df a0 fe df a0 fe df a0 fe df 
011170  a0 fe df a0 fe df a0 fe df a0 fe df a0 fe df a0 
011180  fe df a0 fe df a0 fe df a0 fe df a0 fe df a0 fe 
011190  df a0 fe df a0 fe df a0 fe df a0 fe df a0 fe df 
0111a0  a0 fe df a0 fe df a0 fe df a0 fe df a0 fe df a0 
0111b0  fe df a0 fe df a0 fe df a0 fe df a0 fe df a0 fe 
0111c0  df a0 fe df a0 fe df a0 fe df a0 fe df a0 fe df 
0111d0  a0 fe df a0 fe df a0 fe df a0 fe df a0 fe df a0 
0111e0  fe df a0 fe df a0 fe df a0 fe df a0 fe df a0 fe 
0111f0  df a0 fe df a0 fe df a0 fe df a0 fe df a0 fe df 
011200  a0 fe df a0 fe df a0 fe df a0 fe df a0 fe df a0 
011210  fe df a0 fe df a0 fe df a0 fe df a0 fe df a0 fe 
011220  df a0 fe df a0 fe df a0 fe df a0 fe df a0 fe df 
011230  a0 fe df a0 fe df a0 fe df a0 fe df a0 fe df a0 
011240  fe df a0 fe df a0 fe df a0 fe df a0 fe df a0 fe 
011250  df a0 fe df a0 fe df a0 fe df a0 fe df a0 fe df 
011260  a0 fe df a0 fe df a0 fe df a0 fe df a0 fe df a0 
011270  fe df a0 fe df a0 fe df a0 fe df a0 fe df a0 fe 
011280  df a0 fe df a0 fe df a0 fe df a0 fe df a0 fe df 
011290  a0 fe df a0 fe df a0 fe df a0 fe df a0 fe df a0 
0112a0  fe df a0 fe df a0 fe df a0 fe df a0 fe df a0 fe 
0112b0  df a0 fe df a0 fe df a0 fe df a0 fe df a0 fe df 
0112c0  a0 fe df a0 fe df a0 fe df a0 fe df a0 fe df a0 
0112d0  fe df a0 fe df a0 fe df a0 fe df a0 fe df a0 fe 
0112e0  df a0 fe df a0 fe df a0 fe df a0 fe df a0 fe df 
0112f0  a0 fe df a0 fe df a0 fe df a0 fe df a0 fe df a0 
011300  fe df a0 fe df a0 fe df a0 fe df a0 fe df a0 fe 
011310  df a0 fe df a0 fe df a0 fe df a0 fe df a0 fe df 
011320  a0 fe df a0 fe df a0 fe df a0 fe df a0 fe df a0 
011330  fe df a0 fe df a0 fe df a0 fe df a0 fe df a0 fe 
011340  df a0 fe df a0 fe df a0 fe df a0 fe df a0 fe df 
011350  a0 fe df a0 fe df a0 fe df a0 fe df a0 fe df a0 
011360  fe df a0 fe df a0 fe df a0 fe df a0 fe df a0 fe 
011370  df a0 fe df a0 fe df a0 fe df a0 fe df a0 fe df 
011380  a0 fe df a0 fe df a0 fe df a0 fe df a0 fe df a0 
011390  fe df a0 fe df a0 fe df a0 fe df a0 fe df a0 fe 
0113a0  df a0 fe df a0 fe df a0 fe df a0 fe df a0 fe df 
0113b0  a0 fe df a0 fe df a0 fe df a0 fe df a0 fe df a0 
0113c0  fe df a0 fe df a0 fe df a0 fe df a0 fe df a0 fe 
0113d0  df a0 fe df a0 fe df a0 fe df a0 fe df a0 fe df 
0113e0  a0 fe df a0 fe df a0 fe df a0 fe df a0 fe df a0 
0113f0  fe df a0 fe df a0 fe df a0 fe df a0 fe df a0 fe 
011400  df a0 fe df a0 fe df a0 fe df a0 fe df a0 fe df 
011410  a0 fe df a0 fe df a0 fe df a0 fe df a0 fe df a0 
011420  fe df a0 fe df a0 fe df a0 fe df a0 fe df a0 fe 
011430  df a0 fe df a0 fe df a0 fe df a0 fe df a0 fe df 
011440  a0 fe df a0 fe df a0 fe df a0 fe df a0 fe df a0 
011450  fe df a0 fe df a0 fe df a0 fe df a0 fe df a0 fe 
011460  df a0 fe df a0 fe df a0 fe df a0 fe df a0 fe df 
011470  a0 fe df a0 fe df a0 fe df a0 fe df a0 fe df a0 
011480  fe df a0 fe df a0 fe df a0 fe df a0 fe df a0 fe 
011490  df a0 fe df a0 fe df a0 fe df a0 fe df a0 fe df 
0114a0  a0 fe df a0 fe df a0 fe df a0 fe df a0 fe df a0 
0114b0  fe df a0 fe df a0 fe df a0 fe df a0 fe df a0 fe 
0114c0  df a0 fe df a0 fe df a0 fe df a0 fe df a0 fe df 
0114d0  a0 fe df a0 fe df a0 fe df a0 fe df a0 fe df a0 
0114e0  fe df a0 fe df a0 fe df a0 fe df a0 fe df a0 fe 
0114f0  df a0 fe df a0 fe df a0 fe df a0 fe df a0 fe df 
011500  a0 fe df a0 fe df a0 fe df a0 fe df a0 fe df a0 
011510  fe df a0 fe df a0 fe df a0 fe df a0 fe df a0 fe 
011520  df a0 fe df a0 fe df a0 fe df a0 fe df a0 fe df 
011530  a0 fe df a0 fe df a0 fe df a0 fe df a0 fe df a0 
011540  fe df a0 fe df a0 fe df a0 fe df a0 fe df a0 fe 
011550  df a0 fe df a0 fe df a0 fe df a0 fe df a0 fe df 
011560  a0 fe df a0 fe df a0 fe df a0 fe df a0 fe df a0 
011570  fe df a0 fe df a0 fe df a0 fe df a0 fe df a0 fe 
011580  df a0 fe df a0 fe df a0 fe df a0 fe df a0 fe df 
011590  a0 fe df a0 fe df a0 fe df a0 fe df a0 fe df a0 
0115a0  fe df a0 fe df a0 fe df a0 fe df a0 fe df a0 fe 
0115b0  df a0 fe df a0 fe df a0 fe df a0 fe df a0 fe df 
0115c0  a0 fe df a0 fe df a0 fe df a0 fe df a0 fe df a0 
0115d0  fe df a0 fe df a0 fe df a0 fe df a0 fe df a0 fe 
0115e0  df a0 fe df a0 fe df a0 fe df a0 fe df a0 fe df 
0115f0  a0 fe df a0 fe df a0 fe df a0 fe df a0 fe df a0 
011600  fe df a0 fe df a0 fe df a0 fe df a0 fe df a0 fe 
011610  df a0 fe df a0 fe df a0 fe df a0 fe df a0 fe df 
011620  a0 fe df a0 fe df a0 fe df a0 fe df a0 fe df a0 
011630  fe df a0 fe df a0 fe df a0 fe df a0 fe df a0 fe 
011640  df a0 fe df a0 fe df a0 fe df a0 fe df a0 fe df 
011650  a0 fe df a0 fe df a0 fe df a0 fe df a0 fe df a0 
011660  fe df a0 fe df a0 fe df a0 fe df a0 fe df a0 fe 
011670  df a0 fe df a0 fe df a0 fe df a0 fe df a0 fe df 
011680  a0 fe df a0 fe df a0 fe df a0 fe df a0 fe df a0 
011690  fe df a0 fe df a0 fe df a0 fe df a0 fe df a0 fe 
0116a0  df a0 fe df a0 fe df a0 fe df a0 fe df a0 fe df 
0116b0  a0 fe df a0 fe df a0 fe df a0 fe df a0 fe df a0 
0116c0  fe df a0 fe df a0 fe df a0 fe df a0 fe df a0 fe 
0116d0  df a0 fe df a0 fe df a0 fe df a0 fe df a0 fe df 
0116e0  a0 fe df a0 fe df a0 fe df a0 fe df a0 fe df a0 
0116f0  fe df a0 fe df a0 fe df a0 fe df a0 fe df a0 fe 
011700  df a0 fe df a0 fe df a0 fe df a0 fe df a0 fe df 
011710  a0 fe df a0 fe df a0 fe df a0 fe df a0 fe df a0 
011720  fe df a0 fe df a0 fe df a0 fe df a0 fe df a0 fe 
011730  df a0 fe df a0 fe df a0 fe df a0 fe df a0 fe df 
011740  a0 fe df a0 fe df a0 fe df a0 fe df a0 fe df a0 
011750  fe df a0 fe df a0 fe df a0 fe df a0 fe df a0 fe 
011760  df a0 fe df a0 fe df a0 fe df a0 fe df a0 fe df 
011770  a0 fe df a0 fe df a0 fe df a0 fe df a0 fe df a0 
011780  fe df a0 fe df a0 fe df a0 fe df a0 fe df a0 fe 
011790  df a0 fe df a0 fe df a0 fe df a0 fe df a0 fe df 
0117a0  a0 fe df a0 fe df a0 fe df a0 fe df a0 fe df a0 
0117b0  fe df a0 fe df a0 fe df a0 fe df a0 fe df a0 fe 
0117c0  df a0 fe df a0 fe df a0 fe df a0 fe df a0 fe df 
0117d0  a0 fe df a0 fe df a0 fe df a0 fe df a0 fe df a0 
0117e0  fe df a0 fe df a0 fe df a0 fe df a0 fe df a0 fe 
0117f0  df a0 fe df a0 fe df a0 fe df a0 fe df a0 fe df 
011800  a0 fe df a0 fe df a0 fe df a0 fe df a0 fe df a0 
011810  fe df a0 fe df a0 fe df a0 fe df a0 fe df a0 fe 
011820  df a0 fe df a0 fe df a0 fe df a0 fe df a0 fe df 
011830  a0 fe df a0 fe df a0 fe df a0 fe df a0 fe df a0 
011840  fe df a0 fe df a0 fe df a0 fe df a0 fe df a0 fe 
011850  df a0 fe df a0 fe df a0 fe df a0 fe df a0 fe df 
011860  a0 fe df a0 fe df a0 fe df a0 fe df a0 fe df a0 
011870  fe df a0 fe df a0 fe df a0 fe df a0 fe df a0 fe 
011880  df a0 fe df a0 fe df a0 fe df a0 fe df a0 fe df 
011890  a0 fe df a0 fe df a0 fe df a0 fe df a0 fe df a0 
0118a0  fe df a0 fe df a0 fe df a0 fe df a0 fe df a0 fe 
0118b0  df a0 fe df a0 fe df a0 fe df a0 fe df a0 fe df 
0118c0  a0 fe df a0 fe df a0 fe df a0 fe df a0 fe df a0 
0118d0  fe df a0 fe df a0 fe df a0 fe df a0 fe df a0 fe 
0118e0  df a0 fe df a0 fe df a0 fe df a0 fe df a0 fe df 
0118f0  a0 fe df a0 fe df a0 fe df a0 fe df a0 fe df a0 
011900  fe df a0 fe df a0 fe df a0 fe df a0 fe df a0 fe 
011910  df a0 fe df a0 fe df a0 fe df a0 fe df a0 fe df 
011920  a0 fe df a0 fe df a0 fe df a0 fe df a0 fe df a0 
011930  fe df a0 fe df a0 fe df a0 fe df a0 fe df a0 fe 
011940  df a0 fe df a0 fe df a0 fe df a0 fe df a0 fe df 
011950  a0 fe df a0 fe df a0 fe df a0 fe df a0 fe df a0 
011960  fe df a0 fe df a0 fe df a0 fe df a0 fe df a0 fe 
011970  df a0 fe df a0 fe df a0 fe df a0 fe df a0 fe df 
011980  a0 fe df a0 fe df a0 fe df a0 fe df a0 fe df a0 
011990  fe df a0 fe df a0 fe df a0 fe df a0 fe df a0 fe 
0119a0  df a0 fe df a0 fe df a0 fe df a0 fe df a0 fe df 
0119b0  a0 fe df a0 fe df a0 fe df a0 fe df a0 fe df a0 
0119c0  fe df a0 fe df a0 fe df a0 fe df a0 fe df a0 fe 
0119d0  df a0 fe df a0 fe df a0 fe df a0 fe df a0 fe df 
0119e0  a0 fe df a0 fe df a0 fe df a0 fe df a0 fe df a0 
0119f0  fe df a0 fe df a0 fe df a0 fe df a0 fe df a0 fe 
011a00  df a0 fe df a0 fe df a0 fe df a0 fe df a0 fe df 
011a10  a0 fe df a0 fe df a0 fe df a0 fe df a0 fe df a0 
011a20  fe df a0 fe df a0 fe df a0 fe df a0 fe df a0 fe 
011a30  df a0 fe df a0 fe df a0 fe df a0 fe df a0 fe df 
011a40  a0 fe df a0 fe df a0 fe df a0 fe df a0 fe df a0 
011a50  fe df a0 fe df a0 fe df a0 fe df a0 fe df a0 fe 
011a60  df a0 fe df a0 fe df a0 fe df a0 fe df a0 fe df 
011a70  a0 fe df a0 fe df a0 fe df a0 fe df a0 fe df a0 
011a80  fe df a0 fe df a0 fe df a0 fe df a0 fe df a0 fe 
011a90  df a0 fe df a0 fe df a0 fe df a0 fe df a0 fe df 
011aa0  a0 fe df a0 fe df a0 fe df a0 fe df a0 fe df a0 
011ab0  fe df a0 fe df a0 fe df a0 fe df a0 fe df a0 fe 
011ac0  df a0 fe df a0 fe df a0 fe df a0 fe df a0 fe df 
011ad0  a0 fe df a0 fe df a0 fe df a0 fe df a0 fe df a0 
011ae0  fe df a0 fe df a0 fe df a0 fe df a0 fe df a0 fe 
011af0  df a0 fe df a0 fe df a0 fe df a0 fe df a0 fe df 
011b00  a0 fe df a0 fe df a0 fe df a0 fe df a0 fe df a0 
011b10  fe df a0 fe df a0 fe df a0 fe df a0 fe df a0 fe 
011b20  df a0 fe df a0 fe df a0 fe df a0 fe df a0 fe df 
011b30  a0 fe df a0 fe df a0 fe df a0 fe df a0 fe df a0 
011b40  fe df a0 fe df a0 fe df a0 fe df a0 fe df a0 fe 
011b50  df a0 fe df a0 fe df a0 fe df a0 fe df a0 fe df 
011b60  a0 fe df a0 fe df a0 fe df a0 fe df a0 fe df a0 
011b70  fe df a0 fe df a0 fe df a0 fe df a0 fe df a0 fe 
011b80  df a0 fe df a0 fe df a0 fe df a0 fe df a0 fe df 
011b90  a0 fe df a0 fe df a0 fe df a0 fe df a0 fe df a0 
011ba0  fe df a0 fe df a0 fe df a0 fe df a0 fe df a0 fe 
011bb0  df a0 fe df a0 fe df a0 fe df a0 fe df a0 fe df 
011bc0  a0 fe df a0 fe df a0 fe df a0 fe df a0 fe df a0 
011bd0  fe df a0 fe df a0 fe df a0 fe df a0 fe df a0 fe 
011be0  df a0 fe df a0 fe df a0 fe df a0 fe df a0 fe df 
011bf0  a0 fe df a0 fe df a0 fe df a0 fe df a0 fe df a0 
011c00  fe df a0 fe df a0 fe df a0 fe df a0 fe df a0 fe 
011c10  df a0 fe df a0 fe df a0 fe df a0 fe df a0 fe df 
011c20  a0 fe df a0 fe df a0 fe df a0 fe df a0 fe df a0 
011c30  fe df a0 fe df a0 fe df a0 fe df a0 fe df a0 fe 
011c40  df a0 fe df a0 fe df a0 fe df a0 fe df a0 fe df 
011c50  a0 fe df a0 fe df a0 fe df a0 fe df a0 fe df a0 
011c60  fe df a0 fe df a0 fe df a0 fe df a0 fe df a0 fe 
011c70  df a0 fe df a0 fe df a0 fe df a0 fe df a0 fe df 
011c80  a0 fe df a0 fe df a0 fe df a0 fe df a0 fe df a0 
011c90  fe df a0 fe df a0 fe df a0 fe df a0 fe df a0 fe 
011ca0  df a0 fe df a0 fe df a0 fe df a0 fe df a0 fe df 
011cb0  a0 fe df a0 fe df a0 fe df a0 fe df a0 fe df a0 
011cc0  fe df a0 fe df a0 fe df a0 fe df a0 fe df a0 fe 
011cd0  df a0 fe df a0 fe df a0 fe df a0 fe df a0 fe df 
011ce0  a0 fe df a0 fe df a0 fe df a0 fe df a0 fe df a0 
011cf0  fe df a0 fe df a0 fe df a0 fe df a0 fe df a0 fe 
011d00  df a0 fe df a0 fe df a0 fe df a0 fe df a0 fe df 
011d10  a0 fe df a0 fe df a0 fe df a0 fe df a0 fe df a0 
011d20  fe df a0 fe df a0 fe df a0 fe df a0 fe df a0 fe 
011d30  df a0 fe df a0 fe df a0 fe df a0 fe df a0 fe df 
011d40  a0 fe df a0 fe df a0 fe df a0 fe df a0 fe df a0 
011d50  fe df a0 fe df a0 fe df a0 fe df a0 fe df a0 fe 
011d60  df a0 fe df a0 fe df a0 fe df a0 fe df a0 fe df 
011d70  a0 fe df a0 fe df a0 fe df a0 fe df a0 fe df a0 
011d80  fe df a0 fe df a0 fe df a0 fe df a0 fe df a0 fe 
011d90  df a0 fe df a0 fe df a0 fe df a0 fe df a0 fe df 
011da0  a0 fe df a0 fe df a0 fe df a0 fe df a0 fe df a0 
011db0  fe df a0 fe df a0 fe df a0 fe df a0 fe df a0 fe 
011dc0  df a0 fe df a0 fe df a0 fe df a0 fe df a0 fe df 
011dd0  a0 fe df a0 fe df a0 fe df a0 fe df a0 fe df a0 
011de0  fe df a0 fe df a0 fe df a0 fe df a0 fe df a0 fe 
011df0  df a0 fe df a0 fe df a0 fe df a0 fe df a0 fe df 
011e00  a0 fe df a0 fe df a0 fe df a0 fe df a0 fe df a0 
011e10  fe df a0 fe df a0 fe df a0 fe df a0 fe df a0 fe 
011e20  df a0 fe df a0 fe df a0 fe df a0 fe df a0 fe df 
011e30  a0 fe df a0 fe df a0 fe df a0 fe df a0 fe df a0 
011e40  fe df a0 fe df a0 fe df a0 fe df a0 fe df a0 fe 
011e50  df a0 fe df a0 fe df a0 fe df a0 fe df a0 fe df 
011e60  a0 fe df a0 fe df a0 fe df a0 fe df a0 fe df a0 
011e70  fe df a0 fe df a0 fe df a0 fe df a0 fe df a0 fe 
011e80  df a0 fe df a0 fe df a0 fe df a0 fe df a0 fe df 
011e90  a0 fe df a0 fe df a0 fe df a0 fe df a0 fe df a0 
011ea0  fe df a0 fe df a0 fe df a0 fe df a0 fe df a0 fe 
011eb0  df a0 fe df a0 fe df a0 fe df a0 fe df a0 fe df 
011ec0  a0 fe df a0 fe df a0 fe df a0 fe df a0 fe df a0 
011ed0  fe df a0 fe df a0 fe df a0 fe df a0 fe df a0 fe 
011ee0  df a0 fe df a0 fe df a0 fe df a0 fe df a0 fe df 
011ef0  a0 fe df a0 fe df a0 fe df a0 fe df a0 fe df a0 
011f00  fe df a0 fe df a0 fe df a0 fe df a0 fe df a0 fe 
011f10  df a0 fe df a0 fe df a0 fe df a0 fe df a0 fe df 
011f20  a0 fe df a0 fe df a0 fe df a0 fe df a0 fe df a0 
011f30  fe df a0 fe df a0 fe df a0 fe df a0 fe df a0 fe 
011f40  df a0 fe df a0 fe df a0 fe df a0 fe df a0 fe df 
011f50  a0 fe df a0 fe df a0 fe df a0 fe df a0 fe df a0 
011f60  fe df a0 fe df a0 fe df a0 fe df a0 fe df a0 fe 
011f70  df a0 fe df a0 fe df a0 fe df a0 fe df a0 fe df 
011f80  a0 fe df a0 fe df a0 fe df a0 fe df a0 fe df a0 
011f90  fe df a0 fe df a0 fe df a0 fe df a0 fe df a0 fe 
011fa0  df a0 fe df a0 fe df a0 fe df a0 fe df a0 fe df 
011fb0  a0 fe df a0 fe df a0 fe df a0 fe df a0 fe df a0 
011fc0  fe df a0 fe df a0 fe df a0 fe df a0 fe df a0 fe 
011fd0  df a0 fe df a0 fe df a0 fe df a0 fe df a0 fe df 
011fe0  a0 fe df a0 fe df a0 fe df a0 fe df a0 fe df a0 
011ff0  fe df a0 fe df a0 fe df a0 fe df a0 fe df a0 fe 
012000  df a0 fe df a0 fe df a0 fe df a0 fe df a0 fe df 
012010  a0 fe df a0 fe df a0 fe df a0 fe df a0 fe df a0 
012020  fe df a0 fe df a0 fe df a0 fe df a0 fe df a0 fe 
012030  df a0 fe df a0 fe df a0 fe df a0 fe df a0 fe df 
012040  a0 fe df a0 fe df a0 fe df a0 fe df a0 fe df a0 
012050  fe df a0 fe df a0 fe df a0 fe df a0 fe df a0 fe 
012060  df a0 fe df a0 fe df a0 fe df a0 fe df a0 fe df 
012070  a0 fe df a0 fe df a0 fe df a0 fe df a0 fe df a0 
012080  fe df a0 fe df a0 fe df a0 fe df a0 fe df a0 fe 
012090  df a0 fe df a0 fe df a0 fe df a0 fe df a0 fe df 
0120a0  a0 fe df a0 fe df a0 fe df a0 fe df a0 fe df a0 
0120b0  fe df a0 fe df a0 fe df a0 fe df a0 fe df a0 fe 
0120c0  df a0 fe df a0 fe df a0 fe df a0 fe df a0 fe df 
0120d0  a0 fe df a0 fe df a0 fe df a0 fe df a0 fe df a0 
0120e0  fe df a0 fe df a0 fe df a0 fe df a0 fe df a0 fe 
0120f0  df a0 fe df a0 fe df a0 fe df a0 fe df a0 fe df 
012100  a0 fe df a0 fe df a0 fe df a0 fe df a0 fe df a0 
012110  fe df a0 fe df a0 fe df a0 fe df a0 fe df a0 fe 
012120  df a0 fe df a0 fe df a0 fe df a0 fe df a0 fe df 
012130  a0 fe df a0 fe df a0 fe df a0 fe df a0 fe df a0 
012140  fe df a0 fe df a0 fe df a0 fe df a0 fe df a0 fe 
012150  df a0 fe df a0 fe df a0 fe df a0 fe df a0 fe df 
012160  a0 fe df a0 fe df a0 fe df a0 fe df a0 fe df a0 
012170  fe df a0 fe df a0 fe df a0 fe df a0 fe df a0 fe 
012180  df a0 fe df a0 fe df a0 fe df a0 fe df a0 fe df 
012190  a0 fe df a0 fe df a0 fe df a0 fe df a0 fe df a0 
0121a0  fe df a0 fe df a0 fe df a0 fe df a0 fe df a0 fe 
0121b0  df a0 fe df a0 fe df a0 fe df a0 fe df a0 fe df 
0121c0  a0 fe df a0 fe df a0 fe df a0 fe df a0 fe df a0 
0121d0  fe df a0 fe df a0 fe df a0 fe df a0 fe df a0 fe 
0121e0  df a0 fe df a0 fe df a0 fe df a0 fe df a0 fe df 
0121f0  a0 fe df a0 fe df a0 fe df a0 fe df a0 fe df a0 
012200  fe df a0 fe df a0 fe df a0 fe df a0 fe df a0 fe 
012210  df a0 fe df a0 fe df a0 fe df a0 fe df a0 fe df 
012220  a0 fe df a0 fe df a0 fe df a0 fe df a0 fe df a0 
012230  fe df a0 fe df a0 fe df a0 fe df a0 fe df a0 fe 
012240  df a0 fe df a0 fe df a0 fe df a0 fe df a0 fe df 
012250  a0 fe df a0 fe df a0 fe df a0 fe df a0 fe df a0 
012260  fe df a0 fe df a0 fe df a0 fe df a0 fe df a0 fe 
012270  df a0 fe df a0 fe df a0 fe df a0 fe df a0 fe df 
012280  a0 fe df a0 fe df a0 fe df a0 fe df a0 fe df a0 
012290  fe df a0 fe df a0 fe df a0 fe df a0 fe df a0 fe 
0122a0  df a0 fe df a0 fe df a0 fe df a0 fe df a0 fe df 
0122b0  a0 fe df a0 fe df a0 fe df a0 fe df a0 fe df a0 
0122c0  fe df a0 fe df a0 fe df a0 fe df a0 fe df a0 fe 
0122d0  df a0 fe df a0 fe df a0 fe df a0 fe df a0 fe df 
0122e0  a0 fe df a0 fe df a0 fe df a0 fe df a0 fe df a0 
0122f0  fe df a0 fe df a0 fe df a0 fe df a0 fe df a0 fe 
012300  df a0 fe df a0 fe df a0 fe df a0 fe df a0 fe df 
012310  a0 fe df a0 fe df a0 fe df a0 fe df a0 fe df a0 
012320  fe df a0 fe df a0 fe df a0 fe df a0 fe df a0 fe 
012330  df a0 fe df a0 fe df a0 fe df a0 fe df a0 fe df 
012340  a0 fe df a0 fe df a0 fe df a0 fe df a0 fe df a0 
012350  fe df a0 fe df a0 fe df a0 fe df a0 fe df a0 fe 
012360  df a0 fe df a0 fe df a0 fe df a0 fe df a0 fe df 
012370  a0 fe df a0 fe df a0 fe df a0 fe df a0 fe df a0 
012380  fe df a0 fe df a0 fe df a0 fe df a0 fe df a0 fe 
012390  df a0 fe df a0 fe df a0 fe df a0 fe df a0 fe df 
0123a0  a0 fe df a0 fe df a0 fe df a0 fe df a0 fe df a0 
0123b0  fe df a0 fe df a0 fe df a0 fe df a0 fe df a0 fe 
0123c0  df a0 fe df a0 fe df a0 fe df a0 fe df a0 fe df 
0123d0  a0 fe df a0 fe df a0 fe df a0 fe df a0 fe df a0 
0123e0  fe df a0 fe df a0 fe df a0 fe df a0 fe df a0 fe 
0123f0  df a0 fe df a0 fe df a0 fe df a0 fe df a0 fe df 
012400  a0 fe df a0 fe df a0 fe df a0 fe df a0 fe df a0 
012410  fe df a0 fe df a0 fe df a0 fe df a0 fe df a0 fe 
012420  df a0 fe df a0 fe df a0 fe df a0 fe df a0 fe df 
012430  a0 fe df a0 fe df a0 fe df a0 fe df a0 fe df a0 
012440  fe df a0 fe df a0 fe df a0 fe df a0 fe df a0 fe 
012450  df a0 fe df a0 fe df a0 fe df a0 fe df a0 fe df 
012460  a0 fe df a0 fe df a0 fe df a0 fe df a0 fe df a0 
012470  fe df a0 fe df a0 fe df a0 fe df a0 fe df a0 fe 
012480  df a0 fe df a0 fe df a0 fe df a0 fe df a0 fe df 
012490  a0 fe df a0 fe df a0 fe df a0 fe df a0 fe df a0 
0124a0  fe df a0 fe df a0 fe df a0 fe df a0 fe df a0 fe 
0124b0  df a0 fe df a0 fe df a0 fe df a0 fe df a0 fe df 
0124c0  a0 fe df a0 fe df a0 fe df a0 fe df a0 fe df a0 
0124d0  fe df a0 fe df a0 fe df a0 fe df a0 fe df a0 fe 
0124e0  df a0 fe df a0 fe df a0 fe df a0 fe df a0 fe df 
0124f0  a0 fe df a0 fe df a0 fe df a0 fe df a0 fe df a0 
012500  fe df a0 fe df a0 fe df a0 fe df a0 fe df a0 fe 
012510  df a0 fe df a0 fe df a0 fe df a0 fe df a0 fe df 
012520  a0 fe df a0 fe df a0 fe df a0 fe df a0 fe df a0 
012530  fe df a0 fe df a0 fe df a0 fe df a0 fe df a0 fe 
012540  df a0 fe df a0 fe df a0 fe df a0 fe df a0 fe df 
012550  a0 fe df a0 fe df a0 fe df a0 fe df a0 fe df a0 
012560  fe df a0 fe df a0 fe df a0 fe df a0 fe df a0 fe 
012570  df a0 fe df a0 fe df a0 fe df a0 fe df a0 fe df 
012580  a0 fe df a0 fe df a0 fe df a0 fe df a0 fe df a0 
012590  fe df a0 fe df a0 fe df a0 fe df a0 fe df a0 fe 
0125a0  df a0 fe df a0 fe df a0 fe df a0 fe df a0 fe df 
0125b0  a0 fe df a0 fe df a0 fe df a0 fe df a0 fe df a0 
0125c0  fe df a0 fe df a0 fe df a0 fe df a0 fe df a0 fe 
0125d0  df a0 fe df a0 fe df a0 fe df a0 fe df a0 fe df 
0125e0  a0 fe df a0 fe df a0 fe df a0 fe df a0 fe df a0 
0125f0  fe df a0 fe df a0 fe df a0 fe df a0 fe df a0 fe 
012600  df a0 fe df a0 fe df a0 fe df a0 fe df a0 fe df 
012610  a0 fe df a0 fe df a0 fe df a0 fe df a0 fe df a0 
012620  fe df a0 fe df a0 fe df a0 fe df a0 fe df a0 fe 
012630  df a0 fe df a0 fe df a0 fe df a0 fe df a0 fe df 
012640  a0 fe df a0 fe df a0 fe df a0 fe df a0 fe df a0 
012650  fe df a0 fe df a0 fe df a0 fe df a0 fe df a0 fe 
012660  df a0 fe df a0 fe df a0 fe df a0 fe df a0 fe df 
012670  a0 fe df a0 fe df a0 fe df a0 fe df a0 fe df a0 
012680  fe df a0 fe df a0 fe df a0 fe df a0 fe df a0 fe 
012690  df a0 fe df a0 fe df a0 fe df a0 fe df a0 fe df 
0126a0  a0 fe df a0 fe df a0 fe df a0 fe df a0 fe df a0 
0126b0  fe df a0 fe df a0 fe df a0 fe df a0 fe df a0 fe 
0126c0  df a0 fe df a0 fe df a0 fe df a0 fe df a0 fe df 
0126d0  a0 fe df a0 fe df a0 fe df a0 fe df a0 fe df a0 
0126e0  fe df a0 fe df a0 fe df a0 fe df a0 fe df a0 fe 
0126f0  df a0 fe df a0 fe df a0 fe df a0 fe df a0 fe df 
012700  a0 fe df a0 fe df a0 fe df a0 fe df a0 fe df a0 
012710  fe df a0 fe df a0 fe df a0 fe df a0 fe df a0 fe 
012720  df a0 fe df a0 fe df a0 fe df a0 fe df a0 fe df 
012730  a0 fe df a0 fe df a0 fe df a0 fe df a0 fe df a0 
012740  fe df a0 fe df a0 fe df a0 fe df a0 fe df a0 fe 
012750  df a0 fe df a0 fe df a0 fe df a0 fe df a0 fe df 
012760  a0 fe df a0 fe df a0 fe df a0 fe df a0 fe df a0 
012770  fe df a0 fe df a0 fe df a0 fe df a0 fe df a0 fe 
012780  df a0 fe df a0 fe df a0 fe df a0 fe df a0 fe df 
012790  a0 fe df a0 fe df a0 fe df a0 fe df a0 fe df a0 
0127a0  fe df a0 fe df a0 fe df a0 fe df a0 fe df a0 fe 
0127b0  df a0 fe df a0 fe df a0 fe df a0 fe df a0 fe df 
0127c0  a0 fe df a0 fe df a0 fe df a0 fe df a0 fe df a0 
0127d0  fe df a0 fe df a0 fe df a0 fe df a0 fe df a0 fe 
0127e0  df a0 fe df a0 fe df a0 fe df a0 fe df a0 fe df 
0127f0  a0 fe df a0 fe df a0 fe df a0 fe df a0 fe df a0 
012800  fe df a0 fe df a0 fe df a0 fe df a0 fe df a0 fe 
012810  df a0 fe df a0 fe df a0 fe df a0 fe df a0 fe df 
012820  a0 fe df a0 fe df a0 fe df a0 fe df a0 fe df a0 
012830  fe df a0 fe df a0 fe df a0 fe df a0 fe df a0 fe 
012840  df a0 fe df a0 fe df a0 fe df a0 fe df a0 fe df 
012850  a0 fe df a0 fe df a0 fe df a0 fe df a0 fe df a0 
012860  fe df a0 fe df a0 fe df a0 fe df a0 fe df a0 fe 
012870  df a0 fe df a0 fe df a0 fe df a0 fe df a0 fe df 
012880  a0 fe df a0 fe df a0 fe df a0 fe df a0 fe df a0 
012890  fe df a0 fe df a0 fe df a0 fe df a0 fe df a0 fe 
0128a0  df a0 fe df a0 fe df a0 fe df a0 fe df a0 fe df 
0128b0  a0 fe df a0 fe df a0 fe df a0 fe df a0 fe df a0 
0128c0  fe df a0 fe df a0 fe df a0 fe df a0 fe df a0 fe 
0128d0  df a0 fe df a0 fe df a0 fe df a0 fe df a0 fe df 
0128e0  a0 fe df a0 fe df a0 fe df a0 fe df a0 fe df a0 
0128f0  fe df a0 fe df a0 fe df a0 fe df a0 fe df a0 fe 
012900  df a0 fe df a0 fe df a0 fe df a0 fe df a0 fe df 
012910  a0 fe df a0 fe df a0 fe df a0 fe df a0 fe df a0 
012920  fe df a0 fe df a0 fe df a0 fe df a0 fe df a0 fe 
012930  df a0 fe df a0 fe df a0 fe df a0 fe df a0 fe df 
012940  a0 fe df a0 fe df a0 fe df a0 fe df a0 fe df a0 
012950  fe df a0 fe df a0 fe df a0 fe df a0 fe df a0 fe 
012960  df a0 fe df a0 fe df a0 fe df a0 fe df a0 fe df 
012970  a0 fe df a0 fe df a0 fe df a0 fe df a0 fe df a0 
012980  fe df a0 fe df a0 fe df a0 fe df a0 fe df a0 fe 
012990  df a0 fe df a0 fe df a0 fe df a0 fe df a0 fe df 
0129a0  a0 fe df a0 fe df a0 fe df a0 fe df a0 fe df a0 
0129b0  fe df a0 fe df a0 fe df a0 fe df a0 fe df a0 fe 
0129c0  df a0 fe df a0 fe df a0 fe df a0 fe df a0 fe df 
0129d0  a0 fe df a0 fe df a0 fe df a0 fe df a0 fe df a0 
0129e0  fe df a0 fe df a0 fe df a0 fe df a0 fe df a0 fe 
0129f0  df a0 fe df a0 fe df a0 fe df a0 fe df a0 fe df 
012a00  a0 fe df a0 fe df a0 fe df a0 fe df a0 fe df a0 
012a10  fe df a0 fe df a0 fe df a0 fe df a0 fe df a0 fe 
012a20  df a0 fe df a0 fe df a0 fe df a0 fe df a0 fe df 
012a30  a0 fe df a0 fe df a0 fe df a0 fe df a0 fe df a0 
012a40  fe df a0 fe df a0 fe df a0 fe df a0 fe df a0 fe 
012a50  df a0 fe df a0 fe df a0 fe df a0 fe df a0 fe df 
012a60  a0 fe df a0 fe df a0 fe df a0 fe df a0 fe df a0 
012a70  fe df a0 fe df a0 fe df a0 fe df a0 fe df a0 fe 
012a80  df a0 fe df a0 fe df a0 fe df a0 fe df a0 fe df 
012a90  a0 fe df a0 fe df a0 fe df a0 fe df a0 fe df a0 
012aa0  fe df a0 fe df a0 fe df a0 fe df a0 fe df a0 fe 
012ab0  df a0 fe df a0 fe df a0 fe df a0 fe df a0 fe df 
012ac0  a0 fe df a0 fe df a0 fe df a0 fe df a0 fe df a0 
012ad0  fe df a0 fe df a0 fe df a0 fe df a0 fe df a0 fe 
012ae0  df a0 fe df a0 fe df a0 fe df a0 fe df a0 fe df 
012af0  a0 fe df a0 fe df a0 fe df a0 fe df a0 fe df a0 
012b00  fe df a0 fe df a0 fe df a0 fe df a0 fe df a0 fe 
012b10  df a0 fe df a0 fe df a0 fe df a0 fe df a0 fe df 
012b20  a0 fe df a0 fe df a0 fe df a0 fe df a0 fe df a0 
012b30  fe df a0 fe df a0 fe df a0 fe df a0 fe df a0 fe 
012b40  df a0 fe df a0 fe df a0 fe df a0 fe df a0 fe df 
012b50  a0 fe df a0 fe df a0 fe df a0 fe df a0 fe df a0 
012b60  fe df a0 fe df a0 fe df a0 fe df a0 fe df a0 fe 
012b70  df a0 fe df a0 fe df a0 fe df a0 fe df a0 fe df 
012b80  a0 fe df a0 fe df a0 fe df a0 fe df a0 fe df a0 
012b90  fe df a0 fe df a0 fe df a0 fe df a0 fe df a0 fe 
012ba0  df a0 fe df a0 fe df a0 fe df a0 fe df a0 fe df 
012bb0  a0 fe df a0 fe df a0 fe df a0 fe df a0 fe df a0 
012bc0  fe df a0 fe df a0 fe df a0 fe df a0 fe df a0 fe 
012bd0  df a0 fe df a0 fe df a0 fe df a0 fe df a0 fe df 
012be0  a0 fe df a0 fe df a0 fe df a0 fe df a0 fe df a0 
012bf0  fe df a0 fe df a0 fe df a0 fe df a0 fe df a0 fe 
012c00  df a0 fe df a0 fe df a0 fe df a0 fe df a0 fe df 
012c10  a0 fe df a0 fe df a0 fe df a0 fe df a0 fe df a0 
012c20  fe df a0 fe df a0 fe df a0 fe df a0 fe df a0 fe 
012c30  df a0 fe df a0 fe df a0 fe df a0 fe df a0 fe df 
012c40  a0 fe df a0 fe df a0 fe df a0 fe df a0 fe df a0 
012c50  fe df a0 fe df a0 fe df a0 fe df a0 fe df a0 fe 
012c60  df a0 fe df a0 fe df a0 fe df a0 fe df a0 fe df 
012c70  a0 fe df a0 fe df a0 fe df a0 fe df a0 fe df a0 
012c80  fe df a0 fe df a0 fe df a0 fe df a0 fe df a0 fe 
012c90  df a0 fe df a0 fe df a0 fe df a0 fe df a0 fe df 
012ca0  a0 fe df a0 fe df a0 fe df a0 fe df a0 fe df a0 
012cb0  fe df a0 fe df a0 fe df a0 fe df a0 fe df a0 fe 
012cc0  df a0 fe df a0 fe df a0 fe df a0 fe df a0 fe df 
012cd0  a0 fe df a0 fe df a0 fe df a0 fe df a0 fe df a0 
012ce0  fe df a0 fe df a0 fe df a0 fe df a0 fe df a0 fe 
012cf0  df a0 fe df a0 fe df a0 fe df a0 fe df a0 fe df 
012d00  a0 fe df a0 fe df a0 fe df a0 fe df a0 fe df a0 
012d10  fe df a0 fe df a0 fe df a0 fe df a0 fe df a0 fe 
012d20  df a0 fe df a0 fe df a0 fe df a0 fe df a0 fe df 
012d30  a0 fe df a0 fe df a0 fe df a0 fe df a0 fe df a0 
012d40  fe df a0 fe df a0 fe df a0 fe df a0 fe df a0 fe 
012d50  df a0 fe df a0 fe df a0 fe df a0 fe df a0 fe df 
012d60  a0 fe df a0 fe df a0 fe df a0 fe df a0 fe df a0 
012d70  fe df a0 fe df a0 fe df a0 fe df a0 fe df a0 fe 
012d80  df a0 fe df a0 fe df a0 fe df a0 fe df a0 fe df 
012d90  a0 fe df a0 fe df a0 fe df a0 fe df a0 fe df a0 
012da0  fe df a0 fe df a0 fe df a0 fe df a0 fe df a0 fe 
012db0  df a0 fe df a0 fe df a0 fe df a0 fe df a0 fe df 
012dc0  a0 fe df a0 fe df a0 fe df a0 fe df a0 fe df a0 
012dd0  fe df a0 fe df a0 fe df a0 fe df a0 fe df a0 fe 
012de0  df a0 fe df a0 fe df a0 fe df a0 fe df a0 fe df 
012df0  a0 fe df a0 fe df a0 fe df a0 fe df a0 fe df a0 
012e00  fe df a0 fe df a0 fe df a0 fe df a0 fe df a0 fe 
012e10  df a0 fe df a0 fe df a0 fe df a0 fe df a0 fe df 
012e20  a0 fe df a0 fe df a0 fe df a0 fe df a0 fe df a0 
012e30  fe df a0 fe df a0 fe df a0 fe df a0 fe df a0 fe 
012e40  df a0 fe df a0 fe df a0 fe df a0 fe df a0 fe df 
012e50  a0 fe df a0 fe df a0 fe df a0 fe df a0 fe df a0 
012e60  fe df a0 fe df a0 fe df a0 fe df a0 fe df a0 fe 
012e70  df a0 fe df a0 fe df a0 fe df a0 fe df a0 fe df 
012e80  a0 fe df a0 fe df a0 fe df a0 fe df a0 fe df a0 
012e90  fe df a0 fe df a0 fe df a0 fe df a0 fe df a0 fe 
012ea0  df a0 fe df a0 fe df a0 fe df a0 fe df a0 fe df 
012eb0  a0 fe df a0 fe df a0 fe df a0 fe df a0 fe df a0 
012ec0  fe df a0 fe df a0 fe df a0 fe df a0 fe df a0 fe 
012ed0  df a0 fe df a0 fe df a0 fe df a0 fe df a0 fe df 
012ee0  a0 fe df a0 fe df a0 fe df a0 fe df a0 fe df a0 
012ef0  fe df a0 fe df a0 fe df a0 fe df a0 fe df a0 fe 
012f00  df a0 fe df a0 fe df a0 fe df a0 fe df a0 fe df 
012f10  a0 fe df a0 fe df a0 fe df a0 fe df a0 fe df a0 
012f20  fe df a0 fe df a0 fe df a0 fe df a0 fe df a0 fe 
012f30  df a0 fe df a0 fe df a0 fe df a0 fe df a0 fe df 
012f40  a0 fe df a0 fe df a0 fe df a0 fe df a0 fe df a0 
012f50  fe df a0 fe df a0 fe df a0 fe df a0 fe df a0 fe 
012f60  df a0 fe df a0 fe df a0 fe df a0 fe df a0 fe df 
012f70  a0 fe df a0 fe df a0 fe df a0 fe df a0 fe df a0 
012f80  fe df a0 fe df a0 fe df a0 fe df a0 fe df a0 fe 
012f90  df a0 fe df a0 fe df a0 fe df a0 fe df a0 fe df 
012fa0  a0 fe df a0 fe df a0 fe df a0 fe df a0 fe df a0 
012fb0  fe df a0 fe df a0 fe df a0 fe df a0 fe df a0 fe 
012fc0  df a0 fe df a0 fe df a0 fe df a0 fe df a0 fe df 
012fd0  a0 fe df a0 fe df a0 fe df a0 fe df a0 fe df a0 
012fe0  fe df a0 fe df a0 fe df a0 fe df a0 fe df a0 fe 
012ff0  df a0 fe df a0 fe df a0 fe df a0 fe df a0 fe df 
013000  a0 fe df a0 fe df a0 fe df a0 fe df a0 fe df a0 
013010  fe df a0 fe df a0 fe df a0 fe df a0 fe df a0 fe 
013020  df a0 fe df a0 fe df a0 fe df a0 fe df a0 fe df 
013030  a0 fe df a0 fe df a0 fe df a0 fe df a0 fe df a0 
013040  fe df a0 fe df a0 fe df a0 fe df a0 fe df a0 fe 
013050  df a0 fe df a0 fe df a0 fe df a0 fe df a0 fe df 
013060  a0 fe df a0 fe df a0 fe df a0 fe df a0 fe df a0 
013070  fe df a0 fe df a0 fe df a0 fe df a0 fe df a0 fe 
013080  df a0 fe df a0 fe df a0 fe df a0 fe df a0 fe df 
013090  a0 fe df a0 fe df a0 fe df a0 fe df a0 fe df a0 
0130a0  fe df a0 fe df a0 fe df a0 fe df a0 fe df a0 fe 
0130b0  df a0 fe df a0 fe df a0 fe df a0 fe df a0 fe df 
0130c0  a0 fe df a0 fe df a0 fe df a0 fe df a0 fe df a0 
0130d0  fe df a0 fe df a0 fe df a0 fe df a0 fe df a0 fe 
0130e0  df a0 fe df a0 fe df a0 fe df a0 fe df a0 fe df 
0130f0  a0 fe df a0 fe df a0 fe df a0 fe df a0 fe df a0 
013100  fe df a0 fe df a0 fe df a0 fe df a0 fe df a0 fe 
013110  df a0 fe df a0 fe df a0 fe df a0 fe df a0 fe df 
013120  a0 fe df a0 fe df a0 fe df a0 fe df a0 fe df a0 
013130  fe df a0 fe df a0 fe df a0 fe df a0 fe df a0 fe 
013140  df a0 fe df a0 fe df a0 fe df a0 fe df a0 fe df 
013150  a0 fe df a0 fe df a0 fe df a0 fe df a0 fe df a0 
013160  fe df a0 fe df a0 fe df a0 fe df a0 fe df a0 fe 
013170  df a0 fe df a0 fe df a0 fe df a0 fe df a0 fe df 
013180  a0 fe df a0 fe df a0 fe df a0 fe df a0 fe df a0 
013190  fe df a0 fe df a0 fe df a0 fe df a0 fe df a0 fe 
0131a0  df a0 fe df a0 fe df a0 fe df a0 fe df a0 fe df 
0131b0  a0 fe df a0 fe df a0 fe df a0 fe df a0 fe df a0 
0131c0  fe df a0 fe df a0 fe df a0 fe df a0 fe df a0 fe 
0131d0  df a0 fe df a0 fe df a0 fe df a0 fe df a0 fe df 
0131e0  a0 fe df a0 fe df a0 fe df a0 fe df a0 fe df a0 
0131f0  fe df a0 fe df a0 fe df a0 fe df a0 fe df a0 fe 
013200  df a0 fe df a0 fe df a0 fe df a0 fe df a0 fe df 
013210  a0 fe df a0 fe df a0 fe df a0 fe df a0 fe df a0 
013220  fe df a0 fe df a0 fe df a0 fe df a0 fe df a0 fe 
013230  df a0 fe df a0 fe df a0 fe df a0 fe df a0 fe df 
013240  a0 fe df a0 fe df a0 fe df a0 fe df a0 fe df a0 
013250  fe df a0 fe df a0 fe df a0 fe df a0 fe df a0 fe 
013260  df a0 fe df a0 fe df a0 fe df a0 fe df a0 fe df 
013270  a0 fe df a0 fe df a0 fe df a0 fe df a0 fe df a0 
013280  fe df a0 fe df a0 fe df a0 fe df a0 fe df a0 fe 
013290  df a0 fe df a0 fe df a0 fe df a0 fe df a0 fe df 
0132a0  a0 fe df a0 fe df a0 fe df a0 fe df a0 fe df a0 
0132b0  fe df a0 fe df a0 fe df a0 fe df a0 fe df a0 fe 
0132c0  df a0 fe df a0 fe df a0 fe df a0 fe df a0 fe df 
0132d0  a0 fe df a0 fe df a0 fe df a0 fe df a0 fe df a0 
0132e0  fe df a0 fe df a0 fe df a0 fe df a0 fe df a0 fe 
0132f0  df a0 fe df a0 fe df a0 fe df a0 fe df a0 fe df 
013300  a0 fe df a0 fe df a0 fe df a0 fe df a0 fe df a0 
013310  fe df a0 fe df a0 fe df a0 fe df a0 fe df a0 fe 
013320  df a0 fe df a0 fe df a0 fe df a0 fe df a0 fe df 
013330  a0 fe df a0 fe df a0 fe df a0 fe df a0 fe df a0 
013340  fe df a0 fe df a0 fe df a0 fe df a0 fe df a0 fe 
013350  df a0 fe df a0 fe df a0 fe df a0 fe df a0 fe df 
013360  a0 fe df a0 fe df a0 fe df a0 fe df a0 fe df a0 
013370  fe df a0 fe df a0 fe df a0 fe df a0 fe df a0 fe 
013380  df a0 fe df a0 fe df a0 fe df a0 fe df a0 fe df 
013390  a0 fe df a0 fe df a0 fe df a0 fe df a0 fe df a0 
0133a0  fe df a0 fe df a0 fe df a0 fe df a0 fe df a0 fe 
0133b0  df a0 fe df a0 fe df a0 fe df a0 fe df a0 fe df 
0133c0  a0 fe df a0 fe df a0 fe df a0 fe df a0 fe df a0 
0133d0  fe df a0 fe df a0 fe df a0 fe df a0 fe df a0 fe 
0133e0  df a0 fe df a0 fe df a0 fe df a0 fe df a0 fe df 
0133f0  a0 fe df a0 fe df a0 fe df a0 fe df a0 fe df a0 
013400  fe df a0 fe df a0 fe df a0 fe df a0 fe df a0 fe 
013410  df a0 fe df a0 fe df a0 fe df a0 fe df a0 fe df 
013420  a0 fe df a0 fe df a0 fe df a0 fe df a0 fe df a0 
013430  fe df a0 fe df a0 fe df a0 fe df a0 fe df a0 fe 
013440  df a0 fe df a0 fe df a0 fe df a0 fe df a0 fe df 
013450  a0 fe df a0 fe df a0 fe df a0 fe df a0 fe df a0 
013460  fe df a0 fe df a0 fe df a0 fe df a0 fe df a0 fe 
013470  df a0 fe df a0 fe df a0 fe df a0 fe df a0 fe df 
013480  a0 fe df a0 fe df a0 fe df a0 fe df a0 fe df a0 
013490  fe df a0 fe df a0 fe df a0 fe df a0 fe df a0 fe 
0134a0  df a0 fe df a0 fe df a0 fe df a0 fe df a0 fe df 
0134b0  a0 fe df a0 fe df a0 fe df a0 fe df a0 fe df a0 
0134c0  fe df a0 fe df a0 fe df a0 fe df a0 fe df a0 fe 
0134d0  df a0 fe df a0 fe df a0 fe df a0 fe df a0 fe df 
0134e0  a0 fe df a0 fe df a0 fe df a0 fe df a0 fe df a0 
0134f0  fe df a0 fe df a0 fe df a0 fe df a0 fe df a0 fe 
013500  df a0 fe df a0 fe df a0 fe df a0 fe df a0 fe df 
013510  a0 fe df a0 fe df a0 fe df a0 fe df a0 fe df a0 
013520  fe df a0 fe df a0 fe df a0 fe df a0 fe df a0 fe 
013530  df a0 fe df a0 fe df a0 fe df a0 fe df a0 fe df 
013540  a0 fe df a0 fe df a0 fe df a0 fe df a0 fe df a0 
013550  fe df a0 fe df a0 fe df a0 fe df a0 fe df a0 fe 
013560  df a0 fe df a0 fe df a0 fe df a0 fe df a0 fe df 
013570  a0 fe df a0 fe df a0 fe df a0 fe df a0 fe df a0 
013580  fe df a0 fe df a0 fe df a0 fe df a0 fe df a0 fe 
013590  df a0 fe df a0 fe df a0 fe df a0 fe df a0 fe df 
0135a0  a0 fe df a0 fe df a0 fe df a0 fe df a0 fe df a0 
0135b0  fe df a0 fe df a0 fe df a0 fe df a0 fe df a0 fe 
0135c0  df a0 fe df a0 fe df a0 fe df a0 fe df a0 fe df 
0135d0  a0 fe df a0 fe df a0 fe df a0 fe df a0 fe df a0 
0135e0  fe df a0 fe df a0 fe df a0 fe df a0 fe df a0 fe 
0135f0  df a0 fe df a0 fe df a0 fe df a0 fe df a0 fe df 
013600  a0 fe df a0 fe df a0 fe df a0 fe df a0 fe df a0 
013610  fe df a0 fe df a0 fe df a0 fe df a0 fe df a0 fe 
013620  df a0 fe df a0 fe df a0 fe df a0 fe df a0 fe df 
013630  a0 fe df a0 fe df a0 fe df a0 fe df a0 fe df a0 
013640  fe df a0 fe df a0 fe df a0 fe df a0 fe df a0 fe 
013650  df a0 fe df a0 fe df a0 fe df a0 fe df a0 fe df 
013660  a0 fe df a0 fe df a0 fe df a0 fe df a0 fe df a0 
013670  fe df a0 fe df a0 fe df a0 fe df a0 fe df a0 fe 
013680  df a0 fe df a0 fe df a0 fe df a0 fe df a0 fe df 
013690  a0 fe df a0 fe df a0 fe df a0 fe df a0 fe df a0 
0136a0  fe df a0 fe df a0 fe df a0 fe df a0 fe df a0 fe 
0136b0  df a0 fe df a0 fe df a0 fe df a0 fe df a0 fe df 
0136c0  a0 fe df a0 fe df a0 fe df a0 fe df a0 fe df a0 
0136d0  fe df a0 fe df a0 fe df a0 fe df a0 fe df a0 fe 
0136e0  df a0 fe df a0 fe df a0 fe df a0 fe df a0 fe df 
0136f0  a0 fe df a0 fe df a0 fe df a0 fe df a0 fe df a0 
013700  fe df a0 fe df a0 fe df a0 fe df a0 fe df a0 fe 
013710  df a0 fe df a0 fe df a0 fe df a0 fe df a0 fe df 
013720  a0 fe df a0 fe df a0 fe df a0 fe df a0 fe df a0 
013730  fe df a0 fe df a0 fe df a0 fe df a0 fe df a0 fe 
013740  df a0 fe df a0 fe df a0 fe df a0 fe df a0 fe df 
013750  a0 fe df a0 fe df a0 fe df a0 fe df a0 fe df a0 
013760  fe df a0 fe df a0 fe df a0 fe df a0 fe df a0 fe 
013770  df a0 fe df a0 fe df a0 fe df a0 fe df a0 fe df 
013780  a0 fe df a0 fe df a0 fe df a0 fe df a0 fe df a0 
013790  fe df a0 fe df a0 fe df a0 fe df a0 fe df a0 fe 
0137a0  df a0 fe df a0 fe df a0 fe df a0 fe df a0 fe df 
0137b0  a0 fe df a0 fe df a0 fe df a0 fe df a0 fe df a0 
0137c0  fe df a0 fe df a0 fe df a0 fe df a0 fe df a0 fe 
0137d0  df a0 fe df a0 fe df a0 fe df a0 fe df a0 fe df 
0137e0  a0 fe df a0 fe df a0 fe df a0 fe df a0 fe df a0 
0137f0  fe df a0 fe df a0 fe df a0 fe df a0 fe df a0 fe 
013800  df a0 fe df a0 fe df a0 fe df a0 fe df a0 fe df 
013810  a0 fe df a0 fe df a0 fe df a0 fe df a0 fe df a0 
013820  fe df a0 fe df a0 fe df a0 fe df a0 fe df a0 fe 
013830  df a0 fe df a0 fe df a0 fe df a0 fe df a0 fe df 
013840  a0 fe df a0 fe df a0 fe df a0 fe df a0 fe df a0 
013850  fe df a0 fe df a0 fe df a0 fe df a0 fe df a0 fe 
013860  df a0 fe df a0 fe df a0 fe df a0 fe df a0 fe df 
013870  a0 fe df a0 fe df a0 fe df a0 fe df a0 fe df a0 
013880  fe df a0 fe df a0 fe df a0 fe df a0 fe df a0 fe 
013890  df a0 fe df a0 fe df a0 fe df a0 fe df a0 fe df 
0138a0  a0 fe df a0 fe df a0 fe df a0 fe df a0 fe df a0 
0138b0  fe df a0 fe df a0 fe df a0 fe df a0 fe df a0 fe 
0138c0  df a0 fe df a0 fe df a0 fe df a0 fe df a0 fe df 
0138d0  a0 fe df a0 fe df a0 fe df a0 fe df a0 fe df a0 
0138e0  fe df a0 fe df a0 fe df a0 fe df a0 fe df a0 fe 
0138f0  df a0 fe df a0 fe df a0 fe df a0 fe df a0 fe df 
013900  a0 fe df a0 fe df a0 fe df a0 fe df a0 fe df a0 
013910  fe df a0 fe df a0 fe df a0 fe df a0 fe df a0 fe 
013920  df a0 fe df a0 fe df a0 fe df a0 fe df a0 fe df 
013930  a0 fe df a0 fe df a0 fe df a0 fe df a0 fe df a0 
013940  fe df a0 fe df a0 fe df a0 fe df a0 fe df a0 fe 
013950  df a0 fe df a0 fe df a0 fe df a0 fe df a0 fe df 
013960  a0 fe df a0 fe df a0 fe df a0 fe df a0 fe df a0 
013970  fe df a0 fe df a0 fe df a0 fe df a0 fe df a0 fe 
013980  df a0 fe df a0 fe df a0 fe df a0 fe df a0 fe df 
013990  a0 fe df a0 fe df a0 fe df a0 fe df a0 fe df a0 
0139a0  fe df a0 fe df a0 fe df a0 fe df a0 fe df a0 fe 
0139b0  df a0 fe df a0 fe df a0 fe df a0 fe df a0 fe df 
0139c0  a0 fe df a0 fe df a0 fe df a0 fe df a0 fe df a0 
0139d0  fe df a0 fe df a0 fe df a0 fe df a0 fe df a0 fe 
0139e0  df a0 fe df a0 fe df a0 fe df a0 fe df a0 fe df 
0139f0  a0 fe df a0 fe df a0 fe df a0 fe df a0 fe df a0 
013a00  fe df a0 fe df a0 fe df a0 fe df a0 fe df a0 fe 
013a10  df a0 fe df a0 fe df a0 fe df a0 fe df a0 fe df 
013a20  a0 fe df a0 fe df a0 fe df a0 fe df a0 fe df a0 
013a30  fe df a0 fe df a0 fe df a0 fe df a0 fe df a0 fe 
013a40  df a0 fe df a0 fe df a0 fe df a0 fe df a0 fe df 
013a50  a0 fe df a0 fe df a0 fe df a0 fe df a0 fe df a0 
013a60  fe df a0 fe df a0 fe df a0 fe df a0 fe df a0 fe 
013a70  df a0 fe df a0 fe df a0 fe df a0 fe df a0 fe df 
013a80  a0 fe df a0 fe df a0 fe df a0 fe df a0 fe df a0 
013a90  fe df a0 fe df a0 fe df a0 fe df a0 fe df a0 fe 
013aa0  df a0 fe df a0 fe df a0 fe df a0 fe df a0 fe df 
013ab0  a0 fe df a0 fe df a0 fe df a0 fe df a0 fe df a0 
013ac0  fe df a0 fe df a0 fe df a0 fe df a0 fe df a0 fe 
013ad0  df a0 fe df a0 fe df a0 fe df a0 fe df a0 fe df 
013ae0  a0 fe df a0 fe df a0 fe df a0 fe df a0 fe df a0 
013af0  fe df a0 fe df a0 fe df a0 fe df a0 fe df a0 fe 
013b00  df a0 fe df a0 fe df a0 fe df a0 fe df a0 fe df 
013b10  a0 fe df a0 fe df a0 fe df a0 fe df a0 fe df a0 
013b20  fe df a0 fe df a0 fe df a0 fe df a0 fe df a0 fe 
013b30  df a0 fe df a0 fe df a0 fe df a0 fe df a0 fe df 
013b40  a0 fe df a0 fe df a0 fe df a0 fe df a0 fe df a0 
013b50  fe df a0 fe df a0 fe df a0 fe df a0 fe df a0 fe 
013b60  df a0 fe df a0 fe df a0 fe df a0 fe df a0 fe df 
013b70  a0 fe df a0 fe df a0 fe df a0 fe df a0 fe df a0 
013b80  fe df a0 fe df a0 fe df a0 fe df a0 fe df a0 fe 
013b90  df a0 fe df a0 fe df a0 fe df a0 fe df a0 fe df 
013ba0  a0 fe df a0 fe df a0 fe df a0 fe df a0 fe df a0 
013bb0  fe df a0 fe df a0 fe df a0 fe df a0 fe df a0 fe 
013bc0  df a0 fe df a0 fe df a0 fe df a0 fe df a0 fe df 
013bd0  a0 fe df a0 fe df a0 fe df a0 fe df a0 fe df a0 
013be0  fe df a0 fe df a0 fe df a0 fe df a0 fe df a0 fe 
013bf0  df a0 fe df a0 fe df a0 fe df a0 fe df a0 fe df 
013c00  a0 fe df a0 fe df a0 fe df a0 fe df a0 fe df a0 
013c10  fe df a0 fe df a0 fe df a0 fe df a0 fe df a0 fe 
013c20  df a0 fe df a0 fe df a0 fe df a0 fe df a0 fe df 
013c30  a0 fe df a0 fe df a0 fe df a0 fe df a0 fe df a0 
013c40  fe df a0 fe df a0 fe df a0 fe df a0 fe df a0 fe 
013c50  df a0 fe df a0 fe df a0 fe df a0 fe df a0 fe df 
013c60  a0 fe df a0 fe df a0 fe df a0 fe df a0 fe df a0 
013c70  fe df a0 fe df a0 fe df a0 fe df a0 fe df a0 fe 
013c80  df a0 fe df a0 fe df a0 fe df a0 fe df a0 fe df 
013c90  a0 fe df a0 fe df a0 fe df a0 fe df a0 fe df a0 
013ca0  fe df a0 fe df a0 fe df a0 fe df a0 fe df a0 fe 
013cb0  df a0 fe df a0 fe df a0 fe df a0 fe df a0 fe df 
013cc0  a0 fe df a0 fe df a0 fe df a0 fe df a0 fe df a0 
013cd0  fe df a0 fe df a0 fe df a0 fe df a0 fe df a0 fe 
013ce0  df a0 fe df a0 fe df a0 fe df a0 fe df a0 fe df 
013cf0  a0 fe df a0 fe df a0 fe df a0 fe df a0 fe df a0 
013d00  fe df a0 fe df a0 fe df a0 fe df a0 fe df a0 fe 
013d10  df a0 fe df a0 fe df a0 fe df a0 fe df a0 fe df 
013d20  a0 fe df a0 fe df a0 fe df a0 fe df a0 fe df a0 
013d30  fe df a0 fe df a0 fe df a0 fe df a0 fe df a0 fe 
013d40  df a0 fe df a0 fe df a0 fe df a0 fe df a0 fe df 
013d50  a0 fe df a0 fe df a0 fe df a0 fe df a0 fe df a0 
013d60  fe df a0 fe df a0 fe df a0 fe df a0 fe df a0 fe 
013d70  df a0 fe df a0 fe df a0 fe df a0 fe df a0 fe df 
013d80  a0 fe df a0 fe df a0 fe df a0 fe df a0 fe df a0 
013d90  fe df a0 fe df a0 fe df a0 fe df a0 fe df a0 fe 
013da0  df a0 fe df a0 fe df a0 fe df a0 fe df a0 fe df 
013db0  a0 fe df a0 fe df a0 fe df a0 fe df a0 fe df a0 
013dc0  fe df a0 fe df a0 fe df a0 fe df a0 fe df a0 fe 
013dd0  df a0 fe df a0 fe df a0 fe df a0 fe df a0 fe df 
013de0  a0 fe df a0 fe df a0 fe df a0 fe df a0 fe df a0 
013df0  fe df a0 fe df a0 fe df a0 fe df a0 fe df a0 fe 
013e00  df a0 fe df a0 fe df a0 fe df a0 fe df a0 fe df 
013e10  a0 fe df a0 fe df a0 fe df a0 fe df a0 fe df a0 
013e20  fe df a0 fe df a0 fe df a0 fe df a0 fe df a0 fe 
013e30  df a0 fe df a0 fe df a0 fe df a0 fe df a0 fe df 
013e40  a0 fe df a0 fe df a0 fe df a0 fe df a0 fe df a0 
013e50  fe df a0 fe df a0 fe df a0 fe df a0 fe df a0 fe 
013e60  df a0 fe df a0 fe df a0 fe df a0 fe df a0 fe df 
013e70  a0 fe df a0 fe df a0 fe df a0 fe df a0 fe df a0 
013e80  fe df a0 fe df a0 fe df a0 fe df a0 fe df a0 fe 
013e90  df a0 fe df a0 fe df a0 fe df a0 fe df a0 fe df 
013ea0  a0 fe df a0 fe df a0 fe df a0 fe df a0 fe df a0 
013eb0  fe df a0 fe df a0 fe df a0 fe df a0 fe df a0 fe 
013ec0  df a0 fe df a0 fe df a0 fe df a0 fe df a0 fe df 
013ed0  a0 fe df a0 fe df a0 fe df a0 fe df a0 fe df a0 
013ee0  fe df a0 fe df a0 fe df a0 fe df a0 fe df a0 fe 
013ef0  df a0 fe df a0 fe df a0 fe df a0 fe df a0 fe df 
013f00  a0 fe df a0 fe df a0 fe df a0 fe df a0 fe df a0 
013f10  fe df a0 fe df a0 fe df a0 fe df a0 fe df a0 fe 
013f20  df a0 fe df a0 fe df a0 fe df a0 fe df a0 fe df 
013f30  a0 fe df a0 fe df a0 fe df a0 fe df a0 fe df a0 
013f40  fe df a0 fe df a0 fe df a0 fe df a0 fe df a0 fe 
013f50  df a0 fe df a0 fe df a0 fe df a0 fe df a0 fe df 
013f60  a0 fe df a0 fe df a0 fe df a0 fe df a0 fe df a0 
013f70  fe df a0 fe df a0 fe df a0 fe df a0 fe df a0 fe 
013f80  df a0 fe df a0 fe df a0 fe df a0 fe df a0 fe df 
013f90  a0 fe df a0 fe df a0 fe df a0 fe df a0 fe df a0 
013fa0  fe df a0 fe df a0 fe df a0 fe df a0 fe df a0 fe 
013fb0  df a0 fe df a0 fe df a0 fe df a0 fe df a0 fe df 
013fc0  a0 fe df a0 fe df a0 fe df a0 fe df a0 fe df a0 
013fd0  fe df a0 fe df a0 fe df a0 fe df a0 fe df a0 fe 
013fe0  df a0 fe df a0 fe df a0 fe df a0 fe df a0 fe df 
013ff0  a0 fe df a0 fe df a0 fe df a0 fe df a0 fe df a0 
014000  fe df a0 fe df a0 fe df a0 fe df a0 fe df a0 fe 
014010  df a0 fe df a0 fe df a0 fe df a0 fe df a0 fe df 
014020  a0 fe df a0 fe df a0 fe df a0 fe df a0 fe df a0 
014030  fe df a0 fe df a0 fe df a0 fe df a0 fe df a0 fe 
014040  df a0 fe df a0 fe df a0 fe df a0 fe df a0 fe df 
014050  a0 fe df a0 fe df a0 fe df a0 fe df a0 fe df a0 
014060  fe df a0 fe df a0 fe df a0 fe df a0 fe df a0 fe 
014070  df a0 fe df a0 fe df a0 fe df a0 fe df a0 fe df 
014080  a0 fe df a0 fe df a0 fe df a0 fe df a0 fe df a0 
014090  fe df a0 fe df a0 fe df a0 fe df a0 fe df a0 fe 
0140a0  df a0 fe df a0 fe df a0 fe df a0 fe df a0 fe df 
0140b0  a0 fe df a0 fe df a0 fe df a0 fe df a0 fe df a0 
0140c0  fe df a0 fe df a0 fe df a0 fe df a0 fe df a0 fe 
0140d0  df a0 fe df a0 fe df a0 fe df a0 fe df a0 fe df 
0140e0  a0 fe df a0 fe df a0 fe df a0 fe df a0 fe df a0 
0140f0  fe df a0 fe df a0 fe df a0 fe df a0 fe df a0 fe 
014100  df a0 fe df a0 fe df a0 fe df a0 fe df a0 fe df 
014110  a0 fe df a0 fe df a0 fe df a0 fe df a0 fe df a0 
014120  fe df a0 fe df a0 fe df a0 fe df a0 fe df a0 fe 
014130  df a0 fe df a0 fe df a0 fe df a0 fe df a0 fe df 
014140  a0 fe df a0 fe df a0 fe df a0 fe df a0 fe df a0 
014150  fe df a0 fe df a0 fe df a0 fe df a0 fe df a0 fe 
014160  df a0 fe df a0 fe df a0 fe df a0 fe df a0 fe df 
014170  a0 fe df a0 fe df a0 fe df a0 fe df a0 fe df a0 
014180  fe df a0 fe df a0 fe df a0 fe df a0 fe df a0 fe 
014190  df a0 fe df a0 fe df a0 fe df a0 fe df a0 fe df 
0141a0  a0 fe df a0 fe df a0 fe df a0 fe df a0 fe df a0 
0141b0  fe df a0 fe df a0 fe df a0 fe df a0 fe df a0 fe 
0141c0  df a0 fe df a0 fe df a0 fe df a0 fe df a0 fe df 
0141d0  a0 fe df a0 fe df a0 fe df a0 fe df a0 fe df a0 
0141e0  fe df a0 fe df a0 fe df a0 fe df a0 fe df a0 fe 
0141f0  df a0 fe df a0 fe df a0 fe df a0 fe df a0 fe df 
014200  a0 fe df a0 fe df a0 fe df a0 fe df a0 fe df a0 
014210  fe df a0 fe df a0 fe df a0 fe df a0 fe df a0 fe 
014220  df a0 fe df a0 fe df a0 fe df a0 fe df a0 fe df 
014230  a0 fe df a0 fe df a0 fe df a0 fe df a0 fe df a0 
014240  fe df a0 fe df a0 fe df a0 fe df a0 fe df a0 fe 
014250  df a0 fe df a0 fe df a0 fe df a0 fe df a0 fe df 
014260  a0 fe df a0 fe df a0 fe df a0 fe df a0 fe df a0 
014270  fe df a0 fe df a0 fe df a0 fe df a0 fe df a0 fe 
014280  df a0 fe df a0 fe df a0 fe df a0 fe df a0 fe df 
014290  a0 fe df a0 fe df a0 fe df a0 fe df a0 fe df a0 
0142a0  fe df a0 fe df a0 fe df a0 fe df a0 fe df a0 fe 
0142b0  df a0 fe df a0 fe df a0 fe df a0 fe df a0 fe df 
0142c0  a0 fe df a0 fe df a0 fe df a0 fe df a0 fe df a0 
0142d0  fe df a0 fe df a0 fe df a0 fe df a0 fe df a0 fe 
0142e0  df a0 fe df a0 fe df a0 fe df a0 fe df a0 fe df 
0142f0  a0 fe df a0 fe df a0 fe df a0 fe df a0 fe df a0 
014300  fe df a0 fe df a0 fe df a0 fe df a0 fe df a0 fe 
014310  df a0 fe df a0 fe df a0 fe df a0 fe df a0 fe df 
014320  a0 fe df a0 fe df a0 fe df a0 fe df a0 fe df a0 
014330  fe df a0 fe df a0 fe df a0 fe df a0 fe df a0 fe 
014340  df a0 fe df a0 fe df a0 fe df a0 fe df a0 fe df 
014350  a0 fe df a0 fe df a0 fe df a0 fe df a0 fe df a0 
014360  fe df a0 fe df a0 fe df a0 fe df a0 fe df a0 fe 
014370  df a0 fe df a0 fe df a0 fe df a0 fe df a0 fe df 
014380  a0 fe df a0 fe df a0 fe df a0 fe df a0 fe df a0 
014390  fe df a0 fe df a0 fe df a0 fe df a0 fe df a0 fe 
0143a0  df a0 fe df a0 fe df a0 fe df a0 fe df a0 fe df 
0143b0  a0 fe df a0 fe df a0 fe df a0 fe df a0 fe df a0 
0143c0  fe df a0 fe df a0 fe df a0 fe df a0 fe df a0 fe 
0143d0  df a0 fe df a0 fe df a0 fe df a0 fe df a0 fe df 
0143e0  a0 fe df a0 fe df a0 fe df a0 fe df a0 fe df a0 
0143f0  fe df a0 fe df a0 fe df a0 fe df a0 fe df a0 fe 
014400  df a0 fe df a0 fe df a0 fe df a0 fe df a0 fe df 
014410  a0 fe df a0 fe df a0 fe df a0 fe df a0 fe df a0 
014420  fe df a0 fe df a0 fe df a0 fe df a0 fe df a0 fe 
014430  df a0 fe df a0 fe df a0 fe df a0 fe df a0 fe df 
014440  a0 fe df a0 fe df a0 fe df a0 fe df a0 fe df a0 
014450  fe df a0 fe df a0 fe df a0 fe df a0 fe df a0 fe 
014460  df a0 fe df a0 fe df a0 fe df a0 fe df a0 fe df 
014470  a0 fe df a0 fe df a0 fe df a0 fe df a0 fe df a0 
014480  fe df a0 fe df a0 fe df a0 fe df a0 fe df a0 fe 
014490  df a0 fe df a0 fe df a0 fe df a0 fe df a0 fe df 
0144a0  a0 fe df a0 fe df a0 fe df a0 fe df a0 fe df a0 
0144b0  fe df a0 fe df a0 fe df a0 fe df a0 fe df a0 fe 
0144c0  df a0 fe df a0 fe df a0 fe df a0 fe df a0 fe df 
0144d0  a0 fe df a0 fe df a0 fe df a0 fe df a0 fe df a0 
0144e0  fe df a0 fe df a0 fe df a0 fe df a0 fe df a0 fe 
0144f0  df a0 fe df a0 fe df a0 fe df a0 fe df a0 fe df 
014500  a0 fe df a0 fe df a0 fe df a0 fe df a0 fe df a0 
014510  fe df a0 fe df a0 fe df a0 fe df a0 fe df a0 fe 
014520  df a0 fe df a0 fe df a0 fe df a0 fe df a0 fe df 
014530  a0 fe df a0 fe df a0 fe df a0 fe df a0 fe df a0 
014540  fe df a0 fe df a0 fe df a0 fe df a0 fe df a0 fe 
014550  df a0 fe df a0 fe df a0 fe df a0 fe df a0 fe df 
014560  a0 fe df a0 fe df a0 fe df a0 fe df a0 fe df a0 
014570  fe df a0 fe df a0 fe df a0 fe df a0 fe df a0 fe 
014580  df a0 fe df a0 fe df a0 fe df a0 fe df a0 fe df 
014590  a0 fe df a0 fe df a0 fe df a0 fe df a0 fe df a0 
0145a0  fe df a0 fe df a0 fe df a0 fe df a0 fe df a0 fe 
0145b0  df a0 fe df a0 fe df a0 fe df a0 fe df a0 fe df 
0145c0  a0 fe df a0 fe df a0 fe df a0 fe df a0 fe df a0 
0145d0  fe df a0 fe df a0 fe df a0 fe df a0 fe df a0 fe 
0145e0  df a0 fe df a0 fe df a0 fe df a0 fe df a0 fe df 
0145f0  a0 fe df a0 fe df a0 fe df a0 fe df a0 fe df a0 
014600  fe df a0 fe df a0 fe df a0 fe df a0 fe df a0 fe 
014610  df a0 fe df a0 fe df a0 fe df a0 fe df a0 fe df 
014620  a0 fe df a0 fe df a0 fe df a0 fe df a0 fe df a0 
014630  fe df a0 fe df a0 fe df a0 fe df a0 fe df a0 fe 
014640  df a0 fe df a0 fe df a0 fe df a0 fe df a0 fe df 
014650  a0 fe df a0 fe df a0 fe df a0 fe df a0 fe df a0 
014660  fe df a0 fe df a0 fe df a0 fe df a0 fe df a0 fe 
014670  df a0 fe df a0 fe df a0 fe df a0 fe df a0 fe df 
014680  a0 fe df a0 fe df a0 fe df a0 fe df a0 fe df a0 
014690  fe df a0 fe df a0 fe df a0 fe df a0 fe df a0 fe 
0146a0  df a0 fe df a0 fe df a0 fe df a0 fe df a0 fe df 
0146b0  a0 fe df a0 fe df a0 fe df a0 fe df a0 fe df a0 
0146c0  fe df a0 fe df a0 fe df a0 fe df a0 fe df a0 fe 
0146d0  df a0 fe df a0 fe df a0 fe df a0 fe df a0 fe df 
0146e0  a0 fe df a0 fe df a0 fe df a0 fe df a0 fe df a0 
0146f0  fe df a0 fe df a0 fe df a0 fe df a0 fe df a0 fe 
014700  df a0 fe df a0 fe df a0 fe df a0 fe df a0 fe df 
014710  a0 fe df a0 fe df a0 fe df a0 fe df a0 fe df a0 
014720  fe df a0 fe df a0 fe df a0 fe df a0 fe df a0 fe 
014730  df a0 fe df a0 fe df a0 fe df a0 fe df a0 fe df 
014740  a0 fe df a0 fe df a0 fe df a0 fe df a0 fe df a0 
014750  fe df a0 fe df a0 fe df a0 fe df a0 fe df a0 fe 
014760  df a0 fe df a0 fe df a0 fe df a0 fe df a0 fe df 
014770  a0 fe df a0 fe df a0 fe df a0 fe df a0 fe df a0 
014780  fe df a0 fe df a0 fe df a0 fe df a0 fe df a0 fe 
014790  df a0 fe df a0 fe df a0 fe df a0 fe df a0 fe df 
0147a0  a0 fe df a0 fe df a0 fe df a0 fe df a0 fe df a0 
0147b0  fe df a0 fe df a0 fe df a0 fe df a0 fe df a0 fe 
0147c0  df a0 fe df a0 fe df a0 fe df a0 fe df a0 fe df 
0147d0  a0 fe df a0 fe df a0 fe df a0 fe df a0 fe df a0 
0147e0  fe df a0 fe df a0 fe df a0 fe df a0 fe df a0 fe 
0147f0  df a0 fe df a0 fe df a0 fe df a0 fe df a0 fe df 
014800  a0 fe df a0 fe df a0 fe df a0 fe df a0 fe df a0 
014810  fe df a0 fe df a0 fe df a0 fe df a0 fe df a0 fe 
014820  df a0 fe df a0 fe df a0 fe df a0 fe df a0 fe df 
014830  a0 fe df a0 fe df a0 fe df a0 fe df a0 fe df a0 
014840  fe df a0 fe df a0 fe df a0 fe df a0 fe df a0 fe 
014850  df a0 fe df a0 fe df a0 fe df a0 fe df a0 fe df 
014860  a0 fe df a0 fe df a0 fe df a0 fe df a0 fe df a0 
014870  fe df a0 fe df a0 fe df a0 fe df a0 fe df a0 fe 
014880  df a0 fe df a0 fe df a0 fe df a0 fe df a0 fe df 
014890  a0 fe df a0 fe df a0 fe df a0 fe df a0 fe df a0 
0148a0  fe df a0 fe df a0 fe df a0 fe df a0 fe df a0 fe 
0148b0  df a0 fe df a0 fe df a0 fe df a0 fe df a0 fe df 
0148c0  a0 fe df a0 fe df a0 fe df a0 fe df a0 fe df a0 
0148d0  fe df a0 fe df a0 fe df a0 fe df a0 fe df a0 fe 
0148e0  df a0 fe df a0 fe df a0 fe df a0 fe df a0 fe df 
0148f0  a0 fe df a0 fe df a0 fe df a0 fe df a0 fe df a0 
014900  fe df a0 fe df a0 fe df a0 fe df a0 fe df a0 fe 
014910  df a0 fe df a0 fe df a0 fe df a0 fe df a0 fe df 
014920  a0 fe df a0 fe df a0 fe df a0 fe df a0 fe df a0 
014930  fe df a0 fe df a0 fe df a0 fe df a0 fe df a0 fe 
014940  df a0 fe df a0 fe df a0 fe df a0 fe df a0 fe df 
014950  a0 fe df a0 fe df a0 fe df a0 fe df a0 fe df a0 
014960  fe df a0 fe df a0 fe df a0 fe df a0 fe df a0 fe 
014970  df a0 fe df a0 fe df a0 fe df a0 fe df a0 fe df 
014980  a0 fe df a0 fe df a0 fe df a0 fe df a0 fe df a0 
014990  fe df a0 fe df a0 fe df a0 fe df a0 fe df a0 fe 
0149a0  df a0 fe df a0 fe df a0 fe df a0 fe df a0 fe df 
0149b0  a0 fe df a0 fe df a0 fe df a0 fe df a0 fe df a0 
0149c0  fe df a0 fe df a0 fe df a0 fe df a0 fe df a0 fe 
0149d0  df a0 fe df a0 fe df a0 fe df a0 fe df a0 fe df 
0149e0  a0 fe df a0 fe df a0 fe df a0 fe df a0 fe df a0 
0149f0  fe df a0 fe df a0 fe df a0 fe df a0 fe df a0 fe 
014a00  df a0 fe df a0 fe df a0 fe df a0 fe df a0 fe df 
014a10  a0 fe df a0 fe df a0 fe df a0 fe df a0 fe df a0 
014a20  fe df a0 fe df a0 fe df a0 fe df a0 fe df a0 fe 
014a30  df a0 fe df a0 fe df a0 fe df a0 fe df a0 fe df 
014a40  a0 fe df a0 fe df a0 fe df a0 fe df a0 fe df a0 
014a50  fe df a0 fe df a0 fe df a0 fe df a0 fe df a0 fe 
014a60  df a0 fe df a0 fe df a0 fe df a0 fe df a0 fe df 
014a70  a0 fe df a0 fe df a0 fe df a0 fe df a0 fe df a0 
014a80  fe df a0 fe df a0 fe df a0 fe df a0 fe df a0 fe 
014a90  df a0 fe df a0 fe df a0 fe df a0 fe df a0 fe df 
014aa0  a0 fe df a0 fe df a0 fe df a0 fe df a0 fe df a0 
014ab0  fe df a0 fe df a0 fe df a0 fe df a0 fe df a0 fe 
014ac0  df a0 fe df a0 fe df a0 fe df a0 fe df a0 fe df 
014ad0  a0 fe df a0 fe df a0 fe df a0 fe df a0 fe df a0 
014ae0  fe df a0 fe df a0 fe df a0 fe df a0 fe df a0 fe 
014af0  df a0 fe df a0 fe df a0 fe df a0 fe df a0 fe df 
014b00  a0 fe df a0 fe df a0 fe df a0 fe df a0 fe df a0 
014b10  fe df a0 fe df a0 fe df a0 fe df a0 fe df a0 fe 
014b20  df a0 fe df a0 fe df a0 fe df a0 fe df a0 fe df 
014b30  a0 fe df a0 fe df a0 fe df a0 fe df a0 fe df a0 
014b40  fe df a0 fe df a0 fe df a0 fe df a0 fe df a0 fe 
014b50  df a0 fe df a0 fe df a0 fe df a0 fe df a0 fe df 
014b60  a0 fe df a0 fe df a0 fe df a0 fe df a0 fe df a0 
014b70  fe df a0 fe df a0 fe df a0 fe df a0 fe df a0 fe 
014b80  df a0 fe df a0 fe df a0 fe df a0 fe df a0 fe df 
014b90  a0 fe df a0 fe df a0 fe df a0 fe df a0 fe df a0 
014ba0  fe df a0 fe df a0 fe df a0 fe df a0 fe df a0 fe 
014bb0  df a0 fe df a0 fe df a0 fe df a0 fe df a0 fe df 
014bc0  a0 fe df a0 fe df a0 fe df a0 fe df a0 fe df a0 
014bd0  fe df a0 fe df a0 fe df a0 fe df a0 fe df a0 fe 
014be0  df a0 fe df a0 fe df a0 fe df a0 fe df a0 fe df 
014bf0  a0 fe df a0 fe df a0 fe df a0 fe df a0 fe df a0 
014c00  fe df a0 fe df a0 fe df a0 fe df a0 fe df a0 fe 
014c10  df a0 fe df a0 fe df a0 fe df a0 fe df a0 fe df 
014c20  a0 fe df a0 fe df a0 fe df a0 fe df a0 fe df a0 
014c30  fe df a0 fe df a0 fe df a0 fe df a0 fe df a0 fe 
014c40  df a0 fe df a0 fe df a0 fe df a0 fe df a0 fe df 
014c50  a0 fe df a0 fe df a0 fe df a0 fe df a0 fe df a0 
014c60  fe df a0 fe df a0 fe df a0 fe df a0 fe df a0 fe 
014c70  df a0 fe df a0 fe df a0 fe df a0 fe df a0 fe df 
014c80  a0 fe df a0 fe df a0 fe df a0 fe df a0 fe df a0 
014c90  fe df a0 fe df a0 fe df a0 fe df a0 fe df a0 fe 
014ca0  df a0 fe df a0 fe df a0 fe df a0 fe df a0 fe df 
014cb0  a0 fe df a0 fe df a0 fe df a0 fe df a0 fe df a0 
014cc0  fe df a0 fe df a0 fe df a0 fe df a0 fe df a0 fe 
014cd0  df a0 fe df a0 fe df a0 fe df a0 fe df a0 fe df 
014ce0  a0 fe df a0 fe df a0 fe df a0 fe df a0 fe df a0 
014cf0  fe df a0 fe df a0 fe df a0 fe df a0 fe df a0 fe 
014d00  df a0 fe df a0 fe df a0 fe df a0 fe df a0 fe df 
014d10  a0 fe df a0 fe df a0 fe df a0 fe df a0 fe df a0 
014d20  fe df a0 fe df a0 fe df a0 fe df a0 fe df a0 fe 
014d30  df a0 fe df a0 fe df a0 fe df a0 fe df a0 fe df 
014d40  a0 fe df a0 fe df a0 fe df a0 fe df a0 fe df a0 
014d50  fe df a0 fe df a0 fe df a0 fe df a0 fe df a0 fe 
014d60  df a0 fe df a0 fe df a0 fe df a0 fe df a0 fe df 
014d70  a0 fe df a0 fe df a0 fe df a0 fe df a0 fe df a0 
014d80  fe df a0 fe df a0 fe df a0 fe df a0 fe df a0 fe 
014d90  df a0 fe df a0 fe df a0 fe df a0 fe df a0 fe df 
014da0  a0 fe df a0 fe df a0 fe df a0 fe df a0 fe df a0 
014db0  fe df a0 fe df a0 fe df a0 fe df a0 fe df a0 fe 
014dc0  df a0 fe df a0 fe df a0 fe df a0 fe df a0 fe df 
014dd0  a0 fe df a0 fe df a0 fe df a0 fe df a0 fe df a0 
014de0  fe df a0 fe df a0 fe df a0 fe df a0 fe df a0 fe 
014df0  df a0 fe df a0 fe df a0 fe df a0 fe df a0 fe df 
014e00  a0 fe df a0 fe df a0 fe df a0 fe df a0 fe df a0 
014e10  fe df a0 fe df a0 fe df a0 fe df a0 fe df a0 fe 
014e20  df a0 fe df a0 fe df a0 fe df a0 fe df a0 fe df 
014e30  a0 fe df a0 fe df a0 fe df a0 fe df a0 fe df a0 
014e40  fe df a0 fe df a0 fe df a0 fe df a0 fe df a0 fe 
014e50  df a0 fe df a0 fe df a0 fe df a0 fe df a0 fe df 
014e60  a0 fe df a0 fe df a0 fe df a0 fe df a0 fe df a0 
014e70  fe df a0 fe df a0 fe df a0 fe df a0 fe df a0 fe 
014e80  df a0 fe df a0 fe df a0 fe df a0 fe df a0 fe df 
014e90  a0 fe df a0 fe df a0 fe df a0 fe df a0 fe df a0 
014ea0  fe df a0 fe df a0 fe df a0 fe df a0 fe df a0 fe 
014eb0  df a0 fe df a0 fe df a0 fe df a0 fe df a0 fe df 
014ec0  a0 fe df a0 fe df a0 fe df a0 fe df a0 fe df a0 
014ed0  fe df a0 fe df a0 fe df a0 fe df a0 fe df a0 fe 
014ee0  df a0 fe df a0 fe df a0 fe df a0 fe df a0 fe df 
014ef0  a0 fe df a0 fe df a0 fe df a0 fe df a0 fe df a0 
014f00  fe df a0 fe df a0 fe df a0 fe df a0 fe df a0 fe 
014f10  df a0 fe df a0 fe df a0 fe df a0 fe df a0 fe df 
014f20  a0 fe df a0 fe df a0 fe df a0 fe df a0 fe df a0 
014f30  fe df a0 fe df a0 fe df a0 fe df a0 fe df a0 fe 
014f40  df a0 fe df a0 fe df a0 fe df a0 fe df a0 fe df 
014f50  a0 fe df a0 fe df a0 fe df a0 fe df a0 fe df a0 
014f60  fe df a0 fe df a0 fe df a0 fe df a0 fe df a0 fe 
014f70  df a0 fe df a0 fe df a0 fe df a0 fe df a0 fe df 
014f80  a0 fe df a0 fe df a0 fe df a0 fe df a0 fe df a0 
014f90  fe df a0 fe df a0 fe df a0 fe df a0 fe df a0 fe 
014fa0  df a0 fe df a0 fe df a0 fe df a0 fe df a0 fe df 
014fb0  a0 fe df a0 fe df a0 fe df a0 fe df a0 fe df a0 
014fc0  fe df a0 fe df a0 fe df a0 fe df a0 fe df a0 fe 
014fd0  df a0 fe df a0 fe df a0 fe df a0 fe df a0 fe df 
014fe0  a0 fe df a0 fe df a0 fe df a0 fe df a0 fe df a0 
014ff0  fe df a0 fe df a0 fe df a0 fe df a0 fe df a0 fe 
015000  df a0 fe df a0 fe df a0 fe df a0 fe df a0 fe df 
015010  a0 fe df a0 fe df a0 fe df a0 fe df a0 fe df a0 
015020  fe df a0 fe df a0 fe df a0 fe df a0 fe df a0 fe 
015030  df a0 fe df a0 fe df a0 fe df a0 fe df a0 fe df 
015040  a0 fe df a0 fe df a0 fe df a0 fe df a0 fe df a0 
015050  fe df a0 fe df a0 fe df a0 fe df a0 fe df a0 fe 
015060  df a0 fe df a0 fe df a0 fe df a0 fe df a0 fe df 
015070  a0 fe df a0 fe df a0 fe df a0 fe df a0 fe df a0 
015080  fe df a0 fe df a0 fe df a0 fe df a0 fe df a0 fe 
015090  df a0 fe df a0 fe df a0 fe df a0 fe df a0 fe df 
0150a0  a0 fe df a0 fe df a0 fe df a0 fe df a0 fe df a0 
0150b0  fe df a0 fe df a0 fe df a0 fe df a0 fe df a0 fe 
0150c0  df a0 fe df a0 fe df a0 fe df a0 fe df a0 fe df 
0150d0  a0 fe df a0 fe df a0 fe df a0 fe df a0 fe df a0 
0150e0  fe df a0 fe df a0 fe df a0 fe df a0 fe df a0 fe 
0150f0  df a0 fe df a0 fe df a0 fe df a0 fe df a0 fe df 
015100  a0 fe df a0 fe df a0 fe df a0 fe df a0 fe df a0 
015110  fe df a0 fe df a0 fe df a0 fe df a0 fe df a0 fe 
015120  df a0 fe df a0 fe df a0 fe df a0 fe df a0 fe df 
015130  a0 fe df a0 fe df a0 fe df a0 fe df a0 fe df a0 
015140  fe df a0 fe df a0 fe df a0 fe df a0 fe df a0 fe 
015150  df a0 fe df a0 fe df a0 fe df a0 fe df a0 fe df 
015160  a0 fe df a0 fe df a0 fe df a0 fe df a0 fe df a0 
015170  fe df a0 fe df a0 fe df a0 fe df a0 fe df a0 fe 
015180  df a0 fe df a0 fe df a0 fe df a0 fe df a0 fe df 
015190  a0 fe df a0 fe df a0 fe df a0 fe df a0 fe df a0 
0151a0  fe df a0 fe df a0 fe df a0 fe df a0 fe df a0 fe 
0151b0  df a0 fe df a0 fe df a0 fe df a0 fe df a0 fe df 
0151c0  a0 fe df a0 fe df a0 fe df a0 fe df a0 fe df a0 
0151d0  fe df a0 fe df a0 fe df a0 fe df a0 fe df a0 fe 
0151e0  df a0 fe df a0 fe df a0 fe df a0 fe df a0 fe df 
0151f0  a0 fe df a0 fe df a0 fe df a0 fe df a0 fe df a0 
015200  fe df a0 fe df a0 fe df a0 fe df a0 fe df a0 fe 
015210  df a0 fe df a0 fe df a0 fe df a0 fe df a0 fe df 
015220  a0 fe df a0 fe df a0 fe df a0 fe df a0 fe df a0 
015230  fe df a0 fe df a0 fe df a0 fe df a0 fe df a0 fe 
015240  df a0 fe df a0 fe df a0 fe df a0 fe df a0 fe df 
015250  a0 fe df a0 fe df a0 fe df a0 fe df a0 fe df a0 
015260  fe df a0 fe df a0 fe df a0 fe df a0 fe df a0 fe 
015270  df a0 fe df a0 fe df a0 fe df a0 fe df a0 fe df 
015280  a0 fe df a0 fe df a0 fe df a0 fe df a0 fe df a0 
015290  fe df a0 fe df a0 fe df a0 fe df a0 fe df a0 fe 
0152a0  df a0 fe df a0 fe df a0 fe df a0 fe df a0 fe df 
0152b0  a0 fe df a0 fe df a0 fe df a0 fe df a0 fe df a0 
0152c0  fe df a0 fe df a0 fe df a0 fe df a0 fe df a0 fe 
0152d0  df a0 fe df a0 fe df a0 fe df a0 fe df a0 fe df 
0152e0  a0 fe df a0 fe df a0 fe df a0 fe df a0 fe df a0 
0152f0  fe df a0 fe df a0 fe df a0 fe df a0 fe df a0 fe 
015300  df a0 fe df a0 fe df a0 fe df a0 fe df a0 fe df 
015310  a0 fe df a0 fe df a0 fe df a0 fe df a0 fe df a0 
015320  fe df a0 fe df a0 fe df a0 fe df a0 fe df a0 fe 
015330  df a0 fe df a0 fe df a0 fe df a0 fe df a0 fe df 
015340  a0 fe df a0 fe df a0 fe df a0 fe df a0 fe df a0 
015350  fe df a0 fe df a0 fe df a0 fe df a0 fe df a0 fe 
015360  df a0 fe df a0 fe df a0 fe df a0 fe df a0 fe df 
015370  a0 fe df a0 fe df a0 fe df a0 fe df a0 fe df a0 
015380  fe df a0 fe df a0 fe df a0 fe df a0 fe df a0 fe 
015390  df a0 fe df a0 fe df a0 fe df a0 fe df a0 fe df 
0153a0  a0 fe df a0 fe df a0 fe df a0 fe df a0 fe df a0 
0153b0  fe df a0 fe df a0 fe df a0 fe df a0 fe df a0 fe 
0153c0  df a0 fe df a0 fe df a0 fe df a0 fe df a0 fe df 
0153d0  a0 fe df a0 fe df a0 fe df a0 fe df a0 fe df a0 
0153e0  fe df a0 fe df a0 fe df a0 fe df a0 fe df a0 fe 
0153f0  df a0 fe df a0 fe df a0 fe df a0 fe df a0 fe df 
015400  a0 fe df a0 fe df a0 fe df a0 fe df a0 fe df a0 
015410  fe df a0 fe df a0 fe df a0 fe df a0 fe df a0 fe 
015420  df a0 fe df a0 fe df a0 fe df a0 fe df a0 fe df 
015430  a0 fe df a0 fe df a0 fe df a0 fe df a0 fe df a0 
015440  fe df a0 fe df a0 fe df a0 fe df a0 fe df a0 fe 
015450  df a0 fe df a0 fe df a0 fe df a0 fe df a0 fe df 
015460  a0 fe df a0 fe df a0 fe df a0 fe df a0 fe df a0 
015470  fe df a0 fe df a0 fe df a0 fe df a0 fe df a0 fe 
015480  df a0 fe df a0 fe df a0 fe df a0 fe df a0 fe df 
015490  a0 fe df a0 fe df a0 fe df a0 fe df a0 fe df a0 
0154a0  fe df a0 fe df a0 fe df a0 fe df a0 fe df a0 fe 
0154b0  df a0 fe df a0 fe df a0 fe df a0 fe df a0 fe df 
0154c0  a0 fe df a0 fe df a0 fe df a0 fe df a0 fe df a0 
0154d0  fe df a0 fe df a0 fe df a0 fe df a0 fe df a0 fe 
0154e0  df a0 fe df a0 fe df a0 fe df a0 fe df a0 fe df 
0154f0  a0 fe df a0 fe df a0 fe df a0 fe df a0 fe df a0 
015500  fe df a0 fe df a0 fe df a0 fe df a0 fe df a0 fe 
015510  df a0 fe df a0 fe df a0 fe df a0 fe df a0 fe df 
015520  a0 fe df a0 fe df a0 fe df a0 fe df a0 fe df a0 
015530  fe df a0 fe df a0 fe df a0 fe df a0 fe df a0 fe 
015540  df a0 fe df a0 fe df a0 fe df a0 fe df a0 fe df 
015550  a0 fe df a0 fe df a0 fe df a0 fe df a0 fe df a0 
015560  fe df a0 fe df a0 fe df a0 fe df a0 fe df a0 fe 
015570  df a0 fe df a0 fe df a0 fe df a0 fe df a0 fe df 
015580  a0 fe df a0 fe df a0 fe df a0 fe df a0 fe df a0 
015590  fe df a0 fe df a0 fe df a0 fe df a0 fe df a0 fe 
0155a0  df a0 fe df a0 fe df a0 fe df a0 fe df a0 fe df 
0155b0  a0 fe df a0 fe df a0 fe df a0 fe df a0 fe df a0 
0155c0  fe df a0 fe df a0 fe df a0 fe df a0 fe df a0 fe 
0155d0  df a0 fe df a0 fe df a0 fe df a0 fe df a0 fe df 
0155e0  a0 fe df a0 fe df a0 fe df a0 fe df a0 fe df a0 
0155f0  fe df a0 fe df a0 fe df a0 fe df a0 fe df a0 fe 
015600  df a0 fe df a0 fe df a0 fe df a0 fe df a0 fe df 
015610  a0 fe df a0 fe df a0 fe df a0 fe df a0 fe df a0 
015620  fe df a0 fe df a0 fe df a0 fe df a0 fe df a0 fe 
015630  df a0 fe df a0 fe df a0 fe df a0 fe df a0 fe df 
015640  a0 fe df a0 fe df a0 fe df a0 fe df a0 fe df a0 
015650  fe df a0 fe df a0 fe df a0 fe df a0 fe df a0 fe 
015660  df a0 fe df a0 fe df a0 fe df a0 fe df a0 fe df 
015670  a0 fe df a0 fe df a0 fe df a0 fe df a0 fe df a0 
015680  fe df a0 fe df a0 fe df a0 fe df a0 fe df a0 fe 
015690  df a0 fe df a0 fe df a0 fe df a0 fe df a0 fe df 
0156a0  a0 fe df a0 fe df a0 fe df a0 fe df a0 fe df a0 
0156b0  fe df a0 fe df a0 fe df a0 fe df a0 fe df a0 fe 
0156c0  df a0 fe df a0 fe df a0 fe df a0 fe df a0 fe df 
0156d0  a0 fe df a0 fe df a0 fe df a0 fe df a0 fe df a0 
0156e0  fe df a0 fe df a0 fe df a0 fe df a0 fe df a0 fe 
0156f0  df a0 fe df a0 fe df a0 fe df a0 fe df a0 fe df 
015700  a0 fe df a0 fe df a0 fe df a0 fe df a0 fe df a0 
015710  fe df a0 fe df a0 fe df a0 fe df a0 fe df a0 fe 
015720  df a0 fe df a0 fe df a0 fe df a0 fe df a0 fe df 
015730  a0 fe df a0 fe df a0 fe df a0 fe df a0 fe df a0 
015740  fe df a0 fe df a0 fe df a0 fe df a0 fe df a0 fe 
015750  df a0 fe df a0 fe df a0 fe df a0 fe df a0 fe df 
015760  a0 fe df a0 fe df a0 fe df a0 fe df a0 fe df a0 
015770  fe df a0 fe df a0 fe df a0 fe df a0 fe df a0 fe 
015780  df a0 fe df a0 fe df a0 fe df a0 fe df a0 fe df 
015790  a0 fe df a0 fe df a0 fe df a0 fe df a0 fe df a0 
0157a0  fe df a0 fe df a0 fe df a0 fe df a0 fe df a0 fe 
0157b0  df a0 fe df a0 fe df a0 fe df a0 fe df a0 fe df 
0157c0  a0 fe df a0 fe df a0 fe df a0 fe df a0 fe df a0 
0157d0  fe df a0 fe df a0 fe df a0 fe df a0 fe df a0 fe 
0157e0  df a0 fe df a0 fe df a0 fe df a0 fe df a0 fe df 
0157f0  a0 fe df a0 fe df a0 fe df a0 fe df a0 fe df a0 
015800  fe df a0 fe df a0 fe df a0 fe df a0 fe df a0 fe 
015810  df a0 fe df a0 fe df a0 fe df a0 fe df a0 fe df 
015820  a0 fe df a0 fe df a0 fe df a0 fe df a0 fe df a0 
015830  fe df a0 fe df a0 fe df a0 fe df a0 fe df a0 fe 
015840  df a0 fe df a0 fe df a0 fe df a0 fe df a0 fe df 
015850  a0 fe df a0 fe df a0 fe df a0 fe df a0 fe df a0 
015860  fe df a0 fe df a0 fe df a0 fe df a0 fe df a0 fe 
015870  df a0 fe df a0 fe df a0 fe df a0 fe df a0 fe df 
015880  a0 fe df a0 fe df a0 fe df a0 fe df a0 fe df a0 
015890  fe df a0 fe df a0 fe df a0 fe df a0 fe df a0 fe 
0158a0  df a0 fe df a0 fe df a0 fe df a0 fe df a0 fe df 
0158b0  a0 fe df a0 fe df a0 fe df a0 fe df a0 fe df a0 
0158c0  fe df a0 fe df a0 fe df a0 fe df a0 fe df a0 fe 
0158d0  df a0 fe df a0 fe df a0 fe df a0 fe df a0 fe df 
0158e0  a0 fe df a0 fe df a0 fe df a0 fe df a0 fe df a0 
0158f0  fe df a0 fe df a0 fe df a0 fe df a0 fe df a0 fe 
015900  df a0 fe df a0 fe df a0 fe df a0 fe df a0 fe df 
015910  a0 fe df a0 fe df a0 fe df a0 fe df a0 fe df a0 
015920  fe df a0 fe df a0 fe df a0 fe df a0 fe df a0 fe 
015930  df a0 fe df a0 fe df a0 fe df a0 fe df a0 fe df 
015940  a0 fe df a0 fe df a0 fe df a0 fe df a0 fe df a0 
015950  fe df a0 fe df a0 fe df a0 fe df a0 fe df a0 fe 
015960  df a0 fe df a0 fe df a0 fe df a0 fe df a0 fe df 
015970  a0 fe df a0 fe df a0 fe df a0 fe df a0 fe df a0 
015980  fe df a0 fe df a0 fe df a0 fe df a0 fe df a0 fe 
015990  df a0 fe df a0 fe df a0 fe df a0 fe df a0 fe df 
0159a0  a0 fe df a0 fe df a0 fe df a0 fe df a0 fe df a0 
0159b0  fe df a0 fe df a0 fe df a0 fe df a0 fe df a0 fe 
0159c0  df a0 fe df a0 fe df a0 fe df a0 fe df a0 fe df 
0159d0  a0 fe df a0 fe df a0 fe df a0 fe df a0 fe df a0 
0159e0  fe df a0 fe df a0 fe df a0 fe df a0 fe df a0 fe 
0159f0  df a0 fe df a0 fe df a0 fe df a0 fe df a0 fe df 
015a00  a0 fe df a0 fe df a0 fe df a0 fe df a0 fe df a0 
015a10  fe df a0 fe df a0 fe df a0 fe df a0 fe df a0 fe 
015a20  df a0 fe df a0 fe df a0 fe df a0 fe df a0 fe df 
015a30  a0 fe df a0 fe df a0 fe df a0 fe df a0 fe df a0 
015a40  fe df a0 fe df a0 fe df a0 fe df a0 fe df a0 fe 
015a50  df a0 fe df a0 fe df a0 fe df a0 fe df a0 fe df 
015a60  a0 fe df a0 fe df a0 fe df a0 fe df a0 fe df a0 
015a70  fe df a0 fe df a0 fe df a0 fe df a0 fe df a0 fe 
015a80  df a0 fe df a0 fe df a0 fe df a0 fe df a0 fe df 
015a90  a0 fe df a0 fe df a0 fe df a0 fe df a0 fe df a0 
015aa0  fe df a0 fe df a0 fe df a0 fe df a0 fe df a0 fe 
015ab0  df a0 fe df a0 fe df a0 fe df a0 fe df a0 fe df 
015ac0  a0 fe df a0 fe df a0 fe df a0 fe df a0 fe df a0 
015ad0  fe df a0 fe df a0 fe df a0 fe df a0 fe df a0 fe 
015ae0  df a0 fe df a0 fe df a0 fe df a0 fe df a0 fe df 
015af0  a0 fe df a0 fe df a0 fe df a0 fe df a0 fe df a0 
015b00  fe df a0 fe df a0 fe df a0 fe df a0 fe df a0 fe 
015b10  df a0 fe df a0 fe df a0 fe df a0 fe df a0 fe df 
015b20  a0 fe df a0 fe df a0 fe df a0 fe df a0 fe df a0 
015b30  fe df a0 fe df a0 fe df a0 fe df a0 fe df a0 fe 
015b40  df a0 fe df a0 fe df a0 fe df a0 fe df a0 fe df 
015b50  a0 fe df a0 fe df a0 fe df a0 fe df a0 fe df a0 
015b60  fe df a0 fe df a0 fe df a0 fe df a0 fe df a0 fe 
015b70  df a0 fe df a0 fe df a0 fe df a0 fe df a0 fe df 
015b80  a0 fe df a0 fe df a0 fe df a0 fe df a0 fe df a0 
015b90  fe df a0 fe df a0 fe df a0 fe df a0 fe df a0 fe 
015ba0  df a0 fe df a0 fe df a0 fe df a0 fe df a0 fe df 
015bb0  a0 fe df a0 fe df a0 fe df a0 fe df a0 fe df a0 
015bc0  fe df a0 fe df a0 fe df a0 fe df a0 fe df a0 fe 
015bd0  df a0 fe df a0 fe df a0 fe df a0 fe df a0 fe df 
015be0  a0 fe df a0 fe df a0 fe df a0 fe df a0 fe df a0 
015bf0  fe df a0 fe df a0 fe df a0 fe df a0 fe df a0 fe 
015c00  df a0 fe df a0 fe df a0 fe df a0 fe df a0 fe df 
015c10  a0 fe df a0 fe df a0 fe df a0 fe df a0 fe df a0 
015c20  fe df a0 fe df a0 fe df a0 fe df a0 fe df a0 fe 
015c30  df a0 fe df a0 fe df a0 fe df a0 fe df a0 fe df 
015c40  a0 fe df a0 fe df a0 fe df a0 fe df a0 fe df a0 
015c50  fe df a0 fe df a0 fe df a0 fe df a0 fe df a0 fe 
015c60  df a0 fe df a0 fe df a0 fe df a0 fe df a0 fe df 
015c70  a0 fe df a0 fe df a0 fe df a0 fe df a0 fe df a0 
015c80  fe df a0 fe df a0 fe df a0 fe df a0 fe df a0 fe 
015c90  df a0 fe df a0 fe df a0 fe df a0 fe df a0 fe df 
015ca0  a0 fe df a0 fe df a0 fe df a0 fe df a0 fe df a0 
015cb0  fe df a0 fe df a0 fe df a0 fe df a0 fe df a0 fe 
015cc0  df a0 fe df a0 fe df a0 fe df a0 fe df a0 fe df 
015cd0  a0 fe df a0 fe df a0 fe df a0 fe df a0 fe df a0 
015ce0  fe df a0 fe df a0 fe df a0 fe df a0 fe df a0 fe 
015cf0  df a0 fe df a0 fe df a0 fe df a0 fe df a0 fe df 
015d00  a0 fe df a0 fe df a0 fe df a0 fe df a0 fe df a0 
015d10  fe df a0 fe df a0 fe df a0 fe df a0 fe df a0 fe 
015d20  df a0 fe df a0 fe df a0 fe df a0 fe df a0 fe df 
015d30  a0 fe df a0 fe df a0 fe df a0 fe df a0 fe df a0 
015d40  fe df a0 fe df a0 fe df a0 fe df a0 fe df a0 fe 
015d50  df a0 fe df a0 fe df a0 fe df a0 fe df a0 fe df 
015d60  a0 fe df a0 fe df a0 fe df a0 fe df a0 fe df a0 
015d70  fe df a0 fe df a0 fe df a0 fe df a0 fe df a0 fe 
015d80  df a0 fe df a0 fe df a0 fe df a0 fe df a0 fe df 
015d90  a0 fe df a0 fe df a0 fe df a0 fe df a0 fe df a0 
015da0  fe df a0 fe df a0 fe df a0 fe df a0 fe df a0 fe 
015db0  df a0 fe df a0 fe df a0 fe df a0 fe df a0 fe df 
015dc0  a0 fe df a0 fe df a0 fe df a0 fe df a0 fe df a0 
015dd0  fe df a0 fe df a0 fe df a0 fe df a0 fe df a0 fe 
015de0  df a0 fe df a0 fe df a0 fe df a0 fe df a0 fe df 
015df0  a0 fe df a0 fe df a0 fe df a0 fe df a0 fe df a0 
015e00  fe df a0 fe df a0 fe df a0 fe df a0 fe df a0 fe 
015e10  df a0 fe df a0 fe df a0 fe df a0 fe df a0 fe df 
015e20  a0 fe df a0 fe df a0 fe df a0 fe df a0 fe df a0 
015e30  fe df a0 fe df a0 fe df a0 fe df a0 fe df a0 fe 
015e40  df a0 fe df a0 fe df a0 fe df a0 fe df a0 fe df 
015e50  a0 fe df a0 fe df a0 fe df a0 fe df a0 fe df a0 
015e60  fe df a0 fe df a0 fe df a0 fe df a0 fe df a0 fe 
015e70  df a0 fe df a0 fe df a0 fe df a0 fe df a0 fe df 
015e80  a0 fe df a0 fe df a0 fe df a0 fe df a0 fe df a0 
015e90  fe df a0 fe df a0 fe df a0 fe df a0 fe df a0 fe 
015ea0  df a0 fe df a0 fe df a0 fe df a0 fe df a0 fe df 
015eb0  a0 fe df a0 fe df a0 fe df a0 fe df a0 fe df a0 
015ec0  fe df a0 fe df a0 fe df a0 fe df a0 fe df a0 fe 
015ed0  df a0 fe df a0 fe df a0 fe df a0 fe df a0 fe df 
015ee0  a0 fe df a0 fe df a0 fe df a0 fe df a0 fe df a0 
015ef0  fe df a0 fe df a0 fe df a0 fe df a0 fe df a0 fe 
015f00  df a0 fe df a0 fe df a0 fe df a0 fe df a0 fe df 
015f10  a0 fe df a0 fe df a0 fe df a0 fe df a0 fe df a0 
015f20  fe df a0 fe df a0 fe df a0 fe df a0 fe df a0 fe 
015f30  df a0 fe df a0 fe df a0 fe df a0 fe df a0 fe df 
015f40  a0 fe df a0 fe df a0 fe df a0 fe df a0 fe df a0 
015f50  fe df a0 fe df a0 fe df a0 fe df a0 fe df a0 fe 
015f60  df a0 fe df a0 fe df a0 fe df a0 fe df a0 fe df 
015f70  a0 fe df a0 fe df a0 fe df a0 fe df a0 fe df a0 
015f80  fe df a0 fe df a0 fe df a0 fe df a0 fe df a0 fe 
015f90  df a0 fe df a0 fe df a0 fe df a0 fe df a0 fe df 
015fa0  a0 fe df a0 fe df a0 fe df a0 fe df a0 fe df a0 
015fb0  fe df a0 fe df a0 fe df a0 fe df a0 fe df a0 fe 
015fc0  df a0 fe df a0 fe df a0 fe df a0 fe df a0 fe df 
015fd0  a0 fe df a0 fe df a0 fe df a0 fe df a0 fe df a0 
015fe0  fe df a0 fe df a0 fe df a0 fe df a0 fe df a0 fe 
015ff0  df a0 fe df a0 fe df a0 fe df a0 fe df a0 fe df 
016000  a0 fe df a0 fe df a0 fe df a0 fe df a0 fe df a0 
016010  fe df a0 fe df a0 fe df a0 fe df a0 fe df a0 fe 
016020  df a0 fe df a0 fe df a0 fe df a0 fe df a0 fe df 
016030  a0 fe df a0 fe df a0 fe df a0 fe df a0 fe df a0 
016040  fe df a0 fe df a0 fe df a0 fe df a0 fe df a0 fe 
016050  df a0 fe df a0 fe df a0 fe df a0 fe df a0 fe df 
016060  a0 fe df a0 fe df a0 fe df a0 fe df a0 fe df a0 
016070  fe df a0 fe df a0 fe df a0 fe df a0 fe df a0 fe 
016080  df a0 fe df a0 fe df a0 fe df a0 fe df a0 fe df 
016090  a0 fe df a0 fe df a0 fe df a0 fe df a0 fe df a0 
0160a0  fe df a0 fe df a0 fe df a0 fe df a0 fe df a0 fe 
0160b0  df a0 fe df a0 fe df a0 fe df a0 fe df a0 fe df 
0160c0  a0 fe df a0 fe df a0 fe df a0 fe df a0 fe df a0 
0160d0  fe df a0 fe df a0 fe df a0 fe df a0 fe df a0 fe 
0160e0  df a0 fe df a0 fe df a0 fe df a0 fe df a0 fe df 
0160f0  a0 fe df a0 fe df a0 fe df a0 fe df a0 fe df a0 
016100  fe df a0 fe df a0 fe df a0 fe df a0 fe df a0 fe 
016110  df a0 fe df a0 fe df a0 fe df a0 fe df a0 fe df 
016120  a0 fe df a0 fe df a0 fe df a0 fe df a0 fe df a0 
016130  fe df a0 fe df a0 fe df a0 fe df a0 fe df a0 fe 
016140  df a0 fe df a0 fe df a0 fe df a0 fe df a0 fe df 
016150  a0 fe df a0 fe df a0 fe df a0 fe df a0 fe df a0 
016160  fe df a0 fe df a0 fe df a0 fe df a0 fe df a0 fe 
016170  df a0 fe df a0 fe df a0 fe df a0 fe df a0 fe df 
016180  a0 fe df a0 fe df a0 fe df a0 fe df a0 fe df a0 
016190  fe df a0 fe df a0 fe df a0 fe df a0 fe df a0 fe 
0161a0  df a0 fe df a0 fe df a0 fe df a0 fe df a0 fe df 
0161b0  a0 fe df a0 fe df a0 fe df a0 fe df a0 fe df a0 
0161c0  fe df a0 fe df a0 fe df a0 fe df a0 fe df a0 fe 
0161d0  df a0 fe df a0 fe df a0 fe df a0 fe df a0 fe df 
0161e0  a0 fe df a0 fe df a0 fe df a0 fe df a0 fe df a0 
0161f0  fe df a0 fe df a0 fe df a0 fe df a0 fe df a0 fe 
016200  df a0 fe df a0 fe df a0 fe df a0 fe df a0 fe df 
016210  a0 fe df a0 fe df a0 fe df a0 fe df a0 fe df a0 
016220  fe df a0 fe df a0 fe df a0 fe df a0 fe df a0 fe 
016230  df a0 fe df a0 fe df a0 fe df a0 fe df a0 fe df 
016240  a0 fe df a0 fe df a0 fe df a0 fe df a0 fe df a0 
016250  fe df a0 fe df a0 fe df a0 fe df a0 fe df a0 fe 
016260  df a0 fe df a0 fe df a0 fe df a0 fe df a0 fe df 
016270  a0 fe df a0 fe df a0 fe df a0 fe df a0 fe df a0 
016280  fe df a0 fe df a0 fe df a0 fe df a0 fe df a0 fe 
016290  df a0 fe df a0 fe df a0 fe df a0 fe df a0 fe df 
0162a0  a0 fe df a0 fe df a0 fe df a0 fe df a0 fe df a0 
0162b0  fe df a0 fe df a0 fe df a0 fe df a0 fe df a0 fe 
0162c0  df a0 fe df a0 fe df a0 fe df a0 fe df a0 fe df 
0162d0  a0 fe df a0 fe df a0 fe df a0 fe df a0 fe df a0 
0162e0  fe df a0 fe df a0 fe df a0 fe df a0 fe df a0 fe 
0162f0  df a0 fe df a0 fe df a0 fe df a0 fe df a0 fe df 
016300  a0 fe df a0 fe df a0 fe df a0 fe df a0 fe df a0 
016310  fe df a0 fe df a0 fe df a0 fe df a0 fe df a0 fe 
016320  df a0 fe df a0 fe df a0 fe df a0 fe df a0 fe df 
016330  a0 fe df a0 fe df a0 fe df a0 fe df a0 fe df a0 
016340  fe df a0 fe df a0 fe df a0 fe df a0 fe df a0 fe 
016350  df a0 fe df a0 fe df a0 fe df a0 fe df a0 fe df 
016360  a0 fe df a0 fe df a0 fe df a0 fe df a0 fe df a0 
016370  fe df a0 fe df a0 fe df a0 fe df a0 fe df a0 fe 
016380  df a0 fe df a0 fe df a0 fe df a0 fe df a0 fe df 
016390  a0 fe df a0 fe df a0 fe df a0 fe df a0 fe df a0 
0163a0  fe df a0 fe df a0 fe df a0 fe df a0 fe df a0 fe 
0163b0  df a0 fe df a0 fe df a0 fe df a0 fe df a0 fe df 
0163c0  a0 fe df a0 fe df a0 fe df a0 fe df a0 fe df a0 
0163d0  fe df a0 fe df a0 fe df a0 fe df a0 fe df a0 fe 
0163e0  df a0 fe df a0 fe df a0 fe df a0 fe df a0 fe df 
0163f0  a0 fe df a0 fe df a0 fe df a0 fe df a0 fe df a0 
016400  fe df a0 fe df a0 fe df a0 fe df a0 fe df a0 fe 
016410  df a0 fe df a0 fe df a0 fe df a0 fe df a0 fe df 
016420  a0 fe df a0 fe df a0 fe df a0 fe df a0 fe df a0 
016430  fe df a0 fe df a0 fe df a0 fe df a0 fe df a0 fe 
016440  df a0 fe df a0 fe df a0 fe df a0 fe df a0 fe df 
016450  a0 fe df a0 fe df a0 fe df a0 fe df a0 fe df a0 
016460  fe df a0 fe df a0 fe df a0 fe df a0 fe df a0 fe 
016470  df a0 fe df a0 fe df a0 fe df a0 fe df a0 fe df 
016480  a0 fe df a0 fe df a0 fe df a0 fe df a0 fe df a0 
016490  fe df a0 fe df a0 fe df a0 fe df a0 fe df a0 fe 
0164a0  df a0 fe df a0 fe df a0 fe df a0 fe df a0 fe df 
0164b0  a0 fe df a0 fe df a0 fe df a0 fe df a0 fe df a0 
0164c0  fe df a0 fe df a0 fe df a0 fe df a0 fe df a0 fe 
0164d0  df a0 fe df a0 fe df a0 fe df a0 fe df a0 fe df 
0164e0  a0 fe df a0 fe df a0 fe df a0 fe df a0 fe df a0 
0164f0  fe df a0 fe df a0 fe df a0 fe df a0 fe df a0 fe 
016500  df a0 fe df a0 fe df a0 fe df a0 fe df a0 fe df 
016510  a0 fe df a0 fe df a0 fe df a0 fe df a0 fe df a0 
016520  fe df a0 fe df a0 fe df a0 fe df a0 fe df a0 fe 
016530  df a0 fe df a0 fe df a0 fe df a0 fe df a0 fe df 
016540  a0 fe df a0 fe df a0 fe df a0 fe df a0 fe df a0 
016550  fe df a0 fe df a0 fe df a0 fe df a0 fe df a0 fe 
016560  df a0 fe df a0 fe df a0 fe df a0 fe df a0 fe df 
016570  a0 fe df a0 fe df a0 fe df a0 fe df a0 fe df a0 
016580  fe df a0 fe df a0 fe df a0 fe df a0 fe df a0 fe 
016590  df a0 fe df a0 fe df a0 fe df a0 fe df a0 fe df 
0165a0  a0 fe df a0 fe df a0 fe df a0 fe df a0 fe df a0 
0165b0  fe df a0 fe df a0 fe df a0 fe df a0 fe df a0 fe 
0165c0  df a0 fe df a0 fe df a0 fe df a0 fe df a0 fe df 
0165d0  a0 fe df a0 fe df a0 fe df a0 fe df a0 fe df a0 
0165e0  fe df a0 fe df a0 fe df a0 fe df a0 fe df a0 fe 
0165f0  df a0 fe df a0 fe df a0 fe df a0 fe df a0 fe df 
016600  a0 fe df a0 fe df a0 fe df a0 fe df a0 fe df a0 
016610  fe df a0 fe df a0 fe df a0 fe df a0 fe df a0 fe 
016620  df a0 fe df a0 fe df a0 fe df a0 fe df a0 fe df 
016630  a0 fe df a0 fe df a0 fe df a0 fe df a0 fe df a0 
016640  fe df a0 fe df a0 fe df a0 fe df a0 fe df a0 fe 
016650  df a0 fe df a0 fe df a0 fe df a0 fe df a0 fe df 
016660  a0 fe df a0 fe df a0 fe df a0 fe df a0 fe df a0 
016670  fe df a0 fe df a0 fe df a0 fe df a0 fe df a0 fe 
016680  df a0 fe df a0 fe df a0 fe df a0 fe df a0 fe df 
016690  a0 fe df a0 fe df a0 fe df a0 fe df a0 fe df a0 
0166a0  fe df a0 fe df a0 fe df a0 fe df a0 fe df a0 fe 
0166b0  df a0 fe df a0 fe df a0 fe df a0 fe df a0 fe df 
0166c0  a0 fe df a0 fe df a0 fe df a0 fe df a0 fe df a0 
0166d0  fe df a0 fe df a0 fe df a0 fe df a0 fe df a0 fe 
0166e0  df a0 fe df a0 fe df a0 fe df a0 fe df a0 fe df 
0166f0  a0 fe df a0 fe df a0 fe df a0 fe df a0 fe df a0 
016700  fe df a0 fe df a0 fe df a0 fe df a0 fe df a0 fe 
016710  df a0 fe df a0 fe df a0 fe df a0 fe df a0 fe df 
016720  a0 fe df a0 fe df a0 fe df a0 fe df a0 fe df a0 
016730  fe df a0 fe df a0 fe df a0 fe df a0 fe df a0 fe 
016740  df a0 fe df a0 fe df a0 fe df a0 fe df a0 fe df 
016750  a0 fe df a0 fe df a0 fe df a0 fe df a0 fe df a0 
016760  fe df a0 fe df a0 fe df a0 fe df a0 fe df a0 fe 
016770  df a0 fe df a0 fe df a0 fe df a0 fe df a0 fe df 
016780  a0 fe df a0 fe df a0 fe df a0 fe df a0 fe df a0 
016790  fe df a0 fe df a0 fe df a0 fe df a0 fe df a0 fe 
0167a0  df a0 fe df a0 fe df a0 fe df a0 fe df a0 fe df 
0167b0  a0 fe df a0 fe df a0 fe df a0 fe df a0 fe df a0 
0167c0  fe df a0 fe df a0 fe df a0 fe df a0 fe df a0 fe 
0167d0  df a0 fe df a0 fe df a0 fe df a0 fe df a0 fe df 
0167e0  a0 fe df a0 fe df a0 fe df a0 fe df a0 fe df a0 
0167f0  fe df a0 fe df a0 fe df a0 fe df a0 fe df a0 fe 
016800  df a0 fe df a0 fe df a0 fe df a0 fe df a0 fe df 
016810  a0 fe df a0 fe df a0 fe df a0 fe df a0 fe df a0 
016820  fe df a0 fe df a0 fe df a0 fe df a0 fe df a0 fe 
016830  df a0 fe df a0 fe df a0 fe df a0 fe df a0 fe df 
016840  a0 fe df a0 fe df a0 fe df a0 fe df a0 fe df a0 
016850  fe df a0 fe df a0 fe df a0 fe df a0 fe df a0 fe 
016860  df a0 fe df a0 fe df a0 fe df a0 fe df a0 fe df 
016870  a0 fe df a0 fe df a0 fe df a0 fe df a0 fe df a0 
016880  fe df a0 fe df a0 fe df a0 fe df a0 fe df a0 fe 
016890  df a0 fe df a0 fe df a0 fe df a0 fe df a0 fe df 
0168a0  a0 fe df a0 fe df a0 fe df a0 fe df a0 fe df a0 
0168b0  fe df a0 fe df a0 fe df a0 fe df a0 fe df a0 fe 
0168c0  df a0 fe df a0 fe df a0 fe df a0 fe df a0 fe df 
0168d0  a0 fe df a0 fe df a0 fe df a0 fe df a0 fe df a0 
0168e0  fe df a0 fe df a0 fe df a0 fe df a0 fe df a0 fe 
0168f0  df a0 fe df a0 fe df a0 fe df a0 fe df a0 fe df 
016900  a0 fe df a0 fe df a0 fe df a0 fe df a0 fe df a0 
016910  fe df a0 fe df a0 fe df a0 fe df a0 fe df a0 fe 
016920  df a0 fe df a0 fe df a0 fe df a0 fe df a0 fe df 
016930  a0 fe df a0 fe df a0 fe df a0 fe df a0 fe df a0 
016940  fe df a0 fe df a0 fe df a0 fe df a0 fe df a0 fe 
016950  df a0 fe df a0 fe df a0 fe df a0 fe df a0 fe df 
016960  a0 fe df a0 fe df a0 fe df a0 fe df a0 fe df a0 
016970  fe df a0 fe df a0 fe df a0 fe df a0 fe df a0 fe 
016980  df a0 fe df a0 fe df a0 fe df a0 fe df a0 fe df 
016990  a0 fe df a0 fe df a0 fe df a0 fe df a0 fe df a0 
0169a0  fe df a0 fe df a0 fe df a0 fe df a0 fe df a0 fe 
0169b0  df a0 fe df a0 fe df a0 fe df a0 fe df a0 fe df 
0169c0  a0 fe df a0 fe df a0 fe df a0 fe df a0 fe df a0 
0169d0  fe df a0 fe df a0 fe df a0 fe df a0 fe df a0 fe 
0169e0  df a0 fe df a0 fe df a0 fe df a0 fe df a0 fe df 
0169f0  a0 fe df a0 fe df a0 fe df a0 fe df a0 fe df a0 
016a00  fe df a0 fe df a0 fe df a0 fe df a0 fe df a0 fe 
016a10  df a0 fe df a0 fe df a0 fe df a0 fe df a0 fe df 
016a20  a0 fe df a0 fe df a0 fe df a0 fe df a0 fe df a0 
016a30  fe df a0 fe df a0 fe df a0 fe df a0 fe df a0 fe 
016a40  df a0 fe df a0 fe df a0 fe df a0 fe df a0 fe df 
016a50  a0 fe df a0 fe df a0 fe df a0 fe df a0 fe df a0 
016a60  fe df a0 fe df a0 fe df a0 fe df a0 fe df a0 fe 
016a70  df a0 fe df a0 fe df a0 fe df a0 fe df a0 fe df 
016a80  a0 fe df a0 fe df a0 fe df a0 fe df a0 fe df a0 
016a90  fe df a0 fe df a0 fe df a0 fe df a0 fe df a0 fe 
016aa0  df a0 fe df a0 fe df a0 fe df a0 fe df a0 fe df 
016ab0  a0 fe df a0 fe df a0 fe df a0 fe df a0 fe df a0 
016ac0  fe df a0 fe df a0 fe df a0 fe df a0 fe df a0 fe 
016ad0  df a0 fe df a0 fe df a0 fe df a0 fe df a0 fe df 
016ae0  a0 fe df a0 fe df a0 fe df a0 fe df a0 fe df a0 
016af0  fe df a0 fe df a0 fe df a0 fe df a0 fe df a0 fe 
016b00  df a0 fe df a0 fe df a0 fe df a0 fe df a0 fe df 
016b10  a0 fe df a0 fe df a0 fe df a0 fe df a0 fe df a0 
016b20  fe df a0 fe df a0 fe df a0 fe df a0 fe df a0 fe 
016b30  df a0 fe df a0 fe df a0 fe df a0 fe df a0 fe df 
016b40  a0 fe df a0 fe df a0 fe df a0 fe df a0 fe df a0 
016b50  fe df a0 fe df a0 fe df a0 fe df a0 fe df a0 fe 
016b60  df a0 fe df a0 fe df a0 fe df a0 fe df a0 fe df 
016b70  a0 fe df a0 fe df a0 fe df a0 fe df a0 fe df a0 
016b80  fe df a0 fe df a0 fe df a0 fe df a0 fe df a0 fe 
016b90  df a0 fe df a0 fe df a0 fe df a0 fe df a0 fe df 
016ba0  a0 fe df a0 fe df a0 fe df a0 fe df a0 fe df a0 
016bb0  fe df a0 fe df a0 fe df a0 fe df a0 fe df a0 fe 
016bc0  df a0 fe df a0 fe df a0 fe df a0 fe df a0 fe df 
016bd0  a0 fe df a0 fe df a0 fe df a0 fe df a0 fe df a0 
016be0  fe df a0 fe df a0 fe df a0 fe df a0 fe df a0 fe 
016bf0  df a0 fe df a0 fe df a0 fe df a0 fe df a0 fe df 
016c00  a0 fe df a0 fe df a0 fe df a0 fe df a0 fe df a0 
016c10  fe df a0 fe df a0 fe df a0 fe df a0 fe df a0 fe 
016c20  df a0 fe df a0 fe df a0 fe df a0 fe df a0 fe df 
016c30  a0 fe df a0 fe df a0 fe df a0 fe df a0 fe df a0 
016c40  fe df a0 fe df a0 fe df a0 fe df a0 fe df a0 fe 
016c50  df a0 fe df a0 fe df a0 fe df a0 fe df a0 fe df 
016c60  a0 fe df a0 fe df a0 fe df a0 fe df a0 fe df a0 
016c70  fe df a0 fe df a0 fe df a0 fe df a0 fe df a0 fe 
016c80  df a0 fe df a0 fe df a0 fe df a0 fe df a0 fe df 
016c90  a0 fe df a0 fe df a0 fe df a0 fe df a0 fe df a0 
016ca0  fe df a0 fe df a0 fe df a0 fe df a0 fe df a0 fe 
016cb0  df a0 fe df a0 fe df a0 fe df a0 fe df a0 fe df 
016cc0  a0 fe df a0 fe df a0 fe df a0 fe df a0 fe df a0 
016cd0  fe df a0 fe df a0 fe df a0 fe df a0 fe df a0 fe 
016ce0  df a0 fe df a0 fe df a0 fe df a0 fe df a0 fe df 
016cf0  a0 fe df a0 fe df a0 fe df a0 fe df a0 fe df a0 
016d00  fe df a0 fe df a0 fe df a0 fe df a0 fe df a0 fe 
016d10  df a0 fe df a0 fe df a0 fe df a0 fe df a0 fe df 
016d20  a0 fe df a0 fe df a0 fe df a0 fe df a0 fe df a0 
016d30  fe df a0 fe df a0 fe df a0 fe df a0 fe df a0 fe 
016d40  df a0 fe df a0 fe df a0 fe df a0 fe df a0 fe df 
016d50  a0 fe df a0 fe df a0 fe df a0 fe df a0 fe df a0 
016d60  fe df a0 fe df a0 fe df a0 fe df a0 fe df a0 fe 
016d70  df a0 fe df a0 fe df a0 fe df a0 fe df a0 fe df 
016d80  a0 fe df a0 fe df a0 fe df a0 fe df a0 fe df a0 
016d90  fe df a0 fe df a0 fe df a0 fe df a0 fe df a0 fe 
016da0  df a0 fe df a0 fe df a0 fe df a0 fe df a0 fe df 
016db0  a0 fe df a0 fe df a0 fe df a0 fe df a0 fe df a0 
016dc0  fe df a0 fe df a0 fe df a0 fe df a0 fe df a0 fe 
016dd0  df a0 fe df a0 fe df a0 fe df a0 fe df a0 fe df 
016de0  a0 fe df a0 fe df a0 fe df a0 fe df a0 fe df a0 
016df0  fe df a0 fe df a0 fe df a0 fe df a0 fe df a0 fe 
016e00  df a0 fe df a0 fe df a0 fe df a0 fe df a0 fe df 
016e10  a0 fe df a0 fe df a0 fe df a0 fe df a0 fe df a0 
016e20  fe df a0 fe df a0 fe df a0 fe df a0 fe df a0 fe 
016e30  df a0 fe df a0 fe df a0 fe df a0 fe df a0 fe df 
016e40  a0 fe df a0 fe df a0 fe df a0 fe df a0 fe df a0 
016e50  fe df a0 fe df a0 fe df a0 fe df a0 fe df a0 fe 
016e60  df a0 fe df a0 fe df a0 fe df a0 fe df a0 fe df 
016e70  a0 fe df a0 fe df a0 fe df a0 fe df a0 fe df a0 
016e80  fe df a0 fe df a0 fe df a0 fe df a0 fe df a0 fe 
016e90  df a0 fe df a0 fe df a0 fe df a0 fe df a0 fe df 
016ea0  a0 fe df a0 fe df a0 fe df a0 fe df a0 fe df a0 
016eb0  fe df a0 fe df a0 fe df a0 fe df a0 fe df a0 fe 
016ec0  df a0 fe df a0 fe df a0 fe df a0 fe df a0 fe df 
016ed0  a0 fe df a0 fe df a0 fe df a0 fe df a0 fe df a0 
016ee0  fe df a0 fe df a0 fe df a0 fe df a0 fe df a0 fe 
016ef0  df a0 fe df a0 fe df a0 fe df a0 fe df a0 fe df 
016f00  a0 fe df a0 fe df a0 fe df a0 fe df a0 fe df a0 
016f10  fe df a0 fe df a0 fe df a0 fe df a0 fe df a0 fe 
016f20  df a0 fe df a0 fe df a0 fe df a0 fe df a0 fe df 
016f30  a0 fe df a0 fe df a0 fe df a0 fe df a0 fe df a0 
016f40  fe df a0 fe df a0 fe df a0 fe df a0 fe df a0 fe 
016f50  df a0 fe df a0 fe df a0 fe df a0 fe df a0 fe df 
016f60  a0 fe df a0 fe df a0 fe df a0 fe df a0 fe df a0 
016f70  fe df a0 fe df a0 fe df a0 fe df a0 fe df a0 fe 
016f80  df a0 fe df a0 fe df a0 fe df a0 fe df a0 fe df 
016f90  a0 fe df a0 fe df a0 fe df a0 fe df a0 fe df a0 
016fa0  fe df a0 fe df a0 fe df a0 fe df a0 fe df a0 fe 
016fb0  df a0 fe df a0 fe df a0 fe df a0 fe df a0 fe df 
016fc0  a0 fe df a0 fe df a0 fe df a0 fe df a0 fe df a0 
016fd0  fe df a0 fe df a0 fe df a0 fe df a0 fe df a0 fe 
016fe0  df a0 fe df a0 fe df a0 fe df a0 fe df a0 fe df 
016ff0  a0 fe df a0 fe df a0 fe df a0 fe df a0 fe df a0 
017000  fe df a0 fe df a0 fe df a0 fe df a0 fe df a0 fe 
017010  df a0 fe df a0 fe df a0 fe df a0 fe df a0 fe df 
017020  a0 fe df a0 fe df a0 fe df a0 fe df a0 fe df a0 
017030  fe df a0 fe df a0 fe df a0 fe df a0 fe df a0 fe 
017040  df a0 fe df a0 fe df a0 fe df a0 fe df a0 fe df 
017050  a0 fe df a0 fe df a0 fe df a0 fe df a0 fe df a0 
017060  fe df a0 fe df a0 fe df a0 fe df a0 fe df a0 fe 
017070  df a0 fe df a0 fe df a0 fe df a0 fe df a0 fe df 
017080  a0 fe df a0 fe df a0 fe df a0 fe df a0 fe df a0 
017090  fe df a0 fe df a0 fe df a0 fe df a0 fe df a0 fe 
0170a0  df a0 fe df a0 fe df a0 fe df a0 fe df a0 fe df 
0170b0  a0 fe df a0 fe df a0 fe df a0 fe df a0 fe df a0 
0170c0  fe df a0 fe df a0 fe df a0 fe df a0 fe df a0 fe 
0170d0  df a0 fe df a0 fe df a0 fe df a0 fe df a0 fe df 
0170e0  a0 fe df a0 fe df a0 fe df a0 fe df a0 fe df a0 
0170f0  fe df a0 fe df a0 fe df a0 fe df a0 fe df a0 fe 
017100  df a0 fe df a0 fe df a0 fe df a0 fe df a0 fe df 
017110  a0 fe df a0 fe df a0 fe df a0 fe df a0 fe df a0 
017120  fe df a0 fe df a0 fe df a0 fe df a0 fe df a0 fe 
017130  df a0 fe df a0 fe df a0 fe df a0 fe df a0 fe df 
017140  a0 fe df a0 fe df a0 fe df a0 fe df a0 fe df a0 
017150  fe df a0 fe df a0 fe df a0 fe df a0 fe df a0 fe 
017160  df a0 fe df a0 fe df a0 fe df a0 fe df a0 fe df 
017170  a0 fe df a0 fe df a0 fe df a0 fe df a0 fe df a0 
017180  fe df a0 fe df a0 fe df a0 fe df a0 fe df a0 fe 
017190  df a0 fe df a0 fe df a0 fe df a0 fe df a0 fe df 
0171a0  a0 fe df a0 fe df a0 fe df a0 fe df a0 fe df a0 
0171b0  fe df a0 fe df a0 fe df a0 fe df a0 fe df a0 fe 
0171c0  df a0 fe df a0 fe df a0 fe df a0 fe df a0 fe df 
0171d0  a0 fe df a0 fe df a0 fe df a0 fe df a0 fe df a0 
0171e0  fe df a0 fe df a0 fe df a0 fe df a0 fe df a0 fe 
0171f0  df a0 fe df a0 fe df a0 fe df a0 fe df a0 fe df 
017200  a0 fe df a0 fe df a0 fe df a0 fe df a0 fe df a0 
017210  fe df a0 fe df a0 fe df a0 fe df a0 fe df a0 fe 
017220  df a0 fe df a0 fe df a0 fe df a0 fe df a0 fe df 
017230  a0 fe df a0 fe df a0 fe df a0 fe df a0 fe df a0 
017240  fe df a0 fe df a0 fe df a0 fe df a0 fe df a0 fe 
017250  df a0 fe df a0 fe df a0 fe df a0 fe df a0 fe df 
017260  a0 fe df a0 fe df a0 fe df a0 fe df a0 fe df a0 
017270  fe df a0 fe df a0 fe df a0 fe df a0 fe df a0 fe 
017280  df a0 fe df a0 fe df a0 fe df a0 fe df a0 fe df 
017290  a0 fe df a0 fe df a0 fe df a0 fe df a0 fe df a0 
0172a0  fe df a0 fe df a0 fe df a0 fe df a0 fe df a0 fe 
0172b0  df a0 fe df a0 fe df a0 fe df a0 fe df a0 fe df 
0172c0  a0 fe df a0 fe df a0 fe df a0 fe df a0 fe df a0 
0172d0  fe df a0 fe df a0 fe df a0 fe df a0 fe df a0 fe 
0172e0  df a0 fe df a0 fe df a0 fe df a0 fe df a0 fe df 
0172f0  a0 fe df a0 fe df a0 fe df a0 fe df a0 fe df a0 
017300  fe df a0 fe df a0 fe df a0 fe df a0 fe df a0 fe 
017310  df a0 fe df a0 fe df a0 fe df a0 fe df a0 fe df 
017320  a0 fe df a0 fe df a0 fe df a0 fe df a0 fe df a0 
017330  fe df a0 fe df a0 fe df a0 fe df a0 fe df a0 fe 
017340  df a0 fe df a0 fe df a0 fe df a0 fe df a0 fe df 
017350  a0 fe df a0 fe df a0 fe df a0 fe df a0 fe df a0 
017360  fe df a0 fe df a0 fe df a0 fe df a0 fe df a0 fe 
017370  df a0 fe df a0 fe df a0 fe df a0 fe df a0 fe df 
017380  a0 fe df a0 fe df a0 fe df a0 fe df a0 fe df a0 
017390  fe df a0 fe df a0 fe df a0 fe df a0 fe df a0 fe 
0173a0  df a0 fe df a0 fe df a0 fe df a0 fe df a0 fe df 
0173b0  a0 fe df a0 fe df a0 fe df a0 fe df a0 fe df a0 
0173c0  fe df a0 fe df a0 fe df a0 fe df a0 fe df a0 fe 
0173d0  df a0 fe df a0 fe df a0 fe df a0 fe df a0 fe df 
0173e0  a0 fe df a0 fe df a0 fe df a0 fe df a0 fe df a0 
0173f0  fe df a0 fe df a0 fe df a0 fe df a0 fe df a0 fe 
017400  df a0 fe df a0 fe df a0 fe df a0 fe df a0 fe df 
017410  a0 fe df a0 fe df a0 fe df a0 fe df a0 fe df a0 
017420  fe df a0 fe df a0 fe df a0 fe df a0 fe df a0 fe 
017430  df a0 fe df a0 fe df a0 fe df a0 fe df a0 fe df 
017440  a0 fe df a0 fe df a0 fe df a0 fe df a0 fe df a0 
017450  fe df a0 fe df a0 fe df a0 fe df a0 fe df a0 fe 
017460  df a0 fe df a0 fe df a0 fe df a0 fe df a0 fe df 
017470  a0 fe df a0 fe df a0 fe df a0 fe df a0 fe df a0 
017480  fe df a0 fe df a0 fe df a0 fe df a0 fe df a0 fe 
017490  df a0 fe df a0 fe df a0 fe df a0 fe df a0 fe df 
0174a0  a0 fe df a0 fe df a0 fe df a0 fe df a0 fe df a0 
0174b0  fe df a0 fe df a0 fe df a0 fe df a0 fe df a0 fe 
0174c0  df a0 fe df a0 fe df a0 fe df a0 fe df a0 fe df 
0174d0  a0 fe df a0 fe df a0 fe df a0 fe df a0 fe df a0 
0174e0  fe df a0 fe df a0 fe df a0 fe df a0 fe df a0 fe 
0174f0  df a0 fe df a0 fe df a0 fe df a0 fe df a0 fe df 
017500  a0 fe df a0 fe df a0 fe df a0 fe df a0 fe df a0 
017510  fe df a0 fe df a0 fe df a0 fe df a0 fe df a0 fe 
017520  df a0 fe df a0 fe df a0 fe df a0 fe df a0 fe df 
017530  a0 fe df a0 fe df a0 fe df a0 fe df a0 fe df a0 
017540  fe df a0 fe df a0 fe df a0 fe df a0 fe df a0 fe 
017550  df a0 fe df a0 fe df a0 fe df a0 fe df a0 fe df 
017560  a0 fe df a0 fe df a0 fe df a0 fe df a0 fe df a0 
017570  fe df a0 fe df a0 fe df a0 fe df a0 fe df a0 fe 
017580  df a0 fe df a0 fe df a0 fe df a0 fe df a0 fe df 
017590  a0 fe df a0 fe df a0 fe df a0 fe df a0 fe df a0 
0175a0  fe df a0 fe df a0 fe df a0 fe df a0 fe df a0 fe 
0175b0  df a0 fe df a0 fe df a0 fe df a0 fe df a0 fe df 
0175c0  a0 fe df a0 fe df a0 fe df a0 fe df a0 fe df a0 
0175d0  fe df a0 fe df a0 fe df a0 fe df a0 fe df a0 fe 
0175e0  df a0 fe df a0 fe df a0 fe df a0 fe df a0 fe df 
0175f0  a0 fe df a0 fe df a0 fe df a0 fe df a0 fe df a0 
017600  fe df a0 fe df a0 fe df a0 fe df a0 fe df a0 fe 
017610  df a0 fe df a0 fe df a0 fe df a0 fe df a0 fe df 
017620  a0 fe df a0 fe df a0 fe df a0 fe df a0 fe df a0 
017630  fe df a0 fe df a0 fe df a0 fe df a0 fe df a0 fe 
017640  df a0 fe df a0 fe df a0 fe df a0 fe df a0 fe df 
017650  a0 fe df a0 fe df a0 fe df a0 fe df a0 fe df a0 
017660  fe df a0 fe df a0 fe df a0 fe df a0 fe df a0 fe 
017670  df a0 fe df a0 fe df a0 fe df a0 fe df a0 fe df 
017680  a0 fe df a0 fe df a0 fe df a0 fe df a0 fe df a0 
017690  fe df a0 fe df a0 fe df a0 fe df a0 fe df a0 fe 
0176a0  df a0 fe df a0 fe df a0 fe df a0 fe df a0 fe df 
0176b0  a0 fe df a0 fe df a0 fe df a0 fe df a0 fe df a0 
0176c0  fe df a0 fe df a0 fe df a0 fe df a0 fe df a0 fe 
0176d0  df a0 fe df a0 fe df a0 fe df a0 fe df a0 fe df 
0176e0  a0 fe df a0 fe df a0 fe df a0 fe df a0 fe df a0 
0176f0  fe df a0 fe df a0 fe df a0 fe df a0 fe df a0 fe 
017700  df a0 fe df a0 fe df a0 fe df a0 fe df a0 fe df 
017710  a0 fe df a0 fe df a0 fe df a0 fe df a0 fe df a0 
017720  fe df a0 fe df a0 fe df a0 fe df a0 fe df a0 fe 
017730  df a0 fe df a0 fe df a0 fe df a0 fe df a0 fe df 
017740  a0 fe df a0 fe df a0 fe df a0 fe df a0 fe df a0 
017750  fe df a0 fe df a0 fe df a0 fe df a0 fe df a0 fe 
017760  df a0 fe df a0 fe df a0 fe df a0 fe df a0 fe df 
017770  a0 fe df a0 fe df a0 fe df a0 fe df a0 fe df a0 
017780  fe df a0 fe df a0 fe df a0 fe df a0 fe df a0 fe 
017790  df a0 fe df a0 fe df a0 fe df a0 fe df a0 fe df 
0177a0  a0 fe df a0 fe df a0 fe df a0 fe df a0 fe df a0 
0177b0  fe df a0 fe df a0 fe df a0 fe df a0 fe df a0 fe 
0177c0  df a0 fe df a0 fe df a0 fe df a0 fe df a0 fe df 
0177d0  a0 fe df a0 fe df a0 fe df a0 fe df a0 fe df a0 
0177e0  fe df a0 fe df a0 fe df a0 fe df a0 fe df a0 fe 
0177f0  df a0 fe df a0 fe df a0 fe df a0 fe df a0 fe df 
017800  a0 fe df a0 fe df a0 fe df a0 fe df a0 fe df a0 
017810  fe df a0 fe df a0 fe df a0 fe df a0 fe df a0 fe 
017820  df a0 fe df a0 fe df a0 fe df a0 fe df a0 fe df 
017830  a0 fe df a0 fe df a0 fe df a0 fe df a0 fe df a0 
017840  fe df a0 fe df a0 fe df a0 fe df a0 fe df a0 fe 
017850  df a0 fe df a0 fe df a0 fe df a0 fe df a0 fe df 
017860  a0 fe df a0 fe df a0 fe df a0 fe df a0 fe df a0 
017870  fe df a0 fe df a0 fe df a0 fe df a0 fe df a0 fe 
017880  df a0 fe df a0 fe df a0 fe df a0 fe df a0 fe df 
017890  a0 fe df a0 fe df a0 fe df a0 fe df a0 fe df a0 
0178a0  fe df a0 fe df a0 fe df a0 fe df a0 fe df a0 fe 
0178b0  df a0 fe df a0 fe df a0 fe df a0 fe df a0 fe df 
0178c0  a0 fe df a0 fe df a0 fe df a0 fe df a0 fe df a0 
0178d0  fe df a0 fe df a0 fe df a0 fe df a0 fe df a0 fe 
0178e0  df a0 fe df a0 fe df a0 fe df a0 fe df a0 fe df 
0178f0  a0 fe df a0 fe df a0 fe df a0 fe df a0 fe df a0 
017900  fe df a0 fe df a0 fe df a0 fe df a0 fe df a0 fe 
017910  df a0 fe df a0 fe df a0 fe df a0 fe df a0 fe df 
017920  a0 fe df a0 fe df a0 fe df a0 fe df a0 fe df a0 
017930  fe df a0 fe df a0 fe df a0 fe df a0 fe df a0 fe 
017940  df a0 fe df a0 fe df a0 fe df a0 fe df a0 fe df 
017950  a0 fe df a0 fe df a0 fe df a0 fe df a0 fe df a0 
017960  fe df a0 fe df a0 fe df a0 fe df a0 fe df a0 fe 
017970  df a0 fe df a0 fe df a0 fe df a0 fe df a0 fe df 
017980  a0 fe df a0 fe df a0 fe df a0 fe df a0 fe df a0 
017990  fe df a0 fe df a0 fe df a0 fe df a0 fe df a0 fe 
0179a0  df a0 fe df a0 fe df a0 fe df a0 fe df a0 fe df 
0179b0  a0 fe df a0 fe df a0 fe df a0 fe df a0 fe df a0 
0179c0  fe df a0 fe df a0 fe df a0 fe df a0 fe df a0 fe 
0179d0  df a0 fe df a0 fe df a0 fe df a0 fe df a0 fe df 
0179e0  a0 fe df a0 fe df a0 fe df a0 fe df a0 fe df a0 
0179f0  fe df a0 fe df a0 fe df a0 fe df a0 fe df a0 fe 
017a00  df a0 fe df a0 fe df a0 fe df a0 fe df a0 fe df 
017a10  a0 fe df a0 fe df a0 fe df a0 fe df a0 fe df a0 
017a20  fe df a0 fe df a0 fe df a0 fe df a0 fe df a0 fe 
017a30  df a0 fe df a0 fe df a0 fe df a0 fe df a0 fe df 
017a40  a0 fe df a0 fe df a0 fe df a0 fe df a0 fe df a0 
017a50  fe df a0 fe df a0 fe df a0 fe df a0 fe df a0 fe 
017a60  df a0 fe df a0 fe df a0 fe df a0 fe df a0 fe df 
017a70  a0 fe df a0 fe df a0 fe df a0 fe df a0 fe df a0 
017a80  fe df a0 fe df a0 fe df a0 fe df a0 fe df a0 fe 
017a90  df a0 fe df a0 fe df a0 fe df a0 fe df a0 fe df 
017aa0  a0 fe df a0 fe df a0 fe df a0 fe df a0 fe df a0 
017ab0  fe df a0 fe df a0 fe df a0 fe df a0 fe df a0 fe 
017ac0  df a0 fe df a0 fe df a0 fe df a0 fe df a0 fe df 
017ad0  a0 fe df a0 fe df a0 fe df a0 fe df a0 fe df a0 
017ae0  fe df a0 fe df a0 fe df a0 fe df a0 fe df a0 fe 
017af0  df a0 fe df a0 fe df a0 fe df a0 fe df a0 fe df 
017b00  a0 fe df a0 fe df a0 fe df a0 fe df a0 fe df a0 
017b10  fe df a0 fe df a0 fe df a0 fe df a0 fe df a0 fe 
017b20  df a0 fe df a0 fe df a0 fe df a0 fe df a0 fe df 
017b30  a0 fe df a0 fe df a0 fe df a0 fe df a0 fe df a0 
017b40  fe df a0 fe df a0 fe df a0 fe df a0 fe df a0 fe 
017b50  df a0 fe df a0 fe df a0 fe df a0 fe df a0 fe df 
017b60  a0 fe df a0 fe df a0 fe df a0 fe df a0 fe df a0 
017b70  fe df a0 fe df a0 fe df a0 fe df a0 fe df a0 fe 
017b80  df a0 fe df a0 fe df a0 fe df a0 fe df a0 fe df 
017b90  a0 fe df a0 fe df a0 fe df a0 fe df a0 fe df a0 
017ba0  fe df a0 fe df a0 fe df a0 fe df a0 fe df a0 fe 
017bb0  df a0 fe df a0 fe df a0 fe df a0 fe df a0 fe df 
017bc0  a0 fe df a0 fe df a0 fe df a0 fe df a0 fe df a0 
017bd0  fe df a0 fe df a0 fe df a0 fe df a0 fe df a0 fe 
017be0  df a0 fe df a0 fe df a0 fe df a0 fe df a0 fe df 
017bf0  a0 fe df a0 fe df a0 fe df a0 fe df a0 fe df a0 
017c00  fe df a0 fe df a0 fe df a0 fe df a0 fe df a0 fe 
017c10  df a0 fe df a0 fe df a0 fe df a0 fe df a0 fe df 
017c20  a0 fe df a0 fe df a0 fe df a0 fe df a0 fe df a0 
017c30  fe df a0 fe df a0 fe df a0 fe df a0 fe df a0 fe 
017c40  df a0 fe df a0 fe df a0 fe df a0 fe df a0 fe df 
017c50  a0 fe df a0 fe df a0 fe df a0 fe df a0 fe df a0 
017c60  fe df a0 fe df a0 fe df a0 fe df a0 fe df a0 fe 
017c70  df a0 fe df a0 fe df a0 fe df a0 fe df a0 fe df 
017c80  a0 fe df a0 fe df a0 fe df a0 fe df a0 fe df a0 
017c90  fe df a0 fe df a0 fe df a0 fe df a0 fe df a0 fe 
017ca0  df a0 fe df a0 fe df a0 fe df a0 fe df a0 fe df 
017cb0  a0 fe df a0 fe df a0 fe df a0 fe df a0 fe df a0 
017cc0  fe df a0 fe df a0 fe df a0 fe df a0 fe df a0 fe 
017cd0  df a0 fe df a0 fe df a0 fe df a0 fe df a0 fe df 
017ce0  a0 fe df a0 fe df a0 fe df a0 fe df a0 fe df a0 
017cf0  fe df a0 fe df a0 fe df a0 fe df a0 fe df a0 fe 
017d00  df a0 fe df a0 fe df a0 fe df a0 fe df a0 fe df 
017d10  a0 fe df a0 fe df a0 fe df a0 fe df a0 fe df a0 
017d20  fe df a0 fe df a0 fe df a0 fe df a0 fe df a0 fe 
017d30  df a0 fe df a0 fe df a0 fe df a0 fe df a0 fe df 
017d40  a0 fe df a0 fe df a0 fe df a0 fe df a0 fe df a0 
017d50  fe df a0 fe df a0 fe df a0 fe df a0 fe df a0 fe 
017d60  df a0 fe df a0 fe df a0 fe df a0 fe df a0 fe df 
017d70  a0 fe df a0 fe df a0 fe df a0 fe df a0 fe df a0 
017d80  fe df a0 fe df a0 fe df a0 fe df a0 fe df a0 fe 
017d90  df a0 fe df a0 fe df a0 fe df a0 fe df a0 fe df 
017da0  a0 fe df a0 fe df a0 fe df a0 fe df a0 fe df a0 
017db0  fe df a0 fe df a0 fe df a0 fe df a0 fe df a0 fe 
017dc0  df a0 fe df a0 fe df a0 fe df a0 fe df a0 fe df 
017dd0  a0 fe df a0 fe df a0 fe df a0 fe df a0 fe df a0 
017de0  fe df a0 fe df a0 fe df a0 fe df a0 fe df a0 fe 
017df0  df a0 fe df a0 fe df a0 fe df a0 fe df a0 fe df 
017e00  a0 fe df a0 fe df a0 fe df a0 fe df a0 fe df a0 
017e10  fe df a0 fe df a0 fe df a0 fe df a0 fe df a0 fe 
017e20  df a0 fe df a0 fe df a0 fe df a0 fe df a0 fe df 
017e30  a0 fe df a0 fe df a0 fe df a0 fe df a0 fe df a0 
017e40  fe df a0 fe df a0 fe df a0 fe df a0 fe df a0 fe 
017e50  df a0 fe df a0 fe df a0 fe df a0 fe df a0 fe df 
017e60  a0 fe df a0 fe df a0 fe df a0 fe df a0 fe df a0 
017e70  fe df a0 fe df a0 fe df a0 fe df a0 fe df a0 fe 
017e80  df a0 fe df a0 fe df a0 fe df a0 fe df a0 fe df 
017e90  a0 fe df a0 fe df a0 fe df a0 fe df a0 fe df a0 
017ea0  fe df a0 fe df a0 fe df a0 fe df a0 fe df a0 fe 
017eb0  df a0 fe df a0 fe df a0 fe df a0 fe df a0 fe df 
017ec0  a0 fe df a0 fe df a0 fe df a0 fe df a0 fe df a0 
017ed0  fe df a0 fe df a0 fe df a0 fe df a0 fe df a0 fe 
017ee0  df a0 fe df a0 fe df a0 fe df a0 fe df a0 fe df 
017ef0  a0 fe df a0 fe df a0 fe df a0 fe df a0 fe df a0 
017f00  fe df a0 fe df a0 fe df a0 fe df a0 fe df a0 fe 
017f10  df a0 fe df a0 fe df a0 fe df a0 fe df a0 fe df 
017f20  a0 fe df a0 fe df a0 fe df a0 fe df a0 fe df a0 
017f30  fe df a0 fe df a0 fe df a0 fe df a0 fe df a0 fe 
017f40  df a0 fe df a0 fe df a0 fe df a0 fe df a0 fe df 
017f50  a0 fe df a0 fe df a0 fe df a0 fe df a0 fe df a0 
017f60  fe df a0 fe df a0 fe df a0 fe df a0 fe df a0 fe 
017f70  df a0 fe df a0 fe df a0 fe df a0 fe df a0 fe df 
017f80  a0 fe df a0 fe df a0 fe df a0 fe df a0 fe df a0 
017f90  fe df a0 fe df a0 fe df a0 fe df a0 fe df a0 fe 
017fa0  df a0 fe df a0 fe df a0 fe df a0 fe df a0 fe df 
017fb0  a0 fe df a0 fe df a0 fe df a0 fe df a0 fe df a0 
017fc0  fe df a0 fe df a0 fe df a0 fe df a0 fe df a0 fe 
017fd0  df a0 fe df a0 fe df a0 fe df a0 fe df a0 fe df 
017fe0  a0 fe df a0 fe df a0 fe df a0 fe df a0 fe df a0 
017ff0  fe df a0 fe df a0 fe df a0 fe df a0 fe df a0 fe 
018000  df a0 fe df a0 fe df a0 fe df a0 fe df a0 fe df 
018010  a0 fe df a0 fe df a0 fe df a0 fe df a0 fe df a0 
018020  fe df a0 fe df a0 fe df a0 fe df a0 fe df a0 fe 
018030  df a0 fe df a0 fe df a0 fe df a0 fe df a0 fe df 
018040  a0 fe df a0 fe df a0 fe df a0 fe df a0 fe df a0 
018050  fe df a0 fe df a0 fe df a0 fe df a0 fe df a0 fe 
018060  df a0 fe df a0 fe df a0 fe df a0 fe df a0 fe df 
018070  a0 fe df a0 fe df a0 fe df a0 fe df a0 fe df a0 
018080  fe df a0 fe df a0 fe df a0 fe df a0 fe df a0 fe 
018090  df a0 fe df a0 fe df a0 fe df a0 fe df a0 fe df 
0180a0  a0 fe df a0 fe df a0 fe df a0 fe df a0 fe df a0 
0180b0  fe df a0 fe df a0 fe df a0 fe df a0 fe df a0 fe 
0180c0  df a0 fe df a0 fe df a0 fe df a0 fe df a0 fe df 
0180d0  a0 fe df a0 fe df a0 fe df a0 fe df a0 fe df a0 
0180e0  fe df a0 fe df a0 fe df a0 fe df a0 fe df a0 fe 
0180f0  df a0 fe df a0 fe df a0 fe df a0 fe df a0 fe df 
018100  a0 fe df a0 fe df a0 fe df a0 fe df a0 fe df a0 
018110  fe df a0 fe df a0 fe df a0 fe df a0 fe df a0 fe 
018120  df a0 fe df a0 fe df a0 fe df a0 fe df a0 fe df 
018130  a0 fe df a0 fe df a0 fe df a0 fe df a0 fe df a0 
018140  fe df a0 fe df a0 fe df a0 fe df a0 fe df a0 fe 
018150  df a0 fe df a0 fe df a0 fe df a0 fe df a0 fe df 
018160  a0 fe df a0 fe df a0 fe df a0 fe df a0 fe df a0 
018170  fe df a0 fe df a0 fe df a0 fe df a0 fe df a0 fe 
018180  df a0 fe df a0 fe df a0 fe df a0 fe df a0 fe df 
018190  a0 fe df a0 fe df a0 fe df a0 fe df a0 fe df a0 
0181a0  fe df a0 fe df a0 fe df a0 fe df a0 fe df a0 fe 
0181b0  df a0 fe df a0 fe df a0 fe df a0 fe df a0 fe df 
0181c0  a0 fe df a0 fe df a0 fe df a0 fe df a0 fe df a0 
0181d0  fe df a0 fe df a0 fe df a0 fe df a0 fe df a0 fe 
0181e0  df a0 fe df a0 fe df a0 fe df a0 fe df a0 fe df 
0181f0  a0 fe df a0 fe df a0 fe df a0 fe df a0 fe df a0 
018200  fe df a0 fe df a0 fe df a0 fe df a0 fe df a0 fe 
018210  df a0 fe df a0 fe df a0 fe df a0 fe df a0 fe df 
018220  a0 fe df a0 fe df a0 fe df a0 fe df a0 fe df a0 
018230  fe df a0 fe df a0 fe df a0 fe df a0 fe df a0 fe 
018240  df a0 fe df a0 fe df a0 fe df a0 fe df a0 fe df 
018250  a0 fe df a0 fe df a0 fe df a0 fe df a0 fe df a0 
018260  fe df a0 fe df a0 fe df a0 fe df a0 fe df a0 fe 
018270  df a0 fe df a0 fe df a0 fe df a0 fe df a0 fe df 
018280  a0 fe df a0 fe df a0 fe df a0 fe df a0 fe df a0 
018290  fe df a0 fe df a0 fe df a0 fe df a0 fe df a0 fe 
0182a0  df a0 fe df a0 fe df a0 fe df a0 fe df a0 fe df 
0182b0  a0 fe df a0 fe df a0 fe df a0 fe df a0 fe df a0 
0182c0  fe df a0 fe df a0 fe df a0 fe df a0 fe df a0 fe 
0182d0  df a0 fe df a0 fe df a0 fe df a0 fe df a0 fe df 
0182e0  a0 fe df a0 fe df a0 fe df a0 fe df a0 fe df a0 
0182f0  fe df a0 fe df a0 fe df a0 fe df a0 fe df a0 fe 
018300  df a0 fe df a0 fe df a0 fe df a0 fe df a0 fe df 
018310  a0 fe df a0 fe df a0 fe df a0 fe df a0 fe df a0 
018320  fe df a0 fe df a0 fe df a0 fe df a0 fe df a0 fe 
018330  df a0 fe df a0 fe df a0 fe df a0 fe df a0 fe df 
018340  a0 fe df a0 fe df a0 fe df a0 fe df a0 fe df a0 
018350  fe df a0 fe df a0 fe df a0 fe df a0 fe df a0 fe 
018360  df a0 fe df a0 fe df a0 fe df a0 fe df a0 fe df 
018370  a0 fe df a0 fe df a0 fe df a0 fe df a0 fe df a0 
018380  fe df a0 fe df a0 fe df a0 fe df a0 fe df a0 fe 
018390  df a0 fe df a0 fe df a0 fe df a0 fe df a0 fe df 
0183a0  a0 fe df a0 fe df a0 fe df a0 fe df a0 fe df a0 
0183b0  fe df a0 fe df a0 fe df a0 fe df a0 fe df a0 fe 
0183c0  df a0 fe df a0 fe df a0 fe df a0 fe df a0 fe df 
0183d0  a0 fe df a0 fe df a0 fe df a0 fe df a0 fe df a0 
0183e0  fe df a0 fe df a0 fe df a0 fe df a0 fe df a0 fe 
0183f0  df a0 fe df a0 fe df a0 fe df a0 fe df a0 fe df 
018400  a0 fe df a0 fe df a0 fe df a0 fe df a0 fe df a0 
018410  fe df a0 fe df a0 fe df a0 fe df a0 fe df a0 fe 
018420  df a0 fe df a0 fe df a0 fe df a0 fe df a0 fe df 
018430  a0 fe df a0 fe df a0 fe df a0 fe df a0 fe df a0 
018440  fe df a0 fe df a0 fe df a0 fe df a0 fe df a0 fe 
018450  df a0 fe df a0 fe df a0 fe df a0 fe df a0 fe df 
018460  a0 fe df a0 fe df a0 fe df a0 fe df a0 fe df a0 
018470  fe df a0 fe df a0 fe df a0 fe df a0 fe df a0 fe 
018480  df a0 fe df a0 fe df a0 fe df a0 fe df a0 fe df 
018490  a0 fe df a0 fe df a0 fe df a0 fe df a0 fe df a0 
0184a0  fe df a0 fe df a0 fe df a0 fe df a0 fe df a0 fe 
0184b0  df a0 fe df a0 fe df a0 fe df a0 fe df a0 fe df 
0184c0  a0 fe df a0 fe df a0 fe df a0 fe df a0 fe df a0 
0184d0  fe df a0 fe df a0 fe df a0 fe df a0 fe df a0 fe 
0184e0  df a0 fe df a0 fe df a0 fe df a0 fe df a0 fe df 
0184f0  a0 fe df a0 fe df a0 fe df a0 fe df a0 fe df a0 
018500  fe df a0 fe df a0 fe df a0 fe df a0 fe df a0 fe 
018510  df a0 fe df a0 fe df a0 fe df a0 fe df a0 fe df 
018520  a0 fe df a0 fe df a0 fe df a0 fe df a0 fe df a0 
018530  fe df a0 fe df a0 fe df a0 fe df a0 fe df a0 fe 
018540  df a0 fe df a0 fe df a0 fe df a0 fe df a0 fe df 
018550  a0 fe df a0 fe df a0 fe df a0 fe df a0 fe df a0 
018560  fe df a0 fe df a0 fe df a0 fe df a0 fe df a0 fe 
018570  df a0 fe df a0 fe df a0 fe df a0 fe df a0 fe df 
018580  a0 fe df a0 fe df a0 fe df a0 fe df a0 fe df a0 
018590  fe df a0 fe df a0 fe df a0 fe df a0 fe df a0 fe 
0185a0  df a0 fe df a0 fe df a0 fe df a0 fe df a0 fe df 
0185b0  a0 fe df a0 fe df a0 fe df a0 fe df a0 fe df a0 
0185c0  fe df a0 fe df a0 fe df a0 fe df a0 fe df a0 fe 
0185d0  df a0 fe df a0 fe df a0 fe df a0 fe df a0 fe df 
0185e0  a0 fe df a0 fe df a0 fe df a0 fe df a0 fe df a0 
0185f0  fe df a0 fe df a0 fe df a0 fe df a0 fe df a0 fe 
018600  df a0 fe df a0 fe df a0 fe df a0 fe df a0 fe df 
018610  a0 fe df a0 fe df a0 fe df a0 fe df a0 fe df a0 
018620  fe df a0 fe df a0 fe df a0 fe df a0 fe df a0 fe 
018630  df a0 fe df a0 fe df a0 fe df a0 fe df a0 fe df 
018640  a0 fe df a0 fe df a0 fe df a0 fe df a0 fe df a0 
018650  fe df a0 fe df a0 fe df a0 fe df a0 fe df a0 fe 
018660  df a0 fe df a0 fe df a0 fe df a0 fe df a0 fe df 
018670  a0 fe df a0 fe df a0 fe df a0 fe df a0 fe df a0 
018680  fe df a0 fe df a0 fe df a0 fe df a0 fe df a0 fe 
018690  df a0 fe df a0 fe df a0 fe df a0 fe df a0 fe df 
0186a0  a0 fe df a0 fe df a0 fe df a0 fe df a0 fe df a0 
0186b0  fe df a0 fe df a0 fe df a0 fe df a0 fe df a0 fe 
0186c0  df a0 fe df a0 fe df a0 fe df a0 fe df a0 fe df 
0186d0  a0 fe df a0 fe df a0 fe df a0 fe df a0 fe df a0 
0186e0  fe df a0 fe df a0 fe df a0 fe df a0 fe df a0 fe 
0186f0  df a0 fe df a0 fe df a0 fe df a0 fe df a0 fe df 
018700  a0 fe df a0 fe df a0 fe df a0 fe df a0 fe df a0 
018710  fe df a0 fe df a0 fe df a0 fe df a0 fe df a0 fe 
018720  df a0 fe df a0 fe df a0 fe df a0 fe df a0 fe df 
018730  a0 fe df a0 fe df a0 fe df a0 fe df a0 fe df a0 
018740  fe df a0 fe df a0 fe df a0 fe df a0 fe df a0 fe 
018750  df a0 fe df a0 fe df a0 fe df a0 fe df a0 fe df 
018760  a0 fe df a0 fe df a0 fe df a0 fe df a0 fe df a0 
018770  fe df a0 fe df a0 fe df a0 fe df a0 fe df a0 fe 
018780  df a0 fe df a0 fe df a0 fe df a0 fe df a0 fe df 
018790  a0 fe df a0 fe df a0 fe df a0 fe df a0 fe df a0 
0187a0  fe df a0 fe df a0 fe df a0 fe df a0 fe df a0 fe 
0187b0  df a0 fe df a0 fe df a0 fe df a0 fe df a0 fe df 
0187c0  a0 fe df a0 fe df a0 fe df a0 fe df a0 fe df a0 
0187d0  fe df a0 fe df a0 fe df a0 fe df a0 fe df a0 fe 
0187e0  df a0 fe df a0 fe df a0 fe df a0 fe df a0 fe df 
0187f0  a0 fe df a0 fe df a0 fe df a0 fe df a0 fe df a0 
018800  fe df a0 fe df a0 fe df a0 fe df a0 fe df a0 fe 
018810  df a0 fe df a0 fe df a0 fe df a0 fe df a0 fe df 
018820  a0 fe df a0 fe df a0 fe df a0 fe df a0 fe df a0 
018830  fe df a0 fe df a0 fe df a0 fe df a0 fe df a0 fe 
018840  df a0 fe df a0 fe df a0 fe df a0 fe df a0 fe df 
018850  a0 fe df a0 fe df a0 fe df a0 fe df a0 fe df a0 
018860  fe df a0 fe df a0 fe df a0 fe df a0 fe df a0 fe 
018870  df a0 fe df a0 fe df a0 fe df a0 fe df a0 fe df 
018880  a0 fe df a0 fe df a0 fe df a0 fe df a0 fe df a0 
018890  fe df a0 fe df a0 fe df a0 fe df a0 fe df a0 fe 
0188a0  df a0 fe df a0 fe df a0 fe df a0 fe df a0 fe df 
0188b0  a0 fe df a0 fe df a0 fe df a0 fe df a0 fe df a0 
0188c0  fe df a0 fe df a0 fe df a0 fe df a0 fe df a0 fe 
0188d0  df a0 fe df a0 fe df a0 fe df a0 fe df a0 fe df 
0188e0  a0 fe df a0 fe df a0 fe df a0 fe df a0 fe df a0 
0188f0  fe df a0 fe df a0 fe df a0 fe df a0 fe df a0 fe 
018900  df a0 fe df a0 fe df a0 fe df a0 fe df a0 fe df 
018910  a0 fe df a0 fe df a0 fe df a0 fe df a0 fe df a0 
018920  fe df a0 fe df a0 fe df a0 fe df a0 fe df a0 fe 
018930  df a0 fe df a0 fe df a0 fe df a0 fe df a0 fe df 
018940  a0 fe df a0 fe df a0 fe df a0 fe df a0 fe df a0 
018950  fe df a0 fe df a0 fe df a0 fe df a0 fe df a0 fe 
018960  df a0 fe df a0 fe df a0 fe df a0 fe df a0 fe df 
018970  a0 fe df a0 fe df a0 fe df a0 fe df a0 fe df a0 
018980  fe df a0 fe df a0 fe df a0 fe df a0 fe df a0 fe 
018990  df a0 fe df a0 fe df a0 fe df a0 fe df a0 fe df 
0189a0  a0 fe df a0 fe df a0 fe df a0 fe df a0 fe df a0 
0189b0  fe df a0 fe df a0 fe df a0 fe df a0 fe df a0 fe 
0189c0  df a0 fe df a0 fe df a0 fe df a0 fe df a0 fe df 
0189d0  a0 fe df a0 fe df a0 fe df a0 fe df a0 fe df a0 
0189e0  fe df a0 fe df a0 fe df a0 fe df a0 fe df a0 fe 
0189f0  df a0 fe df a0 fe df a0 fe df a0 fe df a0 fe df 
018a00  a0 fe df a0 fe df a0 fe df a0 fe df a0 fe df a0 
018a10  fe df a0 fe df a0 fe df a0 fe df a0 fe df a0 fe 
018a20  df a0 fe df a0 fe df a0 fe df a0 fe df a0 fe df 
018a30  a0 fe df a0 fe df a0 fe df a0 fe df a0 fe df a0 
018a40  fe df a0 fe df a0 fe df a0 fe df a0 fe df a0 fe 
018a50  df a0 fe df a0 fe df a0 fe df a0 fe df a0 fe df 
018a60  a0 fe df a0 fe df a0 fe df a0 fe df a0 fe df a0 
018a70  fe df a0 fe df a0 fe df a0 fe df a0 fe df a0 fe 
018a80  df a0 fe df a0 fe df a0 fe df a0 fe df a0 fe df 
018a90  a0 fe df a0 fe df a0 fe df a0 fe df a0 fe df a0 
018aa0  fe df a0 fe df a0 fe df a0 fe df a0 fe df a0 fe 
018ab0  df a0 fe df a0 fe df a0 fe df a0 fe df a0 fe df 
018ac0  a0 fe df a0 fe df a0 fe df a0 fe df a0 fe df a0 
018ad0  fe df a0 fe df a0 fe df a0 fe df a0 fe df a0 fe 
018ae0  df a0 fe df a0 fe df a0 fe df a0 fe df a0 fe df 
018af0  a0 fe df a0 fe df a0 fe df a0 fe df a0 fe df a0 
018b00  fe df a0 fe df a0 fe df a0 fe df a0 fe df a0 fe 
018b10  df a0 fe df a0 fe df a0 fe df a0 fe df a0 fe df 
018b20  a0 fe df a0 fe df a0 fe df a0 fe df a0 fe df a0 
018b30  fe df a0 fe df a0 fe df a0 fe df a0 fe df a0 fe 
018b40  df a0 fe df a0 fe df a0 fe df a0 fe df a0 fe df 
018b50  a0 fe df a0 fe df a0 fe df a0 fe df a0 fe df a0 
018b60  fe df a0 fe df a0 fe df a0 fe df a0 fe df a0 fe 
018b70  df a0 fe df a0 fe df a0 fe df a0 fe df a0 fe df 
018b80  a0 fe df a0 fe df a0 fe df a0 fe df a0 fe df a0 
018b90  fe df a0 fe df a0 fe df a0 fe df a0 fe df a0 fe 
018ba0  df a0 fe df a0 fe df a0 fe df a0 fe df a0 fe df 
018bb0  a0 fe df a0 fe df a0 fe df a0 fe df a0 fe df a0 
018bc0  fe df a0 fe df a0 fe df a0 fe df a0 fe df a0 fe 
018bd0  df a0 fe df a0 fe df a0 fe df a0 fe df a0 fe df 
018be0  a0 fe df a0 fe df a0 fe df a0 fe df a0 fe df a0 
018bf0  fe df a0 fe df a0 fe df a0 fe df a0 fe df a0 fe 
018c00  df a0 fe df a0 fe df a0 fe df a0 fe df a0 fe df 
018c10  a0 fe df a0 fe df a0 fe df a0 fe df a0 fe df a0 
018c20  fe df a0 fe df a0 fe df a0 fe df a0 fe df a0 fe 
018c30  df a0 fe df a0 fe df a0 fe df a0 fe df a0 fe df 
018c40  a0 fe df a0 fe df a0 fe df a0 fe df a0 fe df a0 
018c50  fe df a0 fe df a0 fe df a0 fe df a0 fe df a0 fe 
018c60  df a0 fe df a0 fe df a0 fe df a0 fe df a0 fe df 
018c70  a0 fe df a0 fe df a0 fe df a0 fe df a0 fe df a0 
018c80  fe df a0 fe df a0 fe df a0 fe df a0 fe df a0 fe 
018c90  df a0 fe df a0 fe df a0 fe df a0 fe df a0 fe df 
018ca0  a0 fe df a0 fe df a0 fe df a0 fe df a0 fe df a0 
018cb0  fe df a0 fe df a0 fe df a0 fe df a0 fe df a0 fe 
018cc0  df a0 fe df a0 fe df a0 fe df a0 fe df a0 fe df 
018cd0  a0 fe df a0 fe df a0 fe df a0 fe df a0 fe df a0 
018ce0  fe df a0 fe df a0 fe df a0 fe df a0 fe df a0 fe 
018cf0  df a0 fe df a0 fe df a0 fe df a0 fe df a0 fe df 
018d00  a0 fe df a0 fe df a0 fe df a0 fe df a0 fe df a0 
018d10  fe df a0 fe df a0 fe df a0 fe df a0 fe df a0 fe 
018d20  df a0 fe df a0 fe df a0 fe df a0 fe df a0 fe df 
018d30  a0 fe df a0 fe df a0 fe df a0 fe df a0 fe df a0 
018d40  fe df a0 fe df a0 fe df a0 fe df a0 fe df a0 fe 
018d50  df a0 fe df a0 fe df a0 fe df a0 fe df a0 fe df 
018d60  a0 fe df a0 fe df a0 fe df a0 fe df a0 fe df a0 
018d70  fe df a0 fe df a0 fe df a0 fe df a0 fe df a0 fe 
018d80  df a0 fe df a0 fe df a0 fe df a0 fe df a0 fe df 
018d90  a0 fe df a0 fe df a0 fe df a0 fe df a0 fe df a0 
018da0  fe df a0 fe df a0 fe df a0 fe df a0 fe df a0 fe 
018db0  df a0 fe df a0 fe df a0 fe df a0 fe df a0 fe df 
018dc0  a0 fe df a0 fe df a0 fe df a0 fe df a0 fe df a0 
018dd0  fe df a0 fe df a0 fe df a0 fe df a0 fe df a0 fe 
018de0  df a0 fe df a0 fe df a0 fe df a0 fe df a0 fe df 
018df0  a0 fe df a0 fe df a0 fe df a0 fe df a0 fe df a0 
018e00  fe df a0 fe df a0 fe df a0 fe df a0 fe df a0 fe 
018e10  df a0 fe df a0 fe df a0 fe df a0 fe df a0 fe df 
018e20  a0 fe df a0 fe df a0 fe df a0 fe df a0 fe df a0 
018e30  fe df a0 fe df a0 fe df a0 fe df a0 fe df a0 fe 
018e40  df a0 fe df a0 fe df a0 fe df a0 fe df a0 fe df 
018e50  a0 fe df a0 fe df a0 fe df a0 fe df a0 fe df a0 
018e60  fe df a0 fe df a0 fe df a0 fe df a0 fe df a0 fe 
018e70  df a0 fe df a0 fe df a0 fe df a0 fe df a0 fe df 
018e80  a0 fe df a0 fe df a0 fe df a0 fe df a0 fe df a0 
018e90  fe df a0 fe df a0 fe df a0 fe df a0 fe df a0 fe 
018ea0  df a0 fe df a0 fe df a0 fe df a0 fe df a0 fe df 
018eb0  a0 fe df a0 fe df a0 fe df a0 fe df a0 fe df a0 
018ec0  fe df a0 fe df a0 fe df a0 fe df a0 fe df a0 fe 
018ed0  df a0 fe df a0 fe df a0 fe df a0 fe df a0 fe df 
018ee0  a0 fe df a0 fe df a0 fe df a0 fe df a0 fe df a0 
018ef0  fe df a0 fe df a0 fe df a0 fe df a0 fe df a0 fe 
018f00  df a0 fe df a0 fe df a0 fe df a0 fe df a0 fe df 
018f10  a0 fe df a0 fe df a0 fe df a0 fe df a0 fe df a0 
018f20  fe df a0 fe df a0 fe df a0 fe df a0 fe df a0 fe 
018f30  df a0 fe df a0 fe df a0 fe df a0 fe df a0 fe df 
018f40  a0 fe df a0 fe df a0 fe df a0 fe df a0 fe df a0 
018f50  fe df a0 fe df a0 fe df a0 fe df a0 fe df a0 fe 
018f60  df a0 fe df a0 fe df a0 fe df a0 fe df a0 fe df 
018f70  a0 fe df a0 fe df a0 fe df a0 fe df a0 fe df a0 
018f80  fe df a0 fe df a0 fe df a0 fe df a0 fe df a0 fe 
018f90  df a0 fe df a0 fe df a0 fe df a0 fe df a0 fe df 
018fa0  a0 fe df a0 fe df a0 fe df a0 fe df a0 fe df a0 
018fb0  fe df a0 fe df a0 fe df a0 fe df a0 fe df a0 fe 
018fc0  df a0 fe df a0 fe df a0 fe df a0 fe df a0 fe df 
018fd0  a0 fe df a0 fe df a0 fe df a0 fe df a0 fe df a0 
018fe0  fe df a0 fe df a0 fe df a0 fe df a0 fe df a0 fe 
018ff0  df a0 fe df a0 fe df a0 fe df a0 fe df a0 fe df 
019000  a0 fe df a0 fe df a0 fe df a0 fe df a0 fe df a0 
019010  fe df a0 fe df a0 fe df a0 fe df a0 fe df a0 fe 
019020  df a0 fe df a0 fe df a0 fe df a0 fe df a0 fe df 
019030  a0 fe df a0 fe df a0 fe df a0 fe df a0 fe df a0 
019040  fe df a0 fe df a0 fe df a0 fe df a0 fe df a0 fe 
019050  df a0 fe df a0 fe df a0 fe df a0 fe df a0 fe df 
019060  a0 fe df a0 fe df a0 fe df a0 fe df a0 fe df a0 
019070  fe df a0 fe df a0 fe df a0 fe df a0 fe df a0 fe 
019080  df a0 fe df a0 fe df a0 fe df a0 fe df a0 fe df 
019090  a0 fe df a0 fe df a0 fe df a0 fe df a0 fe df a0 
0190a0  fe df a0 fe df a0 fe df a0 fe df a0 fe df a0 fe 
0190b0  df a0 fe df a0 fe df a0 fe df a0 fe df a0 fe df 
0190c0  a0 fe df a0 fe df a0 fe df a0 fe df a0 fe df a0 
0190d0  fe df a0 fe df a0 fe df a0 fe df a0 fe df a0 fe 
0190e0  df a0 fe df a0 fe df a0 fe df a0 fe df a0 fe df 
0190f0  a0 fe df a0 fe df a0 fe df a0 fe df a0 fe df a0 
019100  fe df a0 fe df a0 fe df a0 fe df a0 fe df a0 fe 
019110  df a0 fe df a0 fe df a0 fe df a0 fe df a0 fe df 
019120  a0 fe df a0 fe df a0 fe df a0 fe df a0 fe df a0 
019130  fe df a0 fe df a0 fe df a0 fe df a0 fe df a0 fe 
019140  df a0 fe df a0 fe df a0 fe df a0 fe df a0 fe df 
019150  a0 fe df a0 fe df a0 fe df a0 fe df a0 fe df a0 
019160  fe df a0 fe df a0 fe df a0 fe df a0 fe df a0 fe 
019170  df a0 fe df a0 fe df a0 fe df a0 fe df a0 fe df 
019180  a0 fe df a0 fe df a0 fe df a0 fe df a0 fe df a0 
019190  fe df a0 fe df a0 fe df a0 fe df a0 fe df a0 fe 
0191a0  df a0 fe df a0 fe df a0 fe df a0 fe df a0 fe df 
0191b0  a0 fe df a0 fe df a0 fe df a0 fe df a0 fe df a0 
0191c0  fe df a0 fe df a0 fe df a0 fe df a0 fe df a0 fe 
0191d0  df a0 fe df a0 fe df a0 fe df a0 fe df a0 fe df 
0191e0  a0 fe df a0 fe df a0 fe df a0 fe df a0 fe df a0 
0191f0  fe df a0 fe df a0 fe df a0 fe df a0 fe df a0 fe 
019200  df a0 fe df a0 fe df a0 fe df a0 fe df a0 fe df 
019210  a0 fe df a0 fe df a0 fe df a0 fe df a0 fe df a0 
019220  fe df a0 fe df a0 fe df a0 fe df a0 fe df a0 fe 
019230  df a0 fe df a0 fe df a0 fe df a0 fe df a0 fe df 
019240  a0 fe df a0 fe df a0 fe df a0 fe df a0 fe df a0 
019250  fe df a0 fe df a0 fe df a0 fe df a0 fe df a0 fe 
019260  df a0 fe df a0 fe df a0 fe df a0 fe df a0 fe df 
019270  a0 fe df a0 fe df a0 fe df a0 fe df a0 fe df a0 
019280  fe df a0 fe df a0 fe df a0 fe df a0 fe df a0 fe 
019290  df a0 fe df a0 fe df a0 fe df a0 fe df a0 fe df 
0192a0  a0 fe df a0 fe df a0 fe df a0 fe df a0 fe df a0 
0192b0  fe df a0 fe df a0 fe df a0 fe df a0 fe df a0 fe 
0192c0  df a0 fe df a0 fe df a0 fe df a0 fe df a0 fe df 
0192d0  a0 fe df a0 fe df a0 fe df a0 fe df a0 fe df a0 
0192e0  fe df a0 fe df a0 fe df a0 fe df a0 fe df a0 fe 
0192f0  df a0 fe df a0 fe df a0 fe df a0 fe df a0 fe df 
019300  a0 fe df a0 fe df a0 fe df a0 fe df a0 fe df a0 
019310  fe df a0 fe df a0 fe df a0 fe df a0 fe df a0 fe 
019320  df a0 fe df a0 fe df a0 fe df a0 fe df a0 fe df 
019330  a0 fe df a0 fe df a0 fe df a0 fe df a0 fe df a0 
019340  fe df a0 fe df a0 fe df a0 fe df a0 fe df a0 fe 
019350  df a0 fe df a0 fe df a0 fe df a0 fe df a0 fe df 
019360  a0 fe df a0 fe df a0 fe df a0 fe df a0 fe df a0 
019370  fe df a0 fe df a0 fe df a0 fe df a0 fe df a0 fe 
019380  df a0 fe df a0 fe df a0 fe df a0 fe df a0 fe df 
019390  a0 fe df a0 fe df a0 fe df a0 fe df a0 fe df a0 
0193a0  fe df a0 fe df a0 fe df a0 fe df a0 fe df a0 fe 
0193b0  df a0 fe df a0 fe df a0 fe df a0 fe df a0 fe df 
0193c0  a0 fe df a0 fe df a0 fe df a0 fe df a0 fe df a0 
0193d0  fe df a0 fe df a0 fe df a0 fe df a0 fe df a0 fe 
0193e0  df a0 fe df a0 fe df a0 fe df a0 fe df a0 fe df 
0193f0  a0 fe df a0 fe df a0 fe df a0 fe df a0 fe df a0 
019400  fe df a0 fe df a0 fe df a0 fe df a0 fe df a0 fe 
019410  df a0 fe df a0 fe df a0 fe df a0 fe df a0 fe df 
019420  a0 fe df a0 fe df a0 fe df a0 fe df a0 fe df a0 
019430  fe df a0 fe df a0 fe df a0 fe df a0 fe df a0 fe 
019440  df a0 fe df a0 fe df a0 fe df a0 fe df a0 fe df 
019450  a0 fe df a0 fe df a0 fe df a0 fe df a0 fe df a0 
019460  fe df a0 fe df a0 fe df a0 fe df a0 fe df a0 fe 
019470  df a0 fe df a0 fe df a0 fe df a0 fe df a0 fe df 
019480  a0 fe df a0 fe df a0 fe df a0 fe df a0 fe df a0 
019490  fe df a0 fe df a0 fe df a0 fe df a0 fe df a0 fe 
0194a0  df a0 fe df a0 fe df a0 fe df a0 fe df a0 fe df 
0194b0  a0 fe df a0 fe df a0 fe df a0 fe df a0 fe df a0 
0194c0  fe df a0 fe df a0 fe df a0 fe df a0 fe df a0 fe 
0194d0  df a0 fe df a0 fe df a0 fe df a0 fe df a0 fe df 
0194e0  a0 fe df a0 fe df a0 fe df a0 fe df a0 fe df a0 
0194f0  fe df a0 fe df a0 fe df a0 fe df a0 fe df a0 fe 
019500  df a0 fe df a0 fe df a0 fe df a0 fe df a0 fe df 
019510  a0 fe df a0 fe df a0 fe df a0 fe df a0 fe df a0 
019520  fe df a0 fe df a0 fe df a0 fe df a0 fe df a0 fe 
019530  df a0 fe df a0 fe df a0 fe df a0 fe df a0 fe df 
019540  a0 fe df a0 fe df a0 fe df a0 fe df a0 fe df a0 
019550  fe df a0 fe df a0 fe df a0 fe df a0 fe df a0 fe 
019560  df a0 fe df a0 fe df a0 fe df a0 fe df a0 fe df 
019570  a0 fe df a0 fe df a0 fe df a0 fe df a0 fe df a0 
019580  fe df a0 fe df a0 fe df a0 fe df a0 fe df a0 fe 
019590  df a0 fe df a0 fe df a0 fe df a0 fe df a0 fe df 
0195a0  a0 fe df a0 fe df a0 fe df a0 fe df a0 fe df a0 
0195b0  fe df a0 fe df a0 fe df a0 fe df a0 fe df a0 fe 
0195c0  df a0 fe df a0 fe df a0 fe df a0 fe df a0 fe df 
0195d0  a0 fe df a0 fe df a0 fe df a0 fe df a0 fe df a0 
0195e0  fe df a0 fe df a0 fe df a0 fe df a0 fe df a0 fe 
0195f0  df a0 fe df a0 fe df a0 fe df a0 fe df a0 fe df 
019600  a0 fe df a0 fe df a0 fe df a0 fe df a0 fe df a0 
019610  fe df a0 fe df a0 fe df a0 fe df a0 fe df a0 fe 
019620  df a0 fe df a0 fe df a0 fe df a0 fe df a0 fe df 
019630  a0 fe df a0 fe df a0 fe df a0 fe df a0 fe df a0 
019640  fe df a0 fe df a0 fe df a0 fe df a0 fe df a0 fe 
019650  df a0 fe df a0 fe df a0 fe df a0 fe df a0 fe df 
019660  a0 fe df a0 fe df a0 fe df a0 fe df a0 fe df a0 
019670  fe df a0 fe df a0 fe df a0 fe df a0 fe df a0 fe 
019680  df a0 fe df a0 fe df a0 fe df a0 fe df a0 fe df 
019690  a0 fe df a0 fe df a0 fe df a0 fe df a0 fe df a0 
0196a0  fe df a0 fe df a0 fe df a0 fe df a0 fe df a0 fe 
0196b0  df a0 fe df a0 fe df a0 fe df a0 fe df a0 fe df 
0196c0  a0 fe df a0 fe df a0 fe df a0 fe df a0 fe df a0 
0196d0  fe df a0 fe df a0 fe df a0 fe df a0 fe df a0 fe 
0196e0  df a0 fe df a0 fe df a0 fe df a0 fe df a0 fe df 
0196f0  a0 fe df a0 fe df a0 fe df a0 fe df a0 fe df a0 
019700  fe df a0 fe df a0 fe df a0 fe df a0 fe df a0 fe 
019710  df a0 fe df a0 fe df a0 fe df a0 fe df a0 fe df 
019720  a0 fe df a0 fe df a0 fe df a0 fe df a0 fe df a0 
019730  fe df a0 fe df a0 fe df a0 fe df a0 fe df a0 fe 
019740  df a0 fe df a0 fe df a0 fe df a0 fe df a0 fe df 
019750  a0 fe df a0 fe df a0 fe df a0 fe df a0 fe df a0 
019760  fe df a0 fe df a0 fe df a0 fe df a0 fe df a0 fe 
019770  df a0 fe df a0 fe df a0 fe df a0 fe df a0 fe df 
019780  a0 fe df a0 fe df a0 fe df a0 fe df a0 fe df a0 
019790  fe df a0 fe df a0 fe df a0 fe df a0 fe df a0 fe 
0197a0  df a0 fe df a0 fe df a0 fe df a0 fe df a0 fe df 
0197b0  a0 fe df a0 fe df a0 fe df a0 fe df a0 fe df a0 
0197c0  fe df a0 fe df a0 fe df a0 fe df a0 fe df a0 fe 
0197d0  df a0 fe df a0 fe df a0 fe df a0 fe df a0 fe df 
0197e0  a0 fe df a0 fe df a0 fe df a0 fe df a0 fe df a0 
0197f0  fe df a0 fe df a0 fe df a0 fe df a0 fe df a0 fe 
019800  df a0 fe df a0 fe df a0 fe df a0 fe df a0 fe df 
019810  a0 fe df a0 fe df a0 fe df a0 fe df a0 fe df a0 
019820  fe df a0 fe df a0 fe df a0 fe df a0 fe df a0 fe 
019830  df a0 fe df a0 fe df a0 fe df a0 fe df a0 fe df 
019840  a0 fe df a0 fe df a0 fe df a0 fe df a0 fe df a0 
019850  fe df a0 fe df a0 fe df a0 fe df a0 fe df a0 fe 
019860  df a0 fe df a0 fe df a0 fe df a0 fe df a0 fe df 
019870  a0 fe df a0 fe df a0 fe df a0 fe df a0 fe df a0 
019880  fe df a0 fe df a0 fe df a0 fe df a0 fe df a0 fe 
019890  df a0 fe df a0 fe df a0 fe df a0 fe df a0 fe df 
0198a0  a0 fe df a0 fe df a0 fe df a0 fe df a0 fe df a0 
0198b0  fe df a0 fe df a0 fe df a0 fe df a0 fe df a0 fe 
0198c0  df a0 fe df a0 fe df a0 fe df a0 fe df a0 fe df 
0198d0  a0 fe df a0 fe df a0 fe df a0 fe df a0 fe df a0 
0198e0  fe df a0 fe df a0 fe df a0 fe df a0 fe df a0 fe 
0198f0  df a0 fe df a0 fe df a0 fe df a0 fe df a0 fe df 
019900  a0 fe df a0 fe df a0 fe df a0 fe df a0 fe df a0 
019910  fe df a0 fe df a0 fe df a0 fe df a0 fe df a0 fe 
019920  df a0 fe df a0 fe df a0 fe df a0 fe df a0 fe df 
019930  a0 fe df a0 fe df a0 fe df a0 fe df a0 fe df a0 
019940  fe df a0 fe df a0 fe df a0 fe df a0 fe df a0 fe 
019950  df a0 fe df a0 fe df a0 fe df a0 fe df a0 fe df 
019960  a0 fe df a0 fe df a0 fe df a0 fe df a0 fe df a0 
019970  fe df a0 fe df a0 fe df a0 fe df a0 fe df a0 fe 
019980  df a0 fe df a0 fe df a0 fe df a0 fe df a0 fe df 
019990  a0 fe df a0 fe df a0 fe df a0 fe df a0 fe df a0 
0199a0  fe df a0 fe df a0 fe df a0 fe df a0 fe df a0 fe 
0199b0  df a0 fe df a0 fe df a0 fe df a0 fe df a0 fe df 
0199c0  a0 fe df a0 fe df a0 fe df a0 fe df a0 fe df a0 
0199d0  fe df a0 fe df a0 fe df a0 fe df a0 fe df a0 fe 
0199e0  df a0 fe df a0 fe df a0 fe df a0 fe df a0 fe df 
0199f0  a0 fe df a0 fe df a0 fe df a0 fe df a0 fe df a0 
019a00  fe df a0 fe df a0 fe df a0 fe df a0 fe df a0 fe 
019a10  df a0 fe df a0 fe df a0 fe df a0 fe df a0 fe df 
019a20  a0 fe df a0 fe df a0 fe df a0 fe df a0 fe df a0 
019a30  fe df a0 fe df a0 fe df a0 fe df a0 fe df a0 fe 
019a40  df a0 fe df a0 fe df a0 fe df a0 fe df a0 fe df 
019a50  a0 fe df a0 fe df a0 fe df a0 fe df a0 fe df a0 
019a60  fe df a0 fe df a0 fe df a0 fe df a0 fe df a0 fe 
019a70  df a0 fe df a0 fe df a0 fe df a0 fe df a0 fe df 
019a80  a0 fe df a0 fe df a0 fe df a0 fe df a0 fe df a0 
019a90  fe df a0 fe df a0 fe df a0 fe df a0 fe df a0 fe 
019aa0  df a0 fe df a0 fe df a0 fe df a0 fe df a0 fe df 
019ab0  a0 fe df a0 fe df a0 fe df a0 fe df a0 fe df a0 
019ac0  fe df a0 fe df a0 fe df a0 fe df a0 fe df a0 fe 
019ad0  df a0 fe df a0 fe df a0 fe df a0 fe df a0 fe df 
019ae0  a0 fe df a0 fe df a0 fe df a0 fe df a0 fe df a0 
019af0  fe df a0 fe df a0 fe df a0 fe df a0 fe df a0 fe 
019b00  df a0 fe df a0 fe df a0 fe df a0 fe df a0 fe df 
019b10  a0 fe df a0 fe df a0 fe df a0 fe df a0 fe df a0 
019b20  fe df a0 fe df a0 fe df a0 fe df a0 fe df a0 fe 
019b30  df a0 fe df a0 fe df a0 fe df a0 fe df a0 fe df 
019b40  a0 fe df a0 fe df a0 fe df a0 fe df a0 fe df a0 
019b50  fe df a0 fe df a0 fe df a0 fe df a0 fe df a0 fe 
019b60  df a0 fe df a0 fe df a0 fe df a0 fe df a0 fe df 
019b70  a0 fe df a0 fe df a0 fe df a0 fe df a0 fe df a0 
019b80  fe df a0 fe df a0 fe df a0 fe df a0 fe df a0 fe 
019b90  df a0 fe df a0 fe df a0 fe df a0 fe df a0 fe df 
019ba0  a0 fe df a0 fe df a0 fe df a0 fe df a0 fe df a0 
019bb0  fe df a0 fe df a0 fe df a0 fe df a0 fe df a0 fe 
019bc0  df a0 fe df a0 fe df a0 fe df a0 fe df a0 fe df 
019bd0  a0 fe df a0 fe df a0 fe df a0 fe df a0 fe df a0 
019be0  fe df a0 fe df a0 fe df a0 fe df a0 fe df a0 fe 
019bf0  df a0 fe df a0 fe df a0 fe df a0 fe df a0 fe df 
019c00  a0 fe df a0 fe df a0 fe df a0 fe df a0 fe df a0 
019c10  fe df a0 fe df a0 fe df a0 fe df a0 fe df a0 fe 
019c20  df a0 fe df a0 fe df a0 fe df a0 fe df a0 fe df 
019c30  a0 fe df a0 fe df a0 fe df a0 fe df a0 fe df a0 
019c40  fe df a0 fe df a0 fe df a0 fe df a0 fe df a0 fe 
019c50  df a0 fe df a0 fe df a0 fe df a0 fe df a0 fe df 
019c60  a0 fe df a0 fe df a0 fe df a0 fe df a0 fe df a0 
019c70  fe df a0 fe df a0 fe df a0 fe df a0 fe df a0 fe 
019c80  df a0 fe df a0 fe df a0 fe df a0 fe df a0 fe df 
019c90  a0 fe df a0 fe df a0 fe df a0 fe df a0 fe df a0 
019ca0  fe df a0 fe df a0 fe df a0 fe df a0 fe df a0 fe 
019cb0  df a0 fe df a0 fe df a0 fe df a0 fe df a0 fe df 
019cc0  a0 fe df a0 fe df a0 fe df a0 fe df a0 fe df a0 
019cd0  fe df a0 fe df a0 fe df a0 fe df a0 fe df a0 fe 
019ce0  df a0 fe df a0 fe df a0 fe df a0 fe df a0 fe df 
019cf0  a0 fe df a0 fe df a0 fe df a0 fe df a0 fe df a0 
019d00  fe df a0 fe df a0 fe df a0 fe df a0 fe df a0 fe 
019d10  df a0 fe df a0 fe df a0 fe df a0 fe df a0 fe df 
019d20  a0 fe df a0 fe df a0 fe df a0 fe df a0 fe df a0 
019d30  fe df a0 fe df a0 fe df a0 fe df a0 fe df a0 fe 
019d40  df a0 fe df a0 fe df a0 fe df a0 fe df a0 fe df 
019d50  a0 fe df a0 fe df a0 fe df a0 fe df a0 fe df a0 
019d60  fe df a0 fe df a0 fe df a0 fe df a0 fe df a0 fe 
019d70  df a0 fe df a0 fe df a0 fe df a0 fe df a0 fe df 
019d80  a0 fe df a0 fe df a0 fe df a0 fe df a0 fe df a0 
019d90  fe df a0 fe df a0 fe df a0 fe df a0 fe df a0 fe 
019da0  df a0 fe df a0 fe df a0 fe df a0 fe df a0 fe df 
019db0  a0 fe df a0 fe df a0 fe df a0 fe df a0 fe df a0 
019dc0  fe df a0 fe df a0 fe df a0 fe df a0 fe df a0 fe 
019dd0  df a0 fe df a0 fe df a0 fe df a0 fe df a0 fe df 
019de0  a0 fe df a0 fe df a0 fe df a0 fe df a0 fe df a0 
019df0  fe df a0 fe df a0 fe df a0 fe df a0 fe df a0 fe 
019e00  df a0 fe df a0 fe df a0 fe df a0 fe df a0 fe df 
019e10  a0 fe df a0 fe df a0 fe df a0 fe df a0 fe df a0 
019e20  fe df a0 fe df a0 fe df a0 fe df a0 fe df a0 fe 
019e30  df a0 fe df a0 fe df a0 fe df a0 fe df a0 fe df 
019e40  a0 fe df a0 fe df a0 fe df a0 fe df a0 fe df a0 
019e50  fe df a0 fe df a0 fe df a0 fe df a0 fe df a0 fe 
019e60  df a0 fe df a0 fe df a0 fe df a0 fe df a0 fe df 
019e70  a0 fe df a0 fe df a0 fe df a0 fe df a0 fe df a0 
019e80  fe df a0 fe df a0 fe df a0 fe df a0 fe df a0 fe 
019e90  df a0 fe df a0 fe df a0 fe df a0 fe df a0 fe df 
019ea0  a0 fe df a0 fe df a0 fe df a0 fe df a0 fe df a0 
019eb0  fe df a0 fe df a0 fe df a0 fe df a0 fe df a0 fe 
019ec0  df a0 fe df a0 fe df a0 fe df a0 fe df a0 fe df 
019ed0  a0 fe df a0 fe df a0 fe df a0 fe df a0 fe df a0 
019ee0  fe df a0 fe df a0 fe df a0 fe df a0 fe df a0 fe 
019ef0  df a0 fe df a0 fe df a0 fe df a0 fe df a0 fe df 
019f00  a0 fe df a0 fe df a0 fe df a0 fe df a0 fe df a0 
019f10  fe df a0 fe df a0 fe df a0 fe df a0 fe df a0 fe 
019f20  df a0 fe df a0 fe df a0 fe df a0 fe df a0 fe df 
019f30  a0 fe df a0 fe df a0 fe df a0 fe df a0 fe df a0 
019f40  fe df a0 fe df a0 fe df a0 fe df a0 fe df a0 fe 
019f50  df a0 fe df a0 fe df a0 fe df a0 fe df a0 fe df 
019f60  a0 fe df a0 fe df a0 fe df a0 fe df a0 fe df a0 
019f70  fe df a0 fe df a0 fe df a0 fe df a0 fe df a0 fe 
019f80  df a0 fe df a0 fe df a0 fe df a0 fe df a0 fe df 
019f90  a0 fe df a0 fe df a0 fe df a0 fe df a0 fe df a0 
019fa0  fe df a0 fe df a0 fe df a0 fe df a0 fe df a0 fe 
019fb0  df a0 fe df a0 fe df a0 fe df a0 fe df a0 fe df 
019fc0  a0 fe df a0 fe df a0 fe df a0 fe df a0 fe df a0 
019fd0  fe df a0 fe df a0 fe df a0 fe df a0 fe df a0 fe 
019fe0  df a0 fe df a0 fe df a0 fe df a0 fe df a0 fe df 
019ff0  a0 fe df a0 fe df a0 fe df a0 fe df a0 fe df a0 
01a000  fe df a0 fe df a0 fe df a0 fe df a0 fe df a0 fe 
01a010  df a0 fe df a0 fe df a0 fe df a0 fe df a0 fe df 
01a020  a0 fe df a0 fe df a0 fe df a0 fe df a0 fe df a0 
01a030  fe df a0 fe df a0 fe df a0 fe df a0 fe df a0 fe 
01a040  df a0 fe df a0 fe df a0 fe df a0 fe df a0 fe df 
01a050  a0 fe df a0 fe df a0 fe df a0 fe df a0 fe df a0 
01a060  fe df a0 fe df a0 fe df a0 fe df a0 fe df a0 fe 
01a070  df a0 fe df a0 fe df a0 fe df a0 fe df a0 fe df 
01a080  a0 fe df a0 fe df a0 fe df a0 fe df a0 fe df a0 
01a090  fe df a0 fe df a0 fe df a0 fe df a0 fe df a0 fe 
01a0a0  df a0 fe df a0 fe df a0 fe df a0 fe df a0 fe df 
01a0b0  a0 fe df a0 fe df a0 fe df a0 fe df a0 fe df a0 
01a0c0  fe df a0 fe df a0 fe df a0 fe df a0 fe df a0 fe 
01a0d0  df a0 fe df a0 fe df a0 fe df a0 fe df a0 fe df 
01a0e0  a0 fe df a0 fe df a0 fe df a0 fe df a0 fe df a0 
01a0f0  fe df a0 fe df a0 fe df a0 fe df a0 fe df a0 fe 
01a100  df a0 fe df a0 fe df a0 fe df a0 fe df a0 fe df 
01a110  a0 fe df a0 fe df a0 fe df a0 fe df a0 fe df a0 
01a120  fe df a0 fe df a0 fe df a0 fe df a0 fe df a0 fe 
01a130  df a0 fe df a0 fe df a0 fe df a0 fe df a0 fe df 
01a140  a0 fe df a0 fe df a0 fe df a0 fe df a0 fe df a0 
01a150  fe df a0 fe df a0 fe df a0 fe df a0 fe df a0 fe 
01a160  df a0 fe df a0 fe df a0 fe df a0 fe df a0 fe df 
01a170  a0 fe df a0 fe df a0 fe df a0 fe df a0 fe df a0 
01a180  fe df a0 fe df a0 fe df a0 fe df a0 fe df a0 fe 
01a190  df a0 fe df a0 fe df a0 fe df a0 fe df a0 fe df 
01a1a0  a0 fe df a0 fe df a0 fe df a0 fe df a0 fe df a0 
01a1b0  fe df a0 fe df a0 fe df a0 fe df a0 fe df a0 fe 
01a1c0  df a0 fe df a0 fe df a0 fe df a0 fe df a0 fe df 
01a1d0  a0 fe df a0 fe df a0 fe df a0 fe df a0 fe df a0 
01a1e0  fe df a0 fe df a0 fe df a0 fe df a0 fe df a0 fe 
01a1f0  df a0 fe df a0 fe df a0 fe df a0 fe df a0 fe df 
01a200  a0 fe df a0 fe df a0 fe df a0 fe df a0 fe df a0 
01a210  fe df a0 fe df a0 fe df a0 fe df a0 fe df a0 fe 
01a220  df a0 fe df a0 fe df a0 fe df a0 fe df a0 fe df 
01a230  a0 fe df a0 fe df a0 fe df a0 fe df a0 fe df a0 
01a240  fe df a0 fe df a0 fe df a0 fe df a0 fe df a0 fe 
01a250  df a0 fe df a0 fe df a0 fe df a0 fe df a0 fe df 
01a260  a0 fe df a0 fe df a0 fe df a0 fe df a0 fe df a0 
01a270  fe df a0 fe df a0 fe df a0 fe df a0 fe df a0 fe 
01a280  df a0 fe df a0 fe df a0 fe df a0 fe df a0 fe df 
01a290  a0 fe df a0 fe df a0 fe df a0 fe df a0 fe df a0 
01a2a0  fe df a0 fe df a0 fe df a0 fe df a0 fe df a0 fe 
01a2b0  df a0 fe df a0 fe df a0 fe df a0 fe df a0 fe df 
01a2c0  a0 fe df a0 fe df a0 fe df a0 fe df a0 fe df a0 
01a2d0  fe df a0 fe df a0 fe df a0 fe df a0 fe df a0 fe 
01a2e0  df a0 fe df a0 fe df a0 fe df a0 fe df a0 fe df 
01a2f0  a0 fe df a0 fe df a0 fe df a0 fe df a0 fe df a0 
01a300  fe df a0 fe df a0 fe df a0 fe df a0 fe df a0 fe 
01a310  df a0 fe df a0 fe df a0 fe df a0 fe df a0 fe df 
01a320  a0 fe df a0 fe df a0 fe df a0 fe df a0 fe df a0 
01a330  fe df a0 fe df a0 fe df a0 fe df a0 fe df a0 fe 
01a340  df a0 fe df a0 fe df a0 fe df a0 fe df a0 fe df 
01a350  a0 fe df a0 fe df a0 fe df a0 fe df a0 fe df a0 
01a360  fe df a0 fe df a0 fe df a0 fe df a0 fe df a0 fe 
01a370  df a0 fe df a0 fe df a0 fe df a0 fe df a0 fe df 
01a380  a0 fe df a0 fe df a0 fe df a0 fe df a0 fe df a0 
01a390  fe df a0 fe df a0 fe df a0 fe df a0 fe df a0 fe 
01a3a0  df a0 fe df a0 fe df a0 fe df a0 fe df a0 fe df 
01a3b0  a0 fe df a0 fe df a0 fe df a0 fe df a0 fe df a0 
01a3c0  fe df a0 fe df a0 fe df a0 fe df a0 fe df a0 fe 
01a3d0  df a0 fe df a0 fe df a0 fe df a0 fe df a0 fe df 
01a3e0  a0 fe df a0 fe df a0 fe df a0 fe df a0 fe df a0 
01a3f0  fe df a0 fe df a0 fe df a0 fe df a0 fe df a0 fe 
01a400  df a0 fe df a0 fe df a0 fe df a0 fe df a0 fe df 
01a410  a0 fe df a0 fe df a0 fe df a0 fe df a0 fe df a0 
01a420  fe df a0 fe df a0 fe df a0 fe df a0 fe df a0 fe 
01a430  df a0 fe df a0 fe df a0 fe df a0 fe df a0 fe df 
01a440  a0 fe df a0 fe df a0 fe df a0 fe df a0 fe df a0 
01a450  fe df a0 fe df a0 fe df a0 fe df a0 fe df a0 fe 
01a460  df a0 fe df a0 fe df a0 fe df a0 fe df a0 fe df 
01a470  a0 fe df a0 fe df a0 fe df a0 fe df a0 fe df a0 
01a480  fe df a0 fe df a0 fe df a0 fe df a0 fe df a0 fe 
01a490  df a0 fe df a0 fe df a0 fe df a0 fe df a0 fe df 
01a4a0  a0 fe df a0 fe df a0 fe df a0 fe df a0 fe df a0 
01a4b0  fe df a0 fe df a0 fe df a0 fe df a0 fe df a0 fe 
01a4c0  df a0 fe df a0 fe df a0 fe df a0 fe df a0 fe df 
01a4d0  a0 fe df a0 fe df a0 fe df a0 fe df a0 fe df a0 
01a4e0  fe df a0 fe df a0 fe df a0 fe df a0 fe df a0 fe 
01a4f0  df a0 fe df a0 fe df a0 fe df a0 fe df a0 fe df 
01a500  a0 fe df a0 fe df a0 fe df a0 fe df a0 fe df a0 
01a510  fe df a0 fe df a0 fe df a0 fe df a0 fe df a0 fe 
01a520  df a0 fe df a0 fe df a0 fe df a0 fe df a0 fe df 
01a530  a0 fe df a0 fe df a0 fe df a0 fe df a0 fe df a0 
01a540  fe df a0 fe df a0 fe df a0 fe df a0 fe df a0 fe 
01a550  df a0 fe df a0 fe df a0 fe df a0 fe df a0 fe df 
01a560  a0 fe df a0 fe df a0 fe df a0 fe df a0 fe df a0 
01a570  fe df a0 fe df a0 fe df a0 fe df a0 fe df a0 fe 
01a580  df a0 fe df a0 fe df a0 fe df a0 fe df a0 fe df 
01a590  a0 fe df a0 fe df a0 fe df a0 fe df a0 fe df a0 
01a5a0  fe df a0 fe df a0 fe df a0 fe df a0 fe df a0 fe 
01a5b0  df a0 fe df a0 fe df a0 fe df a0 fe df a0 fe df 
01a5c0  a0 fe df a0 fe df a0 fe df a0 fe df a0 fe df a0 
01a5d0  fe df a0 fe df a0 fe df a0 fe df a0 fe df a0 fe 
01a5e0  df a0 fe df a0 fe df a0 fe df a0 fe df a0 fe df 
01a5f0  a0 fe df a0 fe df a0 fe df a0 fe df a0 fe df a0 
01a600  fe df a0 fe df a0 fe df a0 fe df a0 fe df a0 fe 
01a610  df a0 fe df a0 fe df a0 fe df a0 fe df a0 fe df 
01a620  a0 fe df a0 fe df a0 fe df a0 fe df a0 fe df a0 
01a630  fe df a0 fe df a0 fe df a0 fe df a0 fe df a0 fe 
01a640  df a0 fe df a0 fe df a0 fe df a0 fe df a0 fe df 
01a650  a0 fe df a0 fe df a0 fe df a0 fe df a0 fe df a0 
01a660  fe df a0 fe df a0 fe df a0 fe df a0 fe df a0 fe 
01a670  df a0 fe df a0 fe df a0 fe df a0 fe df a0 fe df 
01a680  a0 fe df a0 fe df a0 fe df a0 fe df a0 fe df a0 
01a690  fe df a0 fe df a0 fe df a0 fe df a0 fe df a0 fe 
01a6a0  df a0 fe df a0 fe df a0 fe df a0 fe df a0 fe df 
01a6b0  a0 fe df a0 fe df a0 fe df a0 fe df a0 fe df a0 
01a6c0  fe df a0 fe df a0 fe df a0 fe df a0 fe df a0 fe 
01a6d0  df a0 fe df a0 fe df a0 fe df a0 fe df a0 fe df 
01a6e0  a0 fe df a0 fe df a0 fe df a0 fe df a0 fe df a0 
01a6f0  fe df a0 fe df a0 fe df a0 fe df a0 fe df a0 fe 
01a700  df a0 fe df a0 fe df a0 fe df a0 fe df a0 fe df 
01a710  a0 fe df a0 fe df a0 fe df a0 fe df a0 fe df a0 
01a720  fe df a0 fe df a0 fe df a0 fe df a0 fe df a0 fe 
01a730  df a0 fe df a0 fe df a0 fe df a0 fe df a0 fe df 
01a740  a0 fe df a0 fe df a0 fe df a0 fe df a0 fe df a0 
01a750  fe df a0 fe df a0 fe df a0 fe df a0 fe df a0 fe 
01a760  df a0 fe df a0 fe df a0 fe df a0 fe df a0 fe df 
01a770  a0 fe df a0 fe df a0 fe df a0 fe df a0 fe df a0 
01a780  fe df a0 fe df a0 fe df a0 fe df a0 fe df a0 fe 
01a790  df a0 fe df a0 fe df a0 fe df a0 fe df a0 fe df 
01a7a0  a0 fe df a0 fe df a0 fe df a0 fe df a0 fe df a0 
01a7b0  fe df a0 fe df a0 fe df a0 fe df a0 fe df a0 fe 
01a7c0  df a0 fe df a0 fe df a0 fe df a0 fe df a0 fe df 
01a7d0  a0 fe df a0 fe df a0 fe df a0 fe df a0 fe df a0 
01a7e0  fe df a0 fe df a0 fe df a0 fe df a0 fe df a0 fe 
01a7f0  df a0 fe df a0 fe df a0 fe df a0 fe df a0 fe df 
01a800  a0 fe df a0 fe df a0 fe df a0 fe df a0 fe df a0 
01a810  fe df a0 fe df a0 fe df a0 fe df a0 fe df a0 fe 
01a820  df a0 fe df a0 fe df a0 fe df a0 fe df a0 fe df 
01a830  a0 fe df a0 fe df a0 fe df a0 fe df a0 fe df a0 
01a840  fe df a0 fe df a0 fe df a0 fe df a0 fe df a0 fe 
01a850  df a0 fe df a0 fe df a0 fe df a0 fe df a0 fe df 
01a860  a0 fe df a0 fe df a0 fe df a0 fe df a0 fe df a0 
01a870  fe df a0 fe df a0 fe df a0 fe df a0 fe df a0 fe 
01a880  df a0 fe df a0 fe df a0 fe df a0 fe df a0 fe df 
01a890  a0 fe df a0 fe df a0 fe df a0 fe df a0 fe df a0 
01a8a0  fe df a0 fe df a0 fe df a0 fe df a0 fe df a0 fe 
01a8b0  df a0 fe df a0 fe df a0 fe df a0 fe df a0 fe df 
01a8c0  a0 fe df a0 fe df a0 fe df a0 fe df a0 fe df a0 
01a8d0  fe df a0 fe df a0 fe df a0 fe df a0 fe df a0 fe 
01a8e0  df a0 fe df a0 fe df a0 fe df a0 fe df a0 fe df 
01a8f0  a0 fe df a0 fe df a0 fe df a0 fe df a0 fe df a0 
01a900  fe df a0 fe df a0 fe df a0 fe df a0 fe df a0 fe 
01a910  df a0 fe df a0 fe df a0 fe df a0 fe df a0 fe df 
01a920  a0 fe df a0 fe df a0 fe df a0 fe df a0 fe df a0 
01a930  fe df a0 fe df a0 fe df a0 fe df a0 fe df a0 fe 
01a940  df a0 fe df a0 fe df a0 fe df a0 fe df a0 fe df 
01a950  a0 fe df a0 fe df a0 fe df a0 fe df a0 fe df a0 
01a960  fe df a0 fe df a0 fe df a0 fe df a0 fe df a0 fe 
01a970  df a0 fe df a0 fe df a0 fe df a0 fe df a0 fe df 
01a980  a0 fe df a0 fe df a0 fe df a0 fe df a0 fe df a0 
01a990  fe df a0 fe df a0 fe df a0 fe df a0 fe df a0 fe 
01a9a0  df a0 fe df a0 fe df a0 fe df a0 fe df a0 fe df 
01a9b0  a0 fe df a0 fe df a0 fe df a0 fe df a0 fe df a0 
01a9c0  fe df a0 fe df a0 fe df a0 fe df a0 fe df a0 fe 
01a9d0  df a0 fe df a0 fe df a0 fe df a0 fe df a0 fe df 
01a9e0  a0 fe df a0 fe df a0 fe df a0 fe df a0 fe df a0 
01a9f0  fe df a0 fe df a0 fe df a0 fe df a0 fe df a0 fe 
01aa00  df a0 fe df a0 fe df a0 fe df a0 fe df a0 fe df 
01aa10  a0 fe df a0 fe df a0 fe df a0 fe df a0 fe df a0 
01aa20  fe df a0 fe df a0 fe df a0 fe df a0 fe df a0 fe 
01aa30  df a0 fe df a0 fe df a0 fe df a0 fe df a0 fe df 
01aa40  a0 fe df a0 fe df a0 fe df a0 fe df a0 fe df a0 
01aa50  fe df a0 fe df a0 fe df a0 fe df a0 fe df a0 fe 
01aa60  df a0 fe df a0 fe df a0 fe df a0 fe df a0 fe df 
01aa70  a0 fe df a0 fe df a0 fe df a0 fe df a0 fe df a0 
01aa80  fe df a0 fe df a0 fe df a0 fe df a0 fe df a0 fe 
01aa90  df a0 fe df a0 fe df a0 fe df a0 fe df a0 fe df 
01aaa0  a0 fe df a0 fe df a0 fe df a0 fe df a0 fe df a0 
01aab0  fe df a0 fe df a0 fe df a0 fe df a0 fe df a0 fe 
01aac0  df a0 fe df a0 fe df a0 fe df a0 fe df a0 fe df 
01aad0  a0 fe df a0 fe df a0 fe df a0 fe df a0 fe df a0 
01aae0  fe df a0 fe df a0 fe df a0 fe df a0 fe df a0 fe 
01aaf0  df a0 fe df a0 fe df a0 fe df a0 fe df a0 fe df 
01ab00  a0 fe df a0 fe df a0 fe df a0 fe df a0 fe df a0 
01ab10  fe df a0 fe df a0 fe df a0 fe df a0 fe df a0 fe 
01ab20  df a0 fe df a0 fe df a0 fe df a0 fe df a0 fe df 
01ab30  a0 fe df a0 fe df a0 fe df a0 fe df a0 fe df a0 
01ab40  fe df a0 fe df a0 fe df a0 fe df a0 fe df a0 fe 
01ab50  df a0 fe df a0 fe df a0 fe df a0 fe df a0 fe df 
01ab60  a0 fe df a0 fe df a0 fe df a0 fe df a0 fe df a0 
01ab70  fe df a0 fe df a0 fe df a0 fe df a0 fe df a0 fe 
01ab80  df a0 fe df a0 fe df a0 fe df a0 fe df a0 fe df 
01ab90  a0 fe df a0 fe df a0 fe df a0 fe df a0 fe df a0 
01aba0  fe df a0 fe df a0 fe df a0 fe df a0 fe df a0 fe 
01abb0  df a0 fe df a0 fe df a0 fe df a0 fe df a0 fe df 
01abc0  a0 fe df a0 fe df a0 fe df a0 fe df a0 fe df a0 
01abd0  fe df a0 fe df a0 fe df a0 fe df a0 fe df a0 fe 
01abe0  df a0 fe df a0 fe df a0 fe df a0 fe df a0 fe df 
01abf0  a0 fe df a0 fe df a0 fe df a0 fe df a0 fe df a0 
01ac00  fe df a0 fe df a0 fe df a0 fe df a0 fe df a0 fe 
01ac10  df a0 fe df a0 fe df a0 fe df a0 fe df a0 fe df 
01ac20  a0 fe df a0 fe df a0 fe df a0 fe df a0 fe df a0 
01ac30  fe df a0 fe df a0 fe df a0 fe df a0 fe df a0 fe 
01ac40  df a0 fe df a0 fe df a0 fe df a0 fe df a0 fe df 
01ac50  a0 fe df a0 fe df a0 fe df a0 fe df a0 fe df a0 
01ac60  fe df a0 fe df a0 fe df a0 fe df a0 fe df a0 fe 
01ac70  df a0 fe df a0 fe df a0 fe df a0 fe df a0 fe df 
01ac80  a0 fe df a0 fe df a0 fe df a0 fe df a0 fe df a0 
01ac90  fe df a0 fe df a0 fe df a0 fe df a0 fe df a0 fe 
01aca0  df a0 fe df a0 fe df a0 fe df a0 fe df a0 fe df 
01acb0  a0 fe df a0 fe df a0 fe df a0 fe df a0 fe df a0 
01acc0  fe df a0 fe df a0 fe df a0 fe df a0 fe df a0 fe 
01acd0  df a0 fe df a0 fe df a0 fe df a0 fe df a0 fe df 
01ace0  a0 fe df a0 fe df a0 fe df a0 fe df a0 fe df a0 
01acf0  fe df a0 fe df a0 fe df a0 fe df a0 fe df a0 fe 
01ad00  df a0 fe df a0 fe df a0 fe df a0 fe df a0 fe df 
01ad10  a0 fe df a0 fe df a0 fe df a0 fe df a0 fe df a0 
01ad20  fe df a0 fe df a0 fe df a0 fe df a0 fe df a0 fe 
01ad30  df a0 fe df a0 fe df a0 fe df a0 fe df a0 fe df 
01ad40  a0 fe df a0 fe df a0 fe df a0 fe df a0 fe df a0 
01ad50  fe df a0 fe df a0 fe df a0 fe df a0 fe df a0 fe 
01ad60  df a0 fe df a0 fe df a0 fe df a0 fe df a0 fe df 
01ad70  a0 fe df a0 fe df a0 fe df a0 fe df a0 fe df a0 
01ad80  fe df a0 fe df a0 fe df a0 fe df a0 fe df a0 fe 
01ad90  df a0 fe df a0 fe df a0 fe df a0 fe df a0 fe df 
01ada0  a0 fe df a0 fe df a0 fe df a0 fe df a0 fe df a0 
01adb0  fe df a0 fe df a0 fe df a0 fe df a0 fe df a0 fe 
01adc0  df a0 fe df a0 fe df a0 fe df a0 fe df a0 fe df 
01add0  a0 fe df a0 fe df a0 fe df a0 fe df a0 fe df a0 
01ade0  fe df a0 fe df a0 fe df a0 fe df a0 fe df a0 fe 
01adf0  df a0 fe df a0 fe df a0 fe df a0 fe df a0 fe df 
01ae00  a0 fe df a0 fe df a0 fe df a0 fe df a0 fe df a0 
01ae10  fe df a0 fe df a0 fe df a0 fe df a0 fe df a0 fe 
01ae20  df a0 fe df a0 fe df a0 fe df a0 fe df a0 fe df 
01ae30  a0 fe df a0 fe df a0 fe df a0 fe df a0 fe df a0 
01ae40  fe df a0 fe df a0 fe df a0 fe df a0 fe df a0 fe 
01ae50  df a0 fe df a0 fe df a0 fe df a0 fe df a0 fe df 
01ae60  a0 fe df a0 fe df a0 fe df a0 fe df a0 fe df a0 
01ae70  fe df a0 fe df a0 fe df a0 fe df a0 fe df a0 fe 
01ae80  df a0 fe df a0 fe df a0 fe df a0 fe df a0 fe df 
01ae90  a0 fe df a0 fe df a0 fe df a0 fe df a0 fe df a0 
01aea0  fe df a0 fe df a0 fe df a0 fe df a0 fe df a0 fe 
01aeb0  df a0 fe df a0 fe df a0 fe df a0 fe df a0 fe df 
01aec0  a0 fe df a0 fe df a0 fe df a0 fe df a0 fe df a0 
01aed0  fe df a0 fe df a0 fe df a0 fe df a0 fe df a0 fe 
01aee0  df a0 fe df a0 fe df a0 fe df a0 fe df a0 fe df 
01aef0  a0 fe df a0 fe df a0 fe df a0 fe df a0 fe df a0 
01af00  fe df a0 fe df a0 fe df a0 fe df a0 fe df a0 fe 
01af10  df a0 fe df a0 fe df a0 fe df a0 fe df a0 fe df 
01af20  a0 fe df a0 fe df a0 fe df a0 fe df a0 fe df a0 
01af30  fe df a0 fe df a0 fe df a0 fe df a0 fe df a0 fe 
01af40  df a0 fe df a0 fe df a0 fe df a0 fe df a0 fe df 
01af50  a0 fe df a0 fe df a0 fe df a0 fe df a0 fe df a0 
01af60  fe df a0 fe df a0 fe df a0 fe df a0 fe df a0 fe 
01af70  df a0 fe df a0 fe df a0 fe df a0 fe df a0 fe df 
01af80  a0 fe df a0 fe df a0 fe df a0 fe df a0 fe df a0 
01af90  fe df a0 fe df a0 fe df a0 fe df a0 fe df a0 fe 
01afa0  df a0 fe df a0 fe df a0 fe df a0 fe df a0 fe df 
01afb0  a0 fe df a0 fe df a0 fe df a0 fe df a0 fe df a0 
01afc0  fe df a0 fe df a0 fe df a0 fe df a0 fe df a0 fe 
01afd0  df a0 fe df a0 fe df a0 fe df a0 fe df a0 fe df 
01afe0  a0 fe df a0 fe df a0 fe df a0 fe df a0 fe df a0 
01aff0  fe df a0 fe df a0 fe df a0 fe df a0 fe df a0 fe 
01b000  df a0 fe df a0 fe df a0 fe df a0 fe df a0 fe df 
01b010  a0 fe df a0 fe df a0 fe df a0 fe df a0 fe df a0 
01b020  fe df a0 fe df a0 fe df a0 fe df a0 fe df a0 fe 
01b030  df a0 fe df a0 fe df a0 fe df a0 fe df a0 fe df 
01b040  a0 fe df a0 fe df a0 fe df a0 fe df a0 fe df a0 
01b050  fe df a0 fe df a0 fe df a0 fe df a0 fe df a0 fe 
01b060  df a0 fe df a0 fe df a0 fe df a0 fe df a0 fe df 
01b070  a0 fe df a0 fe df a0 fe df a0 fe df a0 fe df a0 
01b080  fe df a0 fe df a0 fe df a0 fe df a0 fe df a0 fe 
01b090  df a0 fe df a0 fe df a0 fe df a0 fe df a0 fe df 
01b0a0  a0 fe df a0 fe df a0 fe df a0 fe df a0 fe df a0 
01b0b0  fe df a0 fe df a0 fe df a0 fe df a0 fe df a0 fe 
01b0c0  df a0 fe df a0 fe df a0 fe df a0 fe df a0 fe df 
01b0d0  a0 fe df a0 fe df a0 fe df a0 fe df a0 fe df a0 
01b0e0  fe df a0 fe df a0 fe df a0 fe df a0 fe df a0 fe 
01b0f0  df a0 fe df a0 fe df a0 fe df a0 fe df a0 fe df 
01b100  a0 fe df a0 fe df a0 fe df a0 fe df a0 fe df a0 
01b110  fe df a0 fe df a0 fe df a0 fe df a0 fe df a0 fe 
01b120  df a0 fe df a0 fe df a0 fe df a0 fe df a0 fe df 
01b130  a0 fe df a0 fe df a0 fe df a0 fe df a0 fe df a0 
01b140  fe df a0 fe df a0 fe df a0 fe df a0 fe df a0 fe 
01b150  df a0 fe df a0 fe df a0 fe df a0 fe df a0 fe df 
01b160  a0 fe df a0 fe df a0 fe df a0 fe df a0 fe df a0 
01b170  fe df a0 fe df a0 fe df a0 fe df a0 fe df a0 fe 
01b180  df a0 fe df a0 fe df a0 fe df a0 fe df a0 fe df 
01b190  a0 fe df a0 fe df a0 fe df a0 fe df a0 fe df a0 
01b1a0  fe df a0 fe df a0 fe df a0 fe df a0 fe df a0 fe 
01b1b0  df a0 fe df a0 fe df a0 fe df a0 fe df a0 fe df 
01b1c0  a0 fe df a0 fe df a0 fe df a0 fe df a0 fe df a0 
01b1d0  fe df a0 fe df a0 fe df a0 fe df a0 fe df a0 fe 
01b1e0  df a0 fe df a0 fe df a0 fe df a0 fe df a0 fe df 
01b1f0  a0 fe df a0 fe df a0 fe df a0 fe df a0 fe df a0 
01b200  fe df a0 fe df a0 fe df a0 fe df a0 fe df a0 fe 
01b210  df a0 fe df a0 fe df a0 fe df a0 fe df a0 fe df 
01b220  a0 fe df a0 fe df a0 fe df a0 fe df a0 fe df a0 
01b230  fe df a0 fe df a0 fe df a0 fe df a0 fe df a0 fe 
01b240  df a0 fe df a0 fe df a0 fe df a0 fe df a0 fe df 
01b250  a0 fe df a0 fe df a0 fe df a0 fe df a0 fe df a0 
01b260  fe df a0 fe df a0 fe df a0 fe df a0 fe df a0 fe 
01b270  df a0 fe df a0 fe df a0 fe df a0 fe df a0 fe df 
01b280  a0 fe df a0 fe df a0 fe df a0 fe df a0 fe df a0 
01b290  fe df a0 fe df a0 fe df a0 fe df a0 fe df a0 fe 
01b2a0  df a0 fe df a0 fe df a0 fe df a0 fe df a0 fe df 
01b2b0  a0 fe df a0 fe df a0 fe df a0 fe df a0 fe df a0 
01b2c0  fe df a0 fe df a0 fe df a0 fe df a0 fe df a0 fe 
01b2d0  df a0 fe df a0 fe df a0 fe df a0 fe df a0 fe df 
01b2e0  a0 fe df a0 fe df a0 fe df a0 fe df a0 fe df a0 
01b2f0  fe df a0 fe df a0 fe df a0 fe df a0 fe df a0 fe 
01b300  df a0 fe df a0 fe df a0 fe df a0 fe df a0 fe df 
01b310  a0 fe df a0 fe df a0 fe df a0 fe df a0 fe df a0 
01b320  fe df a0 fe df a0 fe df a0 fe df a0 fe df a0 fe 
01b330  df a0 fe df a0 fe df a0 fe df a0 fe df a0 fe df 
01b340  a0 fe df a0 fe df a0 fe df a0 fe df a0 fe df a0 
01b350  fe df a0 fe df a0 fe df a0 fe df a0 fe df a0 fe 
01b360  df a0 fe df a0 fe df a0 fe df a0 fe df a0 fe df 
01b370  a0 fe df a0 fe df a0 fe df a0 fe df a0 fe df a0 
01b380  fe df a0 fe df a0 fe df a0 fe df a0 fe df a0 fe 
01b390  df a0 fe df a0 fe df a0 fe df a0 fe df a0 fe df 
01b3a0  a0 fe df a0 fe df a0 fe df a0 fe df a0 fe df a0 
01b3b0  fe df a0 fe df a0 fe df a0 fe df a0 fe df a0 fe 
01b3c0  df a0 fe df a0 fe df a0 fe df a0 fe df a0 fe df 
01b3d0  a0 fe df a0 fe df a0 fe df a0 fe df a0 fe df a0 
01b3e0  fe df a0 fe df a0 fe df a0 fe df a0 fe df a0 fe 
01b3f0  df a0 fe df a0 fe df a0 fe df a0 fe df a0 fe df 
01b400  a0 fe df a0 fe df a0 fe df a0 fe df a0 fe df a0 
01b410  fe df a0 fe df a0 fe df a0 fe df a0 fe df a0 fe 
01b420  df a0 fe df a0 fe df a0 fe df a0 fe df a0 fe df 
01b430  a0 fe df a0 fe df a0 fe df a0 fe df a0 fe df a0 
01b440  fe df a0 fe df a0 fe df a0 fe df a0 fe df a0 fe 
01b450  df a0 fe df a0 fe df a0 fe df a0 fe df a0 fe df 
01b460  a0 fe df a0 fe df a0 fe df a0 fe df a0 fe df a0 
01b470  fe df a0 fe df a0 fe df a0 fe df a0 fe df a0 fe 
01b480  df a0 fe df a0 fe df a0 fe df a0 fe df a0 fe df 
01b490  a0 fe df a0 fe df a0 fe df a0 fe df a0 fe df a0 
01b4a0  fe df a0 fe df a0 fe df a0 fe df a0 fe df a0 fe 
01b4b0  df a0 fe df a0 fe df a0 fe df a0 fe df a0 fe df 
01b4c0  a0 fe df a0 fe df a0 fe df a0 fe df a0 fe df a0 
01b4d0  fe df a0 fe df a0 fe df a0 fe df a0 fe df a0 fe 
01b4e0  df a0 fe df a0 fe df a0 fe df a0 fe df a0 fe df 
01b4f0  a0 fe df a0 fe df a0 fe df a0 fe df a0 fe df a0 
01b500  fe df a0 fe df a0 fe df a0 fe df a0 fe df a0 fe 
01b510  df a0 fe df a0 fe df a0 fe df a0 fe df a0 fe df 
01b520  a0 fe df a0 fe df a0 fe df a0 fe df a0 fe df a0 
01b530  fe df a0 fe df a0 fe df a0 fe df a0 fe df a0 fe 
01b540  df a0 fe df a0 fe df a0 fe df a0 fe df a0 fe df 
01b550  a0 fe df a0 fe df a0 fe df a0 fe df a0 fe df a0 
01b560  fe df a0 fe df a0 fe df a0 fe df a0 fe df a0 fe 
01b570  df a0 fe df a0 fe df a0 fe df a0 fe df a0 fe df 
01b580  a0 fe df a0 fe df a0 fe df a0 fe df a0 fe df a0 
01b590  fe df a0 fe df a0 fe df a0 fe df a0 fe df a0 fe 
01b5a0  df a0 fe df a0 fe df a0 fe df a0 fe df a0 fe df 
01b5b0  a0 fe df a0 fe df a0 fe df a0 fe df a0 fe df a0 
01b5c0  fe df a0 fe df a0 fe df a0 fe df a0 fe df a0 fe 
01b5d0  df a0 fe df a0 fe df a0 fe df a0 fe df a0 fe df 
01b5e0  a0 fe df a0 fe df a0 fe df a0 fe df a0 fe df a0 
01b5f0  fe df a0 fe df a0 fe df a0 fe df a0 fe df a0 fe 
01b600  df a0 fe df a0 fe df a0 fe df a0 fe df a0 fe df 
01b610  a0 fe df a0 fe df a0 fe df a0 fe df a0 fe df a0 
01b620  fe df a0 fe df a0 fe df a0 fe df a0 fe df a0 fe 
01b630  df a0 fe df a0 fe df a0 fe df a0 fe df a0 fe df 
01b640  a0 fe df a0 fe df a0 fe df a0 fe df a0 fe df a0 
01b650  fe df a0 fe df a0 fe df a0 fe df a0 fe df a0 fe 
01b660  df a0 fe df a0 fe df a0 fe df a0 fe df a0 fe df 
01b670  a0 fe df a0 fe df a0 fe df a0 fe df a0 fe df a0 
01b680  fe df a0 fe df a0 fe df a0 fe df a0 fe df a0 fe 
01b690  df a0 fe df a0 fe df a0 fe df a0 fe df a0 fe df 
01b6a0  a0 fe df a0 fe df a0 fe df a0 fe df a0 fe df a0 
01b6b0  fe df a0 fe df a0 fe df a0 fe df a0 fe df a0 fe 
01b6c0  df a0 fe df a0 fe df a0 fe df a0 fe df a0 fe df 
01b6d0  a0 fe df a0 fe df a0 fe df a0 fe df a0 fe df a0 
01b6e0  fe df a0 fe df a0 fe df a0 fe df a0 fe df a0 fe 
01b6f0  df a0 fe df a0 fe df a0 fe df a0 fe df a0 fe df 
01b700  a0 fe df a0 fe df a0 fe df a0 fe df a0 fe df a0 
01b710  fe df a0 fe df a0 fe df a0 fe df a0 fe df a0 fe 
01b720  df a0 fe df a0 fe df a0 fe df a0 fe df a0 fe df 
01b730  a0 fe df a0 fe df a0 fe df a0 fe df a0 fe df a0 
01b740  fe df a0 fe df a0 fe df a0 fe df a0 fe df a0 fe 
01b750  df a0 fe df a0 fe df a0 fe df a0 fe df a0 fe df 
01b760  a0 fe df a0 fe df a0 fe df a0 fe df a0 fe df a0 
01b770  fe df a0 fe df a0 fe df a0 fe df a0 fe df a0 fe 
01b780  df a0 fe df a0 fe df a0 fe df a0 fe df a0 fe df 
01b790  a0 fe df a0 fe df a0 fe df a0 fe df a0 fe df a0 
01b7a0  fe df a0 fe df a0 fe df a0 fe df a0 fe df a0 fe 
01b7b0  df a0 fe df a0 fe df a0 fe df a0 fe df a0 fe df 
01b7c0  a0 fe df a0 fe df a0 fe df a0 fe df a0 fe df a0 
01b7d0  fe df a0 fe df a0 fe df a0 fe df a0 fe df a0 fe 
01b7e0  df a0 fe df a0 fe df a0 fe df a0 fe df a0 fe df 
01b7f0  a0 fe df a0 fe df a0 fe df a0 fe df a0 fe df a0 
01b800  fe df a0 fe df a0 fe df a0 fe df a0 fe df a0 fe 
01b810  df a0 fe df a0 fe df a0 fe df a0 fe df a0 fe df 
01b820  a0 fe df a0 fe df a0 fe df a0 fe df a0 fe df a0 
01b830  fe df a0 fe df a0 fe df a0 fe df a0 fe df a0 fe 
01b840  df a0 fe df a0 fe df a0 fe df a0 fe df a0 fe df 
01b850  a0 fe df a0 fe df a0 fe df a0 fe df a0 fe df a0 
01b860  fe df a0 fe df a0 fe df a0 fe df a0 fe df a0 fe 
01b870  df a0 fe df a0 fe df a0 fe df a0 fe df a0 fe df 
01b880  a0 fe df a0 fe df a0 fe df a0 fe df a0 fe df a0 
01b890  fe df a0 fe df a0 fe df a0 fe df a0 fe df a0 fe 
01b8a0  df a0 fe df a0 fe df a0 fe df a0 fe df a0 fe df 
01b8b0  a0 fe df a0 fe df a0 fe df a0 fe df a0 fe df a0 
01b8c0  fe df a0 fe df a0 fe df a0 fe df a0 fe df a0 fe 
01b8d0  df a0 fe df a0 fe df a0 fe df a0 fe df a0 fe df 
01b8e0  a0 fe df a0 fe df a0 fe df a0 fe df a0 fe df a0 
01b8f0  fe df a0 fe df a0 fe df a0 fe df a0 fe df a0 fe 
01b900  df a0 fe df a0 fe df a0 fe df a0 fe df a0 fe df 
01b910  a0 fe df a0 fe df a0 fe df a0 fe df a0 fe df a0 
01b920  fe df a0 fe df a0 fe df a0 fe df a0 fe df a0 fe 
01b930  df a0 fe df a0 fe df a0 fe df a0 fe df a0 fe df 
01b940  a0 fe df a0 fe df a0 fe df a0 fe df a0 fe df a0 
01b950  fe df a0 fe df a0 fe df a0 fe df a0 fe df a0 fe 
01b960  df a0 fe df a0 fe df a0 fe df a0 fe df a0 fe df 
01b970  a0 fe df a0 fe df a0 fe df a0 fe df a0 fe df a0 
01b980  fe df a0 fe df a0 fe df a0 fe df a0 fe df a0 fe 
01b990  df a0 fe df a0 fe df a0 fe df a0 fe df a0 fe df 
01b9a0  a0 fe df a0 fe df a0 fe df a0 fe df a0 fe df a0 
01b9b0  fe df a0 fe df a0 fe df a0 fe df a0 fe df a0 fe 
01b9c0  df a0 fe df a0 fe df a0 fe df a0 fe df a0 fe df 
01b9d0  a0 fe df a0 fe df a0 fe df a0 fe df a0 fe df a0 
01b9e0  fe df a0 fe df a0 fe df a0 fe df a0 fe df a0 fe 
01b9f0  df a0 fe df a0 fe df a0 fe df a0 fe df a0 fe df 
01ba00  a0 fe df a0 fe df a0 fe df a0 fe df a0 fe df a0 
01ba10  fe df a0 fe df a0 fe df a0 fe df a0 fe df a0 fe 
01ba20  df a0 fe df a0 fe df a0 fe df a0 fe df a0 fe df 
01ba30  a0 fe df a0 fe df a0 fe df a0 fe df a0 fe df a0 
01ba40  fe df a0 fe df a0 fe df a0 fe df a0 fe df a0 fe 
01ba50  df a0 fe df a0 fe df a0 fe df a0 fe df a0 fe df 
01ba60  a0 fe df a0 fe df a0 fe df a0 fe df a0 fe df a0 
01ba70  fe df a0 fe df a0 fe df a0 fe df a0 fe df a0 fe 
01ba80  df a0 fe df a0 fe df a0 fe df a0 fe df a0 fe df 
01ba90  a0 fe df a0 fe df a0 fe df a0 fe df a0 fe df a0 
01baa0  fe df a0 fe df a0 fe df a0 fe df a0 fe df a0 fe 
01bab0  df a0 fe df a0 fe df a0 fe df a0 fe df a0 fe df 
01bac0  a0 fe df a0 fe df a0 fe df a0 fe df a0 fe df a0 
01bad0  fe df a0 fe df a0 fe df a0 fe df a0 fe df a0 fe 
01bae0  df a0 fe df a0 fe df a0 fe df a0 fe df a0 fe df 
01baf0  a0 fe df a0 fe df a0 fe df a0 fe df a0 fe df a0 
01bb00  fe df a0 fe df a0 fe df a0 fe df a0 fe df a0 fe 
01bb10  df a0 fe df a0 fe df a0 fe df a0 fe df a0 fe df 
01bb20  a0 fe df a0 fe df a0 fe df a0 fe df a0 fe df a0 
01bb30  fe df a0 fe df a0 fe df a0 fe df a0 fe df a0 fe 
01bb40  df a0 fe df a0 fe df a0 fe df a0 fe df a0 fe df 
01bb50  a0 fe df a0 fe df a0 fe df a0 fe df a0 fe df a0 
01bb60  fe df a0 fe df a0 fe df a0 fe df a0 fe df a0 fe 
01bb70  df a0 fe df a0 fe df a0 fe df a0 fe df a0 fe df 
01bb80  a0 fe df a0 fe df a0 fe df a0 fe df a0 fe df a0 
01bb90  fe df a0 fe df a0 fe df a0 fe df a0 fe df a0 fe 
01bba0  df a0 fe df a0 fe df a0 fe df a0 fe df a0 fe df 
01bbb0  a0 fe df a0 fe df a0 fe df a0 fe df a0 fe df a0 
01bbc0  fe df a0 fe df a0 fe df a0 fe df a0 fe df a0 fe 
01bbd0  df a0 fe df a0 fe df a0 fe df a0 fe df a0 fe df 
01bbe0  a0 fe df a0 fe df a0 fe df a0 fe df a0 fe df a0 
01bbf0  fe df a0 fe df a0 fe df a0 fe df a0 fe df a0 fe 
01bc00  df a0 fe df a0 fe df a0 fe df a0 fe df a0 fe df 
01bc10  a0 fe df a0 fe df a0 fe df a0 fe df a0 fe df a0 
01bc20  fe df a0 fe df a0 fe df a0 fe df a0 fe df a0 fe 
01bc30  df a0 fe df a0 fe df a0 fe df a0 fe df a0 fe df 
01bc40  a0 fe df a0 fe df a0 fe df a0 fe df a0 fe df a0 
01bc50  fe df a0 fe df a0 fe df a0 fe df a0 fe df a0 fe 
01bc60  df a0 fe df a0 fe df a0 fe df a0 fe df a0 fe df 
01bc70  a0 fe df a0 fe df a0 fe df a0 fe df a0 fe df a0 
01bc80  fe df a0 fe df a0 fe df a0 fe df a0 fe df a0 fe 
01bc90  df a0 fe df a0 fe df a0 fe df a0 fe df a0 fe df 
01bca0  a0 fe df a0 fe df a0 fe df a0 fe df a0 fe df a0 
01bcb0  fe df a0 fe df a0 fe df a0 fe df a0 fe df a0 fe 
01bcc0  df a0 fe df a0 fe df a0 fe df a0 fe df a0 fe df 
01bcd0  a0 fe df a0 fe df a0 fe df a0 fe df a0 fe df a0 
01bce0  fe df a0 fe df a0 fe df a0 fe df a0 fe df a0 fe 
01bcf0  df a0 fe df a0 fe df a0 fe df a0 fe df a0 fe df 
01bd00  a0 fe df a0 fe df a0 fe df a0 fe df a0 fe df a0 
01bd10  fe df a0 fe df a0 fe df a0 fe df a0 fe df a0 fe 
01bd20  df a0 fe df a0 fe df a0 fe df a0 fe df a0 fe df 
01bd30  a0 fe df a0 fe df a0 fe df a0 fe df a0 fe df a0 
01bd40  fe df a0 fe df a0 fe df a0 fe df a0 fe df a0 fe 
01bd50  df a0 fe df a0 fe df a0 fe df a0 fe df a0 fe df 
01bd60  a0 fe df a0 fe df a0 fe df a0 fe df a0 fe df a0 
01bd70  fe df a0 fe df a0 fe df a0 fe df a0 fe df a0 fe 
01bd80  df a0 fe df a0 fe df a0 fe df a0 fe df a0 fe df 
01bd90  a0 fe df a0 fe df a0 fe df a0 fe df a0 fe df a0 
01bda0  fe df a0 fe df a0 fe df a0 fe df a0 fe df a0 fe 
01bdb0  df a0 fe df a0 fe df a0 fe df a0 fe df a0 fe df 
01bdc0  a0 fe df a0 fe df a0 fe df a0 fe df a0 fe df a0 
01bdd0  fe df a0 fe df a0 fe df a0 fe df a0 fe df a0 fe 
01bde0  df a0 fe df a0 fe df a0 fe df a0 fe df a0 fe df 
01bdf0  a0 fe df a0 fe df a0 fe df a0 fe df a0 fe df a0 
01be00  fe df a0 fe df a0 fe df a0 fe df a0 fe df a0 fe 
01be10  df a0 fe df a0 fe df a0 fe df a0 fe df a0 fe df 
01be20  a0 fe df a0 fe df a0 fe df a0 fe df a0 fe df a0 
01be30  fe df a0 fe df a0 fe df a0 fe df a0 fe df a0 fe 
01be40  df a0 fe df a0 fe df a0 fe df a0 fe df a0 fe df 
01be50  a0 fe df a0 fe df a0 fe df a0 fe df a0 fe df a0 
01be60  fe df a0 fe df a0 fe df a0 fe df a0 fe df a0 fe 
01be70  df a0 fe df a0 fe df a0 fe df a0 fe df a0 fe df 
01be80  a0 fe df a0 fe df a0 fe df a0 fe df a0 fe df a0 
01be90  fe df a0 fe df a0 fe df a0 fe df a0 fe df a0 fe 
01bea0  df a0 fe df a0 fe df a0 fe df a0 fe df a0 fe df 
01beb0  a0 fe df a0 fe df a0 fe df a0 fe df a0 fe df a0 
01bec0  fe df a0 fe df a0 fe df a0 fe df a0 fe df a0 fe 
01bed0  df a0 fe df a0 fe df a0 fe df a0 fe df a0 fe df 
01bee0  a0 fe df a0 fe df a0 fe df a0 fe df a0 fe df a0 
01bef0  fe df a0 fe df a0 fe df a0 fe df a0 fe df a0 fe 
01bf00  df a0 fe df a0 fe df a0 fe df a0 fe df a0 fe df 
01bf10  a0 fe df a0 fe df a0 fe df a0 fe df a0 fe df a0 
01bf20  fe df a0 fe df a0 fe df a0 fe df a0 fe df a0 fe 
01bf30  df a0 fe df a0 fe df a0 fe df a0 fe df a0 fe df 
01bf40  a0 fe df a0 fe df a0 fe df a0 fe df a0 fe df a0 
01bf50  fe df a0 fe df a0 fe df a0 fe df a0 fe df a0 fe 
01bf60  df a0 fe df a0 fe df a0 fe df a0 fe df a0 fe df 
01bf70  a0 fe df a0 fe df a0 fe df a0 fe df a0 fe df a0 
01bf80  fe df a0 fe df a0 fe df a0 fe df a0 fe df a0 fe 
01bf90  df a0 fe df a0 fe df a0 fe df a0 fe df a0 fe df 
01bfa0  a0 fe df a0 fe df a0 fe df a0 fe df a0 fe df a0 
01bfb0  fe df a0 fe df a0 fe df a0 fe df a0 fe df a0 fe 
01bfc0  df a0 fe df a0 fe df a0 fe df a0 fe df a0 fe df 
01bfd0  a0 fe df a0 fe df a0 fe df a0 fe df a0 fe df a0 
01bfe0  fe df a0 fe df a0 fe df a0 fe df a0 fe df a0 fe 
01bff0  df a0 fe df a0 fe df a0 fe df a0 fe df a0 fe df 
01c000  a0 fe df a0 fe df a0 fe df a0 fe df a0 fe df a0 
01c010  fe df a0 fe df a0 fe df a0 fe df a0 fe df a0 fe 
01c020  df a0 fe df a0 fe df a0 fe df a0 fe df a0 fe df 
01c030  a0 fe df a0 fe df a0 fe df a0 fe df a0 fe df a0 
01c040  fe df a0 fe df a0 fe df a0 fe df a0 fe df a0 fe 
01c050  df a0 fe df a0 fe df a0 fe df a0 fe df a0 fe df 
01c060  a0 fe df a0 fe df a0 fe df a0 fe df a0 fe df a0 
01c070  fe df a0 fe df a0 fe df a0 fe df a0 fe df a0 fe 
01c080  df a0 fe df a0 fe df a0 fe df a0 fe df a0 fe df 
01c090  a0 fe df a0 fe df a0 fe df a0 fe df a0 fe df a0 
01c0a0  fe df a0 fe df a0 fe df a0 fe df a0 fe df a0 fe 
01c0b0  df a0 fe df a0 fe df a0 fe df a0 fe df a0 fe df 
01c0c0  a0 fe df a0 fe df a0 fe df a0 fe df a0 fe df a0 
01c0d0  fe df a0 fe df a0 fe df a0 fe df a0 fe df a0 fe 
01c0e0  df a0 fe df a0 fe df a0 fe df a0 fe df a0 fe df 
01c0f0  a0 fe df a0 fe df a0 fe df a0 fe df a0 fe df a0 
01c100  fe df a0 fe df a0 fe df a0 fe df a0 fe df a0 fe 
01c110  df a0 fe df a0 fe df a0 fe df a0 fe df a0 fe df 
01c120  a0 fe df a0 fe df a0 fe df a0 fe df a0 fe df a0 
01c130  fe df a0 fe df a0 fe df a0 fe df a0 fe df a0 fe 
01c140  df a0 fe df a0 fe df a0 fe df a0 fe df a0 fe df 
01c150  a0 fe df a0 fe df a0 fe df a0 fe df a0 fe df a0 
01c160  fe df a0 fe df a0 fe df a0 fe df a0 fe df a0 fe 
01c170  df a0 fe df a0 fe df a0 fe df a0 fe df a0 fe df 
01c180  a0 fe df a0 fe df a0 fe df a0 fe df a0 fe df a0 
01c190  fe df a0 fe df a0 fe df a0 fe df a0 fe df a0 fe 
01c1a0  df a0 fe df a0 fe df a0 fe df a0 fe df a0 fe df 
01c1b0  a0 fe df a0 fe df a0 fe df a0 fe df a0 fe df a0 
01c1c0  fe df a0 fe df a0 fe df a0 fe df a0 fe df a0 fe 
01c1d0  df a0 fe df a0 fe df a0 fe df a0 fe df a0 fe df 
01c1e0  a0 fe df a0 fe df a0 fe df a0 fe df a0 fe df a0 
01c1f0  fe df a0 fe df a0 fe df a0 fe df a0 fe df a0 fe 
01c200  df a0 fe df a0 fe df a0 fe df a0 fe df a0 fe df 
01c210  a0 fe df a0 fe df a0 fe df a0 fe df a0 fe df a0 
01c220  fe df a0 fe df a0 fe df a0 fe df a0 fe df a0 fe 
01c230  df a0 fe df a0 fe df a0 fe df a0 fe df a0 fe df 
01c240  a0 fe df a0 fe df a0 fe df a0 fe df a0 fe df a0 
01c250  fe df a0 fe df a0 fe df a0 fe df a0 fe df a0 fe 
01c260  df a0 fe df a0 fe df a0 fe df a0 fe df a0 fe df 
01c270  a0 fe df a0 fe df a0 fe df a0 fe df a0 fe df a0 
01c280  fe df a0 fe df a0 fe df a0 fe df a0 fe df a0 fe 
01c290  df a0 fe df a0 fe df a0 fe df a0 fe df a0 fe df 
01c2a0  a0 fe df a0 fe df a0 fe df a0 fe df a0 fe df a0 
01c2b0  fe df a0 fe df a0 fe df a0 fe df a0 fe df a0 fe 
01c2c0  df a0 fe df a0 fe df a0 fe df a0 fe df a0 fe df 
01c2d0  a0 fe df a0 fe df a0 fe df a0 fe df a0 fe df a0 
01c2e0  fe df a0 fe df a0 fe df a0 fe df a0 fe df a0 fe 
01c2f0  df a0 fe df a0 fe df a0 fe df a0 fe df a0 fe df 
01c300  a0 fe df a0 fe df a0 fe df a0 fe df a0 fe df a0 
01c310  fe df a0 fe df a0 fe df a0 fe df a0 fe df a0 fe 
01c320  df a0 fe df a0 fe df a0 fe df a0 fe df a0 fe df 
01c330  a0 fe df a0 fe df a0 fe df a0 fe df a0 fe df a0 
01c340  fe df a0 fe df a0 fe df a0 fe df a0 fe df a0 fe 
01c350  df a0 fe df a0 fe df a0 fe df a0 fe df a0 fe df 
01c360  a0 fe df a0 fe df a0 fe df a0 fe df a0 fe df a0 
01c370  fe df a0 fe df a0 fe df a0 fe df a0 fe df a0 fe 
01c380  df a0 fe df a0 fe df a0 fe df a0 fe df a0 fe df 
01c390  a0 fe df a0 fe df a0 fe df a0 fe df a0 fe df a0 
01c3a0  fe df a0 fe df a0 fe df a0 fe df a0 fe df a0 fe 
01c3b0  df a0 fe df a0 fe df a0 fe df a0 fe df a0 fe df 
01c3c0  a0 fe df a0 fe df a0 fe df a0 fe df a0 fe df a0 
01c3d0  fe df a0 fe df a0 fe df a0 fe df a0 fe df a0 fe 
01c3e0  df a0 fe df a0 fe df a0 fe df a0 fe df a0 fe df 
01c3f0  a0 fe df a0 fe df a0 fe df a0 fe df a0 fe df a0 
01c400  fe df a0 fe df a0 fe df a0 fe df a0 fe df a0 fe 
01c410  df a0 fe df a0 fe df a0 fe df a0 fe df a0 fe df 
01c420  a0 fe df a0 fe df a0 fe df a0 fe df a0 fe df a0 
01c430  fe df a0 fe df a0 fe df a0 fe df a0 fe df a0 fe 
01c440  df a0 fe df a0 fe df a0 fe df a0 fe df a0 fe df 
01c450  a0 fe df a0 fe df a0 fe df a0 fe df a0 fe df a0 
01c460  fe df a0 fe df a0 fe df a0 fe df a0 fe df a0 fe 
01c470  df a0 fe df a0 fe df a0 fe df a0 fe df a0 fe df 
01c480  a0 fe df a0 fe df a0 fe df a0 fe df a0 fe df a0 
01c490  fe df a0 fe df a0 fe df a0 fe df a0 fe df a0 fe 
01c4a0  df a0 fe df a0 fe df a0 fe df a0 fe df a0 fe df 
01c4b0  a0 fe df a0 fe df a0 fe df a0 fe df a0 fe df a0 
01c4c0  fe df a0 fe df a0 fe df a0 fe df a0 fe df a0 fe 
01c4d0  df a0 fe df a0 fe df a0 fe df a0 fe df a0 fe df 
01c4e0  a0 fe df a0 fe df a0 fe df a0 fe df a0 fe df a0 
01c4f0  fe df a0 fe df a0 fe df a0 fe df a0 fe df a0 fe 
01c500  df a0 fe df a0 fe df a0 fe df a0 fe df a0 fe df 
01c510  a0 fe df a0 fe df a0 fe df a0 fe df a0 fe df a0 
01c520  fe df a0 fe df a0 fe df a0 fe df a0 fe df a0 fe 
01c530  df a0 fe df a0 fe df a0 fe df a0 fe df a0 fe df 
01c540  a0 fe df a0 fe df a0 fe df a0 fe df a0 fe df a0 
01c550  fe df a0 fe df a0 fe df a0 fe df a0 fe df a0 fe 
01c560  df a0 fe df a0 fe df a0 fe df a0 fe df a0 fe df 
01c570  a0 fe df a0 fe df a0 fe df a0 fe df a0 fe df a0 
01c580  fe df a0 fe df a0 fe df a0 fe df a0 fe df a0 fe 
01c590  df a0 fe df a0 fe df a0 fe df a0 fe df a0 fe df 
01c5a0  a0 fe df a0 fe df a0 fe df a0 fe df a0 fe df a0 
01c5b0  fe df a0 fe df a0 fe df a0 fe df a0 fe df a0 fe 
01c5c0  df a0 fe df a0 fe df a0 fe df a0 fe df a0 fe df 
01c5d0  a0 fe df a0 fe df a0 fe df a0 fe df a0 fe df a0 
01c5e0  fe df a0 fe df a0 fe df a0 fe df a0 fe df a0 fe 
01c5f0  df a0 fe df a0 fe df a0 fe df a0 fe df a0 fe df 
01c600  a0 fe df a0 fe df a0 fe df a0 fe df a0 fe df a0 
01c610  fe df a0 fe df a0 fe df a0 fe df a0 fe df a0 fe 
01c620  df a0 fe df a0 fe df a0 fe df a0 fe df a0 fe df 
01c630  a0 fe df a0 fe df a0 fe df a0 fe df a0 fe df a0 
01c640  fe df a0 fe df a0 fe df a0 fe df a0 fe df a0 fe 
01c650  df a0 fe df a0 fe df a0 fe df a0 fe df a0 fe df 
01c660  a0 fe df a0 fe df a0 fe df a0 fe df a0 fe df a0 
01c670  fe df a0 fe df a0 fe df a0 fe df a0 fe df a0 fe 
01c680  df a0 fe df a0 fe df a0 fe df a0 fe df a0 fe df 
01c690  a0 fe df a0 fe df a0 fe df a0 fe df a0 fe df a0 
01c6a0  fe df a0 fe df a0 fe df a0 fe df a0 fe df a0 fe 
01c6b0  df a0 fe df a0 fe df a0 fe df a0 fe df a0 fe df 
01c6c0  a0 fe df a0 fe df a0 fe df a0 fe df a0 fe df a0 
01c6d0  fe df a0 fe df a0 fe df a0 fe df a0 fe df a0 fe 
01c6e0  df a0 fe df a0 fe df a0 fe df a0 fe df a0 fe df 
01c6f0  a0 fe df a0 fe df a0 fe df a0 fe df a0 fe df a0 
01c700  fe df a0 fe df a0 fe df a0 fe df a0 fe df a0 fe 
01c710  df a0 fe df a0 fe df a0 fe df a0 fe df a0 fe df 
01c720  a0 fe df a0 fe df a0 fe df a0 fe df a0 fe df a0 
01c730  fe df a0 fe df a0 fe df a0 fe df a0 fe df a0 fe 
01c740  df a0 fe df a0 fe df a0 fe df a0 fe df a0 fe df 
01c750  a0 fe df a0 fe df a0 fe df a0 fe df a0 fe df a0 
01c760  fe df a0 fe df a0 fe df a0 fe df a0 fe df a0 fe 
01c770  df a0 fe df a0 fe df a0 fe df a0 fe df a0 fe df 
01c780  a0 fe df a0 fe df a0 fe df a0 fe df a0 fe df a0 
01c790  fe df a0 fe df a0 fe df a0 fe df a0 fe df a0 fe 
01c7a0  df a0 fe df a0 fe df a0 fe df a0 fe df a0 fe df 
01c7b0  a0 fe df a0 fe df a0 fe df a0 fe df a0 fe df a0 
01c7c0  fe df a0 fe df a0 fe df a0 fe df a0 fe df a0 fe 
01c7d0  df a0 fe df a0 fe df a0 fe df a0 fe df a0 fe df 
01c7e0  a0 fe df a0 fe df a0 fe df a0 fe df a0 fe df a0 
01c7f0  fe df a0 fe df a0 fe df a0 fe df a0 fe df a0 fe 
01c800  df a0 fe df a0 fe df a0 fe df a0 fe df a0 fe df 
01c810  a0 fe df a0 fe df a0 fe df a0 fe df a0 fe df a0 
01c820  fe df a0 fe df a0 fe df a0 fe df a0 fe df a0 fe 
01c830  df a0 fe df a0 fe df a0 fe df a0 fe df a0 fe df 
01c840  a0 fe df a0 fe df a0 fe df a0 fe df a0 fe df a0 
01c850  fe df a0 fe df a0 fe df a0 fe df a0 fe df a0 fe 
01c860  df a0 fe df a0 fe df a0 fe df a0 fe df a0 fe df 
01c870  a0 fe df a0 fe df a0 fe df a0 fe df a0 fe df a0 
01c880  fe df a0 fe df a0 fe df a0 fe df a0 fe df a0 fe 
01c890  df a0 fe df a0 fe df a0 fe df a0 fe df a0 fe df 
01c8a0  a0 fe df a0 fe df a0 fe df a0 fe df a0 fe df a0 
01c8b0  fe df a0 fe df a0 fe df a0 fe df a0 fe df a0 fe 
01c8c0  df a0 fe df a0 fe df a0 fe df a0 fe df a0 fe df 
01c8d0  a0 fe df a0 fe df a0 fe df a0 fe df a0 fe df a0 
01c8e0  fe df a0 fe df a0 fe df a0 fe df a0 fe df a0 fe 
01c8f0  df a0 fe df a0 fe df a0 fe df a0 fe df a0 fe df 
01c900  a0 fe df a0 fe df a0 fe df a0 fe df a0 fe df a0 
01c910  fe df a0 fe df a0 fe df a0 fe df a0 fe df a0 fe 
01c920  df a0 fe df a0 fe df a0 fe df a0 fe df a0 fe df 
01c930  a0 fe df a0 fe df a0 fe df a0 fe df a0 fe df a0 
01c940  fe df a0 fe df a0 fe df a0 fe df a0 fe df a0 fe 
01c950  df a0 fe df a0 fe df a0 fe df a0 fe df a0 fe df 
01c960  a0 fe df a0 fe df a0 fe df a0 fe df a0 fe df a0 
01c970  fe df a0 fe df a0 fe df a0 fe df a0 fe df a0 fe 
01c980  df a0 fe df a0 fe df a0 fe df a0 fe df a0 fe df 
01c990  a0 fe df a0 fe df a0 fe df a0 fe df a0 fe df a0 
01c9a0  fe df a0 fe df a0 fe df a0 fe df a0 fe df a0 fe 
01c9b0  df a0 fe df a0 fe df a0 fe df a0 fe df a0 fe df 
01c9c0  a0 fe df a0 fe df a0 fe df a0 fe df a0 fe df a0 
01c9d0  fe df a0 fe df a0 fe df a0 fe df a0 fe df a0 fe 
01c9e0  df a0 fe df a0 fe df a0 fe df a0 fe df a0 fe df 
01c9f0  a0 fe df a0 fe df a0 fe df a0 fe df a0 fe df a0 
01ca00  fe df a0 fe df a0 fe df a0 fe df a0 fe df a0 fe 
01ca10  df a0 fe df a0 fe df a0 fe df a0 fe df a0 fe df 
01ca20  a0 fe df a0 fe df a0 fe df a0 fe df a0 fe df a0 
01ca30  fe df a0 fe df a0 fe df a0 fe df a0 fe df a0 fe 
01ca40  df a0 fe df a0 fe df a0 fe df a0 fe df a0 fe df 
01ca50  a0 fe df a0 fe df a0 fe df a0 fe df a0 fe df a0 
01ca60  fe df a0 fe df a0 fe df a0 fe df a0 fe df a0 fe 
01ca70  df a0 fe df a0 fe df a0 fe df a0 fe df a0 fe df 
01ca80  a0 fe df a0 fe df a0 fe df a0 fe df a0 fe df a0 
01ca90  fe df a0 fe df a0 fe df a0 fe df a0 fe df a0 fe 
01caa0  df a0 fe df a0 fe df a0 fe df a0 fe df a0 fe df 
01cab0  a0 fe df a0 fe df a0 fe df a0 fe df a0 fe df a0 
01cac0  fe df a0 fe df a0 fe df a0 fe df a0 fe df a0 fe 
01cad0  df a0 fe df a0 fe df a0 fe df a0 fe df a0 fe df 
01cae0  a0 fe df a0 fe df a0 fe df a0 fe df a0 fe df a0 
01caf0  fe df a0 fe df a0 fe df a0 fe df a0 fe df a0 fe 
01cb00  df a0 fe df a0 fe df a0 fe df a0 fe df a0 fe df 
01cb10  a0 fe df a0 fe df a0 fe df a0 fe df a0 fe df a0 
01cb20  fe df a0 fe df a0 fe df a0 fe df a0 fe df a0 fe 
01cb30  df a0 fe df a0 fe df a0 fe df a0 fe df a0 fe df 
01cb40  a0 fe df a0 fe df a0 fe df a0 fe df a0 fe df a0 
01cb50  fe df a0 fe df a0 fe df a0 fe df a0 fe df a0 fe 
01cb60  df a0 fe df a0 fe df a0 fe df a0 fe df a0 fe df 
01cb70  a0 fe df a0 fe df a0 fe df a0 fe df a0 fe df a0 
01cb80  fe df a0 fe df a0 fe df a0 fe df a0 fe df a0 fe 
01cb90  df a0 fe df a0 fe df a0 fe df a0 fe df a0 fe df 
01cba0  a0 fe df a0 fe df a0 fe df a0 fe df a0 fe df a0 
01cbb0  fe df a0 fe df a0 fe df a0 fe df a0 fe df a0 fe 
01cbc0  df a0 fe df a0 fe df a0 fe df a0 fe df a0 fe df 
01cbd0  a0 fe df a0 fe df a0 fe df a0 fe df a0 fe df a0 
01cbe0  fe df a0 fe df a0 fe df a0 fe df a0 fe df a0 fe 
01cbf0  df a0 fe df a0 fe df a0 fe df a0 fe df a0 fe df 
01cc00  a0 fe df a0 fe df a0 fe df a0 fe df a0 fe df a0 
01cc10  fe df a0 fe df a0 fe df a0 fe df a0 fe df a0 fe 
01cc20  df a0 fe df a0 fe df a0 fe df a0 fe df a0 fe df 
01cc30  a0 fe df a0 fe df a0 fe df a0 fe df a0 fe df a0 
01cc40  fe df a0 fe df a0 fe df a0 fe df a0 fe df a0 fe 
01cc50  df a0 fe df a0 fe df a0 fe df a0 fe df a0 fe df 
01cc60  a0 fe df a0 fe df a0 fe df a0 fe df a0 fe df a0 
01cc70  fe df a0 fe df a0 fe df a0 fe df a0 fe df a0 fe 
01cc80  df a0 fe df a0 fe df a0 fe df a0 fe df a0 fe df 
01cc90  a0 fe df a0 fe df a0 fe df a0 fe df a0 fe df a0 
01cca0  fe df a0 fe df a0 fe df a0 fe df a0 fe df a0 fe 
01ccb0  df a0 fe df a0 fe df a0 fe df a0 fe df a0 fe df 
01ccc0  a0 fe df a0 fe df a0 fe df a0 fe df a0 fe df a0 
01ccd0  fe df a0 fe df a0 fe df a0 fe df a0 fe df a0 fe 
01cce0  df a0 fe df a0 fe df a0 fe df a0 fe df a0 fe df 
01ccf0  a0 fe df a0 fe df a0 fe df a0 fe df a0 fe df a0 
01cd00  fe df a0 fe df a0 fe df a0 fe df a0 fe df a0 fe 
01cd10  df a0 fe df a0 fe df a0 fe df a0 fe df a0 fe df 
01cd20  a0 fe df a0 fe df a0 fe df a0 fe df a0 fe df a0 
01cd30  fe df a0 fe df a0 fe df a0 fe df a0 fe df a0 fe 
01cd40  df a0 fe df a0 fe df a0 fe df a0 fe df a0 fe df 
01cd50  a0 fe df a0 fe df a0 fe df a0 fe df a0 fe df a0 
01cd60  fe df a0 fe df a0 fe df a0 fe df a0 fe df a0 fe 
01cd70  df a0 fe df a0 fe df a0 fe df a0 fe df a0 fe df 
01cd80  a0 fe df a0 fe df a0 fe df a0 fe df a0 fe df a0 
01cd90  fe df a0 fe df a0 fe df a0 fe df a0 fe df a0 fe 
01cda0  df a0 fe df a0 fe df a0 fe df a0 fe df a0 fe df 
01cdb0  a0 fe df a0 fe df a0 fe df a0 fe df a0 fe df a0 
01cdc0  fe df a0 fe df a0 fe df a0 fe df a0 fe df a0 fe 
01cdd0  df a0 fe df a0 fe df a0 fe df a0 fe df a0 fe df 
01cde0  a0 fe df a0 fe df a0 fe df a0 fe df a0 fe df a0 
01cdf0  fe df a0 fe df a0 fe df a0 fe df a0 fe df a0 fe 
01ce00  df a0 fe df a0 fe df a0 fe df a0 fe df a0 fe df 
01ce10  a0 fe df a0 fe df a0 fe df a0 fe df a0 fe df a0 
01ce20  fe df a0 fe df a0 fe df a0 fe df a0 fe df a0 fe 
01ce30  df a0 fe df a0 fe df a0 fe df a0 fe df a0 fe df 
01ce40  a0 fe df a0 fe df a0 fe df a0 fe df a0 fe df a0 
01ce50  fe df a0 fe df a0 fe df a0 fe df a0 fe df a0 fe 
01ce60  df a0 fe df a0 fe df a0 fe df a0 fe df a0 fe df 
01ce70  a0 fe df a0 fe df a0 fe df a0 fe df a0 fe df a0 
01ce80  fe df a0 fe df a0 fe df a0 fe df a0 fe df a0 fe 
01ce90  df a0 fe df a0 fe df a0 fe df a0 fe df a0 fe df 
01cea0  a0 fe df a0 fe df a0 fe df a0 fe df a0 fe df a0 
01ceb0  fe df a0 fe df a0 fe df a0 fe df a0 fe df a0 fe 
01cec0  df a0 fe df a0 fe df a0 fe df a0 fe df a0 fe df 
01ced0  a0 fe df a0 fe df a0 fe df a0 fe df a0 fe df a0 
01cee0  fe df a0 fe df a0 fe df a0 fe df a0 fe df a0 fe 
01cef0  df a0 fe df a0 fe df a0 fe df a0 fe df a0 fe df 
01cf00  a0 fe df a0 fe df a0 fe df a0 fe df a0 fe df a0 
01cf10  fe df a0 fe df a0 fe df a0 fe df a0 fe df a0 fe 
01cf20  df a0 fe df a0 fe df a0 fe df a0 fe df a0 fe df 
01cf30  a0 fe df a0 fe df a0 fe df a0 fe df a0 fe df a0 
01cf40  fe df a0 fe df a0 fe df a0 fe df a0 fe df a0 fe 
01cf50  df a0 fe df a0 fe df a0 fe df a0 fe df a0 fe df 
01cf60  a0 fe df a0 fe df a0 fe df a0 fe df a0 fe df a0 
01cf70  fe df a0 fe df a0 fe df a0 fe df a0 fe df a0 fe 
01cf80  df a0 fe df a0 fe df a0 fe df a0 fe df a0 fe df 
01cf90  a0 fe df a0 fe df a0 fe df a0 fe df a0 fe df a0 
01cfa0  fe df a0 fe df a0 fe df a0 fe df a0 fe df a0 fe 
01cfb0  df a0 fe df a0 fe df a0 fe df a0 fe df a0 fe df 
01cfc0  a0 fe df a0 fe df a0 fe df a0 fe df a0 fe df a0 
01cfd0  fe df a0 fe df a0 fe df a0 fe df a0 fe df a0 fe 
01cfe0  df a0 fe df a0 fe df a0 fe df a0 fe df a0 fe df 
01cff0  a0 fe df a0 fe df a0 fe df a0 fe df a0 fe df a0 
01d000  fe df a0 fe df a0 fe df a0 fe df a0 fe df a0 fe 
01d010  df a0 fe df a0 fe df a0 fe df a0 fe df a0 fe df 
01d020  a0 fe df a0 fe df a0 fe df a0 fe df a0 fe df a0 
01d030  fe df a0 fe df a0 fe df a0 fe df a0 fe df a0 fe 
01d040  df a0 fe df a0 fe df a0 fe df a0 fe df a0 fe df 
01d050  a0 fe df a0 fe df a0 fe df a0 fe df a0 fe df a0 
01d060  fe df a0 fe df a0 fe df a0 fe df a0 fe df a0 fe 
01d070  df a0 fe df a0 fe df a0 fe df a0 fe df a0 fe df 
01d080  a0 fe df a0 fe df a0 fe df a0 fe df a0 fe df a0 
01d090  fe df a0 fe df a0 fe df a0 fe df a0 fe df a0 fe 
01d0a0  df a0 fe df a0 fe df a0 fe df a0 fe df a0 fe df 
01d0b0  a0 fe df a0 fe df a0 fe df a0 fe df a0 fe df a0 
01d0c0  fe df a0 fe df a0 fe df a0 fe df a0 fe df a0 fe 
01d0d0  df a0 fe df a0 fe df a0 fe df a0 fe df a0 fe df 
01d0e0  a0 fe df a0 fe df a0 fe df a0 fe df a0 fe df a0 
01d0f0  fe df a0 fe df a0 fe df a0 fe df a0 fe df a0 fe 
01d100  df a0 fe df a0 fe df a0 fe df a0 fe df a0 fe df 
01d110  a0 fe df a0 fe df a0 fe df a0 fe df a0 fe df a0 
01d120  fe df a0 fe df a0 fe df a0 fe df a0 fe df a0 fe 
01d130  df a0 fe df a0 fe df a0 fe df a0 fe df a0 fe df 
01d140  a0 fe df a0 fe df a0 fe df a0 fe df a0 fe df a0 
01d150  fe df a0 fe df a0 fe df a0 fe df a0 fe df a0 fe 
01d160  df a0 fe df a0 fe df a0 fe df a0 fe df a0 fe df 
01d170  a0 fe df a0 fe df a0 fe df a0 fe df a0 fe df a0 
01d180  fe df a0 fe df a0 fe df a0 fe df a0 fe df a0 fe 
01d190  df a0 fe df a0 fe df a0 fe df a0 fe df a0 fe df 
01d1a0  a0 fe df a0 fe df a0 fe df a0 fe df a0 fe df a0 
01d1b0  fe df a0 fe df a0 fe df a0 fe df a0 fe df a0 fe 
01d1c0  df a0 fe df a0 fe df a0 fe df a0 fe df a0 fe df 
01d1d0  a0 fe df a0 fe df a0 fe df a0 fe df a0 fe df a0 
01d1e0  fe df a0 fe df a0 fe df a0 fe df a0 fe df a0 fe 
01d1f0  df a0 fe df a0 fe df a0 fe df a0 fe df a0 fe df 
01d200  a0 fe df a0 fe df a0 fe df a0 fe df a0 fe df a0 
01d210  fe df a0 fe df a0 fe df a0 fe df a0 fe df a0 fe 
01d220  df a0 fe df a0 fe df a0 fe df a0 fe df a0 fe df 
01d230  a0 fe df a0 fe df a0 fe df a0 fe df a0 fe df a0 
01d240  fe df a0 fe df a0 fe df a0 fe df a0 fe df a0 fe 
01d250  df a0 fe df a0 fe df a0 fe df a0 fe df a0 fe df 
01d260  a0 fe df a0 fe df a0 fe df a0 fe df a0 fe df a0 
01d270  fe df a0 fe df a0 fe df a0 fe df a0 fe df a0 fe 
01d280  df a0 fe df a0 fe df a0 fe df a0 fe df a0 fe df 
01d290  a0 fe df a0 fe df a0 fe df a0 fe df a0 fe df a0 
01d2a0  fe df a0 fe df a0 fe df a0 fe df a0 fe df a0 fe 
01d2b0  df a0 fe df a0 fe df a0 fe df a0 fe df a0 fe df 
01d2c0  a0 fe df a0 fe df a0 fe df a0 fe df a0 fe df a0 
01d2d0  fe df a0 fe df a0 fe df a0 fe df a0 fe df a0 fe 
01d2e0  df a0 fe df a0 fe df a0 fe df a0 fe df a0 fe df 
01d2f0  a0 fe df a0 fe df a0 fe df a0 fe df a0 fe df a0 
01d300  fe df a0 fe df a0 fe df a0 fe df a0 fe df a0 fe 
01d310  df a0 fe df a0 fe df a0 fe df a0 fe df a0 fe df 
01d320  a0 fe df a0 fe df a0 fe df a0 fe df a0 fe df a0 
01d330  fe df a0 fe df a0 fe df a0 fe df a0 fe df a0 fe 
01d340  df a0 fe df a0 fe df a0 fe df a0 fe df a0 fe df 
01d350  a0 fe df a0 fe df a0 fe df a0 fe df a0 fe df a0 
01d360  fe df a0 fe df a0 fe df a0 fe df a0 fe df a0 fe 
01d370  df a0 fe df a0 fe df a0 fe df a0 fe df a0 fe df 
01d380  a0 fe df a0 fe df a0 fe df a0 fe df a0 fe df a0 
01d390  fe df a0 fe df a0 fe df a0 fe df a0 fe df a0 fe 
01d3a0  df a0 fe df a0 fe df a0 fe df a0 fe df a0 fe df 
01d3b0  a0 fe df a0 fe df a0 fe df a0 fe df a0 fe df a0 
01d3c0  fe df a0 fe df a0 fe df a0 fe df a0 fe df a0 fe 
01d3d0  df a0 fe df a0 fe df a0 fe df a0 fe df a0 fe df 
01d3e0  a0 fe df a0 fe df a0 fe df a0 fe df a0 fe df a0 
01d3f0  fe df a0 fe df a0 fe df a0 fe df a0 fe df a0 fe 
01d400  df a0 fe df a0 fe df a0 fe df a0 fe df a0 fe df 
01d410  a0 fe df a0 fe df a0 fe df a0 fe df a0 fe df a0 
01d420  fe df a0 fe df a0 fe df a0 fe df a0 fe df a0 fe 
01d430  df a0 fe df a0 fe df a0 fe df a0 fe df a0 fe df 
01d440  a0 fe df a0 fe df a0 fe df a0 fe df a0 fe df a0 
01d450  fe df a0 fe df a0 fe df a0 fe df a0 fe df a0 fe 
01d460  df a0 fe df a0 fe df a0 fe df a0 fe df a0 fe df 
01d470  a0 fe df a0 fe df a0 fe df a0 fe df a0 fe df a0 
01d480  fe df a0 fe df a0 fe df a0 fe df a0 fe df a0 fe 
01d490  df a0 fe df a0 fe df a0 fe df a0 fe df a0 fe df 
01d4a0  a0 fe df a0 fe df a0 fe df a0 fe df a0 fe df a0 
01d4b0  fe df a0 fe df a0 fe df a0 fe df a0 fe df a0 fe 
01d4c0  df a0 fe df a0 fe df a0 fe df a0 fe df a0 fe df 
01d4d0  a0 fe df a0 fe df a0 fe df a0 fe df a0 fe df a0 
01d4e0  fe df a0 fe df a0 fe df a0 fe df a0 fe df a0 fe 
01d4f0  df a0 fe df a0 fe df a0 fe df a0 fe df a0 fe df 
01d500  a0 fe df a0 fe df a0 fe df a0 fe df a0 fe df a0 
01d510  fe df a0 fe df a0 fe df a0 fe df a0 fe df a0 fe 
01d520  df a0 fe df a0 fe df a0 fe df a0 fe df a0 fe df 
01d530  a0 fe df a0 fe df a0 fe df a0 fe df a0 fe df a0 
01d540  fe df a0 fe df a0 fe df a0 fe df a0 fe df a0 fe 
01d550  df a0 fe df a0 fe df a0 fe df a0 fe df a0 fe df 
01d560  a0 fe df a0 fe df a0 fe df a0 fe df a0 fe df a0 
01d570  fe df a0 fe df a0 fe df a0 fe df a0 fe df a0 fe 
01d580  df a0 fe df a0 fe df a0 fe df a0 fe df a0 fe df 
01d590  a0 fe df a0 fe df a0 fe df a0 fe df a0 fe df a0 
01d5a0  fe df a0 fe df a0 fe df a0 fe df a0 fe df a0 fe 
01d5b0  df a0 fe df a0 fe df a0 fe df a0 fe df a0 fe df 
01d5c0  a0 fe df a0 fe df a0 fe df a0 fe df a0 fe df a0 
01d5d0  fe df a0 fe df a0 fe df a0 fe df a0 fe df a0 fe 
01d5e0  df a0 fe df a0 fe df a0 fe df a0 fe df a0 fe df 
01d5f0  a0 fe df a0 fe df a0 fe df a0 fe df a0 fe df a0 
01d600  fe df a0 fe df a0 fe df a0 fe df a0 fe df a0 fe 
01d610  df a0 fe df a0 fe df a0 fe df a0 fe df a0 fe df 
01d620  a0 fe df a0 fe df a0 fe df a0 fe df a0 fe df a0 
01d630  fe df a0 fe df a0 fe df a0 fe df a0 fe df a0 fe 
01d640  df a0 fe df a0 fe df a0 fe df a0 fe df a0 fe df 
01d650  a0 fe df a0 fe df a0 fe df a0 fe df a0 fe df a0 
01d660  fe df a0 fe df a0 fe df a0 fe df a0 fe df a0 fe 
01d670  df a0 fe df a0 fe df a0 fe df a0 fe df a0 fe df 
01d680  a0 fe df a0 fe df a0 fe df a0 fe df a0 fe df a0 
01d690  fe df a0 fe df a0 fe df a0 fe df a0 fe df a0 fe 
01d6a0  df a0 fe df a0 fe df a0 fe df a0 fe df a0 fe df 
01d6b0  a0 fe df a0 fe df a0 fe df a0 fe df a0 fe df a0 
01d6c0  fe df a0 fe df a0 fe df a0 fe df a0 fe df a0 fe 
01d6d0  df a0 fe df a0 fe df a0 fe df a0 fe df a0 fe df 
01d6e0  a0 fe df a0 fe df a0 fe df a0 fe df a0 fe df a0 
01d6f0  fe df a0 fe df a0 fe df a0 fe df a0 fe df a0 fe 
01d700  df a0 fe df a0 fe df a0 fe df a0 fe df a0 fe df 
01d710  a0 fe df a0 fe df a0 fe df a0 fe df a0 fe df a0 
01d720  fe df a0 fe df a0 fe df a0 fe df a0 fe df a0 fe 
01d730  df a0 fe df a0 fe df a0 fe df a0 fe df a0 fe df 
01d740  a0 fe df a0 fe df a0 fe df a0 fe df a0 fe df a0 
01d750  fe df a0 fe df a0 fe df a0 fe df a0 fe df a0 fe 
01d760  df a0 fe df a0 fe df a0 fe df a0 fe df a0 fe df 
01d770  a0 fe df a0 fe df a0 fe df a0 fe df a0 fe df a0 
01d780  fe df a0 fe df a0 fe df a0 fe df a0 fe df a0 fe 
01d790  df a0 fe df a0 fe df a0 fe df a0 fe df a0 fe df 
01d7a0  a0 fe df a0 fe df a0 fe df a0 fe df a0 fe df a0 
01d7b0  fe df a0 fe df a0 fe df a0 fe df a0 fe df a0 fe 
01d7c0  df a0 fe df a0 fe df a0 fe df a0 fe df a0 fe df 
01d7d0  a0 fe df a0 fe df a0 fe df a0 fe df a0 fe df a0 
01d7e0  fe df a0 fe df a0 fe df a0 fe df a0 fe df a0 fe 
01d7f0  df a0 fe df a0 fe df a0 fe df a0 fe df a0 fe df 
01d800  a0 fe df a0 fe df a0 fe df a0 fe df a0 fe df a0 
01d810  fe df a0 fe df a0 fe df a0 fe df a0 fe df a0 fe 
01d820  df a0 fe df a0 fe df a0 fe df a0 fe df a0 fe df 
01d830  a0 fe df a0 fe df a0 fe df a0 fe df a0 fe df a0 
01d840  fe df a0 fe df a0 fe df a0 fe df a0 fe df a0 fe 
01d850  df a0 fe df a0 fe df a0 fe df a0 fe df a0 fe df 
01d860  a0 fe df a0 fe df a0 fe df a0 fe df a0 fe df a0 
01d870  fe df a0 fe df a0 fe df a0 fe df a0 fe df a0 fe 
01d880  df a0 fe df a0 fe df a0 fe df a0 fe df a0 fe df 
01d890  a0 fe df a0 fe df a0 fe df a0 fe df a0 fe df a0 
01d8a0  fe df a0 fe df a0 fe df a0 fe df a0 fe df a0 fe 
01d8b0  df a0 fe df a0 fe df a0 fe df a0 fe df a0 fe df 
01d8c0  a0 fe df a0 fe df a0 fe df a0 fe df a0 fe df a0 
01d8d0  fe df a0 fe df a0 fe df a0 fe df a0 fe df a0 fe 
01d8e0  df a0 fe df a0 fe df a0 fe df a0 fe df a0 fe df 
01d8f0  a0 fe df a0 fe df a0 fe df a0 fe df a0 fe df a0 
01d900  fe df a0 fe df a0 fe df a0 fe df a0 fe df a0 fe 
01d910  df a0 fe df a0 fe df a0 fe df a0 fe df a0 fe df 
01d920  a0 fe df a0 fe df a0 fe df a0 fe df a0 fe df a0 
01d930  fe df a0 fe df a0 fe df a0 fe df a0 fe df a0 fe 
01d940  df a0 fe df a0 fe df a0 fe df a0 fe df a0 fe df 
01d950  a0 fe df a0 fe df a0 fe df a0 fe df a0 fe df a0 
01d960  fe df a0 fe df a0 fe df a0 fe df a0 fe df a0 fe 
01d970  df a0 fe df a0 fe df a0 fe df a0 fe df a0 fe df 
01d980  a0 fe df a0 fe df a0 fe df a0 fe df a0 fe df a0 
01d990  fe df a0 fe df a0 fe df a0 fe df a0 fe df a0 fe 
01d9a0  df a0 fe df a0 fe df a0 fe df a0 fe df a0 fe df 
01d9b0  a0 fe df a0 fe df a0 fe df a0 fe df a0 fe df a0 
01d9c0  fe df a0 fe df a0 fe df a0 fe df a0 fe df a0 fe 
01d9d0  df a0 fe df a0 fe df a0 fe df a0 fe df a0 fe df 
01d9e0  a0 fe df a0 fe df a0 fe df a0 fe df a0 fe df a0 
01d9f0  fe df a0 fe df a0 fe df a0 fe df a0 fe df a0 fe 
01da00  df a0 fe df a0 fe df a0 fe df a0 fe df a0 fe df 
01da10  a0 fe df a0 fe df a0 fe df a0 fe df a0 fe df a0 
01da20  fe df a0 fe df a0 fe df a0 fe df a0 fe df a0 fe 
01da30  df a0 fe df a0 fe df a0 fe df a0 fe df a0 fe df 
01da40  a0 fe df a0 fe df a0 fe df a0 fe df a0 fe df a0 
01da50  fe df a0 fe df a0 fe df a0 fe df a0 fe df a0 fe 
01da60  df a0 fe df a0 fe df a0 fe df a0 fe df a0 fe df 
01da70  a0 fe df a0 fe df a0 fe df a0 fe df a0 fe df a0 
01da80  fe df a0 fe df a0 fe df a0 fe df a0 fe df a0 fe 
01da90  df a0 fe df a0 fe df a0 fe df a0 fe df a0 fe df 
01daa0  a0 fe df a0 fe df a0 fe df a0 fe df a0 fe df a0 
01dab0  fe df a0 fe df a0 fe df a0 fe df a0 fe df a0 fe 
01dac0  df a0 fe df a0 fe df a0 fe df a0 fe df a0 fe df 
01dad0  a0 fe df a0 fe df a0 fe df a0 fe df a0 fe df a0 
01dae0  fe df a0 fe df a0 fe df a0 fe df a0 fe df a0 fe 
01daf0  df a0 fe df a0 fe df a0 fe df a0 fe df a0 fe df 
01db00  a0 fe df a0 fe df a0 fe df a0 fe df a0 fe df a0 
01db10  fe df a0 fe df a0 fe df a0 fe df a0 fe df a0 fe 
01db20  df a0 fe df a0 fe df a0 fe df a0 fe df a0 fe df 
01db30  a0 fe df a0 fe df a0 fe df a0 fe df a0 fe df a0 
01db40  fe df a0 fe df a0 fe df a0 fe df a0 fe df a0 fe 
01db50  df a0 fe df a0 fe df a0 fe df a0 fe df a0 fe df 
01db60  a0 fe df a0 fe df a0 fe df a0 fe df a0 fe df a0 
01db70  fe df a0 fe df a0 fe df a0 fe df a0 fe df a0 fe 
01db80  df a0 fe df a0 fe df a0 fe df a0 fe df a0 fe df 
01db90  a0 fe df a0 fe df a0 fe df a0 fe df a0 fe df a0 
01dba0  fe df a0 fe df a0 fe df a0 fe df a0 fe df a0 fe 
01dbb0  df a0 fe df a0 fe df a0 fe df a0 fe df a0 fe df 
01dbc0  a0 fe df a0 fe df a0 fe df a0 fe df a0 fe df a0 
01dbd0  fe df a0 fe df a0 fe df a0 fe df a0 fe df a0 fe 
01dbe0  df a0 fe df a0 fe df a0 fe df a0 fe df a0 fe df 
01dbf0  a0 fe df a0 fe df a0 fe df a0 fe df a0 fe df a0 
01dc00  fe df a0 fe df a0 fe df a0 fe df a0 fe df a0 fe 
01dc10  df a0 fe df a0 fe df a0 fe df a0 fe df a0 fe df 
01dc20  a0 fe df a0 fe df a0 fe df a0 fe df a0 fe df a0 
01dc30  fe df a0 fe df a0 fe df a0 fe df a0 fe df a0 fe 
01dc40  df a0 fe df a0 fe df a0 fe df a0 fe df a0 fe df 
01dc50  a0 fe df a0 fe df a0 fe df a0 fe df a0 fe df a0 
01dc60  fe df a0 fe df a0 fe df a0 fe df a0 fe df a0 fe 
01dc70  df a0 fe df a0 fe df a0 fe df a0 fe df a0 fe df 
01dc80  a0 fe df a0 fe df a0 fe df a0 fe df a0 fe df a0 
01dc90  fe df a0 fe df a0 fe df a0 fe df a0 fe df a0 fe 
01dca0  df a0 fe df a0 fe df a0 fe df a0 fe df a0 fe df 
01dcb0  a0 fe df a0 fe df a0 fe df a0 fe df a0 fe df a0 
01dcc0  fe df a0 fe df a0 fe df a0 fe df a0 fe df a0 fe 
01dcd0  df a0 fe df a0 fe df a0 fe df a0 fe df a0 fe df 
01dce0  a0 fe df a0 fe df a0 fe df a0 fe df a0 fe df a0 
01dcf0  fe df a0 fe df a0 fe df a0 fe df a0 fe df a0 fe 
01dd00  df a0 fe df a0 fe df a0 fe df a0 fe df a0 fe df 
01dd10  a0 fe df a0 fe df a0 fe df a0 fe df a0 fe df a0 
01dd20  fe df a0 fe df a0 fe df a0 fe df a0 fe df a0 fe 
01dd30  df a0 fe df a0 fe df a0 fe df a0 fe df a0 fe df 
01dd40  a0 fe df a0 fe df a0 fe df a0 fe df a0 fe df a0 
01dd50  fe df a0 fe df a0 fe df a0 fe df a0 fe df a0 fe 
01dd60  df a0 fe df a0 fe df a0 fe df a0 fe df a0 fe df 
01dd70  a0 fe df a0 fe df a0 fe df a0 fe df a0 fe df a0 
01dd80  fe df a0 fe df a0 fe df a0 fe df a0 fe df a0 fe 
01dd90  df a0 fe df a0 fe df a0 fe df a0 fe df a0 fe df 
01dda0  a0 fe df a0 fe df a0 fe df a0 fe df a0 fe df a0 
01ddb0  fe df a0 fe df a0 fe df a0 fe df a0 fe df a0 fe 
01ddc0  df a0 fe df a0 fe df a0 fe df a0 fe df a0 fe df 
01ddd0  a0 fe df a0 fe df a0 fe df a0 fe df a0 fe df a0 
01dde0  fe df a0 fe df a0 fe df a0 fe df a0 fe df a0 fe 
01ddf0  df a0 fe df a0 fe df a0 fe df a0 fe df a0 fe df 
01de00  a0 fe df a0 fe df a0 fe df a0 fe df a0 fe df a0 
01de10  fe df a0 fe df a0 fe df a0 fe df a0 fe df a0 fe 
01de20  df a0 fe df a0 fe df a0 fe df a0 fe df a0 fe df 
01de30  a0 fe df a0 fe df a0 fe df a0 fe df a0 fe df a0 
01de40  fe df a0 fe df a0 fe df a0 fe df a0 fe df a0 fe 
01de50  df a0 fe df a0 fe df a0 fe df a0 fe df a0 fe df 
01de60  a0 fe df a0 fe df a0 fe df a0 fe df a0 fe df a0 
01de70  fe df a0 fe df a0 fe df a0 fe df a0 fe df a0 fe 
01de80  df a0 fe df a0 fe df a0 fe df a0 fe df a0 fe df 
01de90  a0 fe df a0 fe df a0 fe df a0 fe df a0 fe df a0 
01dea0  fe df a0 fe df a0 fe df a0 fe df a0 fe df a0 fe 
01deb0  df a0 fe df a0 fe df a0 fe df a0 fe df a0 fe df 
01dec0  a0 fe df a0 fe df a0 fe df a0 fe df a0 fe df a0 
01ded0  fe df a0 fe df a0 fe df a0 fe df a0 fe df a0 fe 
01dee0  df a0 fe df a0 fe df a0 fe df a0 fe df a0 fe df 
01def0  a0 fe df a0 fe df a0 fe df a0 fe df a0 fe df a0 
01df00  fe df a0 fe df a0 fe df a0 fe df a0 fe df a0 fe 
01df10  df a0 fe df a0 fe df a0 fe df a0 fe df a0 fe df 
01df20  a0 fe df a0 fe df a0 fe df a0 fe df a0 fe df a0 
01df30  fe df a0 fe df a0 fe df a0 fe df a0 fe df a0 fe 
01df40  df a0 fe df a0 fe df a0 fe df a0 fe df a0 fe df 
01df50  a0 fe df a0 fe df a0 fe df a0 fe df a0 fe df a0 
01df60  fe df a0 fe df a0 fe df a0 fe df a0 fe df a0 fe 
01df70  df a0 fe df a0 fe df a0 fe df a0 fe df a0 fe df 
01df80  a0 fe df a0 fe df a0 fe df a0 fe df a0 fe df a0 
01df90  fe df a0 fe df a0 fe df a0 fe df a0 fe df a0 fe 
01dfa0  df a0 fe df a0 fe df a0 fe df a0 fe df a0 fe df 
01dfb0  a0 fe df a0 fe df a0 fe df a0 fe df a0 fe df a0 
01dfc0  fe df a0 fe df a0 fe df a0 fe df a0 fe df a0 fe 
01dfd0  df a0 fe df a0 fe df a0 fe df a0 fe df a0 fe df 
01dfe0  a0 fe df a0 fe df a0 fe df a0 fe df a0 fe df a0 
01dff0  fe df a0 fe df a0 fe df a0 fe df a0 fe df a0 fe 
01e000  df a0 fe df a0 fe df a0 fe df a0 fe df a0 fe df 
01e010  a0 fe df a0 fe df a0 fe df a0 fe df a0 fe df a0 
01e020  fe df a0 fe df a0 fe df a0 fe df a0 fe df a0 fe 
01e030  df a0 fe df a0 fe df a0 fe df a0 fe df a0 fe df 
01e040  a0 fe df a0 fe df a0 fe df a0 fe df a0 fe df a0 
01e050  fe df a0 fe df a0 fe df a0 fe df a0 fe df a0 fe 
01e060  df a0 fe df a0 fe df a0 fe df a0 fe df a0 fe df 
01e070  a0 fe df a0 fe df a0 fe df a0 fe df a0 fe df a0 
01e080  fe df a0 fe df a0 fe df a0 fe df a0 fe df a0 fe 
01e090  df a0 fe df a0 fe df a0 fe df a0 fe df a0 fe df 
01e0a0  a0 fe df a0 fe df a0 fe df a0 fe df a0 fe df a0 
01e0b0  fe df a0 fe df a0 fe df a0 fe df a0 fe df a0 fe 
01e0c0  df a0 fe df a0 fe df a0 fe df a0 fe df a0 fe df 
01e0d0  a0 fe df a0 fe df a0 fe df a0 fe df a0 fe df a0 
01e0e0  fe df a0 fe df a0 fe df a0 fe df a0 fe df a0 fe 
01e0f0  df a0 fe df a0 fe df a0 fe df a0 fe df a0 fe df 
01e100  a0 fe df a0 fe df a0 fe df a0 fe df a0 fe df a0 
01e110  fe df a0 fe df a0 fe df a0 fe df a0 fe df a0 fe 
01e120  df a0 fe df a0 fe df a0 fe df a0 fe df a0 fe df 
01e130  a0 fe df a0 fe df a0 fe df a0 fe df a0 fe df a0 
01e140  fe df a0 fe df a0 fe df a0 fe df a0 fe df a0 fe 
01e150  df a0 fe df a0 fe df a0 fe df a0 fe df a0 fe df 
01e160  a0 fe df a0 fe df a0 fe df a0 fe df a0 fe df a0 
01e170  fe df a0 fe df a0 fe df a0 fe df a0 fe df a0 fe 
01e180  df a0 fe df a0 fe df a0 fe df a0 fe df a0 fe df 
01e190  a0 fe df a0 fe df a0 fe df a0 fe df a0 fe df a0 
01e1a0  fe df a0 fe df a0 fe df a0 fe df a0 fe df a0 fe 
01e1b0  df a0 fe df a0 fe df a0 fe df a0 fe df a0 fe df 
01e1c0  a0 fe df a0 fe df a0 fe df a0 fe df a0 fe df a0 
01e1d0  fe df a0 fe df a0 fe df a0 fe df a0 fe df a0 fe 
01e1e0  df a0 fe df a0 fe df a0 fe df a0 fe df a0 fe df 
01e1f0  a0 fe df a0 fe df a0 fe df a0 fe df a0 fe df a0 
01e200  fe df a0 fe df a0 fe df a0 fe df a0 fe df a0 fe 
01e210  df a0 fe df a0 fe df a0 fe df a0 fe df a0 fe df 
01e220  a0 fe df a0 fe df a0 fe df a0 fe df a0 fe df a0 
01e230  fe df a0 fe df a0 fe df a0 fe df a0 fe df a0 fe 
01e240  df a0 fe df a0 fe df a0 fe df a0 fe df a0 fe df 
01e250  a0 fe df a0 fe df a0 fe df a0 fe df a0 fe df a0 
01e260  fe df a0 fe df a0 fe df a0 fe df a0 fe df a0 fe 
01e270  df a0 fe df a0 fe df a0 fe df a0 fe df a0 fe df 
01e280  a0 fe df a0 fe df a0 fe df a0 fe df a0 fe df a0 
01e290  fe df a0 fe df a0 fe df a0 fe df a0 fe df a0 fe 
01e2a0  df a0 fe df a0 fe df a0 fe df a0 fe df a0 fe df 
01e2b0  a0 fe df a0 fe df a0 fe df a0 fe df a0 fe df a0 
01e2c0  fe df a0 fe df a0 fe df a0 fe df a0 fe df a0 fe 
01e2d0  df a0 fe df a0 fe df a0 fe df a0 fe df a0 fe df 
01e2e0  a0 fe df a0 fe df a0 fe df a0 fe df a0 fe df a0 
01e2f0  fe df a0 fe df a0 fe df a0 fe df a0 fe df a0 fe 
01e300  df a0 fe df a0 fe df a0 fe df a0 fe df a0 fe df 
01e310  a0 fe df a0 fe df a0 fe df a0 fe df a0 fe df a0 
01e320  fe df a0 fe df a0 fe df a0 fe df a0 fe df a0 fe 
01e330  df a0 fe df a0 fe df a0 fe df a0 fe df a0 fe df 
01e340  a0 fe df a0 fe df a0 fe df a0 fe df a0 fe df a0 
01e350  fe df a0 fe df a0 fe df a0 fe df a0 fe df a0 fe 
01e360  df a0 fe df a0 fe df a0 fe df a0 fe df a0 fe df 
01e370  a0 fe df a0 fe df a0 fe df a0 fe df a0 fe df a0 
01e380  fe df a0 fe df a0 fe df a0 fe df a0 fe df a0 fe 
01e390  df a0 fe df a0 fe df a0 fe df a0 fe df a0 fe df 
01e3a0  a0 fe df a0 fe df a0 fe df a0 fe df a0 fe df a0 
01e3b0  fe df a0 fe df a0 fe df a0 fe df a0 fe df a0 fe 
01e3c0  df a0 fe df a0 fe df a0 fe df a0 fe df a0 fe df 
01e3d0  a0 fe df a0 fe df a0 fe df a0 fe df a0 fe df a0 
01e3e0  fe df a0 fe df a0 fe df a0 fe df a0 fe df a0 fe 
01e3f0  df a0 fe df a0 fe df a0 fe df a0 fe df a0 fe df 
01e400  a0 fe df a0 fe df a0 fe df a0 fe df a0 fe df a0 
01e410  fe df a0 fe df a0 fe df a0 fe df a0 fe df a0 fe 
01e420  df a0 fe df a0 fe df a0 fe df a0 fe df a0 fe df 
01e430  a0 fe df a0 fe df a0 fe df a0 fe df a0 fe df a0 
01e440  fe df a0 fe df a0 fe df a0 fe df a0 fe df a0 fe 
01e450  df a0 fe df a0 fe df a0 fe df a0 fe df a0 fe df 
01e460  a0 fe df a0 fe df a0 fe df a0 fe df a0 fe df a0 
01e470  fe df a0 fe df a0 fe df a0 fe df a0 fe df a0 fe 
01e480  df a0 fe df a0 fe df a0 fe df a0 fe df a0 fe df 
01e490  a0 fe df a0 fe df a0 fe df a0 fe df a0 fe df a0 
01e4a0  fe df a0 fe df a0 fe df a0 fe df a0 fe df a0 fe 
01e4b0  df a0 fe df a0 fe df a0 fe df a0 fe df a0 fe df 
01e4c0  a0 fe df a0 fe df a0 fe df a0 fe df a0 fe df a0 
01e4d0  fe df a0 fe df a0 fe df a0 fe df a0 fe df a0 fe 
01e4e0  df a0 fe df a0 fe df a0 fe df a0 fe df a0 fe df 
01e4f0  a0 fe df a0 fe df a0 fe df a0 fe df a0 fe df a0 
01e500  fe df a0 fe df a0 fe df a0 fe df a0 fe df a0 fe 
01e510  df a0 fe df a0 fe df a0 fe df a0 fe df a0 fe df 
01e520  a0 fe df a0 fe df a0 fe df a0 fe df a0 fe df a0 
01e530  fe df a0 fe df a0 fe df a0 fe df a0 fe df a0 fe 
01e540  df a0 fe df a0 fe df a0 fe df a0 fe df a0 fe df 
01e550  a0 fe df a0 fe df a0 fe df a0 fe df a0 fe df a0 
01e560  fe df a0 fe df a0 fe df a0 fe df a0 fe df a0 fe 
01e570  df a0 fe df a0 fe df a0 fe df a0 fe df a0 fe df 
01e580  a0 fe df a0 fe df a0 fe df a0 fe df a0 fe df a0 
01e590  fe df a0 fe df a0 fe df a0 fe df a0 fe df a0 fe 
01e5a0  df a0 fe df a0 fe df a0 fe df a0 fe df a0 fe df 
01e5b0  a0 fe df a0 fe df a0 fe df a0 fe df a0 fe df a0 
01e5c0  fe df a0 fe df a0 fe df a0 fe df a0 fe df a0 fe 
01e5d0  df a0 fe df a0 fe df a0 fe df a0 fe df a0 fe df 
01e5e0  a0 fe df a0 fe df a0 fe df a0 fe df a0 fe df a0 
01e5f0  fe df a0 fe df a0 fe df a0 fe df a0 fe df a0 fe 
01e600  df a0 fe df a0 fe df a0 fe df a0 fe df a0 fe df 
01e610  a0 fe df a0 fe df a0 fe df a0 fe df a0 fe df a0 
01e620  fe df a0 fe df a0 fe df a0 fe df a0 fe df a0 fe 
01e630  df a0 fe df a0 fe df a0 fe df a0 fe df a0 fe df 
01e640  a0 fe df a0 fe df a0 fe df a0 fe df a0 fe df a0 
01e650  fe df a0 fe df a0 fe df a0 fe df a0 fe df a0 fe 
01e660  df a0 fe df a0 fe df a0 fe df a0 fe df a0 fe df 
01e670  a0 fe df a0 fe df a0 fe df a0 fe df a0 fe df a0 
01e680  fe df a0 fe df a0 fe df a0 fe df a0 fe df a0 fe 
01e690  df a0 fe df a0 fe df a0 fe df a0 fe df a0 fe df 
01e6a0  a0 fe df a0 fe df a0 fe df a0 fe df a0 fe df a0 
01e6b0  fe df a0 fe df a0 fe df a0 fe df a0 fe df a0 fe 
01e6c0  df a0 fe df a0 fe df a0 fe df a0 fe df a0 fe df 
01e6d0  a0 fe df a0 fe df a0 fe df a0 fe df a0 fe df a0 
01e6e0  fe df a0 fe df a0 fe df a0 fe df a0 fe df a0 fe 
01e6f0  df a0 fe df a0 fe df a0 fe df a0 fe df a0 fe df 
01e700  a0 fe df a0 fe df a0 fe df a0 fe df a0 fe df a0 
01e710  fe df a0 fe df a0 fe df a0 fe df a0 fe df a0 fe 
01e720  df a0 fe df a0 fe df a0 fe df a0 fe df a0 fe df 
01e730  a0 fe df a0 fe df a0 fe df a0 fe df a0 fe df a0 
01e740  fe df a0 fe df a0 fe df a0 fe df a0 fe df a0 fe 
01e750  df a0 fe df a0 fe df a0 fe df a0 fe df a0 fe df 
01e760  a0 fe df a0 fe df a0 fe df a0 fe df a0 fe df a0 
01e770  fe df a0 fe df a0 fe df a0 fe df a0 fe df a0 fe 
01e780  df a0 fe df a0 fe df a0 fe df a0 fe df a0 fe df 
01e790  a0 fe df a0 fe df a0 fe df a0 fe df a0 fe df a0 
01e7a0  fe df a0 fe df a0 fe df a0 fe df a0 fe df a0 fe 
01e7b0  df a0 fe df a0 fe df a0 fe df a0 fe df a0 fe df 
01e7c0  a0 fe df a0 fe df a0 fe df a0 fe df a0 fe df a0 
01e7d0  fe df a0 fe df a0 fe df a0 fe df a0 fe df a0 fe 
01e7e0  df a0 fe df a0 fe df a0 fe df a0 fe df a0 fe df 
01e7f0  a0 fe df a0 fe df a0 fe df a0 fe df a0 fe df a0 
01e800  fe df a0 fe df a0 fe df a0 fe df a0 fe df a0 fe 
01e810  df a0 fe df a0 fe df a0 fe df a0 fe df a0 fe df 
01e820  a0 fe df a0 fe df a0 fe df a0 fe df a0 fe df a0 
01e830  fe df a0 fe df a0 fe df a0 fe df a0 fe df a0 fe 
01e840  df a0 fe df a0 fe df a0 fe df a0 fe df a0 fe df 
01e850  a0 fe df a0 fe df a0 fe df a0 fe df a0 fe df a0 
01e860  fe df a0 fe df a0 fe df a0 fe df a0 fe df a0 fe 
01e870  df a0 fe df a0 fe df a0 fe df a0 fe df a0 fe df 
01e880  a0 fe df a0 fe df a0 fe df a0 fe df a0 fe df a0 
01e890  fe df a0 fe df a0 fe df a0 fe df a0 fe df a0 fe 
01e8a0  df a0 fe df a0 fe df a0 fe df a0 fe df a0 fe df 
01e8b0  a0 fe df a0 fe df a0 fe df a0 fe df a0 fe df a0 
01e8c0  fe df a0 fe df a0 fe df a0 fe df a0 fe df a0 fe 
01e8d0  df a0 fe df a0 fe df a0 fe df a0 fe df a0 fe df 
01e8e0  a0 fe df a0 fe df a0 fe df a0 fe df a0 fe df a0 
01e8f0  fe df a0 fe df a0 fe df a0 fe df a0 fe df a0 fe 
01e900  df a0 fe df a0 fe df a0 fe df a0 fe df a0 fe df 
01e910  a0 fe df a0 fe df a0 fe df a0 fe df a0 fe df a0 
01e920  fe df a0 fe df a0 fe df a0 fe df a0 fe df a0 fe 
01e930  df a0 fe df a0 fe df a0 fe df a0 fe df a0 fe df 
01e940  a0 fe df a0 fe df a0 fe df a0 fe df a0 fe df a0 
01e950  fe df a0 fe df a0 fe df a0 fe df a0 fe df a0 fe 
01e960  df a0 fe df a0 fe df a0 fe df a0 fe df a0 fe df 
01e970  a0 fe df a0 fe df a0 fe df a0 fe df a0 fe df a0 
01e980  fe df a0 fe df a0 fe df a0 fe df a0 fe df a0 fe 
01e990  df a0 fe df a0 fe df a0 fe df a0 fe df a0 fe df 
01e9a0  a0 fe df a0 fe df a0 fe df a0 fe df a0 fe df a0 
01e9b0  fe df a0 fe df a0 fe df a0 fe df a0 fe df a0 fe 
01e9c0  df a0 fe df a0 fe df a0 fe df a0 fe df a0 fe df 
01e9d0  a0 fe df a0 fe df a0 fe df a0 fe df a0 fe df a0 
01e9e0  fe df a0 fe df a0 fe df a0 fe df a0 fe df a0 fe 
01e9f0  df a0 fe df a0 fe df a0 fe df a0 fe df a0 fe df 
01ea00  a0 fe df a0 fe df a0 fe df a0 fe df a0 fe df a0 
01ea10  fe df a0 fe df a0 fe df a0 fe df a0 fe df a0 fe 
01ea20  df a0 fe df a0 fe df a0 fe df a0 fe df a0 fe df 
01ea30  a0 fe df a0 fe df a0 fe df a0 fe df a0 fe df a0 
01ea40  fe df a0 fe df a0 fe df a0 fe df a0 fe df a0 fe 
01ea50  df a0 fe df a0 fe df a0 fe df a0 fe df a0 fe df 
01ea60  a0 fe df a0 fe df a0 fe df a0 fe df a0 fe df a0 
01ea70  fe df a0 fe df a0 fe df a0 fe df a0 fe df a0 fe 
01ea80  df a0 fe df a0 fe df a0 fe df a0 fe df a0 fe df 
01ea90  a0 fe df a0 fe df a0 fe df a0 fe df a0 fe df a0 
01eaa0  fe df a0 fe df a0 fe df a0 fe df a0 fe df a0 fe 
01eab0  df a0 fe df a0 fe df a0 fe df a0 fe df a0 fe df 
01eac0  a0 fe df a0 fe df a0 fe df a0 fe df a0 fe df a0 
01ead0  fe df a0 fe df a0 fe df a0 fe df a0 fe df a0 fe 
01eae0  df a0 fe df a0 fe df a0 fe df a0 fe df a0 fe df 
01eaf0  a0 fe df a0 fe df a0 fe df a0 fe df a0 fe df a0 
01eb00  fe df a0 fe df a0 fe df a0 fe df a0 fe df a0 fe 
01eb10  df a0 fe df a0 fe df a0 fe df a0 fe df a0 fe df 
01eb20  a0 fe df a0 fe df a0 fe df a0 fe df a0 fe df a0 
01eb30  fe df a0 fe df a0 fe df a0 fe df a0 fe df a0 fe 
01eb40  df a0 fe df a0 fe df a0 fe df a0 fe df a0 fe df 
01eb50  a0 fe df a0 fe df a0 fe df a0 fe df a0 fe df a0 
01eb60  fe df a0 fe df a0 fe df a0 fe df a0 fe df a0 fe 
01eb70  df a0 fe df a0 fe df a0 fe df a0 fe df a0 fe df 
01eb80  a0 fe df a0 fe df a0 fe df a0 fe df a0 fe df a0 
01eb90  fe df a0 fe df a0 fe df a0 fe df a0 fe df a0 fe 
01eba0  df a0 fe df a0 fe df a0 fe df a0 fe df a0 fe df 
01ebb0  a0 fe df a0 fe df a0 fe df a0 fe df a0 fe df a0 
01ebc0  fe df a0 fe df a0 fe df a0 fe df a0 fe df a0 fe 
01ebd0  df a0 fe df a0 fe df a0 fe df a0 fe df a0 fe df 
01ebe0  a0 fe df a0 fe df a0 fe df a0 fe df a0 fe df a0 
01ebf0  fe df a0 fe df a0 fe df a0 fe df a0 fe df a0 fe 
01ec00  df a0 fe df a0 fe df a0 fe df a0 fe df a0 fe df 
01ec10  a0 fe df a0 fe df a0 fe df a0 fe df a0 fe df a0 
01ec20  fe df a0 fe df a0 fe df a0 fe df a0 fe df a0 fe 
01ec30  df a0 fe df a0 fe df a0 fe df a0 fe df a0 fe df 
01ec40  a0 fe df a0 fe df a0 fe df a0 fe df a0 fe df a0 
01ec50  fe df a0 fe df a0 fe df a0 fe df a0 fe df a0 fe 
01ec60  df a0 fe df a0 fe df a0 fe df a0 fe df a0 fe df 
01ec70  a0 fe df a0 fe df a0 fe df a0 fe df a0 fe df a0 
01ec80  fe df a0 fe df a0 fe df a0 fe df a0 fe df a0 fe 
01ec90  df a0 fe df a0 fe df a0 fe df a0 fe df a0 fe df 
01eca0  a0 fe df a0 fe df a0 fe df a0 fe df a0 fe df a0 
01ecb0  fe df a0 fe df a0 fe df a0 fe df a0 fe df a0 fe 
01ecc0  df a0 fe df a0 fe df a0 fe df a0 fe df a0 fe df 
01ecd0  a0 fe df a0 fe df a0 fe df a0 fe df a0 fe df a0 
01ece0  fe df a0 fe df a0 fe df a0 fe df a0 fe df a0 fe 
01ecf0  df a0 fe df a0 fe df a0 fe df a0 fe df a0 fe df 
01ed00  a0 fe df a0 fe df a0 fe df a0 fe df a0 fe df a0 
01ed10  fe df a0 fe df a0 fe df a0 fe df a0 fe df a0 fe 
01ed20  df a0 fe df a0 fe df a0 fe df a0 fe df a0 fe df 
01ed30  a0 fe df a0 fe df a0 fe df a0 fe df a0 fe df a0 
01ed40  fe df a0 fe df a0 fe df a0 fe df a0 fe df a0 fe 
01ed50  df a0 fe df a0 fe df a0 fe df a0 fe df a0 fe df 
01ed60  a0 fe df a0 fe df a0 fe df a0 fe df a0 fe df a0 
01ed70  fe df a0 fe df a0 fe df a0 fe df a0 fe df a0 fe 
01ed80  df a0 fe df a0 fe df a0 fe df a0 fe df a0 fe df 
01ed90  a0 fe df a0 fe df a0 fe df a0 fe df a0 fe df a0 
01eda0  fe df a0 fe df a0 fe df a0 fe df a0 fe df a0 fe 
01edb0  df a0 fe df a0 fe df a0 fe df a0 fe df a0 fe df 
01edc0  a0 fe df a0 fe df a0 fe df a0 fe df a0 fe df a0 
01edd0  fe df a0 fe df a0 fe df a0 fe df a0 fe df a0 fe 
01ede0  df a0 fe df a0 fe df a0 fe df a0 fe df a0 fe df 
01edf0  a0 fe df a0 fe df a0 fe df a0 fe df a0 fe df a0 
01ee00  fe df a0 fe df a0 fe df a0 fe df a0 fe df a0 fe 
01ee10  df a0 fe df a0 fe df a0 fe df a0 fe df a0 fe df 
01ee20  a0 fe df a0 fe df a0 fe df a0 fe df a0 fe df a0 
01ee30  fe df a0 fe df a0 fe df a0 fe df a0 fe df a0 fe 
01ee40  df a0 fe df a0 fe df a0 fe df a0 fe df a0 fe df 
01ee50  a0 fe df a0 fe df a0 fe df a0 fe df a0 fe df a0 
01ee60  fe df a0 fe df a0 fe df a0 fe df a0 fe df a0 fe 
01ee70  df a0 fe df a0 fe df a0 fe df a0 fe df a0 fe df 
01ee80  a0 fe df a0 fe df a0 fe df a0 fe df a0 fe df a0 
01ee90  fe df a0 fe df a0 fe df a0 fe df a0 fe df a0 fe 
01eea0  df a0 fe df a0 fe df a0 fe df a0 fe df a0 fe df 
01eeb0  a0 fe df a0 fe df a0 fe df a0 fe df a0 fe df a0 
01eec0  fe df a0 fe df a0 fe df a0 fe df a0 fe df a0 fe 
01eed0  df a0 fe df a0 fe df a0 fe df a0 fe df a0 fe df 
01eee0  a0 fe df a0 fe df a0 fe df a0 fe df a0 fe df a0 
01eef0  fe df a0 fe df a0 fe df a0 fe df a0 fe df a0 fe 
01ef00  df a0 fe df a0 fe df a0 fe df a0 fe df a0 fe df 
01ef10  a0 fe df a0 fe df a0 fe df a0 fe df a0 fe df a0 
01ef20  fe df a0 fe df a0 fe df a0 fe df a0 fe df a0 fe 
01ef30  df a0 fe df a0 fe df a0 fe df a0 fe df a0 fe df 
01ef40  a0 fe df a0 fe df a0 fe df a0 fe df a0 fe df a0 
01ef50  fe df a0 fe df a0 fe df a0 fe df a0 fe df a0 fe 
01ef60  df a0 fe df a0 fe df a0 fe df a0 fe df a0 fe df 
01ef70  a0 fe df a0 fe df a0 fe df a0 fe df a0 fe df a0 
01ef80  fe df a0 fe df a0 fe df a0 fe df a0 fe df a0 fe 
01ef90  df a0 fe df a0 fe df a0 fe df a0 fe df a0 fe df 
01efa0  a0 fe df a0 fe df a0 fe df a0 fe df a0 fe df a0 
01efb0  fe df a0 fe df a0 fe df a0 fe df a0 fe df a0 fe 
01efc0  df a0 fe df a0 fe df a0 fe df a0 fe df a0 fe df 
01efd0  a0 fe df a0 fe df a0 fe df a0 fe df a0 fe df a0 
01efe0  fe df a0 fe df a0 fe df a0 fe df a0 fe df a0 fe 
01eff0  df a0 fe df a0 fe df a0 fe df a0 fe df a0 fe df 
01f000  a0 fe df a0 fe df a0 fe df a0 fe df a0 fe df a0 
01f010  fe df a0 fe df a0 fe df a0 fe df a0 fe df a0 fe 
01f020  df a0 fe df a0 fe df a0 fe df a0 fe df a0 fe df 
01f030  a0 fe df a0 fe df a0 fe df a0 fe df a0 fe df a0 
01f040  fe df a0 fe df a0 fe df a0 fe df a0 fe df a0 fe 
01f050  df a0 fe df a0 fe df a0 fe df a0 fe df a0 fe df 
01f060  a0 fe df a0 fe df a0 fe df a0 fe df a0 fe df a0 
01f070  fe df a0 fe df a0 fe df a0 fe df a0 fe df a0 fe 
01f080  df a0 fe df a0 fe df a0 fe df a0 fe df a0 fe df 
01f090  a0 fe df a0 fe df a0 fe df a0 fe df a0 fe df a0 
01f0a0  fe df a0 fe df a0 fe df a0 fe df a0 fe df a0 fe 
01f0b0  df a0 fe df a0 fe df a0 fe df a0 fe df a0 fe df 
01f0c0  a0 fe df a0 fe df a0 fe df a0 fe df a0 fe df a0 
01f0d0  fe df a0 fe df a0 fe df a0 fe df a0 fe df a0 fe 
01f0e0  df a0 fe df a0 fe df a0 fe df a0 fe df a0 fe df 
01f0f0  a0 fe df a0 fe df a0 fe df a0 fe df a0 fe df a0 
01f100  fe df a0 fe df a0 fe df a0 fe df a0 fe df a0 fe 
01f110  df a0 fe df a0 fe df a0 fe df a0 fe df a0 fe df 
01f120  a0 fe df a0 fe df a0 fe df a0 fe df a0 fe df a0 
01f130  fe df a0 fe df a0 fe df a0 fe df a0 fe df a0 fe 
01f140  df a0 fe df a0 fe df a0 fe df a0 fe df a0 fe df 
01f150  a0 fe df a0 fe df a0 fe df a0 fe df a0 fe df a0 
01f160  fe df a0 fe df a0 fe df a0 fe df a0 fe df a0 fe 
01f170  df a0 fe df a0 fe df a0 fe df a0 fe df a0 fe df 
01f180  a0 fe df a0 fe df a0 fe df a0 fe df a0 fe df a0 
01f190  fe df a0 fe df a0 fe df a0 fe df a0 fe df a0 fe 
01f1a0  df a0 fe df a0 fe df a0 fe df a0 fe df a0 fe df 
01f1b0  a0 fe df a0 fe df a0 fe df a0 fe df a0 fe df a0 
01f1c0  fe df a0 fe df a0 fe df a0 fe df a0 fe df a0 fe 
01f1d0  df a0 fe df a0 fe df a0 fe df a0 fe df a0 fe df 
01f1e0  a0 fe df a0 fe df a0 fe df a0 fe df a0 fe df a0 
01f1f0  fe df a0 fe df a0 fe df a0 fe df a0 fe df a0 fe 
01f200  df a0 fe df a0 fe df a0 fe df a0 fe df a0 fe df 
01f210  a0 fe df a0 fe df a0 fe df a0 fe df a0 fe df a0 
01f220  fe df a0 fe df a0 fe df a0 fe df a0 fe df a0 fe 
01f230  df a0 fe df a0 fe df a0 fe df a0 fe df a0 fe df 
01f240  a0 fe df a0 fe df a0 fe df a0 fe df a0 fe df a0 
01f250  fe df a0 fe df a0 fe df a0 fe df a0 fe df a0 fe 
01f260  df a0 fe df a0 fe df a0 fe df a0 fe df a0 fe df 
01f270  a0 fe df a0 fe df a0 fe df a0 fe df a0 fe df a0 
01f280  fe df a0 fe df a0 fe df a0 fe df a0 fe df a0 fe 
01f290  df a0 fe df a0 fe df a0 fe df a0 fe df a0 fe df 
01f2a0  a0 fe df a0 fe df a0 fe df a0 fe df a0 fe df a0 
01f2b0  fe df a0 fe df a0 fe df a0 fe df a0 fe df a0 fe 
01f2c0  df a0 fe df a0 fe df a0 fe df a0 fe df a0 fe df 
01f2d0  a0 fe df a0 fe df a0 fe df a0 fe df a0 fe df a0 
01f2e0  fe df a0 fe df a0 fe df a0 fe df a0 fe df a0 fe 
01f2f0  df a0 fe df a0 fe df a0 fe df a0 fe df a0 fe df 
01f300  a0 fe df a0 fe df a0 fe df a0 fe df a0 fe df a0 
01f310  fe df a0 fe df a0 fe df a0 fe df a0 fe df a0 fe 
01f320  df a0 fe df a0 fe df a0 fe df a0 fe df a0 fe df 
01f330  a0 fe df a0 fe df a0 fe df a0 fe df a0 fe df a0 
01f340  fe df a0 fe df a0 fe df a0 fe df a0 fe df a0 fe 
01f350  df a0 fe df a0 fe df a0 fe df a0 fe df a0 fe df 
01f360  a0 fe df a0 fe df a0 fe df a0 fe df a0 fe df a0 
01f370  fe df a0 fe df a0 fe df a0 fe df a0 fe df a0 fe 
01f380  df a0 fe df a0 fe df a0 fe df a0 fe df a0 fe df 
01f390  a0 fe df a0 fe df a0 fe df a0 fe df a0 fe df a0 
01f3a0  fe df a0 fe df a0 fe df a0 fe df a0 fe df a0 fe 
01f3b0  df a0 fe df a0 fe df a0 fe df a0 fe df a0 fe df 
01f3c0  a0 fe df a0 fe df a0 fe df a0 fe df a0 fe df a0 
01f3d0  fe df a0 fe df a0 fe df a0 fe df a0 fe df a0 fe 
01f3e0  df a0 fe df a0 fe df a0 fe df a0 fe df a0 fe df 
01f3f0  a0 fe df a0 fe df a0 fe df a0 fe df a0 fe df a0 
01f400  fe df a0 fe df a0 fe df a0 fe df a0 fe df a0 fe 
01f410  df a0 fe df a0 fe df a0 fe df a0 fe df a0 fe df 
01f420  a0 fe df a0 fe df a0 fe df a0 fe df a0 fe df a0 
01f430  fe df a0 fe df a0 fe df a0 fe df a0 fe df a0 fe 
01f440  df a0 fe df a0 fe df a0 fe df a0 fe df a0 fe df 
01f450  a0 fe df a0 fe df a0 fe df a0 fe df a0 fe df a0 
01f460  fe df a0 fe df a0 fe df a0 fe df a0 fe df a0 fe 
01f470  df a0 fe df a0 fe df a0 fe df a0 fe df a0 fe df 
01f480  a0 fe df a0 fe df a0 fe df a0 fe df a0 fe df a0 
01f490  fe df a0 fe df a0 fe df a0 fe df a0 fe df a0 fe 
01f4a0  df a0 fe df a0 fe df a0 fe df a0 fe df a0 fe df 
01f4b0  a0 fe df a0 fe df a0 fe df a0 fe df a0 fe df a0 
01f4c0  fe df a0 fe df a0 fe df a0 fe df a0 fe df a0 fe 
01f4d0  df a0 fe df a0 fe df a0 fe df a0 fe df a0 fe df 
01f4e0  a0 fe df a0 fe df a0 fe df a0 fe df a0 fe df a0 
01f4f0  fe df a0 fe df a0 fe df a0 fe df a0 fe df a0 fe 
01f500  df a0 fe df a0 fe df a0 fe df a0 fe df a0 fe df 
01f510  a0 fe df a0 fe df a0 fe df a0 fe df a0 fe df a0 
01f520  fe df a0 fe df a0 fe df a0 fe df a0 fe df a0 fe 
01f530  df a0 fe df a0 fe df a0 fe df a0 fe df a0 fe df 
01f540  a0 fe df a0 fe df a0 fe df a0 fe df a0 fe df a0 
01f550  fe df a0 fe df a0 fe df a0 fe df a0 fe df a0 fe 
01f560  df a0 fe df a0 fe df a0 fe df a0 fe df a0 fe df 
01f570  a0 fe df a0 fe df a0 fe df a0 fe df a0 fe df a0 
01f580  fe df a0 fe df a0 fe df a0 fe df a0 fe df a0 fe 
01f590  df a0 fe df a0 fe df a0 fe df a0 fe df a0 fe df 
01f5a0  a0 fe df a0 fe df a0 fe df a0 fe df a0 fe df a0 
01f5b0  fe df a0 fe df a0 fe df a0 fe df a0 fe df a0 fe 
01f5c0  df a0 fe df a0 fe df a0 fe df a0 fe df a0 fe df 
01f5d0  a0 fe df a0 fe df a0 fe df a0 fe df a0 fe df a0 
01f5e0  fe df a0 fe df a0 fe df a0 fe df a0 fe df a0 fe 
01f5f0  df a0 fe df a0 fe df a0 fe df a0 fe df a0 fe df 
01f600  a0 fe df a0 fe df a0 fe df a0 fe df a0 fe df a0 
01f610  fe df a0 fe df a0 fe df a0 fe df a0 fe df a0 fe 
01f620  df a0 fe df a0 fe df a0 fe df a0 fe df a0 fe df 
01f630  a0 fe df a0 fe df a0 fe df a0 fe df a0 fe df a0 
01f640  fe df a0 fe df a0 fe df a0 fe df a0 fe df a0 fe 
01f650  df a0 fe df a0 fe df a0 fe df a0 fe df a0 fe df 
01f660  a0 fe df a0 fe df a0 fe df a0 fe df a0 fe df a0 
01f670  fe df a0 fe df a0 fe df a0 fe df a0 fe df a0 fe 
01f680  df a0 fe df a0 fe df a0 fe df a0 fe df a0 fe df 
01f690  a0 fe df a0 fe df a0 fe df a0 fe df a0 fe df a0 
01f6a0  fe df a0 fe df a0 fe df a0 fe df a0 fe df a0 fe 
01f6b0  df a0 fe df a0 fe df a0 fe df a0 fe df a0 fe df 
01f6c0  a0 fe df a0 fe df a0 fe df a0 fe df a0 fe df a0 
01f6d0  fe df a0 fe df a0 fe df a0 fe df a0 fe df a0 fe 
01f6e0  df a0 fe df a0 fe df a0 fe df a0 fe df a0 fe df 
01f6f0  a0 fe df a0 fe df a0 fe df a0 fe df a0 fe df a0 
01f700  fe df a0 fe df a0 fe df a0 fe df a0 fe df a0 fe 
01f710  df a0 fe df a0 fe df a0 fe df a0 fe df a0 fe df 
01f720  a0 fe df a0 fe df a0 fe df a0 fe df a0 fe df a0 
01f730  fe df a0 fe df a0 fe df a0 fe df a0 fe df a0 fe 
01f740  df a0 fe df a0 fe df a0 fe df a0 fe df a0 fe df 
01f750  a0 fe df a0 fe df a0 fe df a0 fe df a0 fe df a0 
01f760  fe df a0 fe df a0 fe df a0 fe df a0 fe df a0 fe 
01f770  df a0 fe df a0 fe df a0 fe df a0 fe df a0 fe df 
01f780  a0 fe df a0 fe df a0 fe df a0 fe df a0 fe df a0 
01f790  fe df a0 fe df a0 fe df a0 fe df a0 fe df a0 fe 
01f7a0  df a0 fe df a0 fe df a0 fe df a0 fe df a0 fe df 
01f7b0  a0 fe df a0 fe df a0 fe df a0 fe df a0 fe df a0 
01f7c0  fe df a0 fe df a0 fe df a0 fe df a0 fe df a0 fe 
01f7d0  df a0 fe df a0 fe df a0 fe df a0 fe df a0 fe df 
01f7e0  a0 fe df a0 fe df a0 fe df a0 fe df a0 fe df a0 
01f7f0  fe df a0 fe df a0 fe df a0 fe df a0 fe df a0 fe 
01f800  df a0 fe df a0 fe df a0 fe df a0 fe df a0 fe df 
01f810  a0 fe df a0 fe df a0 fe df a0 fe df a0 fe df a0 
01f820  fe df a0 fe df a0 fe df a0 fe df a0 fe df a0 fe 
01f830  df a0 fe df a0 fe df a0 fe df a0 fe df a0 fe df 
01f840  a0 fe df a0 fe df a0 fe df a0 fe df a0 fe df a0 
01f850  fe df a0 fe df a0 fe df a0 fe df a0 fe df a0 fe 
01f860  df a0 fe df a0 fe df a0 fe df a0 fe df a0 fe df 
01f870  a0 fe df a0 fe df a0 fe df a0 fe df a0 fe df a0 
01f880  fe df a0 fe df a0 fe df a0 fe df a0 fe df a0 fe 
01f890  df a0 fe df a0 fe df a0 fe df a0 fe df a0 fe df 
01f8a0  a0 fe df a0 fe df a0 fe df a0 fe df a0 fe df a0 
01f8b0  fe df a0 fe df a0 fe df a0 fe df a0 fe df a0 fe 
01f8c0  df a0 fe df a0 fe df a0 fe df a0 fe df a0 fe df 
01f8d0  a0 fe df a0 fe df a0 fe df a0 fe df a0 fe df a0 
01f8e0  fe df a0 fe df a0 fe df a0 fe df a0 fe df a0 fe 
01f8f0  df a0 fe df a0 fe df a0 fe df a0 fe df a0 fe df 
01f900  a0 fe df a0 fe df a0 fe df a0 fe df a0 fe df a0 
01f910  fe df a0 fe df a0 fe df a0 fe df a0 fe df a0 fe 
01f920  df a0 fe df a0 fe df a0 fe df a0 fe df a0 fe df 
01f930  a0 fe df a0 fe df a0 fe df a0 fe df a0 fe df a0 
01f940  fe df a0 fe df a0 fe df a0 fe df a0 fe df a0 fe 
01f950  df a0 fe df a0 fe df a0 fe df a0 fe df a0 fe df 
01f960  a0 fe df a0 fe df a0 fe df a0 fe df a0 fe df a0 
01f970  fe df a0 fe df a0 fe df a0 fe df a0 fe df a0 fe 
01f980  df a0 fe df a0 fe df a0 fe df a0 fe df a0 fe df 
01f990  a0 fe df a0 fe df a0 fe df a0 fe df a0 fe df a0 
01f9a0  fe df a0 fe df a0 fe df a0 fe df a0 fe df a0 fe 
01f9b0  df a0 fe df a0 fe df a0 fe df a0 fe df a0 fe df 
01f9c0  a0 fe df a0 fe df a0 fe df a0 fe df a0 fe df a0 
01f9d0  fe df a0 fe df a0 fe df a0 fe df a0 fe df a0 fe 
01f9e0  df a0 fe df a0 fe df a0 fe df a0 fe df a0 fe df 
01f9f0  a0 fe df a0 fe df a0 fe df a0 fe df a0 fe df a0 
01fa00  fe df a0 fe df a0 fe df a0 fe df a0 fe df a0 fe 
01fa10  df a0 fe df a0 fe df a0 fe df a0 fe df a0 fe df 
01fa20  a0 fe df a0 fe df a0 fe df a0 fe df a0 fe df a0 
01fa30  fe df a0 fe df a0 fe df a0 fe df a0 fe df a0 fe 
01fa40  df a0 fe df a0 fe df a0 fe df a0 fe df a0 fe df 
01fa50  a0 fe df a0 fe df a0 fe df a0 fe df a0 fe df a0 
01fa60  fe df a0 fe df a0 fe df a0 fe df a0 fe df a0 fe 
01fa70  df a0 fe df a0 fe df a0 fe df a0 fe df a0 fe df 
01fa80  a0 fe df a0 fe df a0 fe df a0 fe df a0 fe df a0 
01fa90  fe df a0 fe df a0 fe df a0 fe df a0 fe df a0 fe 
01faa0  df a0 fe df a0 fe df a0 fe df a0 fe df a0 fe df 
01fab0  a0 fe df a0 fe df a0 fe df a0 fe df a0 fe df a0 
01fac0  fe df a0 fe df a0 fe df a0 fe df a0 fe df a0 fe 
01fad0  df a0 fe df a0 fe df a0 fe df a0 fe df a0 fe df 
01fae0  a0 fe df a0 fe df a0 fe df a0 fe df a0 fe df a0 
01faf0  fe df a0 fe df a0 fe df a0 fe df a0 fe df a0 fe 
01fb00  df a0 fe df a0 fe df a0 fe df a0 fe df a0 fe df 
01fb10  a0 fe df a0 fe df a0 fe df a0 fe df a0 fe df a0 
01fb20  fe df a0 fe df a0 fe df a0 fe df a0 fe df a0 fe 
01fb30  df a0 fe df a0 fe df a0 fe df a0 fe df a0 fe df 
01fb40  a0 fe df a0 fe df a0 fe df a0 fe df a0 fe df a0 
01fb50  fe df a0 fe df a0 fe df a0 fe df a0 fe df a0 fe 
01fb60  df a0 fe df a0 fe df a0 fe df a0 fe df a0 fe df 
01fb70  a0 fe df a0 fe df a0 fe df a0 fe df a0 fe df a0 
01fb80  fe df a0 fe df a0 fe df a0 fe df a0 fe df a0 fe 
01fb90  df a0 fe df a0 fe df a0 fe df a0 fe df a0 fe df 
01fba0  a0 fe df a0 fe df a0 fe df a0 fe df a0 fe df a0 
01fbb0  fe df a0 fe df a0 fe df a0 fe df a0 fe df a0 fe 
01fbc0  df a0 fe df a0 fe df a0 fe df a0 fe df a0 fe df 
01fbd0  a0 fe df a0 fe df a0 fe df a0 fe df a0 fe df a0 
01fbe0  fe df a0 fe df a0 fe df a0 fe df a0 fe df a0 fe 
01fbf0  df a0 fe df a0 fe df a0 fe df a0 fe df a0 fe df 
01fc00  a0 fe df a0 fe df a0 fe df a0 fe df a0 fe df a0 
01fc10  fe df a0 fe df a0 fe df a0 fe df a0 fe df a0 fe 
01fc20  df a0 fe df a0 fe df a0 fe df a0 fe df a0 fe df 
01fc30  a0 fe df a0 fe df a0 fe df a0 fe df a0 fe df a0 
01fc40  fe df a0 fe df a0 fe df a0 fe df a0 fe df a0 fe 
01fc50  df a0 fe df a0 fe df a0 fe df a0 fe df a0 fe df 
01fc60  a0 fe df a0 fe df a0 fe df a0 fe df a0 fe df a0 
01fc70  fe df a0 fe df a0 fe df a0 fe df a0 fe df a0 fe 
01fc80  df a0 fe df a0 fe df a0 fe df a0 fe df a0 fe df 
01fc90  a0 fe df a0 fe df a0 fe df a0 fe df a0 fe df a0 
01fca0  fe df a0 fe df a0 fe df a0 fe df a0 fe df a0 fe 
01fcb0  df a0 fe df a0 fe df a0 fe df a0 fe df a0 fe df 
01fcc0  a0 fe df a0 fe df a0 fe df a0 fe df a0 fe df a0 
01fcd0  fe df a0 fe df a0 fe df a0 fe df a0 fe df a0 fe 
01fce0  df a0 fe df a0 fe df a0 fe df a0 fe df a0 fe df 
01fcf0  a0 fe df a0 fe df a0 fe df a0 fe df a0 fe df a0 
01fd00  fe df a0 fe df a0 fe df a0 fe df a0 fe df a0 fe 
01fd10  df a0 fe df a0 fe df a0 fe df a0 fe df a0 fe df 
01fd20  a0 fe df a0 fe df a0 fe df a0 fe df a0 fe df a0 
01fd30  fe df a0 fe df a0 fe df a0 fe df a0 fe df a0 fe 
01fd40  df a0 fe df a0 fe df a0 fe df a0 fe df a0 fe df 
01fd50  a0 fe df a0 fe df a0 fe df a0 fe df a0 fe df a0 
01fd60  fe df a0 fe df a0 fe df a0 fe df a0 fe df a0 fe 
01fd70  df a0 fe df a0 fe df a0 fe df a0 fe df a0 fe df 
01fd80  a0 fe df a0 fe df a0 fe df a0 fe df a0 fe df a0 
01fd90  fe df a0 fe df a0 fe df a0 fe df a0 fe df a0 fe 
01fda0  df a0 fe df a0 fe df a0 fe df a0 fe df a0 fe df 
01fdb0  a0 fe df a0 fe df a0 fe df a0 fe df a0 fe df a0 
01fdc0  fe df a0 fe df a0 fe df a0 fe df a0 fe df a0 fe 
01fdd0  df a0 fe df a0 fe df a0 fe df a0 fe df a0 fe df 
01fde0  a0 fe df a0 fe df a0 fe df a0 fe df a0 fe df a0 
01fdf0  fe df a0 fe df a0 fe df a0 fe df a0 fe df a0 fe 
01fe00  df a0 fe df a0 fe df a0 fe df a0 fe df a0 fe df 
01fe10  a0 fe df a0 fe df a0 fe df a0 fe df a0 fe df a0 
01fe20  fe df a0 fe df a0 fe df a0 fe df a0 fe df a0 fe 
01fe30  df a0 fe df a0 fe df a0 fe df a0 fe df a0 fe df 
01fe40  a0 fe df a0 fe df a0 fe df a0 fe df a0 fe df a0 
01fe50  fe df a0 fe df a0 fe df a0 fe df a0 fe df a0 fe 
01fe60  df a0 fe df a0 fe df a0 fe df a0 fe df a0 fe df 
01fe70  a0 fe df a0 fe df a0 fe df a0 fe df a0 fe df a0 
01fe80  fe df a0 fe df a0 fe df a0 fe df a0 fe df a0 fe 
01fe90  df a0 fe df a0 fe df a0 fe df a0 fe df a0 fe df 
01fea0  a0 fe df a0 fe df a0 fe df a0 fe df a0 fe df a0 
01feb0  fe df a0 fe df a0 fe df a0 fe df a0 fe df a0 fe 
01fec0  df a0 fe df a0 fe df a0 fe df a0 fe df a0 fe df 
01fed0  a0 fe df a0 fe df a0 fe df a0 fe df a0 fe df a0 
01fee0  fe df a0 fe df a0 fe df a0 fe df a0 fe df a0 fe 
01fef0  df a0 fe df a0 fe df a0 fe df a0 fe df a0 fe df 
01ff00  a0 fe df a0 fe df a0 fe df a0 fe df a0 fe df a0 
01ff10  fe df a0 fe df a0 fe df a0 fe df a0 fe df a0 fe 
01ff20  df a0 fe df a0 fe df a0 fe df a0 fe df a0 fe df 
01ff30  a0 fe df a0 fe df a0 fe df a0 fe df a0 fe df a0 
01ff40  fe df a0 fe df a0 fe df a0 fe df a0 fe df a0 fe 
01ff50  df a0 fe df a0 fe df a0 fe df a0 fe df a0 fe df 
01ff60  a0 fe df a0 fe df a0 fe df a0 fe df a0 fe df a0 
01ff70  fe df a0 fe df a0 fe df a0 fe df a0 fe df a0 fe 
01ff80  df a0 fe df a0 fe df a0 fe df a0 fe df a0 fe df 
01ff90  a0 fe df a0 fe df a0 fe df a0 fe df a0 fe df a0 
01ffa0  fe df a0 fe df a0 fe df a0 fe df a0 fe df a0 fe 
01ffb0  df a0 fe df a0 fe df a0 fe df a0 fe df a0 fe df 
01ffc0  a0 fe df a0 fe df a0 fe df a0 fe df a0 fe df a0 
01ffd0  fe df a0 fe df a0 fe df a0 fe df a0 fe df a0 fe 
01ffe0  df a0 fe df a0 fe df a0 fe df a0 fe df a0 fe df 
01fff0  a0 fe df a0 fe df a0 fe df a0 fe df a0 fe df a0 
020000  fe df a0 fe df a0 fe df a0 fe df a0 fe df a0 fe 
020010  df a0 fe df a0 fe df a0 fe df a0 fe df a0 fe df 
020020  a0 fe df a0 fe df a0 fe df a0 fe df a0 fe df a0 
020030  fe df a0 fe df a0 fe df a0 fe df a0 fe df a0 fe 
020040  df a0 fe df a0 fe df a0 fe df a0 fe df a0 fe df 
020050  a0 fe df a0 fe df a0 fe df a0 fe df a0 fe df a0 
020060  fe df a0 fe df a0 fe df a0 fe df a0 fe df a0 fe 
020070  df a0 fe df a0 fe df a0 fe df a0 fe df a0 fe df 
020080  a0 fe df a0 fe df a0 fe df a0 fe df a0 fe df a0 
020090  fe df a0 fe df a0 fe df a0 fe df a0 fe df a0 fe 
0200a0  df a0 fe df a0 fe df a0 fe df a0 fe df a0 fe df 
0200b0  a0 fe df a0 fe df a0 fe df a0 fe df a0 fe df a0 
0200c0  fe df a0 fe df a0 fe df a0 fe df a0 fe df a0 fe 
0200d0  df a0 fe df a0 fe df a0 fe df a0 fe df a0 fe df 
0200e0  a0 fe df a0 fe df a0 fe df a0 fe df a0 fe df a0 
0200f0  fe df a0 fe df a0 fe df a0 fe df a0 fe df a0 fe 
020100  df a0 fe df a0 fe df a0 fe df a0 fe df a0 fe df 
020110  a0 fe df a0 fe df a0 fe df a0 fe df a0 fe df a0 
020120  fe df a0 fe df a0 fe df a0 fe df a0 fe df a0 fe 
020130  df a0 fe df a0 fe df a0 fe df a0 fe df a0 fe df 
020140  a0 fe df a0 fe df a0 fe df a0 fe df a0 fe df a0 
020150  fe df a0 fe df a0 fe df a0 fe df a0 fe df a0 fe 
020160  df a0 fe df a0 fe df a0 fe df a0 fe df a0 fe df 
020170  a0 fe df a0 fe df a0 fe df a0 fe df a0 fe df a0 
020180  fe df a0 fe df a0 fe df a0 fe df a0 fe df a0 fe 
020190  df a0 fe df a0 fe df a0 fe df a0 fe df a0 fe df 
0201a0  a0 fe df a0 fe df a0 fe df a0 fe df a0 fe df a0 
0201b0  fe df a0 fe df a0 fe df a0 fe df a0 fe df a0 fe 
0201c0  df a0 fe df a0 fe df a0 fe df a0 fe df a0 fe df 
0201d0  a0 fe df a0 fe df a0 fe df a0 fe df a0 fe df a0 
0201e0  fe df a0 fe df a0 fe df a0 fe df a0 fe df a0 fe 
0201f0  df a0 fe df a0 fe df a0 fe df a0 fe df a0 fe df 
020200  a0 fe df a0 fe df a0 fe df a0 fe df a0 fe df a0 
020210  fe df a0 fe df a0 fe df a0 fe df a0 fe df a0 fe 
020220  df a0 fe df a0 fe df a0 fe df a0 fe df a0 fe df 
020230  a0 fe df a0 fe df a0 fe df a0 fe df a0 fe df a0 
020240  fe df a0 fe df a0 fe df a0 fe df a0 fe df a0 fe 
020250  df a0 fe df a0 fe df a0 fe df a0 fe df a0 fe df 
020260  a0 fe df a0 fe df a0 fe df a0 fe df a0 fe df a0 
020270  fe df a0 fe df a0 fe df a0 fe df a0 fe df a0 fe 
020280  df a0 fe df a0 fe df a0 fe df a0 fe df a0 fe df 
020290  a0 fe df a0 fe df a0 fe df a0 fe df a0 fe df a0 
0202a0  fe df a0 fe df a0 fe df a0 fe df a0 fe df a0 fe 
0202b0  df a0 fe df a0 fe df a0 fe df a0 fe df a0 fe df 
0202c0  a0 fe df a0 fe df a0 fe df a0 fe df a0 fe df a0 
0202d0  fe df a0 fe df a0 fe df a0 fe df a0 fe df a0 fe 
0202e0  df a0 fe df a0 fe df a0 fe df a0 fe df a0 fe df 
0202f0  a0 fe df a0 fe df a0 fe df a0 fe df a0 fe df a0 
020300  fe df a0 fe df a0 fe df a0 fe df a0 fe df a0 fe 
020310  df a0 fe df a0 fe df a0 fe df a0 fe df a0 fe df 
020320  a0 fe df a0 fe df a0 fe df a0 fe df a0 fe df a0 
020330  fe df a0 fe df a0 fe df a0 fe df a0 fe df a0 fe 
020340  df a0 fe df a0 fe df a0 fe df a0 fe df a0 fe df 
020350  a0 fe df a0 fe df a0 fe df a0 fe df a0 fe df a0 
020360  fe df a0 fe df a0 fe df a0 fe df a0 fe df a0 fe 
020370  df a0 fe df a0 fe df a0 fe df a0 fe df a0 fe df 
020380  a0 fe df a0 fe df a0 fe df a0 fe df a0 fe df a0 
020390  fe df a0 fe df a0 fe df a0 fe df a0 fe df a0 fe 
0203a0  df a0 fe df a0 fe df a0 fe df a0 fe df a0 fe df 
0203b0  a0 fe df a0 fe df a0 fe df a0 fe df a0 fe df a0 
0203c0  fe df a0 fe df a0 fe df a0 fe df a0 fe df a0 fe 
0203d0  df a0 fe df a0 fe df a0 fe df a0 fe df a0 fe df 
0203e0  a0 fe df a0 fe df a0 fe df a0 fe df a0 fe df a0 
0203f0  fe df a0 fe df a0 fe df a0 fe df a0 fe df a0 fe 
020400  df a0 fe df a0 fe df a0 fe df a0 fe df a0 fe df 
020410  a0 fe df a0 fe df a0 fe df a0 fe df a0 fe df a0 
020420  fe df a0 fe df a0 fe df a0 fe df a0 fe df a0 fe 
020430  df a0 fe df a0 fe df a0 fe df a0 fe df a0 fe df 
020440  a0 fe df a0 fe df a0 fe df a0 fe df a0 fe df a0 
020450  fe df a0 fe df a0 fe df a0 fe df a0 fe df a0 fe 
020460  df a0 fe df a0 fe df a0 fe df a0 fe df a0 fe df 
020470  a0 fe df a0 fe df a0 fe df a0 fe df a0 fe df a0 
020480  fe df a0 fe df a0 fe df a0 fe df a0 fe df a0 fe 
020490  df a0 fe df a0 fe df a0 fe df a0 fe df a0 fe df 
0204a0  a0 fe df a0 fe df a0 fe df a0 fe df a0 fe df a0 
0204b0  fe df a0 fe df a0 fe df a0 fe df a0 fe df a0 fe 
0204c0  df a0 fe df a0 fe df a0 fe df a0 fe df a0 fe df 
0204d0  a0 fe df a0 fe df a0 fe df a0 fe df a0 fe df a0 
0204e0  fe df a0 fe df a0 fe df a0 fe df a0 fe df a0 fe 
0204f0  df a0 fe df a0 fe df a0 fe df a0 fe df a0 fe df 
020500  a0 fe df a0 fe df a0 fe df a0 fe df a0 fe df a0 
020510  fe df a0 fe df a0 fe df a0 fe df a0 fe df a0 fe 
020520  df a0 fe df a0 fe df a0 fe df a0 fe df a0 fe df 
020530  a0 fe df a0 fe df a0 fe df a0 fe df a0 fe df a0 
020540  fe df a0 fe df a0 fe df a0 fe df a0 fe df a0 fe 
020550  df a0 fe df a0 fe df a0 fe df a0 fe df a0 fe df 
020560  a0 fe df a0 fe df a0 fe df a0 fe df a0 fe df a0 
020570  fe df a0 fe df a0 fe df a0 fe df a0 fe df a0 fe 
020580  df a0 fe df a0 fe df a0 fe df a0 fe df a0 fe df 
020590  a0 fe df a0 fe df a0 fe df a0 fe df a0 fe df a0 
0205a0  fe df a0 fe df a0 fe df a0 fe df a0 fe df a0 fe 
0205b0  df a0 fe df a0 fe df a0 fe df a0 fe df a0 fe df 
0205c0  a0 fe df a0 fe df a0 fe df a0 fe df a0 fe df a0 
0205d0  fe df a0 fe df a0 fe df a0 fe df a0 fe df a0 fe 
0205e0  df a0 fe df a0 fe df a0 fe df a0 fe df a0 fe df 
0205f0  a0 fe df a0 fe df a0 fe df a0 fe df a0 fe df a0 
020600  fe df a0 fe df a0 fe df a0 fe df a0 fe df a0 fe 
020610  df a0 fe df a0 fe df a0 fe df a0 fe df a0 fe df 
020620  a0 fe df a0 fe df a0 fe df a0 fe df a0 fe df a0 
020630  fe df a0 fe df a0 fe df a0 fe df a0 fe df a0 fe 
020640  df a0 fe df a0 fe df a0 fe df a0 fe df a0 fe df 
020650  a0 fe df a0 fe df a0 fe df a0 fe df a0 fe df a0 
020660  fe df a0 fe df a0 fe df a0 fe df a0 fe df a0 fe 
020670  df a0 fe df a0 fe df a0 fe df a0 fe df a0 fe df 
020680  a0 fe df a0 fe df a0 fe df a0 fe df a0 fe df a0 
020690  fe df a0 fe df a0 fe df a0 fe df a0 fe df a0 fe 
0206a0  df a0 fe df a0 fe df a0 fe df a0 fe df a0 fe df 
0206b0  a0 fe df a0 fe df a0 fe df a0 fe df a0 fe df a0 
0206c0  fe df a0 fe df a0 fe df a0 fe df a0 fe df a0 fe 
0206d0  df a0 fe df a0 fe df a0 fe df a0 fe df a0 fe df 
0206e0  a0 fe df a0 fe df a0 fe df a0 fe df a0 fe df a0 
0206f0  fe df a0 fe df a0 fe df a0 fe df a0 fe df a0 fe 
020700  df a0 fe df a0 fe df a0 fe df a0 fe df a0 fe df 
020710  a0 fe df a0 fe df a0 fe df a0 fe df a0 fe df a0 
020720  fe df a0 fe df a0 fe df a0 fe df a0 fe df a0 fe 
020730  df a0 fe df a0 fe df a0 fe df a0 fe df a0 fe df 
020740  a0 fe df a0 fe df a0 fe df a0 fe df a0 fe df a0 
020750  fe df a0 fe df a0 fe df a0 fe df a0 fe df a0 fe 
020760  df a0 fe df a0 fe df a0 fe df a0 fe df a0 fe df 
020770  a0 fe df a0 fe df a0 fe df a0 fe df a0 fe df a0 
020780  fe df a0 fe df a0 fe df a0 fe df a0 fe df a0 fe 
020790  df a0 fe df a0 fe df a0 fe df a0 fe df a0 fe df 
0207a0  a0 fe df a0 fe df a0 fe df a0 fe df a0 fe df a0 
0207b0  fe df a0 fe df a0 fe df a0 fe df a0 fe df a0 fe 
0207c0  df a0 fe df a0 fe df a0 fe df a0 fe df a0 fe df 
0207d0  a0 fe df a0 fe df a0 fe df a0 fe df a0 fe df a0 
0207e0  fe df a0 fe df a0 fe df a0 fe df a0 fe df a0 fe 
0207f0  df a0 fe df a0 fe df a0 fe df a0 fe df a0 fe df 
020800  a0 fe df a0 fe df a0 fe df a0 fe df a0 fe df a0 
020810  fe df a0 fe df a0 fe df a0 fe df a0 fe df a0 fe 
020820  df a0 fe df a0 fe df a0 fe df a0 fe df a0 fe df 
020830  a0 fe df a0 fe df a0 fe df a0 fe df a0 fe df a0 
020840  fe df a0 fe df a0 fe df a0 fe df a0 fe df a0 fe 
020850  df a0 fe df a0 fe df a0 fe df a0 fe df a0 fe df 
020860  a0 fe df a0 fe df a0 fe df a0 fe df a0 fe df a0 
020870  fe df a0 fe df a0 fe df a0 fe df a0 fe df a0 fe 
020880  df a0 fe df a0 fe df a0 fe df a0 fe df a0 fe df 
020890  a0 fe df a0 fe df a0 fe df a0 fe df a0 fe df a0 
0208a0  fe df a0 fe df a0 fe df a0 fe df a0 fe df a0 fe 
0208b0  df a0 fe df a0 fe df a0 fe df a0 fe df a0 fe df 
0208c0  a0 fe df a0 fe df a0 fe df a0 fe df a0 fe df a0 
0208d0  fe df a0 fe df a0 fe df a0 fe df a0 fe df a0 fe 
0208e0  df a0 fe df a0 fe df a0 fe df a0 fe df a0 fe df 
0208f0  a0 fe df a0 fe df a0 fe df a0 fe df a0 fe df a0 
020900  fe df a0 fe df a0 fe df a0 fe df a0 fe df a0 fe 
020910  df a0 fe df a0 fe df a0 fe df a0 fe df a0 fe df 
020920  a0 fe df a0 fe df a0 fe df a0 fe df a0 fe df a0 
020930  fe df a0 fe df a0 fe df a0 fe df a0 fe df a0 fe 
020940  df a0 fe df a0 fe df a0 fe df a0 fe df a0 fe df 
020950  a0 fe df a0 fe df a0 fe df a0 fe df a0 fe df a0 
020960  fe df a0 fe df a0 fe df a0 fe df a0 fe df a0 fe 
020970  df a0 fe df a0 fe df a0 fe df a0 fe df a0 fe df 
020980  a0 fe df a0 fe df a0 fe df a0 fe df a0 fe df a0 
020990  fe df a0 fe df a0 fe df a0 fe df a0 fe df a0 fe 
0209a0  df a0 fe df a0 fe df a0 fe df a0 fe df a0 fe df 
0209b0  a0 fe df a0 fe df a0 fe df a0 fe df a0 fe df a0 
0209c0  fe df a0 fe df a0 fe df a0 fe df a0 fe df a0 fe 
0209d0  df a0 fe df a0 fe df a0 fe df a0 fe df a0 fe df 
0209e0  a0 fe df a0 fe df a0 fe df a0 fe df a0 fe df a0 
0209f0  fe df a0 fe df a0 fe df a0 fe df a0 fe df a0 fe 
020a00  df a0 fe df a0 fe df a0 fe df a0 fe df a0 fe df 
020a10  a0 fe df a0 fe df a0 fe df a0 fe df a0 fe df a0 
020a20  fe df a0 fe df a0 fe df a0 fe df a0 fe df a0 fe 
020a30  df a0 fe df a0 fe df a0 fe df a0 fe df a0 fe df 
020a40  a0 fe df a0 fe df a0 fe df a0 fe df a0 fe df a0 
020a50  fe df a0 fe df a0 fe df a0 fe df a0 fe df a0 fe 
020a60  df a0 fe df a0 fe df a0 fe df a0 fe df a0 fe df 
020a70  a0 fe df a0 fe df a0 fe df a0 fe df a0 fe df a0 
020a80  fe df a0 fe df a0 fe df a0 fe df a0 fe df a0 fe 
020a90  df a0 fe df a0 fe df a0 fe df a0 fe df a0 fe df 
020aa0  a0 fe df a0 fe df a0 fe df a0 fe df a0 fe df a0 
020ab0  fe df a0 fe df a0 fe df a0 fe df a0 fe df a0 fe 
020ac0  df a0 fe df a0 fe df a0 fe df a0 fe df a0 fe df 
020ad0  a0 fe df a0 fe df a0 fe df a0 fe df a0 fe df a0 
020ae0  fe df a0 fe df a0 fe df a0 fe df a0 fe df a0 fe 
020af0  df a0 fe df a0 fe df a0 fe df a0 fe df a0 fe df 
020b00  a0 fe df a0 fe df a0 fe df a0 fe df a0 fe df a0 
020b10  fe df a0 fe df a0 fe df a0 fe df a0 fe df a0 fe 
020b20  df a0 fe df a0 fe df a0 fe df a0 fe df a0 fe df 
020b30  a0 fe df a0 fe df a0 fe df a0 fe df a0 fe df a0 
020b40  fe df a0 fe df a0 fe df a0 fe df a0 fe df a0 fe 
020b50  df a0 fe df a0 fe df a0 fe df a0 fe df a0 fe df 
020b60  a0 fe df a0 fe df a0 fe df a0 fe df a0 fe df a0 
020b70  fe df a0 fe df a0 fe df a0 fe df a0 fe df a0 fe 
020b80  df a0 fe df a0 fe df a0 fe df a0 fe df a0 fe df 
020b90  a0 fe df a0 fe df a0 fe df a0 fe df a0 fe df a0 
020ba0  fe df a0 fe df a0 fe df a0 fe df a0 fe df a0 fe 
020bb0  df a0 fe df a0 fe df a0 fe df a0 fe df a0 fe df 
020bc0  a0 fe df a0 fe df a0 fe df a0 fe df a0 fe df a0 
020bd0  fe df a0 fe df a0 fe df a0 fe df a0 fe df a0 fe 
020be0  df a0 fe df a0 fe df a0 fe df a0 fe df a0 fe df 
020bf0  a0 fe df a0 fe df a0 fe df a0 fe df a0 fe df a0 
020c00  fe df a0 fe df a0 fe df a0 fe df a0 fe df a0 fe 
020c10  df a0 fe df a0 fe df a0 fe df a0 fe df a0 fe df 
020c20  a0 fe df a0 fe df a0 fe df a0 fe df a0 fe df a0 
020c30  fe df a0 fe df a0 fe df a0 fe df a0 fe df a0 fe 
020c40  df a0 fe df a0 fe df a0 fe df a0 fe df a0 fe df 
020c50  a0 fe df a0 fe df a0 fe df a0 fe df a0 fe df a0 
020c60  fe df a0 fe df a0 fe df a0 fe df a0 fe df a0 fe 
020c70  df a0 fe df a0 fe df a0 fe df a0 fe df a0 fe df 
020c80  a0 fe df a0 fe df a0 fe df a0 fe df a0 fe df a0 
020c90  fe df a0 fe df a0 fe df a0 fe df a0 fe df a0 fe 
020ca0  df a0 fe df a0 fe df a0 fe df a0 fe df a0 fe df 
020cb0  a0 fe df a0 fe df a0 fe df a0 fe df a0 fe df a0 
020cc0  fe df a0 fe df a0 fe df a0 fe df a0 fe df a0 fe 
020cd0  df a0 fe df a0 fe df a0 fe df a0 fe df a0 fe df 
020ce0  a0 fe df a0 fe df a0 fe df a0 fe df a0 fe df a0 
020cf0  fe df a0 fe df a0 fe df a0 fe df a0 fe df a0 fe 
020d00  df a0 fe df a0 fe df a0 fe df a0 fe df a0 fe df 
020d10  a0 fe df a0 fe df a0 fe df a0 fe df a0 fe df a0 
020d20  fe df a0 fe df a0 fe df a0 fe df a0 fe df a0 fe 
020d30  df a0 fe df a0 fe df a0 fe df a0 fe df a0 fe df 
020d40  a0 fe df a0 fe df a0 fe df a0 fe df a0 fe df a0 
020d50  fe df a0 fe df a0 fe df a0 fe df a0 fe df a0 fe 
020d60  df a0 fe df a0 fe df a0 fe df a0 fe df a0 fe df 
020d70  a0 fe df a0 fe df a0 fe df a0 fe df a0 fe df a0 
020d80  fe df a0 fe df a0 fe df a0 fe df a0 fe df a0 fe 
020d90  df a0 fe df a0 fe df a0 fe df a0 fe df a0 fe df 
020da0  a0 fe df a0 fe df a0 fe df a0 fe df a0 fe df a0 
020db0  fe df a0 fe df a0 fe df a0 fe df a0 fe df a0 fe 
020dc0  df a0 fe df a0 fe df a0 fe df a0 fe df a0 fe df 
020dd0  a0 fe df a0 fe df a0 fe df a0 fe df a0 fe df a0 
020de0  fe df a0 fe df a0 fe df a0 fe df a0 fe df a0 fe 
020df0  df a0 fe df a0 fe df a0 fe df a0 fe df a0 fe df 
020e00  a0 fe df a0 fe df a0 fe df a0 fe df a0 fe df a0 
020e10  fe df a0 fe df a0 fe df a0 fe df a0 fe df a0 fe 
020e20  df a0 fe df a0 fe df a0 fe df a0 fe df a0 fe df 
020e30  a0 fe df a0 fe df a0 fe df a0 fe df a0 fe df a0 
020e40  fe df a0 fe df a0 fe df a0 fe df a0 fe df a0 fe 
020e50  df a0 fe df a0 fe df a0 fe df a0 fe df a0 fe df 
020e60  a0 fe df a0 fe df a0 fe df a0 fe df a0 fe df a0 
020e70  fe df a0 fe df a0 fe df a0 fe df a0 fe df a0 fe 
020e80  df a0 fe df a0 fe df a0 fe df a0 fe df a0 fe df 
020e90  a0 fe df a0 fe df a0 fe df a0 fe df a0 fe df a0 
020ea0  fe df a0 fe df a0 fe df a0 fe df a0 fe df a0 fe 
020eb0  df a0 fe df a0 fe df a0 fe df a0 fe df a0 fe df 
020ec0  a0 fe df a0 fe df a0 fe df a0 fe df a0 fe df a0 
020ed0  fe df a0 fe df a0 fe df a0 fe df a0 fe df a0 fe 
020ee0  df a0 fe df a0 fe df a0 fe df a0 fe df a0 fe df 
020ef0  a0 fe df a0 fe df a0 fe df a0 fe df a0 fe df a0 
020f00  fe df a0 fe df a0 fe df a0 fe df a0 fe df a0 fe 
020f10  df a0 fe df a0 fe df a0 fe df a0 fe df a0 fe df 
020f20  a0 fe df a0 fe df a0 fe df a0 fe df a0 fe df a0 
020f30  fe df a0 fe df a0 fe df a0 fe df a0 fe df a0 fe 
020f40  df a0 fe df a0 fe df a0 fe df a0 fe df a0 fe df 
020f50  a0 fe df a0 fe df a0 fe df a0 fe df a0 fe df a0 
020f60  fe df a0 fe df a0 fe df a0 fe df a0 fe df a0 fe 
020f70  df a0 fe df a0 fe df a0 fe df a0 fe df a0 fe df 
020f80  a0 fe df a0 fe df a0 fe df a0 fe df a0 fe df a0 
020f90  fe df a0 fe df a0 fe df a0 fe df a0 fe df a0 fe 
020fa0  df a0 fe df a0 fe df a0 fe df a0 fe df a0 fe df 
020fb0  a0 fe df a0 fe df a0 fe df a0 fe df a0 fe df a0 
020fc0  fe df a0 fe df a0 fe df a0 fe df a0 fe df a0 fe 
020fd0  df a0 fe df a0 fe df a0 fe df a0 fe df a0 fe df 
020fe0  a0 fe df a0 fe df a0 fe df a0 fe df a0 fe df a0 
020ff0  fe df a0 fe df a0 fe df a0 fe df a0 fe df a0 fe 
021000  df a0 fe df a0 fe df a0 fe df a0 fe df a0 fe df 
021010  a0 fe df a0 fe df a0 fe df a0 fe df a0 fe df a0 
021020  fe df a0 fe df a0 fe df a0 fe df a0 fe df a0 fe 
021030  df a0 fe df a0 fe df a0 fe df a0 fe df a0 fe df 
021040  a0 fe df a0 fe df a0 fe df a0 fe df a0 fe df a0 
021050  fe df a0 fe df a0 fe df a0 fe df a0 fe df a0 fe 
021060  df a0 fe df a0 fe df a0 fe df a0 fe df a0 fe df 
021070  a0 fe df a0 fe df a0 fe df a0 fe df a0 fe df a0 
021080  fe df a0 fe df a0 fe df a0 fe df a0 fe df a0 fe 
021090  df a0 fe df a0 fe df a0 fe df a0 fe df a0 fe df 
0210a0  a0 fe df a0 fe df a0 fe df a0 fe df a0 fe df a0 
0210b0  fe df a0 fe df a0 fe df a0 fe df a0 fe df a0 fe 
0210c0  df a0 fe df a0 fe df a0 fe df a0 fe df a0 fe df 
0210d0  a0 fe df a0 fe df a0 fe df a0 fe df a0 fe df a0 
0210e0  fe df a0 fe df a0 fe df a0 fe df a0 fe df a0 fe 
0210f0  df a0 fe df a0 fe df a0 fe df a0 fe df a0 fe df 
021100  a0 fe df a0 fe df a0 fe df a0 fe df a0 fe df a0 
021110  fe df a0 fe df a0 fe df a0 fe df a0 fe df a0 fe 
021120  df a0 fe df a0 fe df a0 fe df a0 fe df a0 fe df 
021130  a0 fe df a0 fe df a0 fe df a0 fe df a0 fe df a0 
021140  fe df a0 fe df a0 fe df a0 fe df a0 fe df a0 fe 
021150  df a0 fe df a0 fe df a0 fe df a0 fe df a0 fe df 
021160  a0 fe df a0 fe df a0 fe df a0 fe df a0 fe df a0 
021170  fe df a0 fe df a0 fe df a0 fe df a0 fe df a0 fe 
021180  df a0 fe df a0 fe df a0 fe df a0 fe df a0 fe df 
021190  a0 fe df a0 fe df a0 fe df a0 fe df a0 fe df a0 
0211a0  fe df a0 fe df a0 fe df a0 fe df a0 fe df a0 fe 
0211b0  df a0 fe df a0 fe df a0 fe df a0 fe df a0 fe df 
0211c0  a0 fe df a0 fe df a0 fe df a0 fe df a0 fe df a0 
0211d0  fe df a0 fe df a0 fe df a0 fe df a0 fe df a0 fe 
0211e0  df a0 fe df a0 fe df a0 fe df a0 fe df a0 fe df 
0211f0  a0 fe df a0 fe df a0 fe df a0 fe df a0 fe df a0 
021200  fe df a0 fe df a0 fe df a0 fe df a0 fe df a0 fe 
021210  df a0 fe df a0 fe df a0 fe df a0 fe df a0 fe df 
021220  a0 fe df a0 fe df a0 fe df a0 fe df a0 fe df a0 
021230  fe df a0 fe df a0 fe df a0 fe df a0 fe df a0 fe 
021240  df a0 fe df a0 fe df a0 fe df a0 fe df a0 fe df 
021250  a0 fe df a0 fe df a0 fe df a0 fe df a0 fe df a0 
021260  fe df a0 fe df a0 fe df a0 fe df a0 fe df a0 fe 
021270  df a0 fe df a0 fe df a0 fe df a0 fe df a0 fe df 
021280  a0 fe df a0 fe df a0 fe df a0 fe df a0 fe df a0 
021290  fe df a0 fe df a0 fe df a0 fe df a0 fe df a0 fe 
0212a0  df a0 fe df a0 fe df a0 fe df a0 fe df a0 fe df 
0212b0  a0 fe df a0 fe df a0 fe df a0 fe df a0 fe df a0 
0212c0  fe df a0 fe df a0 fe df a0 fe df a0 fe df a0 fe 
0212d0  df a0 fe df a0 fe df a0 fe df a0 fe df a0 fe df 
0212e0  a0 fe df a0 fe df a0 fe df a0 fe df a0 fe df a0 
0212f0  fe df a0 fe df a0 fe df a0 fe df a0 fe df a0 fe 
021300  df a0 fe df a0 fe df a0 fe df a0 fe df a0 fe df 
021310  a0 fe df a0 fe df a0 fe df a0 fe df a0 fe df a0 
021320  fe df a0 fe df a0 fe df a0 fe df a0 fe df a0 fe 
021330  df a0 fe df a0 fe df a0 fe df a0 fe df a0 fe df 
021340  a0 fe df a0 fe df a0 fe df a0 fe df a0 fe df a0 
021350  fe df a0 fe df a0 fe df a0 fe df a0 fe df a0 fe 
021360  df a0 fe df a0 fe df a0 fe df a0 fe df a0 fe df 
021370  a0 fe df a0 fe df a0 fe df a0 fe df a0 fe df a0 
021380  fe df a0 fe df a0 fe df a0 fe df a0 fe df a0 fe 
021390  df a0 fe df a0 fe df a0 fe df a0 fe df a0 fe df 
0213a0  a0 fe df a0 fe df a0 fe df a0 fe df a0 fe df a0 
0213b0  fe df a0 fe df a0 fe df a0 fe df a0 fe df a0 fe 
0213c0  df a0 fe df a0 fe df a0 fe df a0 fe df a0 fe df 
0213d0  a0 fe df a0 fe df a0 fe df a0 fe df a0 fe df a0 
0213e0  fe df a0 fe df a0 fe df a0 fe df a0 fe df a0 fe 
0213f0  df a0 fe df a0 fe df a0 fe df a0 fe df a0 fe df 
021400  a0 fe df a0 fe df a0 fe df a0 fe df a0 fe df a0 
021410  fe df a0 fe df a0 fe df a0 fe df a0 fe df a0 fe 
021420  df a0 fe df a0 fe df a0 fe df a0 fe df a0 fe df 
021430  a0 fe df a0 fe df a0 fe df a0 fe df a0 fe df a0 
021440  fe df a0 fe df a0 fe df a0 fe df a0 fe df a0 fe 
021450  df a0 fe df a0 fe df a0 fe df a0 fe df a0 fe df 
021460  a0 fe df a0 fe df a0 fe df a0 fe df a0 fe df a0 
021470  fe df a0 fe df a0 fe df a0 fe df a0 fe df a0 fe 
021480  df a0 fe df a0 fe df a0 fe df a0 fe df a0 fe df 
021490  a0 fe df a0 fe df a0 fe df a0 fe df a0 fe df a0 
0214a0  fe df a0 fe df a0 fe df a0 fe df a0 fe df a0 fe 
0214b0  df a0 fe df a0 fe df a0 fe df a0 fe df a0 fe df 
0214c0  a0 fe df a0 fe df a0 fe df a0 fe df a0 fe df a0 
0214d0  fe df a0 fe df a0 fe df a0 fe df a0 fe df a0 fe 
0214e0  df a0 fe df a0 fe df a0 fe df a0 fe df a0 fe df 
0214f0  a0 fe df a0 fe df a0 fe df a0 fe df a0 fe df a0 
021500  fe df a0 fe df a0 fe df a0 fe df a0 fe df a0 fe 
021510  df a0 fe df a0 fe df a0 fe df a0 fe df a0 fe df 
021520  a0 fe df a0 fe df a0 fe df a0 fe df a0 fe df a0 
021530  fe df a0 fe df a0 fe df a0 fe df a0 fe df a0 fe 
021540  df a0 fe df a0 fe df a0 fe df a0 fe df a0 fe df 
021550  a0 fe df a0 fe df a0 fe df a0 fe df a0 fe df a0 
021560  fe df a0 fe df a0 fe df a0 fe df a0 fe df a0 fe 
021570  df a0 fe df a0 fe df a0 fe df a0 fe df a0 fe df 
021580  a0 fe df a0 fe df a0 fe df a0 fe df a0 fe df a0 
021590  fe df a0 fe df a0 fe df a0 fe df a0 fe df a0 fe 
0215a0  df a0 fe df a0 fe df a0 fe df a0 fe df a0 fe df 
0215b0  a0 fe df a0 fe df a0 fe df a0 fe df a0 fe df a0 
0215c0  fe df a0 fe df a0 fe df a0 fe df a0 fe df a0 fe 
0215d0  df a0 fe df a0 fe df a0 fe df a0 fe df a0 fe df 
0215e0  a0 fe df a0 fe df a0 fe df a0 fe df a0 fe df a0 
0215f0  fe df a0 fe df a0 fe df a0 fe df a0 fe df a0 fe 
021600  df a0 fe df a0 fe df a0 fe df a0 fe df a0 fe df 
021610  a0 fe df a0 fe df a0 fe df a0 fe df a0 fe df a0 
021620  fe df a0 fe df a0 fe df a0 fe df a0 fe df a0 fe 
021630  df a0 fe df a0 fe df a0 fe df a0 fe df a0 fe df 
021640  a0 fe df a0 fe df a0 fe df a0 fe df a0 fe df a0 
021650  fe df a0 fe df a0 fe df a0 fe df a0 fe df a0 fe 
021660  df a0 fe df a0 fe df a0 fe df a0 fe df a0 fe df 
021670  a0 fe df a0 fe df a0 fe df a0 fe df a0 fe df a0 
021680  fe df a0 fe df a0 fe df a0 fe df a0 fe df a0 fe 
021690  df a0 fe df a0 fe df a0 fe df a0 fe df a0 fe df 
0216a0  a0 fe df a0 fe df a0 fe df a0 fe df a0 fe df a0 
0216b0  fe df a0 fe df a0 fe df a0 fe df a0 fe df a0 fe 
0216c0  df a0 fe df a0 fe df a0 fe df a0 fe df a0 fe df 
0216d0  a0 fe df a0 fe df a0 fe df a0 fe df a0 fe df a0 
0216e0  fe df a0 fe df a0 fe df a0 fe df a0 fe df a0 fe 
0216f0  df a0 fe df a0 fe df a0 fe df a0 fe df a0 fe df 
021700  a0 fe df a0 fe df a0 fe df a0 fe df a0 fe df a0 
021710  fe df a0 fe df a0 fe df a0 fe df a0 fe df a0 fe 
021720  df a0 fe df a0 fe df a0 fe df a0 fe df a0 fe df 
021730  a0 fe df a0 fe df a0 fe df a0 fe df a0 fe df a0 
021740  fe df a0 fe df a0 fe df a0 fe df a0 fe df a0 fe 
021750  df a0 fe df a0 fe df a0 fe df a0 fe df a0 fe df 
021760  a0 fe df a0 fe df a0 fe df a0 fe df a0 fe df a0 
021770  fe df a0 fe df a0 fe df a0 fe df a0 fe df a0 fe 
021780  df a0 fe df a0 fe df a0 fe df a0 fe df a0 fe df 
021790  a0 fe df a0 fe df a0 fe df a0 fe df a0 fe df a0 
0217a0  fe df a0 fe df a0 fe df a0 fe df a0 fe df a0 fe 
0217b0  df a0 fe df a0 fe df a0 fe df a0 fe df a0 fe df 
0217c0  a0 fe df a0 fe df a0 fe df a0 fe df a0 fe df a0 
0217d0  fe df a0 fe df a0 fe df a0 fe df a0 fe df a0 fe 
0217e0  df a0 fe df a0 fe df a0 fe df a0 fe df a0 fe df 
0217f0  a0 fe df a0 fe df a0 fe df a0 fe df a0 fe df a0 
021800  fe df a0 fe df a0 fe df a0 fe df a0 fe df a0 fe 
021810  df a0 fe df a0 fe df a0 fe df a0 fe df a0 fe df 
021820  a0 fe df a0 fe df a0 fe df a0 fe df a0 fe df a0 
021830  fe df a0 fe df a0 fe df a0 fe df a0 fe df a0 fe 
021840  df a0 fe df a0 fe df a0 fe df a0 fe df a0 fe df 
021850  a0 fe df a0 fe df a0 fe df a0 fe df a0 fe df a0 
021860  fe df a0 fe df a0 fe df a0 fe df a0 fe df a0 fe 
021870  df a0 fe df a0 fe df a0 fe df a0 fe df a0 fe df 
021880  a0 fe df a0 fe df a0 fe df a0 fe df a0 fe df a0 
021890  fe df a0 fe df a0 fe df a0 fe df a0 fe df a0 fe 
0218a0  df a0 fe df a0 fe df a0 fe df a0 fe df a0 fe df 
0218b0  a0 fe df a0 fe df a0 fe df a0 fe df a0 fe df a0 
0218c0  fe df a0 fe df a0 fe df a0 fe df a0 fe df a0 fe 
0218d0  df a0 fe df a0 fe df a0 fe df a0 fe df a0 fe df 
0218e0  a0 fe df a0 fe df a0 fe df a0 fe df a0 fe df a0 
0218f0  fe df a0 fe df a0 fe df a0 fe df a0 fe df a0 fe 
021900  df a0 fe df a0 fe df a0 fe df a0 fe df a0 fe df 
021910  a0 fe df a0 fe df a0 fe df a0 fe df a0 fe df a0 
021920  fe df a0 fe df a0 fe df a0 fe df a0 fe df a0 fe 
021930  df a0 fe df a0 fe df a0 fe df a0 fe df a0 fe df 
021940  a0 fe df a0 fe df a0 fe df a0 fe df a0 fe df a0 
021950  fe df a0 fe df a0 fe df a0 fe df a0 fe df a0 fe 
021960  df a0 fe df a0 fe df a0 fe df a0 fe df a0 fe df 
021970  a0 fe df a0 fe df a0 fe df a0 fe df a0 fe df a0 
021980  fe df a0 fe df a0 fe df a0 fe df a0 fe df a0 fe 
021990  df a0 fe df a0 fe df a0 fe df a0 fe df a0 fe df 
0219a0  a0 fe df a0 fe df a0 fe df a0 fe df a0 fe df a0 
0219b0  fe df a0 fe df a0 fe df a0 fe df a0 fe df a0 fe 
0219c0  df a0 fe df a0 fe df a0 fe df a0 fe df a0 fe df 
0219d0  a0 fe df a0 fe df a0 fe df a0 fe df a0 fe df a0 
0219e0  fe df a0 fe df a0 fe df a0 fe df a0 fe df a0 fe 
0219f0  df a0 fe df a0 fe df a0 fe df a0 fe df a0 fe df 
021a00  a0 fe df a0 fe df a0 fe df a0 fe df a0 fe df a0 
021a10  fe df a0 fe df a0 fe df a0 fe df a0 fe df a0 fe 
021a20  df a0 fe df a0 fe df a0 fe df a0 fe df a0 fe df 
021a30  a0 fe df a0 fe df a0 fe df a0 fe df a0 fe df a0 
021a40  fe df a0 fe df a0 fe df a0 fe df a0 fe df a0 fe 
021a50  df a0 fe df a0 fe df a0 fe df a0 fe df a0 fe df 
021a60  a0 fe df a0 fe df a0 fe df a0 fe df a0 fe df a0 
021a70  fe df a0 fe df a0 fe df a0 fe df a0 fe df a0 fe 
021a80  df a0 fe df a0 fe df a0 fe df a0 fe df a0 fe df 
021a90  a0 fe df a0 fe df a0 fe df a0 fe df a0 fe df a0 
021aa0  fe df a0 fe df a0 fe df a0 fe df a0 fe df a0 fe 
021ab0  df a0 fe df a0 fe df a0 fe df a0 fe df a0 fe df 
021ac0  a0 fe df a0 fe df a0 fe df a0 fe df a0 fe df a0 
021ad0  fe df a0 fe df a0 fe df a0 fe df a0 fe df a0 fe 
021ae0  df a0 fe df a0 fe df a0 fe df a0 fe df a0 fe df 
021af0  a0 fe df a0 fe df a0 fe df a0 fe df a0 fe df a0 
021b00  fe df a0 fe df a0 fe df a0 fe df a0 fe df a0 fe 
021b10  df a0 fe df a0 fe df a0 fe df a0 fe df a0 fe df 
021b20  a0 fe df a0 fe df a0 fe df a0 fe df a0 fe df a0 
021b30  fe df a0 fe df a0 fe df a0 fe df a0 fe df a0 fe 
021b40  df a0 fe df a0 fe df a0 fe df a0 fe df a0 fe df 
021b50  a0 fe df a0 fe df a0 fe df a0 fe df a0 fe df a0 
021b60  fe df a0 fe df a0 fe df a0 fe df a0 fe df a0 fe 
021b70  df a0 fe df a0 fe df a0 fe df a0 fe df a0 fe df 
021b80  a0 fe df a0 fe df a0 fe df a0 fe df a0 fe df a0 
021b90  fe df a0 fe df a0 fe df a0 fe df a0 fe df a0 fe 
021ba0  df a0 fe df a0 fe df a0 fe df a0 fe df a0 fe df 
021bb0  a0 fe df a0 fe df a0 fe df a0 fe df a0 fe df a0 
021bc0  fe df a0 fe df a0 fe df a0 fe df a0 fe df a0 fe 
021bd0  df a0 fe df a0 fe df a0 fe df a0 fe df a0 fe df 
021be0  a0 fe df a0 fe df a0 fe df a0 fe df a0 fe df a0 
021bf0  fe df a0 fe df a0 fe df a0 fe df a0 fe df a0 fe 
021c00  df a0 fe df a0 fe df a0 fe df a0 fe df a0 fe df 
021c10  a0 fe df a0 fe df a0 fe df a0 fe df a0 fe df a0 
021c20  fe df a0 fe df a0 fe df a0 fe df a0 fe df a0 fe 
021c30  df a0 fe df a0 fe df a0 fe df a0 fe df a0 fe df 
021c40  a0 fe df a0 fe df a0 fe df a0 fe df a0 fe df a0 
021c50  fe df a0 fe df a0 fe df a0 fe df a0 fe df a0 fe 
021c60  df a0 fe df a0 fe df a0 fe df a0 fe df a0 fe df 
021c70  a0 fe df a0 fe df a0 fe df a0 fe df a0 fe df a0 
021c80  fe df a0 fe df a0 fe df a0 fe df a0 fe df a0 fe 
021c90  df a0 fe df a0 fe df a0 fe df a0 fe df a0 fe df 
021ca0  a0 fe df a0 fe df a0 fe df a0 fe df a0 fe df a0 
021cb0  fe df a0 fe df a0 fe df a0 fe df a0 fe df a0 fe 
021cc0  df a0 fe df a0 fe df a0 fe df a0 fe df a0 fe df 
021cd0  a0 fe df a0 fe df a0 fe df a0 fe df a0 fe df a0 
021ce0  fe df a0 fe df a0 fe df a0 fe df a0 fe df a0 fe 
021cf0  df a0 fe df a0 fe df a0 fe df a0 fe df a0 fe df 
021d00  a0 fe df a0 fe df a0 fe df a0 fe df a0 fe df a0 
021d10  fe df a0 fe df a0 fe df a0 fe df a0 fe df a0 fe 
021d20  df a0 fe df a0 fe df a0 fe df a0 fe df a0 fe df 
021d30  a0 fe df a0 fe df a0 fe df a0 fe df a0 fe df a0 
021d40  fe df a0 fe df a0 fe df a0 fe df a0 fe df a0 fe 
021d50  df a0 fe df a0 fe df a0 fe df a0 fe df a0 fe df 
021d60  a0 fe df a0 fe df a0 fe df a0 fe df a0 fe df a0 
021d70  fe df a0 fe df a0 fe df a0 fe df a0 fe df a0 fe 
021d80  df a0 fe df a0 fe df a0 fe df a0 fe df a0 fe df 
021d90  a0 fe df a0 fe df a0 fe df a0 fe df a0 fe df a0 
021da0  fe df a0 fe df a0 fe df a0 fe df a0 fe df a0 fe 
021db0  df a0 fe df a0 fe df a0 fe df a0 fe df a0 fe df 
021dc0  a0 fe df a0 fe df a0 fe df a0 fe df a0 fe df a0 
021dd0  fe df a0 fe df a0 fe df a0 fe df a0 fe df a0 fe 
021de0  df a0 fe df a0 fe df a0 fe df a0 fe df a0 fe df 
021df0  a0 fe df a0 fe df a0 fe df a0 fe df a0 fe df a0 
021e00  fe df a0 fe df a0 fe df a0 fe df a0 fe df a0 fe 
021e10  df a0 fe df a0 fe df a0 fe df a0 fe df a0 fe df 
021e20  a0 fe df a0 fe df a0 fe df a0 fe df a0 fe df a0 
021e30  fe df a0 fe df a0 fe df a0 fe df a0 fe df a0 fe 
021e40  df a0 fe df a0 fe df a0 fe df a0 fe df a0 fe df 
021e50  a0 fe df a0 fe df a0 fe df a0 fe df a0 fe df a0 
021e60  fe df a0 fe df a0 fe df a0 fe df a0 fe df a0 fe 
021e70  df a0 fe df a0 fe df a0 fe df a0 fe df a0 fe df 
021e80  a0 fe df a0 fe df a0 fe df a0 fe df a0 fe df a0 
021e90  fe df a0 fe df a0 fe df a0 fe df a0 fe df a0 fe 
021ea0  df a0 fe df a0 fe df a0 fe df a0 fe df a0 fe df 
021eb0  a0 fe df a0 fe df a0 fe df a0 fe df a0 fe df a0 
021ec0  fe df a0 fe df a0 fe df a0 fe df a0 fe df a0 fe 
021ed0  df a0 fe df a0 fe df a0 fe df a0 fe df a0 fe df 
021ee0  a0 fe df a0 fe df a0 fe df a0 fe df a0 fe df a0 
021ef0  fe df a0 fe df a0 fe df a0 fe df a0 fe df a0 fe 
021f00  df a0 fe df a0 fe df a0 fe df a0 fe df a0 fe df 
021f10  a0 fe df a0 fe df a0 fe df a0 fe df a0 fe df a0 
021f20  fe df a0 fe df a0 fe df a0 fe df a0 fe df a0 fe 
021f30  df a0 fe df a0 fe df a0 fe df a0 fe df a0 fe df 
021f40  a0 fe df a0 fe df a0 fe df a0 fe df a0 fe df a0 
021f50  fe df a0 fe df a0 fe df a0 fe df a0 fe df a0 fe 
021f60  df a0 fe df a0 fe df a0 fe df a0 fe df a0 fe df 
021f70  a0 fe df a0 fe df a0 fe df a0 fe df a0 fe df a0 
021f80  fe df a0 fe df a0 fe df a0 fe df a0 fe df a0 fe 
021f90  df a0 fe df a0 fe df a0 fe df a0 fe df a0 fe df 
021fa0  a0 fe df a0 fe df a0 fe df a0 fe df a0 fe df a0 
021fb0  fe df a0 fe df a0 fe df a0 fe df a0 fe df a0 fe 
021fc0  df a0 fe df a0 fe df a0 fe df a0 fe df a0 fe df 
021fd0  a0 fe df a0 fe df a0 fe df a0 fe df a0 fe df a0 
021fe0  fe df a0 fe df a0 fe df a0 fe df a0 fe df a0 fe 
021ff0  df a0 fe df a0 fe df a0 fe df a0 fe df a0 fe df 
022000  a0 fe df a0 fe df a0 fe df a0 fe df a0 fe df a0 
022010  fe df a0 fe df a0 fe df a0 fe df a0 fe df a0 fe 
022020  df a0 fe df a0 fe df a0 fe df a0 fe df a0 fe df 
022030  a0 fe df a0 fe df a0 fe df a0 fe df a0 fe df a0 
022040  fe df a0 fe df a0 fe df a0 fe df a0 fe df a0 fe 
022050  df a0 fe df a0 fe df a0 fe df a0 fe df a0 fe df 
022060  a0 fe df a0 fe df a0 fe df a0 fe df a0 fe df a0 
022070  fe df a0 fe df a0 fe df a0 fe df a0 fe df a0 fe 
022080  df a0 fe df a0 fe df a0 fe df a0 fe df a0 fe df 
022090  a0 fe df a0 fe df a0 fe df a0 fe df a0 fe df a0 
0220a0  fe df a0 fe df a0 fe df a0 fe df a0 fe df a0 fe 
0220b0  df a0 fe df a0 fe df a0 fe df a0 fe df a0 fe df 
0220c0  a0 fe df a0 fe df a0 fe df a0 fe df a0 fe df a0 
0220d0  fe df a0 fe df a0 fe df a0 fe df a0 fe df a0 fe 
0220e0  df a0 fe df a0 fe df a0 fe df a0 fe df a0 fe df 
0220f0  a0 fe df a0 fe df a0 fe df a0 fe df a0 fe df a0 
022100  fe df a0 fe df a0 fe df a0 fe df a0 fe df a0 fe 
022110  df a0 fe df a0 fe df a0 fe df a0 fe df a0 fe df 
022120  a0 fe df a0 fe df a0 fe df a0 fe df a0 fe df a0 
022130  fe df a0 fe df a0 fe df a0 fe df a0 fe df a0 fe 
022140  df a0 fe df a0 fe df a0 fe df a0 fe df a0 fe df 
022150  a0 fe df a0 fe df a0 fe df a0 fe df a0 fe df a0 
022160  fe df a0 fe df a0 fe df a0 fe df a0 fe df a0 fe 
022170  df a0 fe df a0 fe df a0 fe df a0 fe df a0 fe df 
022180  a0 fe df a0 fe df a0 fe df a0 fe df a0 fe df a0 
022190  fe df a0 fe df a0 fe df a0 fe df a0 fe df a0 fe 
0221a0  df a0 fe df a0 fe df a0 fe df a0 fe df a0 fe df 
0221b0  a0 fe df a0 fe df a0 fe df a0 fe df a0 fe df a0 
0221c0  fe df a0 fe df a0 fe df a0 fe df a0 fe df a0 fe 
0221d0  df a0 fe df a0 fe df a0 fe df a0 fe df a0 fe df 
0221e0  a0 fe df a0 fe df a0 fe df a0 fe df a0 fe df a0 
0221f0  fe df a0 fe df a0 fe df a0 fe df a0 fe df a0 fe 
022200  df a0 fe df a0 fe df a0 fe df a0 fe df a0 fe df 
022210  a0 fe df a0 fe df a0 fe df a0 fe df a0 fe df a0 
022220  fe df a0 fe df a0 fe df a0 fe df a0 fe df a0 fe 
022230  df a0 fe df a0 fe df a0 fe df a0 fe df a0 fe df 
022240  a0 fe df a0 fe df a0 fe df a0 fe df a0 fe df a0 
022250  fe df a0 fe df a0 fe df a0 fe df a0 fe df a0 fe 
022260  df a0 fe df a0 fe df a0 fe df a0 fe df a0 fe df 
022270  a0 fe df a0 fe df a0 fe df a0 fe df a0 fe df a0 
022280  fe df a0 fe df a0 fe df a0 fe df a0 fe df a0 fe 
022290  df a0 fe df a0 fe df a0 fe df a0 fe df a0 fe df 
0222a0  a0 fe df a0 fe df a0 fe df a0 fe df a0 fe df a0 
0222b0  fe df a0 fe df a0 fe df a0 fe df a0 fe df a0 fe 
0222c0  df a0 fe df a0 fe df a0 fe df a0 fe df a0 fe df 
0222d0  a0 fe df a0 fe df a0 fe df a0 fe df a0 fe df a0 
0222e0  fe df a0 fe df a0 fe df a0 fe df a0 fe df a0 fe 
0222f0  df a0 fe df a0 fe df a0 fe df a0 fe df a0 fe df 
022300  a0 fe df a0 fe df a0 fe df a0 fe df a0 fe df a0 
022310  fe df a0 fe df a0 fe df a0 fe df a0 fe df a0 fe 
022320  df a0 fe df a0 fe df a0 fe df a0 fe df a0 fe df 
022330  a0 fe df a0 fe df a0 fe df a0 fe df a0 fe df a0 
022340  fe df a0 fe df a0 fe df a0 fe df a0 fe df a0 fe 
022350  df a0 fe df a0 fe df a0 fe df a0 fe df a0 fe df 
022360  a0 fe df a0 fe df a0 fe df a0 fe df a0 fe df a0 
022370  fe df a0 fe df a0 fe df a0 fe df a0 fe df a0 fe 
022380  df a0 fe df a0 fe df a0 fe df a0 fe df a0 fe df 
022390  a0 fe df a0 fe df a0 fe df a0 fe df a0 fe df a0 
0223a0  fe df a0 fe df a0 fe df a0 fe df a0 fe df a0 fe 
0223b0  df a0 fe df a0 fe df a0 fe df a0 fe df a0 fe df 
0223c0  a0 fe df a0 fe df a0 fe df a0 fe df a0 fe df a0 
0223d0  fe df a0 fe df a0 fe df a0 fe df a0 fe df a0 fe 
0223e0  df a0 fe df a0 fe df a0 fe df a0 fe df a0 fe df 
0223f0  a0 fe df a0 fe df a0 fe df a0 fe df a0 fe df a0 
022400  fe df a0 fe df a0 fe df a0 fe df a0 fe df a0 fe 
022410  df a0 fe df a0 fe df a0 fe df a0 fe df a0 fe df 
022420  a0 fe df a0 fe df a0 fe df a0 fe df a0 fe df a0 
022430  fe df a0 fe df a0 fe df a0 fe df a0 fe df a0 fe 
022440  df a0 fe df a0 fe df a0 fe df a0 fe df a0 fe df 
022450  a0 fe df a0 fe df a0 fe df a0 fe df a0 fe df a0 
022460  fe df a0 fe df a0 fe df a0 fe df a0 fe df a0 fe 
022470  df a0 fe df a0 fe df a0 fe df a0 fe df a0 fe df 
022480  a0 fe df a0 fe df a0 fe df a0 fe df a0 fe df a0 
022490  fe df a0 fe df a0 fe df a0 fe df a0 fe df a0 fe 
0224a0  df a0 fe df a0 fe df a0 fe df a0 fe df a0 fe df 
0224b0  a0 fe df a0 fe df a0 fe df a0 fe df a0 fe df a0 
0224c0  fe df a0 fe df a0 fe df a0 fe df a0 fe df a0 fe 
0224d0  df a0 fe df a0 fe df a0 fe df a0 fe df a0 fe df 
0224e0  a0 fe df a0 fe df a0 fe df a0 fe df a0 fe df a0 
0224f0  fe df a0 fe df a0 fe df a0 fe df a0 fe df a0 fe 
022500  df a0 fe df a0 fe df a0 fe df a0 fe df a0 fe df 
022510  a0 fe df a0 fe df a0 fe df a0 fe df a0 fe df a0 
022520  fe df a0 fe df a0 fe df a0 fe df a0 fe df a0 fe 
022530  df a0 fe df a0 fe df a0 fe df a0 fe df a0 fe df 
022540  a0 fe df a0 fe df a0 fe df a0 fe df a0 fe df a0 
022550  fe df a0 fe df a0 fe df a0 fe df a0 fe df a0 fe 
022560  df a0 fe df a0 fe df a0 fe df a0 fe df a0 fe df 
022570  a0 fe df a0 fe df a0 fe df a0 fe df a0 fe df a0 
022580  fe df a0 fe df a0 fe df a0 fe df a0 fe df a0 fe 
022590  df a0 fe df a0 fe df a0 fe df a0 fe df a0 fe df 
0225a0  a0 fe df a0 fe df a0 fe df a0 fe df a0 fe df a0 
0225b0  fe df a0 fe df a0 fe df a0 fe df a0 fe df a0 fe 
0225c0  df a0 fe df a0 fe df a0 fe df a0 fe df a0 fe df 
0225d0  a0 fe df a0 fe df a0 fe df a0 fe df a0 fe df a0 
0225e0  fe df a0 fe df a0 fe df a0 fe df a0 fe df a0 fe 
0225f0  df a0 fe df a0 fe df a0 fe df a0 fe df a0 fe df 
022600  a0 fe df a0 fe df a0 fe df a0 fe df a0 fe df a0 
022610  fe df a0 fe df a0 fe df a0 fe df a0 fe df a0 fe 
022620  df a0 fe df a0 fe df a0 fe df a0 fe df a0 fe df 
022630  a0 fe df a0 fe df a0 fe df a0 fe df a0 fe df a0 
022640  fe df a0 fe df a0 fe df a0 fe df a0 fe df a0 fe 
022650  df a0 fe df a0 fe df a0 fe df a0 fe df a0 fe df 
022660  a0 fe df a0 fe df a0 fe df a0 fe df a0 fe df a0 
022670  fe df a0 fe df a0 fe df a0 fe df a0 fe df a0 fe 
022680  df a0 fe df a0 fe df a0 fe df a0 fe df a0 fe df 
022690  a0 fe df a0 fe df a0 fe df a0 fe df a0 fe df a0 
0226a0  fe df a0 fe df a0 fe df a0 fe df a0 fe df a0 fe 
0226b0  df a0 fe df a0 fe df a0 fe df a0 fe df a0 fe df 
0226c0  a0 fe df a0 fe df a0 fe df a0 fe df a0 fe df a0 
0226d0  fe df a0 fe df a0 fe df a0 fe df a0 fe df a0 fe 
0226e0  df a0 fe df a0 fe df a0 fe df a0 fe df a0 fe df 
0226f0  a0 fe df a0 fe df a0 fe df a0 fe df a0 fe df a0 
022700  fe df a0 fe df a0 fe df a0 fe df a0 fe df a0 fe 
022710  df a0 fe df a0 fe df a0 fe df a0 fe df a0 fe df 
022720  a0 fe df a0 fe df a0 fe df a0 fe df a0 fe df a0 
022730  fe df a0 fe df a0 fe df a0 fe df a0 fe df a0 fe 
022740  df a0 fe df a0 fe df a0 fe df a0 fe df a0 fe df 
022750  a0 fe df a0 fe df a0 fe df a0 fe df a0 fe df a0 
022760  fe df a0 fe df a0 fe df a0 fe df a0 fe df a0 fe 
022770  df a0 fe df a0 fe df a0 fe df a0 fe df a0 fe df 
022780  a0 fe df a0 fe df a0 fe df a0 fe df a0 fe df a0 
022790  fe df a0 fe df a0 fe df a0 fe df a0 fe df a0 fe 
0227a0  df a0 fe df a0 fe df a0 fe df a0 fe df a0 fe df 
0227b0  a0 fe df a0 fe df a0 fe df a0 fe df a0 fe df a0 
0227c0  fe df a0 fe df a0 fe df a0 fe df a0 fe df a0 fe 
0227d0  df a0 fe df a0 fe df a0 fe df a0 fe df a0 fe df 
0227e0  a0 fe df a0 fe df a0 fe df a0 fe df a0 fe df a0 
0227f0  fe df a0 fe df a0 fe df a0 fe df a0 fe df a0 fe 
022800  df a0 fe df a0 fe df a0 fe df a0 fe df a0 fe df 
022810  a0 fe df a0 fe df a0 fe df a0 fe df a0 fe df a0 
022820  fe df a0 fe df a0 fe df a0 fe df a0 fe df a0 fe 
022830  df a0 fe df a0 fe df a0 fe df a0 fe df a0 fe df 
022840  a0 fe df a0 fe df a0 fe df a0 fe df a0 fe df a0 
022850  fe df a0 fe df a0 fe df a0 fe df a0 fe df a0 fe 
022860  df a0 fe df a0 fe df a0 fe df a0 fe df a0 fe df 
022870  a0 fe df a0 fe df a0 fe df a0 fe df a0 fe df a0 
022880  fe df a0 fe df a0 fe df a0 fe df a0 fe df a0 fe 
022890  df a0 fe df a0 fe df a0 fe df a0 fe df a0 fe df 
0228a0  a0 fe df a0 fe df a0 fe df a0 fe df a0 fe df a0 
0228b0  fe df a0 fe df a0 fe df a0 fe df a0 fe df a0 fe 
0228c0  df a0 fe df a0 fe df a0 fe df a0 fe df a0 fe df 
0228d0  a0 fe df a0 fe df a0 fe df a0 fe df a0 fe df a0 
0228e0  fe df a0 fe df a0 fe df a0 fe df a0 fe df a0 fe 
0228f0  df a0 fe df a0 fe df a0 fe df a0 fe df a0 fe df 
022900  a0 fe df a0 fe df a0 fe df a0 fe df a0 fe df a0 
022910  fe df a0 fe df a0 fe df a0 fe df a0 fe df a0 fe 
022920  df a0 fe df a0 fe df a0 fe df a0 fe df a0 fe df 
022930  a0 fe df a0 fe df a0 fe df a0 fe df a0 fe df a0 
022940  fe df a0 fe df a0 fe df a0 fe df a0 fe df a0 fe 
022950  df a0 fe df a0 fe df a0 fe df a0 fe df a0 fe df 
022960  a0 fe df a0 fe df a0 fe df a0 fe df a0 fe df a0 
022970  fe df a0 fe df a0 fe df a0 fe df a0 fe df a0 fe 
022980  df a0 fe df a0 fe df a0 fe df a0 fe df a0 fe df 
022990  a0 fe df a0 fe df a0 fe df a0 fe df a0 fe df a0 
0229a0  fe df a0 fe df a0 fe df a0 fe df a0 fe df a0 fe 
0229b0  df a0 fe df a0 fe df a0 fe df a0 fe df a0 fe df 
0229c0  a0 fe df a0 fe df a0 fe df a0 fe df a0 fe df a0 
0229d0  fe df a0 fe df a0 fe df a0 fe df a0 fe df a0 fe 
0229e0  df a0 fe df a0 fe df a0 fe df a0 fe df a0 fe df 
0229f0  a0 fe df a0 fe df a0 fe df a0 fe df a0 fe df a0 
022a00  fe df a0 fe df a0 fe df a0 fe df a0 fe df a0 fe 
022a10  df a0 fe df a0 fe df a0 fe df a0 fe df a0 fe df 
022a20  a0 fe df a0 fe df a0 fe df a0 fe df a0 fe df a0 
022a30  fe df a0 fe df a0 fe df a0 fe df a0 fe df a0 fe 
022a40  df a0 fe df a0 fe df a0 fe df a0 fe df a0 fe df 
022a50  a0 fe df a0 fe df a0 fe df a0 fe df a0 fe df a0 
022a60  fe df a0 fe df a0 fe df a0 fe df a0 fe df a0 fe 
022a70  df a0 fe df a0 fe df a0 fe df a0 fe df a0 fe df 
022a80  a0 fe df a0 fe df a0 fe df a0 fe df a0 fe df a0 
022a90  fe df a0 fe df a0 fe df a0 fe df a0 fe df a0 fe 
022aa0  df a0 fe df a0 fe df a0 fe df a0 fe df a0 fe df 
022ab0  a0 fe df a0 fe df a0 fe df a0 fe df a0 fe df a0 
022ac0  fe df a0 fe df a0 fe df a0 fe df a0 fe df a0 fe 
022ad0  df a0 fe df a0 fe df a0 fe df a0 fe df a0 fe df 
022ae0  a0 fe df a0 fe df a0 fe df a0 fe df a0 fe df a0 
022af0  fe df a0 fe df a0 fe df a0 fe df a0 fe df a0 fe 
022b00  df a0 fe df a0 fe df a0 fe df a0 fe df a0 fe df 
022b10  a0 fe df a0 fe df a0 fe df a0 fe df a0 fe df a0 
022b20  fe df a0 fe df a0 fe df a0 fe df a0 fe df a0 fe 
022b30  df a0 fe df a0 fe df a0 fe df a0 fe df a0 fe df 
022b40  a0 fe df a0 fe df a0 fe df a0 fe df a0 fe df a0 
022b50  fe df a0 fe df a0 fe df a0 fe df a0 fe df a0 fe 
022b60  df a0 fe df a0 fe df a0 fe df a0 fe df a0 fe df 
022b70  a0 fe df a0 fe df a0 fe df a0 fe df a0 fe df a0 
022b80  fe df a0 fe df a0 fe df a0 fe df a0 fe df a0 fe 
022b90  df a0 fe df a0 fe df a0 fe df a0 fe df a0 fe df 
022ba0  a0 fe df a0 fe df a0 fe df a0 fe df a0 fe df a0 
022bb0  fe df a0 fe df a0 fe df a0 fe df a0 fe df a0 fe 
022bc0  df a0 fe df a0 fe df a0 fe df a0 fe df a0 fe df 
022bd0  a0 fe df a0 fe df a0 fe df a0 fe df a0 fe df a0 
022be0  fe df a0 fe df a0 fe df a0 fe df a0 fe df a0 fe 
022bf0  df a0 fe df a0 fe df a0 fe df a0 fe df a0 fe df 
022c00  a0 fe df a0 fe df a0 fe df a0 fe df a0 fe df a0 
022c10  fe df a0 fe df a0 fe df a0 fe df a0 fe df a0 fe 
022c20  df a0 fe df a0 fe df a0 fe df a0 fe df a0 fe df 
022c30  a0 fe df a0 fe df a0 fe df a0 fe df a0 fe df a0 
022c40  fe df a0 fe df a0 fe df a0 fe df a0 fe df a0 fe 
022c50  df a0 fe df a0 fe df a0 fe df a0 fe df a0 fe df 
022c60  a0 fe df a0 fe df a0 fe df a0 fe df a0 fe df a0 
022c70  fe df a0 fe df a0 fe df a0 fe df a0 fe df a0 fe 
022c80  df a0 fe df a0 fe df a0 fe df a0 fe df a0 fe df 
022c90  a0 fe df a0 fe df a0 fe df a0 fe df a0 fe df a0 
022ca0  fe df a0 fe df a0 fe df a0 fe df a0 fe df a0 fe 
022cb0  df a0 fe df a0 fe df a0 fe df a0 fe df a0 fe df 
022cc0  a0 fe df a0 fe df a0 fe df a0 fe df a0 fe df a0 
022cd0  fe df a0 fe df a0 fe df a0 fe df a0 fe df a0 fe 
022ce0  df a0 fe df a0 fe df a0 fe df a0 fe df a0 fe df 
022cf0  a0 fe df a0 fe df a0 fe df a0 fe df a0 fe df a0 
022d00  fe df a0 fe df a0 fe df a0 fe df a0 fe df a0 fe 
022d10  df a0 fe df a0 fe df a0 fe df a0 fe df a0 fe df 
022d20  a0 fe df a0 fe df a0 fe df a0 fe df a0 fe df a0 
022d30  fe df a0 fe df a0 fe df a0 fe df a0 fe df a0 fe 
022d40  df a0 fe df a0 fe df a0 fe df a0 fe df a0 fe df 
022d50  a0 fe df a0 fe df a0 fe df a0 fe df a0 fe df a0 
022d60  fe df a0 fe df a0 fe df a0 fe df a0 fe df a0 fe 
022d70  df a0 fe df a0 fe df a0 fe df a0 fe df a0 fe df 
022d80  a0 fe df a0 fe df a0 fe df a0 fe df a0 fe df a0 
022d90  fe df a0 fe df a0 fe df a0 fe df a0 fe df a0 fe 
022da0  df a0 fe df a0 fe df a0 fe df a0 fe df a0 fe df 
022db0  a0 fe df a0 fe df a0 fe df a0 fe df a0 fe df a0 
022dc0  fe df a0 fe df a0 fe df a0 fe df a0 fe df a0 fe 
022dd0  df a0 fe df a0 fe df a0 fe df a0 fe df a0 fe df 
022de0  a0 fe df a0 fe df a0 fe df a0 fe df a0 fe df a0 
022df0  fe df a0 fe df a0 fe df a0 fe df a0 fe df a0 fe 
022e00  df a0 fe df a0 fe df a0 fe df a0 fe df a0 fe df 
022e10  a0 fe df a0 fe df a0 fe df a0 fe df a0 fe df a0 
022e20  fe df a0 fe df a0 fe df a0 fe df a0 fe df a0 fe 
022e30  df a0 fe df a0 fe df a0 fe df a0 fe df a0 fe df 
022e40  a0 fe df a0 fe df a0 fe df a0 fe df a0 fe df a0 
022e50  fe df a0 fe df a0 fe df a0 fe df a0 fe df a0 fe 
022e60  df a0 fe df a0 fe df a0 fe df a0 fe df a0 fe df 
022e70  a0 fe df a0 fe df a0 fe df a0 fe df a0 fe df a0 
022e80  fe df a0 fe df a0 fe df a0 fe df a0 fe df a0 fe 
022e90  df a0 fe df a0 fe df a0 fe df a0 fe df a0 fe df 
022ea0  a0 fe df a0 fe df a0 fe df a0 fe df a0 fe df a0 
022eb0  fe df a0 fe df a0 fe df a0 fe df a0 fe df a0 fe 
022ec0  df a0 fe df a0 fe df a0 fe df a0 fe df a0 fe df 
022ed0  a0 fe df a0 fe df a0 fe df a0 fe df a0 fe df a0 
022ee0  fe df a0 fe df a0 fe df a0 fe df a0 fe df a0 fe 
022ef0  df a0 fe df a0 fe df a0 fe df a0 fe df a0 fe df 
022f00  a0 fe df a0 fe df a0 fe df a0 fe df a0 fe df a0 
022f10  fe df a0 fe df a0 fe df a0 fe df a0 fe df a0 fe 
022f20  df a0 fe df a0 fe df a0 fe df a0 fe df a0 fe df 
022f30  a0 fe df a0 fe df a0 fe df a0 fe df a0 fe df a0 
022f40  fe df a0 fe df a0 fe df a0 fe df a0 fe df a0 fe 
022f50  df a0 fe df a0 fe df a0 fe df a0 fe df a0 fe df 
022f60  a0 fe df a0 fe df a0 fe df a0 fe df a0 fe df a0 
022f70  fe df a0 fe df a0 fe df a0 fe df a0 fe df a0 fe 
022f80  df a0 fe df a0 fe df a0 fe df a0 fe df a0 fe df 
022f90  a0 fe df a0 fe df a0 fe df a0 fe df a0 fe df a0 
022fa0  fe df a0 fe df a0 fe df a0 fe df a0 fe df a0 fe 
022fb0  df a0 fe df a0 fe df a0 fe df a0 fe df a0 fe df 
022fc0  a0 fe df a0 fe df a0 fe df a0 fe df a0 fe df a0 
022fd0  fe df a0 fe df a0 fe df a0 fe df a0 fe df a0 fe 
022fe0  df a0 fe df a0 fe df a0 fe df a0 fe df a0 fe df 
022ff0  a0 fe df a0 fe df a0 fe df a0 fe df a0 fe df a0 
023000  fe df a0 fe df a0 fe df a0 fe df a0 fe df a0 fe 
023010  df a0 fe df a0 fe df a0 fe df a0 fe df a0 fe df 
023020  a0 fe df a0 fe df a0 fe df a0 fe df a0 fe df a0 
023030  fe df a0 fe df a0 fe df a0 fe df a0 fe df a0 fe 
023040  df a0 fe df a0 fe df a0 fe df a0 fe df a0 fe df 
023050  a0 fe df a0 fe df a0 fe df a0 fe df a0 fe df a0 
023060  fe df a0 fe df a0 fe df a0 fe df a0 fe df a0 fe 
023070  df a0 fe df a0 fe df a0 fe df a0 fe df a0 fe df 
023080  a0 fe df a0 fe df a0 fe df a0 fe df a0 fe df a0 
023090  fe df a0 fe df a0 fe df a0 fe df a0 fe df a0 fe 
0230a0  df a0 fe df a0 fe df a0 fe df a0 fe df a0 fe df 
0230b0  a0 fe df a0 fe df a0 fe df a0 fe df a0 fe df a0 
0230c0  fe df a0 fe df a0 fe df a0 fe df a0 fe df a0 fe 
0230d0  df a0 fe df a0 fe df a0 fe df a0 fe df a0 fe df 
0230e0  a0 fe df a0 fe df a0 fe df a0 fe df a0 fe df a0 
0230f0  fe df a0 fe df a0 fe df a0 fe df a0 fe df a0 fe 
023100  df a0 fe df a0 fe df a0 fe df a0 fe df a0 fe df 
023110  a0 fe df a0 fe df a0 fe df a0 fe df a0 fe df a0 
023120  fe df a0 fe df a0 fe df a0 fe df a0 fe df a0 fe 
023130  df a0 fe df a0 fe df a0 fe df a0 fe df a0 fe df 
023140  a0 fe df a0 fe df a0 fe df a0 fe df a0 fe df a0 
023150  fe df a0 fe df a0 fe df a0 fe df a0 fe df a0 fe 
023160  df a0 fe df a0 fe df a0 fe df a0 fe df a0 fe df 
023170  a0 fe df a0 fe df a0 fe df a0 fe df a0 fe df a0 
023180  fe df a0 fe df a0 fe df a0 fe df a0 fe df a0 fe 
023190  df a0 fe df a0 fe df a0 fe df a0 fe df a0 fe df 
0231a0  a0 fe df a0 fe df a0 fe df a0 fe df a0 fe df a0 
0231b0  fe df a0 fe df a0 fe df a0 fe df a0 fe df a0 fe 
0231c0  df a0 fe df a0 fe df a0 fe df a0 fe df a0 fe df 
0231d0  a0 fe df a0 fe df a0 fe df a0 fe df a0 fe df a0 
0231e0  fe df a0 fe df a0 fe df a0 fe df a0 fe df a0 fe 
0231f0  df a0 fe df a0 fe df a0 fe df a0 fe df a0 fe df 
023200  a0 fe df a0 fe df a0 fe df a0 fe df a0 fe df a0 
023210  fe df a0 fe df a0 fe df a0 fe df a0 fe df a0 fe 
023220  df a0 fe df a0 fe df a0 fe df a0 fe df a0 fe df 
023230  a0 fe df a0 fe df a0 fe df a0 fe df a0 fe df a0 
023240  fe df a0 fe df a0 fe df a0 fe df a0 fe df a0 fe 
023250  df a0 fe df a0 fe df a0 fe df a0 fe df a0 fe df 
023260  a0 fe df a0 fe df a0 fe df a0 fe df a0 fe df a0 
023270  fe df a0 fe df a0 fe df a0 fe df a0 fe df a0 fe 
023280  df a0 fe df a0 fe df a0 fe df a0 fe df a0 fe df 
023290  a0 fe df a0 fe df a0 fe df a0 fe df a0 fe df a0 
0232a0  fe df a0 fe df a0 fe df a0 fe df a0 fe df a0 fe 
0232b0  df a0 fe df a0 fe df a0 fe df a0 fe df a0 fe df 
0232c0  a0 fe df a0 fe df a0 fe df a0 fe df a0 fe df a0 
0232d0  fe df a0 fe df a0 fe df a0 fe df a0 fe df a0 fe 
0232e0  df a0 fe df a0 fe df a0 fe df a0 fe df a0 fe df 
0232f0  a0 fe df a0 fe df a0 fe df a0 fe df a0 fe df a0 
023300  fe df a0 fe df a0 fe df a0 fe df a0 fe df a0 fe 
023310  df a0 fe df a0 fe df a0 fe df a0 fe df a0 fe df 
023320  a0 fe df a0 fe df a0 fe df a0 fe df a0 fe df a0 
023330  fe df a0 fe df a0 fe df a0 fe df a0 fe df a0 fe 
023340  df a0 fe df a0 fe df a0 fe df a0 fe df a0 fe df 
023350  a0 fe df a0 fe df a0 fe df a0 fe df a0 fe df a0 
023360  fe df a0 fe df a0 fe df a0 fe df a0 fe df a0 fe 
023370  df a0 fe df a0 fe df a0 fe df a0 fe df a0 fe df 
023380  a0 fe df a0 fe df a0 fe df a0 fe df a0 fe df a0 
023390  fe df a0 fe df a0 fe df a0 fe df a0 fe df a0 fe 
0233a0  df a0 fe df a0 fe df a0 fe df a0 fe df a0 fe df 
0233b0  a0 fe df a0 fe df a0 fe df a0 fe df a0 fe df a0 
0233c0  fe df a0 fe df a0 fe df a0 fe df a0 fe df a0 fe 
0233d0  df a0 fe df a0 fe df a0 fe df a0 fe df a0 fe df 
0233e0  a0 fe df a0 fe df a0 fe df a0 fe df a0 fe df a0 
0233f0  fe df a0 fe df a0 fe df a0 fe df a0 fe df a0 fe 
023400  df a0 fe df a0 fe df a0 fe df a0 fe df a0 fe df 
023410  a0 fe df a0 fe df a0 fe df a0 fe df a0 fe df a0 
023420  fe df a0 fe df a0 fe df a0 fe df a0 fe df a0 fe 
023430  df a0 fe df a0 fe df a0 fe df a0 fe df a0 fe df 
023440  a0 fe df a0 fe df a0 fe df a0 fe df a0 fe df a0 
023450  fe df a0 fe df a0 fe df a0 fe df a0 fe df a0 fe 
023460  df a0 fe df a0 fe df a0 fe df a0 fe df a0 fe df 
023470  a0 fe df a0 fe df a0 fe df a0 fe df a0 fe df a0 
023480  fe df a0 fe df a0 fe df a0 fe df a0 fe df a0 fe 
023490  df a0 fe df a0 fe df a0 fe df a0 fe df a0 fe df 
0234a0  a0 fe df a0 fe df a0 fe df a0 fe df a0 fe df a0 
0234b0  fe df a0 fe df a0 fe df a0 fe df a0 fe df a0 fe 
0234c0  df a0 fe df a0 fe df a0 fe df a0 fe df a0 fe df 
0234d0  a0 fe df a0 fe df a0 fe df a0 fe df a0 fe df a0 
0234e0  fe df a0 fe df a0 fe df a0 fe df a0 fe df a0 fe 
0234f0  df a0 fe df a0 fe df a0 fe df a0 fe df a0 fe df 
023500  a0 fe df a0 fe df a0 fe df a0 fe df a0 fe df a0 
023510  fe df a0 fe df a0 fe df a0 fe df a0 fe df a0 fe 
023520  df a0 fe df a0 fe df a0 fe df a0 fe df a0 fe df 
023530  a0 fe df a0 fe df a0 fe df a0 fe df a0 fe df a0 
023540  fe df a0 fe df a0 fe df a0 fe df a0 fe df a0 fe 
023550  df a0 fe df a0 fe df a0 fe df a0 fe df a0 fe df 
023560  a0 fe df a0 fe df a0 fe df a0 fe df a0 fe df a0 
023570  fe df a0 fe df a0 fe df a0 fe df a0 fe df a0 fe 
023580  df a0 fe df a0 fe df a0 fe df a0 fe df a0 fe df 
023590  a0 fe df a0 fe df a0 fe df a0 fe df a0 fe df a0 
0235a0  fe df a0 fe df a0 fe df a0 fe df a0 fe df a0 fe 
0235b0  df a0 fe df a0 fe df a0 fe df a0 fe df a0 fe df 
0235c0  a0 fe df a0 fe df a0 fe df a0 fe df a0 fe df a0 
0235d0  fe df a0 fe df a0 fe df a0 fe df a0 fe df a0 fe 
0235e0  df a0 fe df a0 fe df a0 fe df a0 fe df a0 fe df 
0235f0  a0 fe df a0 fe df a0 fe df a0 fe df a0 fe df a0 
023600  fe df a0 fe df a0 fe df a0 fe df a0 fe df a0 fe 
023610  df a0 fe df a0 fe df a0 fe df a0 fe df a0 fe df 
023620  a0 fe df a0 fe df a0 fe df a0 fe df a0 fe df a0 
023630  fe df a0 fe df a0 fe df a0 fe df a0 fe df a0 fe 
023640  df a0 fe df a0 fe df a0 fe df a0 fe df a0 fe df 
023650  a0 fe df a0 fe df a0 fe df a0 fe df a0 fe df a0 
023660  fe df a0 fe df a0 fe df a0 fe df a0 fe df a0 fe 
023670  df a0 fe df a0 fe df a0 fe df a0 fe df a0 fe df 
023680  a0 fe df a0 fe df a0 fe df a0 fe df a0 fe df a0 
023690  fe df a0 fe df a0 fe df a0 fe df a0 fe df a0 fe 
0236a0  df a0 fe df a0 fe df a0 fe df a0 fe df a0 fe df 
0236b0  a0 fe df a0 fe df a0 fe df a0 fe df a0 fe df a0 
0236c0  fe df a0 fe df a0 fe df a0 fe df a0 fe df a0 fe 
0236d0  df a0 fe df a0 fe df a0 fe df a0 fe df a0 fe df 
0236e0  a0 fe df a0 fe df a0 fe df a0 fe df a0 fe df a0 
0236f0  fe df a0 fe df a0 fe df a0 fe df a0 fe df a0 fe 
023700  df a0 fe df a0 fe df a0 fe df a0 fe df a0 fe df 
023710  a0 fe df a0 fe df a0 fe df a0 fe df a0 fe df a0 
023720  fe df a0 fe df a0 fe df a0 fe df a0 fe df a0 fe 
023730  df a0 fe df a0 fe df a0 fe df a0 fe df a0 fe df 
023740  a0 fe df a0 fe df a0 fe df a0 fe df a0 fe df a0 
023750  fe df a0 fe df a0 fe df a0 fe df a0 fe df a0 fe 
023760  df a0 fe df a0 fe df a0 fe df a0 fe df a0 fe df 
023770  a0 fe df a0 fe df a0 fe df a0 fe df a0 fe df a0 
023780  fe df a0 fe df a0 fe df a0 fe df a0 fe df a0 fe 
023790  df a0 fe df a0 fe df a0 fe df a0 fe df a0 fe df 
0237a0  a0 fe df a0 fe df a0 fe df a0 fe df a0 fe df a0 
0237b0  fe df a0 fe df a0 fe df a0 fe df a0 fe df a0 fe 
0237c0  df a0 fe df a0 fe df a0 fe df a0 fe df a0 fe df 
0237d0  a0 fe df a0 fe df a0 fe df a0 fe df a0 fe df a0 
0237e0  fe df a0 fe df a0 fe df a0 fe df a0 fe df a0 fe 
0237f0  df a0 fe df a0 fe df a0 fe df a0 fe df a0 fe df 
023800  a0 fe df a0 fe df a0 fe df a0 fe df a0 fe df a0 
023810  fe df a0 fe df a0 fe df a0 fe df a0 fe df a0 fe 
023820  df a0 fe df a0 fe df a0 fe df a0 fe df a0 fe df 
023830  a0 fe df a0 fe df a0 fe df a0 fe df a0 fe df a0 
023840  fe df a0 fe df a0 fe df a0 fe df a0 fe df a0 fe 
023850  df a0 fe df a0 fe df a0 fe df a0 fe df a0 fe df 
023860  a0 fe df a0 fe df a0 fe df a0 fe df a0 fe df a0 
023870  fe df a0 fe df a0 fe df a0 fe df a0 fe df a0 fe 
023880  df a0 fe df a0 fe df a0 fe df a0 fe df a0 fe df 
023890  a0 fe df a0 fe df a0 fe df a0 fe df a0 fe df a0 
0238a0  fe df a0 fe df a0 fe df a0 fe df a0 fe df a0 fe 
0238b0  df a0 fe df a0 fe df a0 fe df a0 fe df a0 fe df 
0238c0  a0 fe df a0 fe df a0 fe df a0 fe df a0 fe df a0 
0238d0  fe df a0 fe df a0 fe df a0 fe df a0 fe df a0 fe 
0238e0  df a0 fe df a0 fe df a0 fe df a0 fe df a0 fe df 
0238f0  a0 fe df a0 fe df a0 fe df a0 fe df a0 fe df a0 
023900  fe df a0 fe df a0 fe df a0 fe df a0 fe df a0 fe 
023910  df a0 fe df a0 fe df a0 fe df a0 fe df a0 fe df 
023920  a0 fe df a0 fe df a0 fe df a0 fe df a0 fe df a0 
023930  fe df a0 fe df a0 fe df a0 fe df a0 fe df a0 fe 
023940  df a0 fe df a0 fe df a0 fe df a0 fe df a0 fe df 
023950  a0 fe df a0 fe df a0 fe df a0 fe df a0 fe df a0 
023960  fe df a0 fe df a0 fe df a0 fe df a0 fe df a0 fe 
023970  df a0 fe df a0 fe df a0 fe df a0 fe df a0 fe df 
023980  a0 fe df a0 fe df a0 fe df a0 fe df a0 fe df a0 
023990  fe df a0 fe df a0 fe df a0 fe df a0 fe df a0 fe 
0239a0  df a0 fe df a0 fe df a0 fe df a0 fe df a0 fe df 
0239b0  a0 fe df a0 fe df a0 fe df a0 fe df a0 fe df a0 
0239c0  fe df a0 fe df a0 fe df a0 fe df a0 fe df a0 fe 
0239d0  df a0 fe df a0 fe df a0 fe df a0 fe df a0 fe df 
0239e0  a0 fe df a0 fe df a0 fe df a0 fe df a0 fe df a0 
0239f0  fe df a0 fe df a0 fe df a0 fe df a0 fe df a0 fe 
023a00  df a0 fe df a0 fe df a0 fe df a0 fe df a0 fe df 
023a10  a0 fe df a0 fe df a0 fe df a0 fe df a0 fe df a0 
023a20  fe df a0 fe df a0 fe df a0 fe df a0 fe df a0 fe 
023a30  df a0 fe df a0 fe df a0 fe df a0 fe df a0 fe df 
023a40  a0 fe df a0 fe df a0 fe df a0 fe df a0 fe df a0 
023a50  fe df a0 fe df a0 fe df a0 fe df a0 fe df a0 fe 
023a60  df a0 fe df a0 fe df a0 fe df a0 fe df a0 fe df 
023a70  a0 fe df a0 fe df a0 fe df a0 fe df a0 fe df a0 
023a80  fe df a0 fe df a0 fe df a0 fe df a0 fe df a0 fe 
023a90  df a0 fe df a0 fe df a0 fe df a0 fe df a0 fe df 
023aa0  a0 fe df a0 fe df a0 fe df a0 fe df a0 fe df a0 
023ab0  fe df a0 fe df a0 fe df a0 fe df a0 fe df a0 fe 
023ac0  df a0 fe df a0 fe df a0 fe df a0 fe df a0 fe df 
023ad0  a0 fe df a0 fe df a0 fe df a0 fe df a0 fe df a0 
023ae0  fe df a0 fe df a0 fe df a0 fe df a0 fe df a0 fe 
023af0  df a0 fe df a0 fe df a0 fe df a0 fe df a0 fe df 
023b00  a0 fe df a0 fe df a0 fe df a0 fe df a0 fe df a0 
023b10  fe df a0 fe df a0 fe df a0 fe df a0 fe df a0 fe 
023b20  df a0 fe df a0 fe df a0 fe df a0 fe df a0 fe df 
023b30  a0 fe df a0 fe df a0 fe df a0 fe df a0 fe df a0 
023b40  fe df a0 fe df a0 fe df a0 fe df a0 fe df a0 fe 
023b50  df a0 fe df a0 fe df a0 fe df a0 fe df a0 fe df 
023b60  a0 fe df a0 fe df a0 fe df a0 fe df a0 fe df a0 
023b70  fe df a0 fe df a0 fe df a0 fe df a0 fe df a0 fe 
023b80  df a0 fe df a0 fe df a0 fe df a0 fe df a0 fe df 
023b90  a0 fe df a0 fe df a0 fe df a0 fe df a0 fe df a0 
023ba0  fe df a0 fe df a0 fe df a0 fe df a0 fe df a0 fe 
023bb0  df a0 fe df a0 fe df a0 fe df a0 fe df a0 fe df 
023bc0  a0 fe df a0 fe df a0 fe df a0 fe df a0 fe df a0 
023bd0  fe df a0 fe df a0 fe df a0 fe df a0 fe df a0 fe 
023be0  df a0 fe df a0 fe df a0 fe df a0 fe df a0 fe df 
023bf0  a0 fe df a0 fe df a0 fe df a0 fe df a0 fe df a0 
023c00  fe df a0 fe df a0 fe df a0 fe df a0 fe df a0 fe 
023c10  df a0 fe df a0 fe df a0 fe df a0 fe df a0 fe df 
023c20  a0 fe df a0 fe df a0 fe df a0 fe df a0 fe df a0 
023c30  fe df a0 fe df a0 fe df a0 fe df a0 fe df a0 fe 
023c40  df a0 fe df a0 fe df a0 fe df a0 fe df a0 fe df 
023c50  a0 fe df a0 fe df a0 fe df a0 fe df a0 fe df a0 
023c60  fe df a0 fe df a0 fe df a0 fe df a0 fe df a0 fe 
023c70  df a0 fe df a0 fe df a0 fe df a0 fe df a0 fe df 
023c80  a0 fe df a0 fe df a0 fe df a0 fe df a0 fe df a0 
023c90  fe df a0 fe df a0 fe df a0 fe df a0 fe df a0 fe 
023ca0  df a0 fe df a0 fe df a0 fe df a0 fe df a0 fe df 
023cb0  a0 fe df a0 fe df a0 fe df a0 fe df a0 fe df a0 
023cc0  fe df a0 fe df a0 fe df a0 fe df a0 fe df a0 fe 
023cd0  df a0 fe df a0 fe df a0 fe df a0 fe df a0 fe df 
023ce0  a0 fe df a0 fe df a0 fe df a0 fe df a0 fe df a0 
023cf0  fe df a0 fe df a0 fe df a0 fe df a0 fe df a0 fe 
023d00  df a0 fe df a0 fe df a0 fe df a0 fe df a0 fe df 
023d10  a0 fe df a0 fe df a0 fe df a0 fe df a0 fe df a0 
023d20  fe df a0 fe df a0 fe df a0 fe df a0 fe df a0 fe 
023d30  df a0 fe df a0 fe df a0 fe df a0 fe df a0 fe df 
023d40  a0 fe df a0 fe df a0 fe df a0 fe df a0 fe df a0 
023d50  fe df a0 fe df a0 fe df a0 fe df a0 fe df a0 fe 
023d60  df a0 fe df a0 fe df a0 fe df a0 fe df a0 fe df 
023d70  a0 fe df a0 fe df a0 fe df a0 fe df a0 fe df a0 
023d80  fe df a0 fe df a0 fe df a0 fe df a0 fe df a0 fe 
023d90  df a0 fe df a0 fe df a0 fe df a0 fe df a0 fe df 
023da0  a0 fe df a0 fe df a0 fe df a0 fe df a0 fe df a0 
023db0  fe df a0 fe df a0 fe df a0 fe df a0 fe df a0 fe 
023dc0  df a0 fe df a0 fe df a0 fe df a0 fe df a0 fe df 
023dd0  a0 fe df a0 fe df a0 fe df a0 fe df a0 fe df a0 
023de0  fe df a0 fe df a0 fe df a0 fe df a0 fe df a0 fe 
023df0  df a0 fe df a0 fe df a0 fe df a0 fe df a0 fe df 
023e00  a0 fe df a0 fe df a0 fe df a0 fe df a0 fe df a0 
023e10  fe df a0 fe df a0 fe df a0 fe df a0 fe df a0 fe 
023e20  df a0 fe df a0 fe df a0 fe df a0 fe df a0 fe df 
023e30  a0 fe df a0 fe df a0 fe df a0 fe df a0 fe df a0 
023e40  fe df a0 fe df a0 fe df a0 fe df a0 fe df a0 fe 
023e50  df a0 fe df a0 fe df a0 fe df a0 fe df a0 fe df 
023e60  a0 fe df a0 fe df a0 fe df a0 fe df a0 fe df a0 
023e70  fe df a0 fe df a0 fe df a0 fe df a0 fe df a0 fe 
023e80  df a0 fe df a0 fe df a0 fe df a0 fe df a0 fe df 
023e90  a0 fe df a0 fe df a0 fe df a0 fe df a0 fe df a0 
023ea0  fe df a0 fe df a0 fe df a0 fe df a0 fe df a0 fe 
023eb0  df a0 fe df a0 fe df a0 fe df a0 fe df a0 fe df 
023ec0  a0 fe df a0 fe df a0 fe df a0 fe df a0 fe df a0 
023ed0  fe df a0 fe df a0 fe df a0 fe df a0 fe df a0 fe 
023ee0  df a0 fe df a0 fe df a0 fe df a0 fe df a0 fe df 
023ef0  a0 fe df a0 fe df a0 fe df a0 fe df a0 fe df a0 
023f00  fe df a0 fe df a0 fe df a0 fe df a0 fe df a0 fe 
023f10  df a0 fe df a0 fe df a0 fe df a0 fe df a0 fe df 
023f20  a0 fe df a0 fe df a0 fe df a0 fe df a0 fe df a0 
023f30  fe df a0 fe df a0 fe df a0 fe df a0 fe df a0 fe 
023f40  df a0 fe df a0 fe df a0 fe df a0 fe df a0 fe df 
023f50  a0 fe df a0 fe df a0 fe df a0 fe df a0 fe df a0 
023f60  fe df a0 fe df a0 fe df a0 fe df a0 fe df a0 fe 
023f70  df a0 fe df a0 fe df a0 fe df a0 fe df a0 fe df 
023f80  a0 fe df a0 fe df a0 fe df a0 fe df a0 fe df a0 
023f90  fe df a0 fe df a0 fe df a0 fe df a0 fe df a0 fe 
023fa0  df a0 fe df a0 fe df a0 fe df a0 fe df a0 fe df 
023fb0  a0 fe df a0 fe df a0 fe df a0 fe df a0 fe df a0 
023fc0  fe df a0 fe df a0 fe df a0 fe df a0 fe df a0 fe 
023fd0  df a0 fe df a0 fe df a0 fe df a0 fe df a0 fe df 
023fe0  a0 fe df a0 fe df a0 fe df a0 fe df a0 fe df a0 
023ff0  fe df a0 fe df a0 fe df a0 fe df a0 fe df a0 fe 
024000  df a0 fe df a0 fe df a0 fe df a0 fe df a0 fe df 
024010  a0 fe df a0 fe df a0 fe df a0 fe df a0 fe df a0 
024020  fe df a0 fe df a0 fe df a0 fe df a0 fe df a0 fe 
024030  df a0 fe df a0 fe df a0 fe df a0 fe df a0 fe df 
024040  a0 fe df a0 fe df a0 fe df a0 fe df a0 fe df a0 
024050  fe df a0 fe df a0 fe df a0 fe df a0 fe df a0 fe 
024060  df a0 fe df a0 fe df a0 fe df a0 fe df a0 fe df 
024070  a0 fe df a0 fe df a0 fe df a0 fe df a0 fe df a0 
024080  fe df a0 fe df a0 fe df a0 fe df a0 fe df a0 fe 
024090  df a0 fe df a0 fe df a0 fe df a0 fe df a0 fe df 
0240a0  a0 fe df a0 fe df a0 fe df a0 fe df a0 fe df a0 
0240b0  fe df a0 fe df a0 fe df a0 fe df a0 fe df a0 fe 
0240c0  df a0 fe df a0 fe df a0 fe df a0 fe df a0 fe df 
0240d0  a0 fe df a0 fe df a0 fe df a0 fe df a0 fe df a0 
0240e0  fe df a0 fe df a0 fe df a0 fe df a0 fe df a0 fe 
0240f0  df a0 fe df a0 fe df a0 fe df a0 fe df a0 fe df 
024100  a0 fe df a0 fe df a0 fe df a0 fe df a0 fe df a0 
024110  fe df a0 fe df a0 fe df a0 fe df a0 fe df a0 fe 
024120  df a0 fe df a0 fe df a0 fe df a0 fe df a0 fe df 
024130  a0 fe df a0 fe df a0 fe df a0 fe df a0 fe df a0 
024140  fe df a0 fe df a0 fe df a0 fe df a0 fe df a0 fe 
024150  df a0 fe df a0 fe df a0 fe df a0 fe df a0 fe df 
024160  a0 fe df a0 fe df a0 fe df a0 fe df a0 fe df a0 
024170  fe df a0 fe df a0 fe df a0 fe df a0 fe df a0 fe 
024180  df a0 fe df a0 fe df a0 fe df a0 fe df a0 fe df 
024190  a0 fe df a0 fe df a0 fe df a0 fe df a0 fe df a0 
0241a0  fe df a0 fe df a0 fe df a0 fe df a0 fe df a0 fe 
0241b0  df a0 fe df a0 fe df a0 fe df a0 fe df a0 fe df 
0241c0  a0 fe df a0 fe df a0 fe df a0 fe df a0 fe df a0 
0241d0  fe df a0 fe df a0 fe df a0 fe df a0 fe df a0 fe 
0241e0  df a0 fe df a0 fe df a0 fe df a0 fe df a0 fe df 
0241f0  a0 fe df a0 fe df a0 fe df a0 fe df a0 fe df a0 
024200  fe df a0 fe df a0 fe df a0 fe df a0 fe df a0 fe 
024210  df a0 fe df a0 fe df a0 fe df a0 fe df a0 fe df 
024220  a0 fe df a0 fe df a0 fe df a0 fe df a0 fe df a0 
024230  fe df a0 fe df a0 fe df a0 fe df a0 fe df a0 fe 
024240  df a0 fe df a0 fe df a0 fe df a0 fe df a0 fe df 
024250  a0 fe df a0 fe df a0 fe df a0 fe df a0 fe df a0 
024260  fe df a0 fe df a0 fe df a0 fe df a0 fe df a0 fe 
024270  df a0 fe df a0 fe df a0 fe df a0 fe df a0 fe df 
024280  a0 fe df a0 fe df a0 fe df a0 fe df a0 fe df a0 
024290  fe df a0 fe df a0 fe df a0 fe df a0 fe df a0 fe 
0242a0  df a0 fe df a0 fe df a0 fe df a0 fe df a0 fe df 
0242b0  a0 fe df a0 fe df a0 fe df a0 fe df a0 fe df a0 
0242c0  fe df a0 fe df a0 fe df a0 fe df a0 fe df a0 fe 
0242d0  df a0 fe df a0 fe df a0 fe df a0 fe df a0 fe df 
0242e0  a0 fe df a0 fe df a0 fe df a0 fe df a0 fe df a0 
0242f0  fe df a0 fe df a0 fe df a0 fe df a0 fe df a0 fe 
024300  df a0 fe df a0 fe df a0 fe df a0 fe df a0 fe df 
024310  a0 fe df a0 fe df a0 fe df a0 fe df a0 fe df a0 
024320  fe df a0 fe df a0 fe df a0 fe df a0 fe df a0 fe 
024330  df a0 fe df a0 fe df a0 fe df a0 fe df a0 fe df 
024340  a0 fe df a0 fe df a0 fe df a0 fe df a0 fe df a0 
024350  fe df a0 fe df a0 fe df a0 fe df a0 fe df a0 fe 
024360  df a0 fe df a0 fe df a0 fe df a0 fe df a0 fe df 
024370  a0 fe df a0 fe df a0 fe df a0 fe df a0 fe df a0 
024380  fe df a0 fe df a0 fe df a0 fe df a0 fe df a0 fe 
024390  df a0 fe df a0 fe df a0 fe df a0 fe df a0 fe df 
0243a0  a0 fe df a0 fe df a0 fe df a0 fe df a0 fe df a0 
0243b0  fe df a0 fe df a0 fe df a0 fe df a0 fe df a0 fe 
0243c0  df a0 fe df a0 fe df a0 fe df a0 fe df a0 fe df 
0243d0  a0 fe df a0 fe df a0 fe df a0 fe df a0 fe df a0 
0243e0  fe df a0 fe df a0 fe df a0 fe df a0 fe df a0 fe 
0243f0  df a0 fe df a0 fe df a0 fe df a0 fe df a0 fe df 
024400  a0 fe df a0 fe df a0 fe df a0 fe df a0 fe df a0 
024410  fe df a0 fe df a0 fe df a0 fe df a0 fe df a0 fe 
024420  df a0 fe df a0 fe df a0 fe df a0 fe df a0 fe df 
024430  a0 fe df a0 fe df a0 fe df a0 fe df a0 fe df a0 
024440  fe df a0 fe df a0 fe df a0 fe df a0 fe df a0 fe 
024450  df a0 fe df a0 fe df a0 fe df a0 fe df a0 fe df 
024460  a0 fe df a0 fe df a0 fe df a0 fe df a0 fe df a0 
024470  fe df a0 fe df a0 fe df a0 fe df a0 fe df a0 fe 
024480  df a0 fe df a0 fe df a0 fe df a0 fe df a0 fe df 
024490  a0 fe df a0 fe df a0 fe df a0 fe df a0 fe df a0 
0244a0  fe df a0 fe df a0 fe df a0 fe df a0 fe df a0 fe 
0244b0  df a0 fe df a0 fe df a0 fe df a0 fe df a0 fe df 
0244c0  a0 fe df a0 fe df a0 fe df a0 fe df a0 fe df a0 
0244d0  fe df a0 fe df a0 fe df a0 fe df a0 fe df a0 fe 
0244e0  df a0 fe df a0 fe df a0 fe df a0 fe df a0 fe df 
0244f0  a0 fe df a0 fe df a0 fe df a0 fe df a0 fe df a0 
024500  fe df a0 fe df a0 fe df a0 fe df a0 fe df a0 fe 
024510  df a0 fe df a0 fe df a0 fe df a0 fe df a0 fe df 
024520  a0 fe df a0 fe df a0 fe df a0 fe df a0 fe df a0 
024530  fe df a0 fe df a0 fe df a0 fe df a0 fe df a0 fe 
024540  df a0 fe df a0 fe df a0 fe df a0 fe df a0 fe df 
024550  a0 fe df a0 fe df a0 fe df a0 fe df a0 fe df a0 
024560  fe df a0 fe df a0 fe df a0 fe df a0 fe df a0 fe 
024570  df a0 fe df a0 fe df a0 fe df a0 fe df a0 fe df 
024580  a0 fe df a0 fe df a0 fe df a0 fe df a0 fe df a0 
024590  fe df a0 fe df a0 fe df a0 fe df a0 fe df a0 fe 
0245a0  df a0 fe df a0 fe df a0 fe df a0 fe df a0 fe df 
0245b0  a0 fe df a0 fe df a0 fe df a0 fe df a0 fe df a0 
0245c0  fe df a0 fe df a0 fe df a0 fe df a0 fe df a0 fe 
0245d0  df a0 fe df a0 fe df a0 fe df a0 fe df a0 fe df 
0245e0  a0 fe df a0 fe df a0 fe df a0 fe df a0 fe df a0 
0245f0  fe df a0 fe df a0 fe df a0 fe df a0 fe df a0 fe 
024600  df a0 fe df a0 fe df a0 fe df a0 fe df a0 fe df 
024610  a0 fe df a0 fe df a0 fe df a0 fe df a0 fe df a0 
024620  fe df a0 fe df a0 fe df a0 fe df a0 fe df a0 fe 
024630  df a0 fe df a0 fe df a0 fe df a0 fe df a0 fe df 
024640  a0 fe df a0 fe df a0 fe df a0 fe df a0 fe df a0 
024650  fe df a0 fe df a0 fe df a0 fe df a0 fe df a0 fe 
024660  df a0 fe df a0 fe df a0 fe df a0 fe df a0 fe df 
024670  a0 fe df a0 fe df a0 fe df a0 fe df a0 fe df a0 
024680  fe df a0 fe df a0 fe df a0 fe df a0 fe df a0 fe 
024690  df a0 fe df a0 fe df a0 fe df a0 fe df a0 fe df 
0246a0  a0 fe df a0 fe df a0 fe df a0 fe df a0 fe df a0 
0246b0  fe df a0 fe df a0 fe df a0 fe df a0 fe df a0 fe 
0246c0  df a0 fe df a0 fe df a0 fe df a0 fe df a0 fe df 
0246d0  a0 fe df a0 fe df a0 fe df a0 fe df a0 fe df a0 
0246e0  fe df a0 fe df a0 fe df a0 fe df a0 fe df a0 fe 
0246f0  df a0 fe df a0 fe df a0 fe df a0 fe df a0 fe df 
024700  a0 fe df a0 fe df a0 fe df a0 fe df a0 fe df a0 
024710  fe df a0 fe df a0 fe df a0 fe df a0 fe df a0 fe 
024720  df a0 fe df a0 fe df a0 fe df a0 fe df a0 fe df 
024730  a0 fe df a0 fe df a0 fe df a0 fe df a0 fe df a0 
024740  fe df a0 fe df a0 fe df a0 fe df a0 fe df a0 fe 
024750  df a0 fe df a0 fe df a0 fe df a0 fe df a0 fe df 
024760  a0 fe df a0 fe df a0 fe df a0 fe df a0 fe df a0 
024770  fe df a0 fe df a0 fe df a0 fe df a0 fe df a0 fe 
024780  df a0 fe df a0 fe df a0 fe df a0 fe df a0 fe df 
024790  a0 fe df a0 fe df a0 fe df a0 fe df a0 fe df a0 
0247a0  fe df a0 fe df a0 fe df a0 fe df a0 fe df a0 fe 
0247b0  df a0 fe df a0 fe df a0 fe df a0 fe df a0 fe df 
0247c0  a0 fe df a0 fe df a0 fe df a0 fe df a0 fe df a0 
0247d0  fe df a0 fe df a0 fe df a0 fe df a0 fe df a0 fe 
0247e0  df a0 fe df a0 fe df a0 fe df a0 fe df a0 fe df 
0247f0  a0 fe df a0 fe df a0 fe df a0 fe df a0 fe df a0 
024800  fe df a0 fe df a0 fe df a0 fe df a0 fe df a0 fe 
024810  df a0 fe df a0 fe df a0 fe df a0 fe df a0 fe df 
024820  a0 fe df a0 fe df a0 fe df a0 fe df a0 fe df a0 
024830  fe df a0 fe df a0 fe df a0 fe df a0 fe df a0 fe 
024840  df a0 fe df a0 fe df a0 fe df a0 fe df a0 fe df 
024850  a0 fe df a0 fe df a0 fe df a0 fe df a0 fe df a0 
024860  fe df a0 fe df a0 fe df a0 fe df a0 fe df a0 fe 
024870  df a0 fe df a0 fe df a0 fe df a0 fe df a0 fe df 
024880  a0 fe df a0 fe df a0 fe df a0 fe df a0 fe df a0 
024890  fe df a0 fe df a0 fe df a0 fe df a0 fe df a0 fe 
0248a0  df a0 fe df a0 fe df a0 fe df a0 fe df a0 fe df 
0248b0  a0 fe df a0 fe df a0 fe df a0 fe df a0 fe df a0 
0248c0  fe df a0 fe df a0 fe df a0 fe df a0 fe df a0 fe 
0248d0  df a0 fe df a0 fe df a0 fe df a0 fe df a0 fe df 
0248e0  a0 fe df a0 fe df a0 fe df a0 fe df a0 fe df a0 
0248f0  fe df a0 fe df a0 fe df a0 fe df a0 fe df a0 fe 
024900  df a0 fe df a0 fe df a0 fe df a0 fe df a0 fe df 
024910  a0 fe df a0 fe df a0 fe df a0 fe df a0 fe df a0 
024920  fe df a0 fe df a0 fe df a0 fe df a0 fe df a0 fe 
024930  df a0 fe df a0 fe df a0 fe df a0 fe df a0 fe df 
024940  a0 fe df a0 fe df a0 fe df a0 fe df a0 fe df a0 
024950  fe df a0 fe df a0 fe df a0 fe df a0 fe df a0 fe 
024960  df a0 fe df a0 fe df a0 fe df a0 fe df a0 fe df 
024970  a0 fe df a0 fe df a0 fe df a0 fe df a0 fe df a0 
024980  fe df a0 fe df a0 fe df a0 fe df a0 fe df a0 fe 
024990  df a0 fe df a0 fe df a0 fe df a0 fe df a0 fe df 
0249a0  a0 fe df a0 fe df a0 fe df a0 fe df a0 fe df a0 
0249b0  fe df a0 fe df a0 fe df a0 fe df a0 fe df a0 fe 
0249c0  df a0 fe df a0 fe df a0 fe df a0 fe df a0 fe df 
0249d0  a0 fe df a0 fe df a0 fe df a0 fe df a0 fe df a0 
0249e0  fe df a0 fe df a0 fe df a0 fe df a0 fe df a0 fe 
0249f0  df a0 fe df a0 fe df a0 fe df a0 fe df a0 fe df 
024a00  a0 fe df a0 fe df a0 fe df a0 fe df a0 fe df a0 
024a10  fe df a0 fe df a0 fe df a0 fe df a0 fe df a0 fe 
024a20  df a0 fe df a0 fe df a0 fe df a0 fe df a0 fe df 
024a30  a0 fe df a0 fe df a0 fe df a0 fe df a0 fe df a0 
024a40  fe df a0 fe df a0 fe df a0 fe df a0 fe df a0 fe 
024a50  df a0 fe df a0 fe df a0 fe df a0 fe df a0 fe df 
024a60  a0 fe df a0 fe df a0 fe df a0 fe df a0 fe df a0 
024a70  fe df a0 fe df a0 fe df a0 fe df a0 fe df a0 fe 
024a80  df a0 fe df a0 fe df a0 fe df a0 fe df a0 fe df 
024a90  a0 fe df a0 fe df a0 fe df a0 fe df a0 fe df a0 
024aa0  fe df a0 fe df a0 fe df a0 fe df a0 fe df a0 fe 
024ab0  df a0 fe df a0 fe df a0 fe df a0 fe df a0 fe df 
024ac0  a0 fe df a0 fe df a0 fe df a0 fe df a0 fe df a0 
024ad0  fe df a0 fe df a0 fe df a0 fe df a0 fe df a0 fe 
024ae0  df a0 fe df a0 fe df a0 fe df a0 fe df a0 fe df 
024af0  a0 fe df a0 fe df a0 fe df a0 fe df a0 fe df a0 
024b00  fe df a0 fe df a0 fe df a0 fe df a0 fe df a0 fe 
024b10  df a0 fe df a0 fe df a0 fe df a0 fe df a0 fe df 
024b20  a0 fe df a0 fe df a0 fe df a0 fe df a0 fe df a0 
024b30  fe df a0 fe df a0 fe df a0 fe df a0 fe df a0 fe 
024b40  df a0 fe df a0 fe df a0 fe df a0 fe df a0 fe df 
024b50  a0 fe df a0 fe df a0 fe df a0 fe df a0 fe df a0 
024b60  fe df a0 fe df a0 fe df a0 fe df a0 fe df a0 fe 
024b70  df a0 fe df a0 fe df a0 fe df a0 fe df a0 fe df 
024b80  a0 fe df a0 fe df a0 fe df a0 fe df a0 fe df a0 
024b90  fe df a0 fe df a0 fe df a0 fe df a0 fe df a0 fe 
024ba0  df a0 fe df a0 fe df a0 fe df a0 fe df a0 fe df 
024bb0  a0 fe df a0 fe df a0 fe df a0 fe df a0 fe df a0 
024bc0  fe df a0 fe df a0 fe df a0 fe df a0 fe df a0 fe 
024bd0  df a0 fe df a0 fe df a0 fe df a0 fe df a0 fe df 
024be0  a0 fe df a0 fe df a0 fe df a0 fe df a0 fe df a0 
024bf0  fe df a0 fe df a0 fe df a0 fe df a0 fe df a0 fe 
024c00  df a0 fe df a0 fe df a0 fe df a0 fe df a0 fe df 
024c10  a0 fe df a0 fe df a0 fe df a0 fe df a0 fe df a0 
024c20  fe df a0 fe df a0 fe df a0 fe df a0 fe df a0 fe 
024c30  df a0 fe df a0 fe df a0 fe df a0 fe df a0 fe df 
024c40  a0 fe df a0 fe df a0 fe df a0 fe df a0 fe df a0 
024c50  fe df a0 fe df a0 fe df a0 fe df a0 fe df a0 fe 
024c60  df a0 fe df a0 fe df a0 fe df a0 fe df a0 fe df 
024c70  a0 fe df a0 fe df a0 fe df a0 fe df a0 fe df a0 
024c80  fe df a0 fe df a0 fe df a0 fe df a0 fe df a0 fe 
024c90  df a0 fe df a0 fe df a0 fe df a0 fe df a0 fe df 
024ca0  a0 fe df a0 fe df a0 fe df a0 fe df a0 fe df a0 
024cb0  fe df a0 fe df a0 fe df a0 fe df a0 fe df a0 fe 
024cc0  df a0 fe df a0 fe df a0 fe df a0 fe df a0 fe df 
024cd0  a0 fe df a0 fe df a0 fe df a0 fe df a0 fe df a0 
024ce0  fe df a0 fe df a0 fe df a0 fe df a0 fe df a0 fe 
024cf0  df a0 fe df a0 fe df a0 fe df a0 fe df a0 fe df 
024d00  a0 fe df a0 fe df a0 fe df a0 fe df a0 fe df a0 
024d10  fe df a0 fe df a0 fe df a0 fe df a0 fe df a0 fe 
024d20  df a0 fe df a0 fe df a0 fe df a0 fe df a0 fe df 
024d30  a0 fe df a0 fe df a0 fe df a0 fe df a0 fe df a0 
024d40  fe df a0 fe df a0 fe df a0 fe df a0 fe df a0 fe 
024d50  df a0 fe df a0 fe df a0 fe df a0 fe df a0 fe df 
024d60  a0 fe df a0 fe df a0 fe df a0 fe df a0 fe df a0 
024d70  fe df a0 fe df a0 fe df a0 fe df a0 fe df a0 fe 
024d80  df a0 fe df a0 fe df a0 fe df a0 fe df a0 fe df 
024d90  a0 fe df a0 fe df a0 fe df a0 fe df a0 fe df a0 
024da0  fe df a0 fe df a0 fe df a0 fe df a0 fe df a0 fe 
024db0  df a0 fe df a0 fe df a0 fe df a0 fe df a0 fe df 
024dc0  a0 fe df a0 fe df a0 fe df a0 fe df a0 fe df a0 
024dd0  fe df a0 fe df a0 fe df a0 fe df a0 fe df a0 fe 
024de0  df a0 fe df a0 fe df a0 fe df a0 fe df a0 fe df 
024df0  a0 fe df a0 fe df a0 fe df a0 fe df a0 fe df a0 
024e00  fe df a0 fe df a0 fe df a0 fe df a0 fe df a0 fe 
024e10  df a0 fe df a0 fe df a0 fe df a0 fe df a0 fe df 
024e20  a0 fe df a0 fe df a0 fe df a0 fe df a0 fe df a0 
024e30  fe df a0 fe df a0 fe df a0 fe df a0 fe df a0 fe 
024e40  df a0 fe df a0 fe df a0 fe df a0 fe df a0 fe df 
024e50  a0 fe df a0 fe df a0 fe df a0 fe df a0 fe df a0 
024e60  fe df a0 fe df a0 fe df a0 fe df a0 fe df a0 fe 
024e70  df a0 fe df a0 fe df a0 fe df a0 fe df a0 fe df 
024e80  a0 fe df a0 fe df a0 fe df a0 fe df a0 fe df a0 
024e90  fe df a0 fe df a0 fe df a0 fe df a0 fe df a0 fe 
024ea0  df a0 fe df a0 fe df a0 fe df a0 fe df a0 fe df 
024eb0  a0 fe df a0 fe df a0 fe df a0 fe df a0 fe df a0 
024ec0  fe df a0 fe df a0 fe df a0 fe df a0 fe df a0 fe 
024ed0  df a0 fe df a0 fe df a0 fe df a0 fe df a0 fe df 
024ee0  a0 fe df a0 fe df a0 fe df a0 fe df a0 fe df a0 
024ef0  fe df a0 fe df a0 fe df a0 fe df a0 fe df a0 fe 
024f00  df a0 fe df a0 fe df a0 fe df a0 fe df a0 fe df 
024f10  a0 fe df a0 fe df a0 fe df a0 fe df a0 fe df a0 
024f20  fe df a0 fe df a0 fe df a0 fe df a0 fe df a0 fe 
024f30  df a0 fe df a0 fe df a0 fe df a0 fe df a0 fe df 
024f40  a0 fe df a0 fe df a0 fe df a0 fe df a0 fe df a0 
024f50  fe df a0 fe df a0 fe df a0 fe df a0 fe df a0 fe 
024f60  df a0 fe df a0 fe df a0 fe df a0 fe df a0 fe df 
024f70  a0 fe df a0 fe df a0 fe df a0 fe df a0 fe df a0 
024f80  fe df a0 fe df a0 fe df a0 fe df a0 fe df a0 fe 
024f90  df a0 fe df a0 fe df a0 fe df a0 fe df a0 fe df 
024fa0  a0 fe df a0 fe df a0 fe df a0 fe df a0 fe df a0 
024fb0  fe df a0 fe df a0 fe df a0 fe df a0 fe df a0 fe 
024fc0  df a0 fe df a0 fe df a0 fe df a0 fe df a0 fe df 
024fd0  a0 fe df a0 fe df a0 fe df a0 fe df a0 fe df a0 
024fe0  fe df a0 fe df a0 fe df a0 fe df a0 fe df a0 fe 
024ff0  df a0 fe df a0 fe df a0 fe df a0 fe df a0 fe df 
025000  a0 fe df a0 fe df a0 fe df a0 fe df a0 fe df a0 
025010  fe df a0 fe df a0 fe df a0 fe df a0 fe df a0 fe 
025020  df a0 fe df a0 fe df a0 fe df a0 fe df a0 fe df 
025030  a0 fe df a0 fe df a0 fe df a0 fe df a0 fe df a0 
025040  fe df a0 fe df a0 fe df a0 fe df a0 fe df a0 fe 
025050  df a0 fe df a0 fe df a0 fe df a0 fe df a0 fe df 
025060  a0 fe df a0 fe df a0 fe df a0 fe df a0 fe df a0 
025070  fe df a0 fe df a0 fe df a0 fe df a0 fe df a0 fe 
025080  df a0 fe df a0 fe df a0 fe df a0 fe df a0 fe df 
025090  a0 fe df a0 fe df a0 fe df a0 fe df a0 fe df a0 
0250a0  fe df a0 fe df a0 fe df a0 fe df a0 fe df a0 fe 
0250b0  df a0 fe df a0 fe df a0 fe df a0 fe df a0 fe df 
0250c0  a0 fe df a0 fe df a0 fe df a0 fe df a0 fe df a0 
0250d0  fe df a0 fe df a0 fe df a0 fe df a0 fe df a0 fe 
0250e0  df a0 fe df a0 fe df a0 fe df a0 fe df a0 fe df 
0250f0  a0 fe df a0 fe df a0 fe df a0 fe df a0 fe df a0 
025100  fe df a0 fe df a0 fe df a0 fe df a0 fe df a0 fe 
025110  df a0 fe df a0 fe df a0 fe df a0 fe df a0 fe df 
025120  a0 fe df a0 fe df a0 fe df a0 fe df a0 fe df a0 
025130  fe df a0 fe df a0 fe df a0 fe df a0 fe df a0 fe 
025140  df a0 fe df a0 fe df a0 fe df a0 fe df a0 fe df 
025150  a0 fe df a0 fe df a0 fe df a0 fe df a0 fe df a0 
025160  fe df a0 fe df a0 fe df a0 fe df a0 fe df a0 fe 
025170  df a0 fe df a0 fe df a0 fe df a0 fe df a0 fe df 
025180  a0 fe df a0 fe df a0 fe df a0 fe df a0 fe df a0 
025190  fe df a0 fe df a0 fe df a0 fe df a0 fe df a0 fe 
0251a0  df a0 fe df a0 fe df a0 fe df a0 fe df a0 fe df 
0251b0  a0 fe df a0 fe df a0 fe df a0 fe df a0 fe df a0 
0251c0  fe df a0 fe df a0 fe df a0 fe df a0 fe df a0 fe 
0251d0  df a0 fe df a0 fe df a0 fe df a0 fe df a0 fe df 
0251e0  a0 fe df a0 fe df a0 fe df a0 fe df a0 fe df a0 
0251f0  fe df a0 fe df a0 fe df a0 fe df a0 fe df a0 fe 
025200  df a0 fe df a0 fe df a0 fe df a0 fe df a0 fe df 
025210  a0 fe df a0 fe df a0 fe df a0 fe df a0 fe df a0 
025220  fe df a0 fe df a0 fe df a0 fe df a0 fe df a0 fe 
025230  df a0 fe df a0 fe df a0 fe df a0 fe df a0 fe df 
025240  a0 fe df a0 fe df a0 fe df a0 fe df a0 fe df a0 
025250  fe df a0 fe df a0 fe df a0 fe df a0 fe df a0 fe 
025260  df a0 fe df a0 fe df a0 fe df a0 fe df a0 fe df 
025270  a0 fe df a0 fe df a0 fe df a0 fe df a0 fe df a0 
025280  fe df a0 fe df a0 fe df a0 fe df a0 fe df a0 fe 
025290  df a0 fe df a0 fe df a0 fe df a0 fe df a0 fe df 
0252a0  a0 fe df a0 fe df a0 fe df a0 fe df a0 fe df a0 
0252b0  fe df a0 fe df a0 fe df a0 fe df a0 fe df a0 fe 
0252c0  df a0 fe df a0 fe df a0 fe df a0 fe df a0 fe df 
0252d0  a0 fe df a0 fe df a0 fe df a0 fe df a0 fe df a0 
0252e0  fe df a0 fe df a0 fe df a0 fe df a0 fe df a0 fe 
0252f0  df a0 fe df a0 fe df a0 fe df a0 fe df a0 fe df 
025300  a0 fe df a0 fe df a0 fe df a0 fe df a0 fe df a0 
025310  fe df a0 fe df a0 fe df a0 fe df a0 fe df a0 fe 
025320  df a0 fe df a0 fe df a0 fe df a0 fe df a0 fe df 
025330  a0 fe df a0 fe df a0 fe df a0 fe df a0 fe df a0 
025340  fe df a0 fe df a0 fe df a0 fe df a0 fe df a0 fe 
025350  df a0 fe df a0 fe df a0 fe df a0 fe df a0 fe df 
025360  a0 fe df a0 fe df a0 fe df a0 fe df a0 fe df a0 
025370  fe df a0 fe df a0 fe df a0 fe df a0 fe df a0 fe 
025380  df a0 fe df a0 fe df a0 fe df a0 fe df a0 fe df 
025390  a0 fe df a0 fe df a0 fe df a0 fe df a0 fe df a0 
0253a0  fe df a0 fe df a0 fe df a0 fe df a0 fe df a0 fe 
0253b0  df a0 fe df a0 fe df a0 fe df a0 fe df a0 fe df 
0253c0  a0 fe df a0 fe df a0 fe df a0 fe df a0 fe df a0 
0253d0  fe df a0 fe df a0 fe df a0 fe df a0 fe df a0 fe 
0253e0  df a0 fe df a0 fe df a0 fe df a0 fe df a0 fe df 
0253f0  a0 fe df a0 fe df a0 fe df a0 fe df a0 fe df a0 
025400  fe df a0 fe df a0 fe df a0 fe df a0 fe df a0 fe 
025410  df a0 fe df a0 fe df a0 fe df a0 fe df a0 fe df 
025420  a0 fe df a0 fe df a0 fe df a0 fe df a0 fe df a0 
025430  fe df a0 fe df a0 fe df a0 fe df a0 fe df a0 fe 
025440  df a0 fe df a0 fe df a0 fe df a0 fe df a0 fe df 
025450  a0 fe df a0 fe df a0 fe df a0 fe df a0 fe df a0 
025460  fe df a0 fe df a0 fe df a0 fe df a0 fe df a0 fe 
025470  df a0 fe df a0 fe df a0 fe df a0 fe df a0 fe df 
025480  a0 fe df a0 fe df a0 fe df a0 fe df a0 fe df a0 
025490  fe df a0 fe df a0 fe df a0 fe df a0 fe df a0 fe 
0254a0  df a0 fe df a0 fe df a0 fe df a0 fe df a0 fe df 
0254b0  a0 fe df a0 fe df a0 fe df a0 fe df a0 fe df a0 
0254c0  fe df a0 fe df a0 fe df a0 fe df a0 fe df a0 fe 
0254d0  df a0 fe df a0 fe df a0 fe df a0 fe df a0 fe df 
0254e0  a0 fe df a0 fe df a0 fe df a0 fe df a0 fe df a0 
0254f0  fe df a0 fe df a0 fe df a0 fe df a0 fe df a0 fe 
025500  df a0 fe df a0 fe df a0 fe df a0 fe df a0 fe df 
025510  a0 fe df a0 fe df a0 fe df a0 fe df a0 fe df a0 
025520  fe df a0 fe df a0 fe df a0 fe df a0 fe df a0 fe 
025530  df a0 fe df a0 fe df a0 fe df a0 fe df a0 fe df 
025540  a0 fe df a0 fe df a0 fe df a0 fe df a0 fe df a0 
025550  fe df a0 fe df a0 fe df a0 fe df a0 fe df a0 fe 
025560  df a0 fe df a0 fe df a0 fe df a0 fe df a0 fe df 
025570  a0 fe df a0 fe df a0 fe df a0 fe df a0 fe df a0 
025580  fe df a0 fe df a0 fe df a0 fe df a0 fe df a0 fe 
025590  df a0 fe df a0 fe df a0 fe df a0 fe df a0 fe df 
0255a0  a0 fe df a0 fe df a0 fe df a0 fe df a0 fe df a0 
0255b0  fe df a0 fe df a0 fe df a0 fe df a0 fe df a0 fe 
0255c0  df a0 fe df a0 fe df a0 fe df a0 fe df a0 fe df 
0255d0  a0 fe df a0 fe df a0 fe df a0 fe df a0 fe df a0 
0255e0  fe df a0 fe df a0 fe df a0 fe df a0 fe df a0 fe 
0255f0  df a0 fe df a0 fe df a0 fe df a0 fe df a0 fe df 
025600  a0 fe df a0 fe df a0 fe df a0 fe df a0 fe df a0 
025610  fe df a0 fe df a0 fe df a0 fe df a0 fe df a0 fe 
025620  df a0 fe df a0 fe df a0 fe df a0 fe df a0 fe df 
025630  a0 fe df a0 fe df a0 fe df a0 fe df a0 fe df a0 
025640  fe df a0 fe df a0 fe df a0 fe df a0 fe df a0 fe 
025650  df a0 fe df a0 fe df a0 fe df a0 fe df a0 fe df 
025660  a0 fe df a0 fe df a0 fe df a0 fe df a0 fe df a0 
025670  fe df a0 fe df a0 fe df a0 fe df a0 fe df a0 fe 
025680  df a0 fe df a0 fe df a0 fe df a0 fe df a0 fe df 
025690  a0 fe df a0 fe df a0 fe df a0 fe df a0 fe df a0 
0256a0  fe df a0 fe df a0 fe df a0 fe df a0 fe df a0 fe 
0256b0  df a0 fe df a0 fe df a0 fe df a0 fe df a0 fe df 
0256c0  a0 fe df a0 fe df a0 fe df a0 fe df a0 fe df a0 
0256d0  fe df a0 fe df a0 fe df a0 fe df a0 fe df a0 fe 
0256e0  df a0 fe df a0 fe df a0 fe df a0 fe df a0 fe df 
0256f0  a0 fe df a0 fe df a0 fe df a0 fe df a0 fe df a0 
025700  fe df a0 fe df a0 fe df a0 fe df a0 fe df a0 fe 
025710  df a0 fe df a0 fe df a0 fe df a0 fe df a0 fe df 
025720  a0 fe df a0 fe df a0 fe df a0 fe df a0 fe df a0 
025730  fe df a0 fe df a0 fe df a0 fe df a0 fe df a0 fe 
025740  df a0 fe df a0 fe df a0 fe df a0 fe df a0 fe df 
025750  a0 fe df a0 fe df a0 fe df a0 fe df a0 fe df a0 
025760  fe df a0 fe df a0 fe df a0 fe df a0 fe df a0 fe 
025770  df a0 fe df a0 fe df a0 fe df a0 fe df a0 fe df 
025780  a0 fe df a0 fe df a0 fe df a0 fe df a0 fe df a0 
025790  fe df a0 fe df a0 fe df a0 fe df a0 fe df a0 fe 
0257a0  df a0 fe df a0 fe df a0 fe df a0 fe df a0 fe df 
0257b0  a0 fe df a0 fe df a0 fe df a0 fe df a0 fe df a0 
0257c0  fe df a0 fe df a0 fe df a0 fe df a0 fe df a0 fe 
0257d0  df a0 fe df a0 fe df a0 fe df a0 fe df a0 fe df 
0257e0  a0 fe df a0 fe df a0 fe df a0 fe df a0 fe df a0 
0257f0  fe df a0 fe df a0 fe df a0 fe df a0 fe df a0 fe 
025800  df a0 fe df a0 fe df a0 fe df a0 fe df a0 fe df 
025810  a0 fe df a0 fe df a0 fe df a0 fe df a0 fe df a0 
025820  fe df a0 fe df a0 fe df a0 fe df a0 fe df a0 fe 
025830  df a0 fe df a0 fe df a0 fe df a0 fe df a0 fe df 
025840  a0 fe df a0 fe df a0 fe df a0 fe df a0 fe df a0 
025850  fe df a0 fe df a0 fe df a0 fe df a0 fe df a0 fe 
025860  df a0 fe df a0 fe df a0 fe df a0 fe df a0 fe df 
025870  a0 fe df a0 fe df a0 fe df a0 fe df a0 fe df a0 
025880  fe df a0 fe df a0 fe df a0 fe df a0 fe df a0 fe 
025890  df a0 fe df a0 fe df a0 fe df a0 fe df a0 fe df 
0258a0  a0 fe df a0 fe df a0 fe df a0 fe df a0 fe df a0 
0258b0  fe df a0 fe df a0 fe df a0 fe df a0 fe df a0 fe 
0258c0  df a0 fe df a0 fe df a0 fe df a0 fe df a0 fe df 
0258d0  a0 fe df a0 fe df a0 fe df a0 fe df a0 fe df a0 
0258e0  fe df a0 fe df a0 fe df a0 fe df a0 fe df a0 fe 
0258f0  df a0 fe df a0 fe df a0 fe df a0 fe df a0 fe df 
025900  a0 fe df a0 fe df a0 fe df a0 fe df a0 fe df a0 
025910  fe df a0 fe df a0 fe df a0 fe df a0 fe df a0 fe 
025920  df a0 fe df a0 fe df a0 fe df a0 fe df a0 fe df 
025930  a0 fe df a0 fe df a0 fe df a0 fe df a0 fe df a0 
025940  fe df a0 fe df a0 fe df a0 fe df a0 fe df a0 fe 
025950  df a0 fe df a0 fe df a0 fe df a0 fe df a0 fe df 
025960  a0 fe df a0 fe df a0 fe df a0 fe df a0 fe df a0 
025970  fe df a0 fe df a0 fe df a0 fe df a0 fe df a0 fe 
025980  df a0 fe df a0 fe df a0 fe df a0 fe df a0 fe df 
025990  a0 fe df a0 fe df a0 fe df a0 fe df a0 fe df a0 
0259a0  fe df a0 fe df a0 fe df a0 fe df a0 fe df a0 fe 
0259b0  df a0 fe df a0 fe df a0 fe df a0 fe df a0 fe df 
0259c0  a0 fe df a0 fe df a0 fe df a0 fe df a0 fe df a0 
0259d0  fe df a0 fe df a0 fe df a0 fe df a0 fe df a0 fe 
0259e0  df a0 fe df a0 fe df a0 fe df a0 fe df a0 fe df 
0259f0  a0 fe df a0 fe df a0 fe df a0 fe df a0 fe df a0 
025a00  fe df a0 fe df a0 fe df a0 fe df a0 fe df a0 fe 
025a10  df a0 fe df a0 fe df a0 fe df a0 fe df a0 fe df 
025a20  a0 fe df a0 fe df a0 fe df a0 fe df a0 fe df a0 
025a30  fe df a0 fe df a0 fe df a0 fe df a0 fe df a0 fe 
025a40  df a0 fe df a0 fe df a0 fe df a0 fe df a0 fe df 
025a50  a0 fe df a0 fe df a0 fe df a0 fe df a0 fe df a0 
025a60  fe df a0 fe df a0 fe df a0 fe df a0 fe df a0 fe 
025a70  df a0 fe df a0 fe df a0 fe df a0 fe df a0 fe df 
025a80  a0 fe df a0 fe df a0 fe df a0 fe df a0 fe df a0 
025a90  fe df a0 fe df a0 fe df a0 fe df a0 fe df a0 fe 
025aa0  df a0 fe df a0 fe df a0 fe df a0 fe df a0 fe df 
025ab0  a0 fe df a0 fe df a0 fe df a0 fe df a0 fe df a0 
025ac0  fe df a0 fe df a0 fe df a0 fe df a0 fe df a0 fe 
025ad0  df a0 fe df a0 fe df a0 fe df a0 fe df a0 fe df 
025ae0  a0 fe df a0 fe df a0 fe df a0 fe df a0 fe df a0 
025af0  fe df a0 fe df a0 fe df a0 fe df a0 fe df a0 fe 
025b00  df a0 fe df a0 fe df a0 fe df a0 fe df a0 fe df 
025b10  a0 fe df a0 fe df a0 fe df a0 fe df a0 fe df a0 
025b20  fe df a0 fe df a0 fe df a0 fe df a0 fe df a0 fe 
025b30  df a0 fe df a0 fe df a0 fe df a0 fe df a0 fe df 
025b40  a0 fe df a0 fe df a0 fe df a0 fe df a0 fe df a0 
025b50  fe df a0 fe df a0 fe df a0 fe df a0 fe df a0 fe 
025b60  df a0 fe df a0 fe df a0 fe df a0 fe df a0 fe df 
025b70  a0 fe df a0 fe df a0 fe df a0 fe df a0 fe df a0 
025b80  fe df a0 fe df a0 fe df a0 fe df a0 fe df a0 fe 
025b90  df a0 fe df a0 fe df a0 fe df a0 fe df a0 fe df 
025ba0  a0 fe df a0 fe df a0 fe df a0 fe df a0 fe df a0 
025bb0  fe df a0 fe df a0 fe df a0 fe df a0 fe df a0 fe 
025bc0  df a0 fe df a0 fe df a0 fe df a0 fe df a0 fe df 
025bd0  a0 fe df a0 fe df a0 fe df a0 fe df a0 fe df a0 
025be0  fe df a0 fe df a0 fe df a0 fe df a0 fe df a0 fe 
025bf0  df a0 fe df a0 fe df a0 fe df a0 fe df a0 fe df 
025c00  a0 fe df a0 fe df a0 fe df a0 fe df a0 fe df a0 
025c10  fe df a0 fe df a0 fe df a0 fe df a0 fe df a0 fe 
025c20  df a0 fe df a0 fe df a0 fe df a0 fe df a0 fe df 
025c30  a0 fe df a0 fe df a0 fe df a0 fe df a0 fe df a0 
025c40  fe df a0 fe df a0 fe df a0 fe df a0 fe df a0 fe 
025c50  df a0 fe df a0 fe df a0 fe df a0 fe df a0 fe df 
025c60  a0 fe df a0 fe df a0 fe df a0 fe df a0 fe df a0 
025c70  fe df a0 fe df a0 fe df a0 fe df a0 fe df a0 fe 
025c80  df a0 fe df a0 fe df a0 fe df a0 fe df a0 fe df 
025c90  a0 fe df a0 fe df a0 fe df a0 fe df a0 fe df a0 
025ca0  fe df a0 fe df a0 fe df a0 fe df a0 fe df a0 fe 
025cb0  df a0 fe df a0 fe df a0 fe df a0 fe df a0 fe df 
025cc0  a0 fe df a0 fe df a0 fe df a0 fe df a0 fe df a0 
025cd0  fe df a0 fe df a0 fe df a0 fe df a0 fe df a0 fe 
025ce0  df a0 fe df a0 fe df a0 fe df a0 fe df a0 fe df 
025cf0  a0 fe df a0 fe df a0 fe df a0 fe df a0 fe df a0 
025d00  fe df a0 fe df a0 fe df a0 fe df a0 fe df a0 fe 
025d10  df a0 fe df a0 fe df a0 fe df a0 fe df a0 fe df 
025d20  a0 fe df a0 fe df a0 fe df a0 fe df a0 fe df a0 
025d30  fe df a0 fe df a0 fe df a0 fe df a0 fe df a0 fe 
025d40  df a0 fe df a0 fe df a0 fe df a0 fe df a0 fe df 
025d50  a0 fe df a0 fe df a0 fe df a0 fe df a0 fe df a0 
025d60  fe df a0 fe df a0 fe df a0 fe df a0 fe df a0 fe 
025d70  df a0 fe df a0 fe df a0 fe df a0 fe df a0 fe df 
025d80  a0 fe df a0 fe df a0 fe df a0 fe df a0 fe df a0 
025d90  fe df a0 fe df a0 fe df a0 fe df a0 fe df a0 fe 
025da0  df a0 fe df a0 fe df a0 fe df a0 fe df a0 fe df 
025db0  a0 fe df a0 fe df a0 fe df a0 fe df a0 fe df a0 
025dc0  fe df a0 fe df a0 fe df a0 fe df a0 fe df a0 fe 
025dd0  df a0 fe df a0 fe df a0 fe df a0 fe df a0 fe df 
025de0  a0 fe df a0 fe df a0 fe df a0 fe df a0 fe df a0 
025df0  fe df a0 fe df a0 fe df a0 fe df a0 fe df a0 fe 
025e00  df a0 fe df a0 fe df a0 fe df a0 fe df a0 fe df 
025e10  a0 fe df a0 fe df a0 fe df a0 fe df a0 fe df a0 
025e20  fe df a0 fe df a0 fe df a0 fe df a0 fe df a0 fe 
025e30  df a0 fe df a0 fe df a0 fe df a0 fe df a0 fe df 
025e40  a0 fe df a0 fe df a0 fe df a0 fe df a0 fe df a0 
025e50  fe df a0 fe df a0 fe df a0 fe df a0 fe df a0 fe 
025e60  df a0 fe df a0 fe df a0 fe df a0 fe df a0 fe df 
025e70  a0 fe df a0 fe df a0 fe df a0 fe df a0 fe df a0 
025e80  fe df a0 fe df a0 fe df a0 fe df a0 fe df a0 fe 
025e90  df a0 fe df a0 fe df a0 fe df a0 fe df a0 fe df 
025ea0  a0 fe df a0 fe df a0 fe df a0 fe df a0 fe df a0 
025eb0  fe df a0 fe df a0 fe df a0 fe df a0 fe df a0 fe 
025ec0  df a0 fe df a0 fe df a0 fe df a0 fe df a0 fe df 
025ed0  a0 fe df a0 fe df a0 fe df a0 fe df a0 fe df a0 
025ee0  fe df a0 fe df a0 fe df a0 fe df a0 fe df a0 fe 
025ef0  df a0 fe df a0 fe df a0 fe df a0 fe df a0 fe df 
025f00  a0 fe df a0 fe df a0 fe df a0 fe df a0 fe df a0 
025f10  fe df a0 fe df a0 fe df a0 fe df a0 fe df a0 fe 
025f20  df a0 fe df a0 fe df a0 fe df a0 fe df a0 fe df 
025f30  a0 fe df a0 fe df a0 fe df a0 fe df a0 fe df a0 
025f40  fe df a0 fe df a0 fe df a0 fe df a0 fe df a0 fe 
025f50  df a0 fe df a0 fe df a0 fe df a0 fe df a0 fe df 
025f60  a0 fe df a0 fe df a0 fe df a0 fe df a0 fe df a0 
025f70  fe df a0 fe df a0 fe df a0 fe df a0 fe df a0 fe 
025f80  df a0 fe df a0 fe df a0 fe df a0 fe df a0 fe df 
025f90  a0 fe df a0 fe df a0 fe df a0 fe df a0 fe df a0 
025fa0  fe df a0 fe df a0 fe df a0 fe df a0 fe df a0 fe 
025fb0  df a0 fe df a0 fe df a0 fe df a0 fe df a0 fe df 
025fc0  a0 fe df a0 fe df a0 fe df a0 fe df a0 fe df a0 
025fd0  fe df a0 fe df a0 fe df a0 fe df a0 fe df a0 fe 
025fe0  df a0 fe df a0 fe df a0 fe df a0 fe df a0 fe df 
025ff0  a0 fe df a0 fe df a0 fe df a0 fe df a0 fe df a0 
026000  fe df a0 fe df a0 fe df a0 fe df a0 fe df a0 fe 
026010  df a0 fe df a0 fe df a0 fe df a0 fe df a0 fe df 
026020  a0 fe df a0 fe df a0 fe df a0 fe df a0 fe df a0 
026030  fe df a0 fe df a0 fe df a0 fe df a0 fe df a0 fe 
026040  df a0 fe df a0 fe df a0 fe df a0 fe df a0 fe df 
026050  a0 fe df a0 fe df a0 fe df a0 fe df a0 fe df a0 
026060  fe df a0 fe df a0 fe df a0 fe df a0 fe df a0 fe 
026070  df a0 fe df a0 fe df a0 fe df a0 fe df a0 fe df 
026080  a0 fe df a0 fe df a0 fe df a0 fe df a0 fe df a0 
026090  fe df a0 fe df a0 fe df a0 fe df a0 fe df a0 fe 
0260a0  df a0 fe df a0 fe df a0 fe df a0 fe df a0 fe df 
0260b0  a0 fe df a0 fe df a0 fe df a0 fe df a0 fe df a0 
0260c0  fe df a0 fe df a0 fe df a0 fe df a0 fe df a0 fe 
0260d0  df a0 fe df a0 fe df a0 fe df a0 fe df a0 fe df 
0260e0  a0 fe df a0 fe df a0 fe df a0 fe df a0 fe df a0 
0260f0  fe df a0 fe df a0 fe df a0 fe df a0 fe df a0 fe 
026100  df a0 fe df a0 fe df a0 fe df a0 fe df a0 fe df 
026110  a0 fe df a0 fe df a0 fe df a0 fe df a0 fe df a0 
026120  fe df a0 fe df a0 fe df a0 fe df a0 fe df a0 fe 
026130  df a0 fe df a0 fe df a0 fe df a0 fe df a0 fe df 
026140  a0 fe df a0 fe df a0 fe df a0 fe df a0 fe df a0 
026150  fe df a0 fe df a0 fe df a0 fe df a0 fe df a0 fe 
026160  df a0 fe df a0 fe df a0 fe df a0 fe df a0 fe df 
026170  a0 fe df a0 fe df a0 fe df a0 fe df a0 fe df a0 
026180  fe df a0 fe df a0 fe df a0 fe df a0 fe df a0 fe 
026190  df a0 fe df a0 fe df a0 fe df a0 fe df a0 fe df 
0261a0  a0 fe df a0 fe df a0 fe df a0 fe df a0 fe df a0 
0261b0  fe df a0 fe df a0 fe df a0 fe df a0 fe df a0 fe 
0261c0  df a0 fe df a0 fe df a0 fe df a0 fe df a0 fe df 
0261d0  a0 fe df a0 fe df a0 fe df a0 fe df a0 fe df a0 
0261e0  fe df a0 fe df a0 fe df a0 fe df a0 fe df a0 fe 
0261f0  df a0 fe df a0 fe df a0 fe df a0 fe df a0 fe df 
026200  a0 fe df a0 fe df a0 fe df a0 fe df a0 fe df a0 
026210  fe df a0 fe df a0 fe df a0 fe df a0 fe df a0 fe 
026220  df a0 fe df a0 fe df a0 fe df a0 fe df a0 fe df 
026230  a0 fe df a0 fe df a0 fe df a0 fe df a0 fe df a0 
026240  fe df a0 fe df a0 fe df a0 fe df a0 fe df a0 fe 
026250  df a0 fe df a0 fe df a0 fe df a0 fe df a0 fe df 
026260  a0 fe df a0 fe df a0 fe df a0 fe df a0 fe df a0 
026270  fe df a0 fe df a0 fe df a0 fe df a0 fe df a0 fe 
026280  df a0 fe df a0 fe df a0 fe df a0 fe df a0 fe df 
026290  a0 fe df a0 fe df a0 fe df a0 fe df a0 fe df a0 
0262a0  fe df a0 fe df a0 fe df a0 fe df a0 fe df a0 fe 
0262b0  df a0 fe df a0 fe df a0 fe df a0 fe df a0 fe df 
0262c0  a0 fe df a0 fe df a0 fe df a0 fe df a0 fe df a0 
0262d0  fe df a0 fe df a0 fe df a0 fe df a0 fe df a0 fe 
0262e0  df a0 fe df a0 fe df a0 fe df a0 fe df a0 fe df 
0262f0  a0 fe df a0 fe df a0 fe df a0 fe df a0 fe df a0 
026300  fe df a0 fe df a0 fe df a0 fe df a0 fe df a0 fe 
026310  df a0 fe df a0 fe df a0 fe df a0 fe df a0 fe df 
026320  a0 fe df a0 fe df a0 fe df a0 fe df a0 fe df a0 
026330  fe df a0 fe df a0 fe df a0 fe df a0 fe df a0 fe 
026340  df a0 fe df a0 fe df a0 fe df a0 fe df a0 fe df 
026350  a0 fe df a0 fe df a0 fe df a0 fe df a0 fe df a0 
026360  fe df a0 fe df a0 fe df a0 fe df a0 fe df a0 fe 
026370  df a0 fe df a0 fe df a0 fe df a0 fe df a0 fe df 
026380  a0 fe df a0 fe df a0 fe df a0 fe df a0 fe df a0 
026390  fe df a0 fe df a0 fe df a0 fe df a0 fe df a0 fe 
0263a0  df a0 fe df a0 fe df a0 fe df a0 fe df a0 fe df 
0263b0  a0 fe df a0 fe df a0 fe df a0 fe df a0 fe df a0 
0263c0  fe df a0 fe df a0 fe df a0 fe df a0 fe df a0 fe 
0263d0  df a0 fe df a0 fe df a0 fe df a0 fe df a0 fe df 
0263e0  a0 fe df a0 fe df a0 fe df a0 fe df a0 fe df a0 
0263f0  fe df a0 fe df a0 fe df a0 fe df a0 fe df a0 fe 
026400  df a0 fe df a0 fe df a0 fe df a0 fe df a0 fe df 
026410  a0 fe df a0 fe df a0 fe df a0 fe df a0 fe df a0 
026420  fe df a0 fe df a0 fe df a0 fe df a0 fe df a0 fe 
026430  df a0 fe df a0 fe df a0 fe df a0 fe df a0 fe df 
026440  a0 fe df a0 fe df a0 fe df a0 fe df a0 fe df a0 
026450  fe df a0 fe df a0 fe df a0 fe df a0 fe df a0 fe 
026460  df a0 fe df a0 fe df a0 fe df a0 fe df a0 fe df 
026470  a0 fe df a0 fe df a0 fe df a0 fe df a0 fe df a0 
026480  fe df a0 fe df a0 fe df a0 fe df a0 fe df a0 fe 
026490  df a0 fe df a0 fe df a0 fe df a0 fe df a0 fe df 
0264a0  a0 fe df a0 fe df a0 fe df a0 fe df a0 fe df a0 
0264b0  fe df a0 fe df a0 fe df a0 fe df a0 fe df a0 fe 
0264c0  df a0 fe df a0 fe df a0 fe df a0 fe df a0 fe df 
0264d0  a0 fe df a0 fe df a0 fe df a0 fe df a0 fe df a0 
0264e0  fe df a0 fe df a0 fe df a0 fe df a0 fe df a0 fe 
0264f0  df a0 fe df a0 fe df a0 fe df a0 fe df a0 fe df 
026500  a0 fe df a0 fe df a0 fe df a0 fe df a0 fe df a0 
026510  fe df a0 fe df a0 fe df a0 fe df a0 fe df a0 fe 
026520  df a0 fe df a0 fe df a0 fe df a0 fe df a0 fe df 
026530  a0 fe df a0 fe df a0 fe df a0 fe df a0 fe df a0 
026540  fe df a0 fe df a0 fe df a0 fe df a0 fe df a0 fe 
026550  df a0 fe df a0 fe df a0 fe df a0 fe df a0 fe df 
026560  a0 fe df a0 fe df a0 fe df a0 fe df a0 fe df a0 
026570  fe df a0 fe df a0 fe df a0 fe df a0 fe df a0 fe 
026580  df a0 fe df a0 fe df a0 fe df a0 fe df a0 fe df 
026590  a0 fe df a0 fe df a0 fe df a0 fe df a0 fe df a0 
0265a0  fe df a0 fe df a0 fe df a0 fe df a0 fe df a0 fe 
0265b0  df a0 fe df a0 fe df a0 fe df a0 fe df a0 fe df 
0265c0  a0 fe df a0 fe df a0 fe df a0 fe df a0 fe df a0 
0265d0  fe df a0 fe df a0 fe df a0 fe df a0 fe df a0 fe 
0265e0  df a0 fe df a0 fe df a0 fe df a0 fe df a0 fe df 
0265f0  a0 fe df a0 fe df a0 fe df a0 fe df a0 fe df a0 
026600  fe df a0 fe df a0 fe df a0 fe df a0 fe df a0 fe 
026610  df a0 fe df a0 fe df a0 fe df a0 fe df a0 fe df 
026620  a0 fe df a0 fe df a0 fe df a0 fe df a0 fe df a0 
026630  fe df a0 fe df a0 fe df a0 fe df a0 fe df a0 fe 
026640  df a0 fe df a0 fe df a0 fe df a0 fe df a0 fe df 
026650  a0 fe df a0 fe df a0 fe df a0 fe df a0 fe df a0 
026660  fe df a0 fe df a0 fe df a0 fe df a0 fe df a0 fe 
026670  df a0 fe df a0 fe df a0 fe df a0 fe df a0 fe df 
026680  a0 fe df a0 fe df a0 fe df a0 fe df a0 fe df a0 
026690  fe df a0 fe df a0 fe df a0 fe df a0 fe df a0 fe 
0266a0  df a0 fe df a0 fe df a0 fe df a0 fe df a0 fe df 
0266b0  a0 fe df a0 fe df a0 fe df a0 fe df a0 fe df a0 
0266c0  fe df a0 fe df a0 fe df a0 fe df a0 fe df a0 fe 
0266d0  df a0 fe df a0 fe df a0 fe df a0 fe df a0 fe df 
0266e0  a0 fe df a0 fe df a0 fe df a0 fe df a0 fe df a0 
0266f0  fe df a0 fe df a0 fe df a0 fe df a0 fe df a0 fe 
026700  df a0 fe df a0 fe df a0 fe df a0 fe df a0 fe df 
026710  a0 fe df a0 fe df a0 fe df a0 fe df a0 fe df a0 
026720  fe df a0 fe df a0 fe df a0 fe df a0 fe df a0 fe 
026730  df a0 fe df a0 fe df a0 fe df a0 fe df a0 fe df 
026740  a0 fe df a0 fe df a0 fe df a0 fe df a0 fe df a0 
026750  fe df a0 fe df a0 fe df a0 fe df a0 fe df a0 fe 
026760  df a0 fe df a0 fe df a0 fe df a0 fe df a0 fe df 
026770  a0 fe df a0 fe df a0 fe df a0 fe df a0 fe df a0 
026780  fe df a0 fe df a0 fe df a0 fe df a0 fe df a0 fe 
026790  df a0 fe df a0 fe df a0 fe df a0 fe df a0 fe df 
0267a0  a0 fe df a0 fe df a0 fe df a0 fe df a0 fe df a0 
0267b0  fe df a0 fe df a0 fe df a0 fe df a0 fe df a0 fe 
0267c0  df a0 fe df a0 fe df a0 fe df a0 fe df a0 fe df 
0267d0  a0 fe df a0 fe df a0 fe df a0 fe df a0 fe df a0 
0267e0  fe df a0 fe df a0 fe df a0 fe df a0 fe df a0 fe 
0267f0  df a0 fe df a0 fe df a0 fe df a0 fe df a0 fe df 
026800  a0 fe df a0 fe df a0 fe df a0 fe df a0 fe df a0 
026810  fe df a0 fe df a0 fe df a0 fe df a0 fe df a0 fe 
026820  df a0 fe df a0 fe df a0 fe df a0 fe df a0 fe df 
026830  a0 fe df a0 fe df a0 fe df a0 fe df a0 fe df a0 
026840  fe df a0 fe df a0 fe df a0 fe df a0 fe df a0 fe 
026850  df a0 fe df a0 fe df a0 fe df a0 fe df a0 fe df 
026860  a0 fe df a0 fe df a0 fe df a0 fe df a0 fe df a0 
026870  fe df a0 fe df a0 fe df a0 fe df a0 fe df a0 fe 
026880  df a0 fe df a0 fe df a0 fe df a0 fe df a0 fe df 
026890  a0 fe df a0 fe df a0 fe df a0 fe df a0 fe df a0 
0268a0  fe df a0 fe df a0 fe df a0 fe df a0 fe df a0 fe 
0268b0  df a0 fe df a0 fe df a0 fe df a0 fe df a0 fe df 
0268c0  a0 fe df a0 fe df a0 fe df a0 fe df a0 fe df a0 
0268d0  fe df a0 fe df a0 fe df a0 fe df a0 fe df a0 fe 
0268e0  df a0 fe df a0 fe df a0 fe df a0 fe df a0 fe df 
0268f0  a0 fe df a0 fe df a0 fe df a0 fe df a0 fe df a0 
026900  fe df a0 fe df a0 fe df a0 fe df a0 fe df a0 fe 
026910  df a0 fe df a0 fe df a0 fe df a0 fe df a0 fe df 
026920  a0 fe df a0 fe df a0 fe df a0 fe df a0 fe df a0 
026930  fe df a0 fe df a0 fe df a0 fe df a0 fe df a0 fe 
026940  df a0 fe df a0 fe df a0 fe df a0 fe df a0 fe df 
026950  a0 fe df a0 fe df a0 fe df a0 fe df a0 fe df a0 
026960  fe df a0 fe df a0 fe df a0 fe df a0 fe df a0 fe 
026970  df a0 fe df a0 fe df a0 fe df a0 fe df a0 fe df 
026980  a0 fe df a0 fe df a0 fe df a0 fe df a0 fe df a0 
026990  fe df a0 fe df a0 fe df a0 fe df a0 fe df a0 fe 
0269a0  df a0 fe df a0 fe df a0 fe df a0 fe df a0 fe df 
0269b0  a0 fe df a0 fe df a0 fe df a0 fe df a0 fe df a0 
0269c0  fe df a0 fe df a0 fe df a0 fe df a0 fe df a0 fe 
0269d0  df a0 fe df a0 fe df a0 fe df a0 fe df a0 fe df 
0269e0  a0 fe df a0 fe df a0 fe df a0 fe df a0 fe df a0 
0269f0  fe df a0 fe df a0 fe df a0 fe df a0 fe df a0 fe 
026a00  df a0 fe df a0 fe df a0 fe df a0 fe df a0 fe df 
026a10  a0 fe df a0 fe df a0 fe df a0 fe df a0 fe df a0 
026a20  fe df a0 fe df a0 fe df a0 fe df a0 fe df a0 fe 
026a30  df a0 fe df a0 fe df a0 fe df a0 fe df a0 fe df 
026a40  a0 fe df a0 fe df a0 fe df a0 fe df a0 fe df a0 
026a50  fe df a0 fe df a0 fe df a0 fe df a0 fe df a0 fe 
026a60  df a0 fe df a0 fe df a0 fe df a0 fe df a0 fe df 
026a70  a0 fe df a0 fe df a0 fe df a0 fe df a0 fe df a0 
026a80  fe df a0 fe df a0 fe df a0 fe df a0 fe df a0 fe 
026a90  df a0 fe df a0 fe df a0 fe df a0 fe df a0 fe df 
026aa0  a0 fe df a0 fe df a0 fe df a0 fe df a0 fe df a0 
026ab0  fe df a0 fe df a0 fe df a0 fe df a0 fe df a0 fe 
026ac0  df a0 fe df a0 fe df a0 fe df a0 fe df a0 fe df 
026ad0  a0 fe df a0 fe df a0 fe df a0 fe df a0 fe df a0 
026ae0  fe df a0 fe df a0 fe df a0 fe df a0 fe df a0 fe 
026af0  df a0 fe df a0 fe df a0 fe df a0 fe df a0 fe df 
026b00  a0 fe df a0 fe df a0 fe df a0 fe df a0 fe df a0 
026b10  fe df a0 fe df a0 fe df a0 fe df a0 fe df a0 fe 
026b20  df a0 fe df a0 fe df a0 fe df a0 fe df a0 fe df 
026b30  a0 fe df a0 fe df a0 fe df a0 fe df a0 fe df a0 
026b40  fe df a0 fe df a0 fe df a0 fe df a0 fe df a0 fe 
026b50  df a0 fe df a0 fe df a0 fe df a0 fe df a0 fe df 
026b60  a0 fe df a0 fe df a0 fe df a0 fe df a0 fe df a0 
026b70  fe df a0 fe df a0 fe df a0 fe df a0 fe df a0 fe 
026b80  df a0 fe df a0 fe df a0 fe df a0 fe df a0 fe df 
026b90  a0 fe df a0 fe df a0 fe df a0 fe df a0 fe df a0 
026ba0  fe df a0 fe df a0 fe df a0 fe df a0 fe df a0 fe 
026bb0  df a0 fe df a0 fe df a0 fe df a0 fe df a0 fe df 
026bc0  a0 fe df a0 fe df a0 fe df a0 fe df a0 fe df a0 
026bd0  fe df a0 fe df a0 fe df a0 fe df a0 fe df a0 fe 
026be0  df a0 fe df a0 fe df a0 fe df a0 fe df a0 fe df 
026bf0  a0 fe df a0 fe df a0 fe df a0 fe df a0 fe df a0 
026c00  fe df a0 fe df a0 fe df a0 fe df a0 fe df a0 fe 
026c10  df a0 fe df a0 fe df a0 fe df a0 fe df a0 fe df 
026c20  a0 fe df a0 fe df a0 fe df a0 fe df a0 fe df a0 
026c30  fe df a0 fe df a0 fe df a0 fe df a0 fe df a0 fe 
026c40  df a0 fe df a0 fe df a0 fe df a0 fe df a0 fe df 
026c50  a0 fe df a0 fe df a0 fe df a0 fe df a0 fe df a0 
026c60  fe df a0 fe df a0 fe df a0 fe df a0 fe df a0 fe 
026c70  df a0 fe df a0 fe df a0 fe df a0 fe df a0 fe df 
026c80  a0 fe df a0 fe df a0 fe df a0 fe df a0 fe df a0 
026c90  fe df a0 fe df a0 fe df a0 fe df a0 fe df a0 fe 
026ca0  df a0 fe df a0 fe df a0 fe df a0 fe df a0 fe df 
026cb0  a0 fe df a0 fe df a0 fe df a0 fe df a0 fe df a0 
026cc0  fe df a0 fe df a0 fe df a0 fe df a0 fe df a0 fe 
026cd0  df a0 fe df a0 fe df a0 fe df a0 fe df a0 fe df 
026ce0  a0 fe df a0 fe df a0 fe df a0 fe df a0 fe df a0 
026cf0  fe df a0 fe df a0 fe df a0 fe df a0 fe df a0 fe 
026d00  df a0 fe df a0 fe df a0 fe df a0 fe df a0 fe df 
026d10  a0 fe df a0 fe df a0 fe df a0 fe df a0 fe df a0 
026d20  fe df a0 fe df a0 fe df a0 fe df a0 fe df a0 fe 
026d30  df a0 fe df a0 fe df a0 fe df a0 fe df a0 fe df 
026d40  a0 fe df a0 fe df a0 fe df a0 fe df a0 fe df a0 
026d50  fe df a0 fe df a0 fe df a0 fe df a0 fe df a0 fe 
026d60  df a0 fe df a0 fe df a0 fe df a0 fe df a0 fe df 
026d70  a0 fe df a0 fe df a0 fe df a0 fe df a0 fe df a0 
026d80  fe df a0 fe df a0 fe df a0 fe df a0 fe df a0 fe 
026d90  df a0 fe df a0 fe df a0 fe df a0 fe df a0 fe df 
026da0  a0 fe df a0 fe df a0 fe df a0 fe df a0 fe df a0 
026db0  fe df a0 fe df a0 fe df a0 fe df a0 fe df a0 fe 
026dc0  df a0 fe df a0 fe df a0 fe df a0 fe df a0 fe df 
026dd0  a0 fe df a0 fe df a0 fe df a0 fe df a0 fe df a0 
026de0  fe df a0 fe df a0 fe df a0 fe df a0 fe df a0 fe 
026df0  df a0 fe df a0 fe df a0 fe df a0 fe df a0 fe df 
026e00  a0 fe df a0 fe df a0 fe df a0 fe df a0 fe df a0 
026e10  fe df a0 fe df a0 fe df a0 fe df a0 fe df a0 fe 
026e20  df a0 fe df a0 fe df a0 fe df a0 fe df a0 fe df 
026e30  a0 fe df a0 fe df a0 fe df a0 fe df a0 fe df a0 
026e40  fe df a0 fe df a0 fe df a0 fe df a0 fe df a0 fe 
026e50  df a0 fe df a0 fe df a0 fe df a0 fe df a0 fe df 
026e60  a0 fe df a0 fe df a0 fe df a0 fe df a0 fe df a0 
026e70  fe df a0 fe df a0 fe df a0 fe df a0 fe df a0 fe 
026e80  df a0 fe df a0 fe df a0 fe df a0 fe df a0 fe df 
026e90  a0 fe df a0 fe df a0 fe df a0 fe df a0 fe df a0 
026ea0  fe df a0 fe df a0 fe df a0 fe df a0 fe df a0 fe 
026eb0  df a0 fe df a0 fe df a0 fe df a0 fe df a0 fe df 
026ec0  a0 fe df a0 fe df a0 fe df a0 fe df a0 fe df a0 
026ed0  fe df a0 fe df a0 fe df a0 fe df a0 fe df a0 fe 
026ee0  df a0 fe df a0 fe df a0 fe df a0 fe df a0 fe df 
026ef0  a0 fe df a0 fe df a0 fe df a0 fe df a0 fe df a0 
026f00  fe df a0 fe df a0 fe df a0 fe df a0 fe df a0 fe 
026f10  df a0 fe df a0 fe df a0 fe df a0 fe df a0 fe df 
026f20  a0 fe df a0 fe df a0 fe df a0 fe df a0 fe df a0 
026f30  fe df a0 fe df a0 fe df a0 fe df a0 fe df a0 fe 
026f40  df a0 fe df a0 fe df a0 fe df a0 fe df a0 fe df 
026f50  a0 fe df a0 fe df a0 fe df a0 fe df a0 fe df a0 
026f60  fe df a0 fe df a0 fe df a0 fe df a0 fe df a0 fe 
026f70  df a0 fe df a0 fe df a0 fe df a0 fe df a0 fe df 
026f80  a0 fe df a0 fe df a0 fe df a0 fe df a0 fe df a0 
026f90  fe df a0 fe df a0 fe df a0 fe df a0 fe df a0 fe 
026fa0  df a0 fe df a0 fe df a0 fe df a0 fe df a0 fe df 
026fb0  a0 fe df a0 fe df a0 fe df a0 fe df a0 fe df a0 
026fc0  fe df a0 fe df a0 fe df a0 fe df a0 fe df a0 fe 
026fd0  df a0 fe df a0 fe df a0 fe df a0 fe df a0 fe df 
026fe0  a0 fe df a0 fe df a0 fe df a0 fe df a0 fe df a0 
026ff0  fe df a0 fe df a0 fe df a0 fe df a0 fe df a0 fe 
027000  df a0 fe df a0 fe df a0 fe df a0 fe df a0 fe df 
027010  a0 fe df a0 fe df a0 fe df a0 fe df a0 fe df a0 
027020  fe df a0 fe df a0 fe df a0 fe df a0 fe df a0 fe 
027030  df a0 fe df a0 fe df a0 fe df a0 fe df a0 fe df 
027040  a0 fe df a0 fe df a0 fe df a0 fe df a0 fe df a0 
027050  fe df a0 fe df a0 fe df a0 fe df a0 fe df a0 fe 
027060  df a0 fe df a0 fe df a0 fe df a0 fe df a0 fe df 
027070  a0 fe df a0 fe df a0 fe df a0 fe df a0 fe df a0 
027080  fe df a0 fe df a0 fe df a0 fe df a0 fe df a0 fe 
027090  df a0 fe df a0 fe df a0 fe df a0 fe df a0 fe df 
0270a0  a0 fe df a0 fe df a0 fe df a0 fe df a0 fe df a0 
0270b0  fe df a0 fe df a0 fe df a0 fe df a0 fe df a0 fe 
0270c0  df a0 fe df a0 fe df a0 fe df a0 fe df a0 fe df 
0270d0  a0 fe df a0 fe df a0 fe df a0 fe df a0 fe df a0 
0270e0  fe df a0 fe df a0 fe df a0 fe df a0 fe df a0 fe 
0270f0  df a0 fe df a0 fe df a0 fe df a0 fe df a0 fe df 
027100  a0 fe df a0 fe df a0 fe df a0 fe df a0 fe df a0 
027110  fe df a0 fe df a0 fe df a0 fe df a0 fe df a0 fe 
027120  df a0 fe df a0 fe df a0 fe df a0 fe df a0 fe df 
027130  a0 fe df a0 fe df a0 fe df a0 fe df a0 fe df a0 
027140  fe df a0 fe df a0 fe df a0 fe df a0 fe df a0 fe 
027150  df a0 fe df a0 fe df a0 fe df a0 fe df a0 fe df 
027160  a0 fe df a0 fe df a0 fe df a0 fe df a0 fe df a0 
027170  fe df a0 fe df a0 fe df a0 fe df a0 fe df a0 fe 
027180  df a0 fe df a0 fe df a0 fe df a0 fe df a0 fe df 
027190  a0 fe df a0 fe df a0 fe df a0 fe df a0 fe df a0 
0271a0  fe df a0 fe df a0 fe df a0 fe df a0 fe df a0 fe 
0271b0  df a0 fe df a0 fe df a0 fe df a0 fe df a0 fe df 
0271c0  a0 fe df a0 fe df a0 fe df a0 fe df a0 fe df a0 
0271d0  fe df a0 fe df a0 fe df a0 fe df a0 fe df a0 fe 
0271e0  df a0 fe df a0 fe df a0 fe df a0 fe df a0 fe df 
0271f0  a0 fe df a0 fe df a0 fe df a0 fe df a0 fe df a0 
027200  fe df a0 fe df a0 fe df a0 fe df a0 fe df a0 fe 
027210  df a0 fe df a0 fe df a0 fe df a0 fe df a0 fe df 
027220  a0 fe df a0 fe df a0 fe df a0 fe df a0 fe df a0 
027230  fe df a0 fe df a0 fe df a0 fe df a0 fe df a0 fe 
027240  df a0 fe df a0 fe df a0 fe df a0 fe df a0 fe df 
027250  a0 fe df a0 fe df a0 fe df a0 fe df a0 fe df a0 
027260  fe df a0 fe df a0 fe df a0 fe df a0 fe df a0 fe 
027270  df a0 fe df a0 fe df a0 fe df a0 fe df a0 fe df 
027280  a0 fe df a0 fe df a0 fe df a0 fe df a0 fe df a0 
027290  fe df a0 fe df a0 fe df a0 fe df a0 fe df a0 fe 
0272a0  df a0 fe df a0 fe df a0 fe df a0 fe df a0 fe df 
0272b0  a0 fe df a0 fe df a0 fe df a0 fe df a0 fe df a0 
0272c0  fe df a0 fe df a0 fe df a0 fe df a0 fe df a0 fe 
0272d0  df a0 fe df a0 fe df a0 fe df a0 fe df a0 fe df 
0272e0  a0 fe df a0 fe df a0 fe df a0 fe df a0 fe df a0 
0272f0  fe df a0 fe df a0 fe df a0 fe df a0 fe df a0 fe 
027300  df a0 fe df a0 fe df a0 fe df a0 fe df a0 fe df 
027310  a0 fe df a0 fe df a0 fe df a0 fe df a0 fe df a0 
027320  fe df a0 fe df a0 fe df a0 fe df a0 fe df a0 fe 
027330  df a0 fe df a0 fe df a0 fe df a0 fe df a0 fe df 
027340  a0 fe df a0 fe df a0 fe df a0 fe df a0 fe df a0 
027350  fe df a0 fe df a0 fe df a0 fe df a0 fe df a0 fe 
027360  df a0 fe df a0 fe df a0 fe df a0 fe df a0 fe df 
027370  a0 fe df a0 fe df a0 fe df a0 fe df a0 fe df a0 
027380  fe df a0 fe df a0 fe df a0 fe df a0 fe df a0 fe 
027390  df a0 fe df a0 fe df a0 fe df a0 fe df a0 fe df 
0273a0  a0 fe df a0 fe df a0 fe df a0 fe df a0 fe df a0 
0273b0  fe df a0 fe df a0 fe df a0 fe df a0 fe df a0 fe 
0273c0  df a0 fe df a0 fe df a0 fe df a0 fe df a0 fe df 
0273d0  a0 fe df a0 fe df a0 fe df a0 fe df a0 fe df a0 
0273e0  fe df a0 fe df a0 fe df a0 fe df a0 fe df a0 fe 
0273f0  df a0 fe df a0 fe df a0 fe df a0 fe df a0 fe df 
027400  a0 fe df a0 fe df a0 fe df a0 fe df a0 fe df a0 
027410  fe df a0 fe df a0 fe df a0 fe df a0 fe df a0 fe 
027420  df a0 fe df a0 fe df a0 fe df a0 fe df a0 fe df 
027430  a0 fe df a0 fe df a0 fe df a0 fe df a0 fe df a0 
027440  fe df a0 fe df a0 fe df a0 fe df a0 fe df a0 fe 
027450  df a0 fe df a0 fe df a0 fe df a0 fe df a0 fe df 
027460  a0 fe df a0 fe df a0 fe df a0 fe df a0 fe df a0 
027470  fe df a0 fe df a0 fe df a0 fe df a0 fe df a0 fe 
027480  df a0 fe df a0 fe df a0 fe df a0 fe df a0 fe df 
027490  a0 fe df a0 fe df a0 fe df a0 fe df a0 fe df a0 
0274a0  fe df a0 fe df a0 fe df a0 fe df a0 fe df a0 fe 
0274b0  df a0 fe df a0 fe df a0 fe df a0 fe df a0 fe df 
0274c0  a0 fe df a0 fe df a0 fe df a0 fe df a0 fe df a0 
0274d0  fe df a0 fe df a0 fe df a0 fe df a0 fe df a0 fe 
0274e0  df a0 fe df a0 fe df a0 fe df a0 fe df a0 fe df 
0274f0  a0 fe df a0 fe df a0 fe df a0 fe df a0 fe df a0 
027500  fe df a0 fe df a0 fe df a0 fe df a0 fe df a0 fe 
027510  df a0 fe df a0 fe df a0 fe df a0 fe df a0 fe df 
027520  a0 fe df a0 fe df a0 fe df a0 fe df a0 fe df a0 
027530  fe df a0 fe df a0 fe df a0 fe df a0 fe df a0 fe 
027540  df a0 fe df a0 fe df a0 fe df a0 fe df a0 fe df 
027550  a0 fe df a0 fe df a0 fe df a0 fe df a0 fe df a0 
027560  fe df a0 fe df a0 fe df a0 fe df a0 fe df a0 fe 
027570  df a0 fe df a0 fe df a0 fe df a0 fe df a0 fe df 
027580  a0 fe df a0 fe df a0 fe df a0 fe df a0 fe df a0 
027590  fe df a0 fe df a0 fe df a0 fe df a0 fe df a0 fe 
0275a0  df a0 fe df a0 fe df a0 fe df a0 fe df a0 fe df 
0275b0  a0 fe df a0 fe df a0 fe df a0 fe df a0 fe df a0 
0275c0  fe df a0 fe df a0 fe df a0 fe df a0 fe df a0 fe 
0275d0  df a0 fe df a0 fe df a0 fe df a0 fe df a0 fe df 
0275e0  a0 fe df a0 fe df a0 fe df a0 fe df a0 fe df a0 
0275f0  fe df a0 fe df a0 fe df a0 fe df a0 fe df a0 fe 
027600  df a0 fe df a0 fe df a0 fe df a0 fe df a0 fe df 
027610  a0 fe df a0 fe df a0 fe df a0 fe df a0 fe df a0 
027620  fe df a0 fe df a0 fe df a0 fe df a0 fe df a0 fe 
027630  df a0 fe df a0 fe df a0 fe df a0 fe df a0 fe df 
027640  a0 fe df a0 fe df a0 fe df a0 fe df a0 fe df a0 
027650  fe df a0 fe df a0 fe df a0 fe df a0 fe df a0 fe 
027660  df a0 fe df a0 fe df a0 fe df a0 fe df a0 fe df 
027670  a0 fe df a0 fe df a0 fe df a0 fe df a0 fe df a0 
027680  fe df a0 fe df a0 fe df a0 fe df a0 fe df a0 fe 
027690  df a0 fe df a0 fe df a0 fe df a0 fe df a0 fe df 
0276a0  a0 fe df a0 fe df a0 fe df a0 fe df a0 fe df a0 
0276b0  fe df a0 fe df a0 fe df a0 fe df a0 fe df a0 fe 
0276c0  df a0 fe df a0 fe df a0 fe df a0 fe df a0 fe df 
0276d0  a0 fe df a0 fe df a0 fe df a0 fe df a0 fe df a0 
0276e0  fe df a0 fe df a0 fe df a0 fe df a0 fe df a0 fe 
0276f0  df a0 fe df a0 fe df a0 fe df a0 fe df a0 fe df 
027700  a0 fe df a0 fe df a0 fe df a0 fe df a0 fe df a0 
027710  fe df a0 fe df a0 fe df a0 fe df a0 fe df a0 fe 
027720  df a0 fe df a0 fe df a0 fe df a0 fe df a0 fe df 
027730  a0 fe df a0 fe df a0 fe df a0 fe df a0 fe df a0 
027740  fe df a0 fe df a0 fe df a0 fe df a0 fe df a0 fe 
027750  df a0 fe df a0 fe df a0 fe df a0 fe df a0 fe df 
027760  a0 fe df a0 fe df a0 fe df a0 fe df a0 fe df a0 
027770  fe df a0 fe df a0 fe df a0 fe df a0 fe df a0 fe 
027780  df a0 fe df a0 fe df a0 fe df a0 fe df a0 fe df 
027790  a0 fe df a0 fe df a0 fe df a0 fe df a0 fe df a0 
0277a0  fe df a0 fe df a0 fe df a0 fe df a0 fe df a0 fe 
0277b0  df a0 fe df a0 fe df a0 fe df a0 fe df a0 fe df 
0277c0  a0 fe df a0 fe df a0 fe df a0 fe df a0 fe df a0 
0277d0  fe df a0 fe df a0 fe df a0 fe df a0 fe df a0 fe 
0277e0  df a0 fe df a0 fe df a0 fe df a0 fe df a0 fe df 
0277f0  a0 fe df a0 fe df a0 fe df a0 fe df a0 fe df a0 
027800  fe df a0 fe df a0 fe df a0 fe df a0 fe df a0 fe 
027810  df a0 fe df a0 fe df a0 fe df a0 fe df a0 fe df 
027820  a0 fe df a0 fe df a0 fe df a0 fe df a0 fe df a0 
027830  fe df a0 fe df a0 fe df a0 fe df a0 fe df a0 fe 
027840  df a0 fe df a0 fe df a0 fe df a0 fe df a0 fe df 
027850  a0 fe df a0 fe df a0 fe df a0 fe df a0 fe df a0 
027860  fe df a0 fe df a0 fe df a0 fe df a0 fe df a0 fe 
027870  df a0 fe df a0 fe df a0 fe df a0 fe df a0 fe df 
027880  a0 fe df a0 fe df a0 fe df a0 fe df a0 fe df a0 
027890  fe df a0 fe df a0 fe df a0 fe df a0 fe df a0 fe 
0278a0  df a0 fe df a0 fe df a0 fe df a0 fe df a0 fe df 
0278b0  a0 fe df a0 fe df a0 fe df a0 fe df a0 fe df a0 
0278c0  fe df a0 fe df a0 fe df a0 fe df a0 fe df a0 fe 
0278d0  df a0 fe df a0 fe df a0 fe df a0 fe df a0 fe df 
0278e0  a0 fe df a0 fe df a0 fe df a0 fe df a0 fe df a0 
0278f0  fe df a0 fe df a0 fe df a0 fe df a0 fe df a0 fe 
027900  df a0 fe df a0 fe df a0 fe df a0 fe df a0 fe df 
027910  a0 fe df a0 fe df a0 fe df a0 fe df a0 fe df a0 
027920  fe df a0 fe df a0 fe df a0 fe df a0 fe df a0 fe 
027930  df a0 fe df a0 fe df a0 fe df a0 fe df a0 fe df 
027940  a0 fe df a0 fe df a0 fe df a0 fe df a0 fe df a0 
027950  fe df a0 fe df a0 fe df a0 fe df a0 fe df a0 fe 
027960  df a0 fe df a0 fe df a0 fe df a0 fe df a0 fe df 
027970  a0 fe df a0 fe df a0 fe df a0 fe df a0 fe df a0 
027980  fe df a0 fe df a0 fe df a0 fe df a0 fe df a0 fe 
027990  df a0 fe df a0 fe df a0 fe df a0 fe df a0 fe df 
0279a0  a0 fe df a0 fe df a0 fe df a0 fe df a0 fe df a0 
0279b0  fe df a0 fe df a0 fe df a0 fe df a0 fe df a0 fe 
0279c0  df a0 fe df a0 fe df a0 fe df a0 fe df a0 fe df 
0279d0  a0 fe df a0 fe df a0 fe df a0 fe df a0 fe df a0 
0279e0  fe df a0 fe df a0 fe df a0 fe df a0 fe df a0 fe 
0279f0  df a0 fe df a0 fe df a0 fe df a0 fe df a0 fe df 
027a00  a0 fe df a0 fe df a0 fe df a0 fe df a0 fe df a0 
027a10  fe df a0 fe df a0 fe df a0 fe df a0 fe df a0 fe 
027a20  df a0 fe df a0 fe df a0 fe df a0 fe df a0 fe df 
027a30  a0 fe df a0 fe df a0 fe df a0 fe df a0 fe df a0 
027a40  fe df a0 fe df a0 fe df a0 fe df a0 fe df a0 fe 
027a50  df a0 fe df a0 fe df a0 fe df a0 fe df a0 fe df 
027a60  a0 fe df a0 fe df a0 fe df a0 fe df a0 fe df a0 
027a70  fe df a0 fe df a0 fe df a0 fe df a0 fe df a0 fe 
027a80  df a0 fe df a0 fe df a0 fe df a0 fe df a0 fe df 
027a90  a0 fe df a0 fe df a0 fe df a0 fe df a0 fe df a0 
027aa0  fe df a0 fe df a0 fe df a0 fe df a0 fe df a0 fe 
027ab0  df a0 fe df a0 fe df a0 fe df a0 fe df a0 fe df 
027ac0  a0 fe df a0 fe df a0 fe df a0 fe df a0 fe df a0 
027ad0  fe df a0 fe df a0 fe df a0 fe df a0 fe df a0 fe 
027ae0  df a0 fe df a0 fe df a0 fe df a0 fe df a0 fe df 
027af0  a0 fe df a0 fe df a0 fe df a0 fe df a0 fe df a0 
027b00  fe df a0 fe df a0 fe df a0 fe df a0 fe df a0 fe 
027b10  df a0 fe df a0 fe df a0 fe df a0 fe df a0 fe df 
027b20  a0 fe df a0 fe df a0 fe df a0 fe df a0 fe df a0 
027b30  fe df a0 fe df a0 fe df a0 fe df a0 fe df a0 fe 
027b40  df a0 fe df a0 fe df a0 fe df a0 fe df a0 fe df 
027b50  a0 fe df a0 fe df a0 fe df a0 fe df a0 fe df a0 
027b60  fe df a0 fe df a0 fe df a0 fe df a0 fe df a0 fe 
027b70  df a0 fe df a0 fe df a0 fe df a0 fe df a0 fe df 
027b80  a0 fe df a0 fe df a0 fe df a0 fe df a0 fe df a0 
027b90  fe df a0 fe df a0 fe df a0 fe df a0 fe df a0 fe 
027ba0  df a0 fe df a0 fe df a0 fe df a0 fe df a0 fe df 
027bb0  a0 fe df a0 fe df a0 fe df a0 fe df a0 fe df a0 
027bc0  fe df a0 fe df a0 fe df a0 fe df a0 fe df a0 fe 
027bd0  df a0 fe df a0 fe df a0 fe df a0 fe df a0 fe df 
027be0  a0 fe df a0 fe df a0 fe df a0 fe df a0 fe df a0 
027bf0  fe df a0 fe df a0 fe df a0 fe df a0 fe df a0 fe 
027c00  df a0 fe df a0 fe df a0 fe df a0 fe df a0 fe df 
027c10  a0 fe df a0 fe df a0 fe df a0 fe df a0 fe df a0 
027c20  fe df a0 fe df a0 fe df a0 fe df a0 fe df a0 fe 
027c30  df a0 fe df a0 fe df a0 fe df a0 fe df a0 fe df 
027c40  a0 fe df a0 fe df a0 fe df a0 fe df a0 fe df a0 
027c50  fe df a0 fe df a0 fe df a0 fe df a0 fe df a0 fe 
027c60  df a0 fe df a0 fe df a0 fe df a0 fe df a0 fe df 
027c70  a0 fe df a0 fe df a0 fe df a0 fe df a0 fe df a0 
027c80  fe df a0 fe df a0 fe df a0 fe df a0 fe df a0 fe 
027c90  df a0 fe df a0 fe df a0 fe df a0 fe df a0 fe df 
027ca0  a0 fe df a0 fe df a0 fe df a0 fe df a0 fe df a0 
027cb0  fe df a0 fe df a0 fe df a0 fe df a0 fe df a0 fe 
027cc0  df a0 fe df a0 fe df a0 fe df a0 fe df a0 fe df 
027cd0  a0 fe df a0 fe df a0 fe df a0 fe df a0 fe df a0 
027ce0  fe df a0 fe df a0 fe df a0 fe df a0 fe df a0 fe 
027cf0  df a0 fe df a0 fe df a0 fe df a0 fe df a0 fe df 
027d00  a0 fe df a0 fe df a0 fe df a0 fe df a0 fe df a0 
027d10  fe df a0 fe df a0 fe df a0 fe df a0 fe df a0 fe 
027d20  df a0 fe df a0 fe df a0 fe df a0 fe df a0 fe df 
027d30  a0 fe df a0 fe df a0 fe df a0 fe df a0 fe df a0 
027d40  fe df a0 fe df a0 fe df a0 fe df a0 fe df a0 fe 
027d50  df a0 fe df a0 fe df a0 fe df a0 fe df a0 fe df 
027d60  a0 fe df a0 fe df a0 fe df a0 fe df a0 fe df a0 
027d70  fe df a0 fe df a0 fe df a0 fe df a0 fe df a0 fe 
027d80  df a0 fe df a0 fe df a0 fe df a0 fe df a0 fe df 
027d90  a0 fe df a0 fe df a0 fe df a0 fe df a0 fe df a0 
027da0  fe df a0 fe df a0 fe df a0 fe df a0 fe df a0 fe 
027db0  df a0 fe df a0 fe df a0 fe df a0 fe df a0 fe df 
027dc0  a0 fe df a0 fe df a0 fe df a0 fe df a0 fe df a0 
027dd0  fe df a0 fe df a0 fe df a0 fe df a0 fe df a0 fe 
027de0  df a0 fe df a0 fe df a0 fe df a0 fe df a0 fe df 
027df0  a0 fe df a0 fe df a0 fe df a0 fe df a0 fe df a0 
027e00  fe df a0 fe df a0 fe df a0 fe df a0 fe df a0 fe 
027e10  df a0 fe df a0 fe df a0 fe df a0 fe df a0 fe df 
027e20  a0 fe df a0 fe df a0 fe df a0 fe df a0 fe df a0 
027e30  fe df a0 fe df a0 fe df a0 fe df a0 fe df a0 fe 
027e40  df a0 fe df a0 fe df a0 fe df a0 fe df a0 fe df 
027e50  a0 fe df a0 fe df a0 fe df a0 fe df a0 fe df a0 
027e60  fe df a0 fe df a0 fe df a0 fe df a0 fe df a0 fe 
027e70  df a0 fe df a0 fe df a0 fe df a0 fe df a0 fe df 
027e80  a0 fe df a0 fe df a0 fe df a0 fe df a0 fe df a0 
027e90  fe df a0 fe df a0 fe df a0 fe df a0 fe df a0 fe 
027ea0  df a0 fe df a0 fe df a0 fe df a0 fe df a0 fe df 
027eb0  a0 fe df a0 fe df a0 fe df a0 fe df a0 fe df a0 
027ec0  fe df a0 fe df a0 fe df a0 fe df a0 fe df a0 fe 
027ed0  df a0 fe df a0 fe df a0 fe df a0 fe df a0 fe df 
027ee0  a0 fe df a0 fe df a0 fe df a0 fe df a0 fe df a0 
027ef0  fe df a0 fe df a0 fe df a0 fe df a0 fe df a0 fe 
027f00  df a0 fe df a0 fe df a0 fe df a0 fe df a0 fe df 
027f10  a0 fe df a0 fe df a0 fe df a0 fe df a0 fe df a0 
027f20  fe df a0 fe df a0 fe df a0 fe df a0 fe df a0 fe 
027f30  df a0 fe df a0 fe df a0 fe df a0 fe df a0 fe df 
027f40  a0 fe df a0 fe df a0 fe df a0 fe df a0 fe df a0 
027f50  fe df a0 fe df a0 fe df a0 fe df a0 fe df a0 fe 
027f60  df a0 fe df a0 fe df a0 fe df a0 fe df a0 fe df 
027f70  a0 fe df a0 fe df a0 fe df a0 fe df a0 fe df a0 
027f80  fe df a0 fe df a0 fe df a0 fe df a0 fe df a0 fe 
027f90  df a0 fe df a0 fe df a0 fe df a0 fe df a0 fe df 
027fa0  a0 fe df a0 fe df a0 fe df a0 fe df a0 fe df a0 
027fb0  fe df a0 fe df a0 fe df a0 fe df a0 fe df a0 fe 
027fc0  df a0 fe df a0 fe df a0 fe df a0 fe df a0 fe df 
027fd0  a0 fe df a0 fe df a0 fe df a0 fe df a0 fe df a0 
027fe0  fe df a0 fe df a0 fe df a0 fe df a0 fe df a0 fe 
027ff0  df a0 fe df a0 fe df a0 fe df a0 fe df a0 fe df 
028000  a0 fe df a0 fe df a0 fe df a0 fe df a0 fe df a0 
028010  fe df a0 fe df a0 fe df a0 fe df a0 fe df a0 fe 
028020  df a0 fe df a0 fe df a0 fe df a0 fe df a0 fe df 
028030  a0 fe df a0 fe df a0 fe df a0 fe df a0 fe df a0 
028040  fe df a0 fe df a0 fe df a0 fe df a0 fe df a0 fe 
028050  df a0 fe df a0 fe df a0 fe df a0 fe df a0 fe df 
028060  a0 fe df a0 fe df a0 fe df a0 fe df a0 fe df a0 
028070  fe df a0 fe df a0 fe df a0 fe df a0 fe df a0 fe 
028080  df a0 fe df a0 fe df a0 fe df a0 fe df a0 fe df 
028090  a0 fe df a0 fe df a0 fe df a0 fe df a0 fe df a0 
0280a0  fe df a0 fe df a0 fe df a0 fe df a0 fe df a0 fe 
0280b0  df a0 fe df a0 fe df a0 fe df a0 fe df a0 fe df 
0280c0  a0 fe df a0 fe df a0 fe df a0 fe df a0 fe df a0 
0280d0  fe df a0 fe df a0 fe df a0 fe df a0 fe df a0 fe 
0280e0  df a0 fe df a0 fe df a0 fe df a0 fe df a0 fe df 
0280f0  a0 fe df a0 fe df a0 fe df a0 fe df a0 fe df a0 
028100  fe df a0 fe df a0 fe df a0 fe df a0 fe df a0 fe 
028110  df a0 fe df a0 fe df a0 fe df a0 fe df a0 fe df 
028120  a0 fe df a0 fe df a0 fe df a0 fe df a0 fe df a0 
028130  fe df a0 fe df a0 fe df a0 fe df a0 fe df a0 fe 
028140  df a0 fe df a0 fe df a0 fe df a0 fe df a0 fe df 
028150  a0 fe df a0 fe df a0 fe df a0 fe df a0 fe df a0 
028160  fe df a0 fe df a0 fe df a0 fe df a0 fe df a0 fe 
028170  df a0 fe df a0 fe df a0 fe df a0 fe df a0 fe df 
028180  a0 fe df a0 fe df a0 fe df a0 fe df a0 fe df a0 
028190  fe df a0 fe df a0 fe df a0 fe df a0 fe df a0 fe 
0281a0  df a0 fe df a0 fe df a0 fe df a0 fe df a0 fe df 
0281b0  a0 fe df a0 fe df a0 fe df a0 fe df a0 fe df a0 
0281c0  fe df a0 fe df a0 fe df a0 fe df a0 fe df a0 fe 
0281d0  df a0 fe df a0 fe df a0 fe df a0 fe df a0 fe df 
0281e0  a0 fe df a0 fe df a0 fe df a0 fe df a0 fe df a0 
0281f0  fe df a0 fe df a0 fe df a0 fe df a0 fe df a0 fe 
028200  df a0 fe df a0 fe df a0 fe df a0 fe df a0 fe df 
028210  a0 fe df a0 fe df a0 fe df a0 fe df a0 fe df a0 
028220  fe df a0 fe df a0 fe df a0 fe df a0 fe df a0 fe 
028230  df a0 fe df a0 fe df a0 fe df a0 fe df a0 fe df 
028240  a0 fe df a0 fe df a0 fe df a0 fe df a0 fe df a0 
028250  fe df a0 fe df a0 fe df a0 fe df a0 fe df a0 fe 
028260  df a0 fe df a0 fe df a0 fe df a0 fe df a0 fe df 
028270  a0 fe df a0 fe df a0 fe df a0 fe df a0 fe df a0 
028280  fe df a0 fe df a0 fe df a0 fe df a0 fe df a0 fe 
028290  df a0 fe df a0 fe df a0 fe df a0 fe df a0 fe df 
0282a0  a0 fe df a0 fe df a0 fe df a0 fe df a0 fe df a0 
0282b0  fe df a0 fe df a0 fe df a0 fe df a0 fe df a0 fe 
0282c0  df a0 fe df a0 fe df a0 fe df a0 fe df a0 fe df 
0282d0  a0 fe df a0 fe df a0 fe df a0 fe df a0 fe df a0 
0282e0  fe df a0 fe df a0 fe df a0 fe df a0 fe df a0 fe 
0282f0  df a0 fe df a0 fe df a0 fe df a0 fe df a0 fe df 
028300  a0 fe df a0 fe df a0 fe df a0 fe df a0 fe df a0 
028310  fe df a0 fe df a0 fe df a0 fe df a0 fe df a0 fe 
028320  df a0 fe df a0 fe df a0 fe df a0 fe df a0 fe df 
028330  a0 fe df a0 fe df a0 fe df a0 fe df a0 fe df a0 
028340  fe df a0 fe df a0 fe df a0 fe df a0 fe df a0 fe 
028350  df a0 fe df a0 fe df a0 fe df a0 fe df a0 fe df 
028360  a0 fe df a0 fe df a0 fe df a0 fe df a0 fe df a0 
028370  fe df a0 fe df a0 fe df a0 fe df a0 fe df a0 fe 
028380  df a0 fe df a0 fe df a0 fe df a0 fe df a0 fe df 
028390  a0 fe df a0 fe df a0 fe df a0 fe df a0 fe df a0 
0283a0  fe df a0 fe df a0 fe df a0 fe df a0 fe df a0 fe 
0283b0  df a0 fe df a0 fe df a0 fe df a0 fe df a0 fe df 
0283c0  a0 fe df a0 fe df a0 fe df a0 fe df a0 fe df a0 
0283d0  fe df a0 fe df a0 fe df a0 fe df a0 fe df a0 fe 
0283e0  df a0 fe df a0 fe df a0 fe df a0 fe df a0 fe df 
0283f0  a0 fe df a0 fe df a0 fe df a0 fe df a0 fe df a0 
028400  fe df a0 fe df a0 fe df a0 fe df a0 fe df a0 fe 
028410  df a0 fe df a0 fe df a0 fe df a0 fe df a0 fe df 
028420  a0 fe df a0 fe df a0 fe df a0 fe df a0 fe df a0 
028430  fe df a0 fe df a0 fe df a0 fe df a0 fe df a0 fe 
028440  df a0 fe df a0 fe df a0 fe df a0 fe df a0 fe df 
028450  a0 fe df a0 fe df a0 fe df a0 fe df a0 fe df a0 
028460  fe df a0 fe df a0 fe df a0 fe df a0 fe df a0 fe 
028470  df a0 fe df a0 fe df a0 fe df a0 fe df a0 fe df 
028480  a0 fe df a0 fe df a0 fe df a0 fe df a0 fe df a0 
028490  fe df a0 fe df a0 fe df a0 fe df a0 fe df a0 fe 
0284a0  df a0 fe df a0 fe df a0 fe df a0 fe df a0 fe df 
0284b0  a0 fe df a0 fe df a0 fe df a0 fe df a0 fe df a0 
0284c0  fe df a0 fe df a0 fe df a0 fe df a0 fe df a0 fe 
0284d0  df a0 fe df a0 fe df a0 fe df a0 fe df a0 fe df 
0284e0  a0 fe df a0 fe df a0 fe df a0 fe df a0 fe df a0 
0284f0  fe df a0 fe df a0 fe df a0 fe df a0 fe df a0 fe 
028500  df a0 fe df a0 fe df a0 fe df a0 fe df a0 fe df 
028510  a0 fe df a0 fe df a0 fe df a0 fe df a0 fe df a0 
028520  fe df a0 fe df a0 fe df a0 fe df a0 fe df a0 fe 
028530  df a0 fe df a0 fe df a0 fe df a0 fe df a0 fe df 
028540  a0 fe df a0 fe df a0 fe df a0 fe df a0 fe df a0 
028550  fe df a0 fe df a0 fe df a0 fe df a0 fe df a0 fe 
028560  df a0 fe df a0 fe df a0 fe df a0 fe df a0 fe df 
028570  a0 fe df a0 fe df a0 fe df a0 fe df a0 fe df a0 
028580  fe df a0 fe df a0 fe df a0 fe df a0 fe df a0 fe 
028590  df a0 fe df a0 fe df a0 fe df a0 fe df a0 fe df 
0285a0  a0 fe df a0 fe df a0 fe df a0 fe df a0 fe df a0 
0285b0  fe df a0 fe df a0 fe df a0 fe df a0 fe df a0 fe 
0285c0  df a0 fe df a0 fe df a0 fe df a0 fe df a0 fe df 
0285d0  a0 fe df a0 fe df a0 fe df a0 fe df a0 fe df a0 
0285e0  fe df a0 fe df a0 fe df a0 fe df a0 fe df a0 fe 
0285f0  df a0 fe df a0 fe df a0 fe df a0 fe df a0 fe df 
028600  a0 fe df a0 fe df a0 fe df a0 fe df a0 fe df a0 
028610  fe df a0 fe df a0 fe df a0 fe df a0 fe df a0 fe 
028620  df a0 fe df a0 fe df a0 fe df a0 fe df a0 fe df 
028630  a0 fe df a0 fe df a0 fe df a0 fe df a0 fe df a0 
028640  fe df a0 fe df a0 fe df a0 fe df a0 fe df a0 fe 
028650  df a0 fe df a0 fe df a0 fe df a0 fe df a0 fe df 
028660  a0 fe df a0 fe df a0 fe df a0 fe df a0 fe df a0 
028670  fe df a0 fe df a0 fe df a0 fe df a0 fe df a0 fe 
028680  df a0 fe df a0 fe df a0 fe df a0 fe df a0 fe df 
028690  a0 fe df a0 fe df a0 fe df a0 fe df a0 fe df a0 
0286a0  fe df a0 fe df a0 fe df a0 fe df a0 fe df a0 fe 
0286b0  df a0 fe df a0 fe df a0 fe df a0 fe df a0 fe df 
0286c0  a0 fe df a0 fe df a0 fe df a0 fe df a0 fe df a0 
0286d0  fe df a0 fe df a0 fe df a0 fe df a0 fe df a0 fe 
0286e0  df a0 fe df a0 fe df a0 fe df a0 fe df a0 fe df 
0286f0  a0 fe df a0 fe df a0 fe df a0 fe df a0 fe df a0 
028700  fe df a0 fe df a0 fe df a0 fe df a0 fe df a0 fe 
028710  df a0 fe df a0 fe df a0 fe df a0 fe df a0 fe df 
028720  a0 fe df a0 fe df a0 fe df a0 fe df a0 fe df a0 
028730  fe df a0 fe df a0 fe df a0 fe df a0 fe df a0 fe 
028740  df a0 fe df a0 fe df a0 fe df a0 fe df a0 fe df 
028750  a0 fe df a0 fe df a0 fe df a0 fe df a0 fe df a0 
028760  fe df a0 fe df a0 fe df a0 fe df a0 fe df a0 fe 
028770  df a0 fe df a0 fe df a0 fe df a0 fe df a0 fe df 
028780  a0 fe df a0 fe df a0 fe df a0 fe df a0 fe df a0 
028790  fe df a0 fe df a0 fe df a0 fe df a0 fe df a0 fe 
0287a0  df a0 fe df a0 fe df a0 fe df a0 fe df a0 fe df 
0287b0  a0 fe df a0 fe df a0 fe df a0 fe df a0 fe df a0 
0287c0  fe df a0 fe df a0 fe df a0 fe df a0 fe df a0 fe 
0287d0  df a0 fe df a0 fe df a0 fe df a0 fe df a0 fe df 
0287e0  a0 fe df a0 fe df a0 fe df a0 fe df a0 fe df a0 
0287f0  fe df a0 fe df a0 fe df a0 fe df a0 fe df a0 fe 
028800  df a0 fe df a0 fe df a0 fe df a0 fe df a0 fe df 
028810  a0 fe df a0 fe df a0 fe df a0 fe df a0 fe df a0 
028820  fe df a0 fe df a0 fe df a0 fe df a0 fe df a0 fe 
028830  df a0 fe df a0 fe df a0 fe df a0 fe df a0 fe df 
028840  a0 fe df a0 fe df a0 fe df a0 fe df a0 fe df a0 
028850  fe df a0 fe df a0 fe df a0 fe df a0 fe df a0 fe 
028860  df a0 fe df a0 fe df a0 fe df a0 fe df a0 fe df 
028870  a0 fe df a0 fe df a0 fe df a0 fe df a0 fe df a0 
028880  fe df a0 fe df a0 fe df a0 fe df a0 fe df a0 fe 
028890  df a0 fe df a0 fe df a0 fe df a0 fe df a0 fe df 
0288a0  a0 fe df a0 fe df a0 fe df a0 fe df a0 fe df a0 
0288b0  fe df a0 fe df a0 fe df a0 fe df a0 fe df a0 fe 
0288c0  df a0 fe df a0 fe df a0 fe df a0 fe df a0 fe df 
0288d0  a0 fe df a0 fe df a0 fe df a0 fe df a0 fe df a0 
0288e0  fe df a0 fe df a0 fe df a0 fe df a0 fe df a0 fe 
0288f0  df a0 fe df a0 fe df a0 fe df a0 fe df a0 fe df 
028900  a0 fe df a0 fe df a0 fe df a0 fe df a0 fe df a0 
028910  fe df a0 fe df a0 fe df a0 fe df a0 fe df a0 fe 
028920  df a0 fe df a0 fe df a0 fe df a0 fe df a0 fe df 
028930  a0 fe df a0 fe df a0 fe df a0 fe df a0 fe df a0 
028940  fe df a0 fe df a0 fe df a0 fe df a0 fe df a0 fe 
028950  df a0 fe df a0 fe df a0 fe df a0 fe df a0 fe df 
028960  a0 fe df a0 fe df a0 fe df a0 fe df a0 fe df a0 
028970  fe df a0 fe df a0 fe df a0 fe df a0 fe df a0 fe 
028980  df a0 fe df a0 fe df a0 fe df a0 fe df a0 fe df 
028990  a0 fe df a0 fe df a0 fe df a0 fe df a0 fe df a0 
0289a0  fe df a0 fe df a0 fe df a0 fe df a0 fe df a0 fe 
0289b0  df a0 fe df a0 fe df a0 fe df a0 fe df a0 fe df 
0289c0  a0 fe df a0 fe df a0 fe df a0 fe df a0 fe df a0 
0289d0  fe df a0 fe df a0 fe df a0 fe df a0 fe df a0 fe 
0289e0  df a0 fe df a0 fe df a0 fe df a0 fe df a0 fe df 
0289f0  a0 fe df a0 fe df a0 fe df a0 fe df a0 fe df a0 
028a00  fe df a0 fe df a0 fe df a0 fe df a0 fe df a0 fe 
028a10  df a0 fe df a0 fe df a0 fe df a0 fe df a0 fe df 
028a20  a0 fe df a0 fe df a0 fe df a0 fe df a0 fe df a0 
028a30  fe df a0 fe df a0 fe df a0 fe df a0 fe df a0 fe 
028a40  df a0 fe df a0 fe df a0 fe df a0 fe df a0 fe df 
028a50  a0 fe df a0 fe df a0 fe df a0 fe df a0 fe df a0 
028a60  fe df a0 fe df a0 fe df a0 fe df a0 fe df a0 fe 
028a70  df a0 fe df a0 fe df a0 fe df a0 fe df a0 fe df 
028a80  a0 fe df a0 fe df a0 fe df a0 fe df a0 fe df a0 
028a90  fe df a0 fe df a0 fe df a0 fe df a0 fe df a0 fe 
028aa0  df a0 fe df a0 fe df a0 fe df a0 fe df a0 fe df 
028ab0  a0 fe df a0 fe df a0 fe df a0 fe df a0 fe df a0 
028ac0  fe df a0 fe df a0 fe df a0 fe df a0 fe df a0 fe 
028ad0  df a0 fe df a0 fe df a0 fe df a0 fe df a0 fe df 
028ae0  a0 fe df a0 fe df a0 fe df a0 fe df a0 fe df a0 
028af0  fe df a0 fe df a0 fe df a0 fe df a0 fe df a0 fe 
028b00  df a0 fe df a0 fe df a0 fe df a0 fe df a0 fe df 
028b10  a0 fe df a0 fe df a0 fe df a0 fe df a0 fe df a0 
028b20  fe df a0 fe df a0 fe df a0 fe df a0 fe df a0 fe 
028b30  df a0 fe df a0 fe df a0 fe df a0 fe df a0 fe df 
028b40  a0 fe df a0 fe df a0 fe df a0 fe df a0 fe df a0 
028b50  fe df a0 fe df a0 fe df a0 fe df a0 fe df a0 fe 
028b60  df a0 fe df a0 fe df a0 fe df a0 fe df a0 fe df 
028b70  a0 fe df a0 fe df a0 fe df a0 fe df a0 fe df a0 
028b80  fe df a0 fe df a0 fe df a0 fe df a0 fe df a0 fe 
028b90  df a0 fe df a0 fe df a0 fe df a0 fe df a0 fe df 
028ba0  a0 fe df a0 fe df a0 fe df a0 fe df a0 fe df a0 
028bb0  fe df a0 fe df a0 fe df a0 fe df a0 fe df a0 fe 
028bc0  df a0 fe df a0 fe df a0 fe df a0 fe df a0 fe df 
028bd0  a0 fe df a0 fe df a0 fe df a0 fe df a0 fe df a0 
028be0  fe df a0 fe df a0 fe df a0 fe df a0 fe df a0 fe 
028bf0  df a0 fe df a0 fe df a0 fe df a0 fe df a0 fe df 
028c00  a0 fe df a0 fe df a0 fe df a0 fe df a0 fe df a0 
028c10  fe df a0 fe df a0 fe df a0 fe df a0 fe df a0 fe 
028c20  df a0 fe df a0 fe df a0 fe df a0 fe df a0 fe df 
028c30  a0 fe df a0 fe df a0 fe df a0 fe df a0 fe df a0 
028c40  fe df a0 fe df a0 fe df a0 fe df a0 fe df a0 fe 
028c50  df a0 fe df a0 fe df a0 fe df a0 fe df a0 fe df 
028c60  a0 fe df a0 fe df a0 fe df a0 fe df a0 fe df a0 
028c70  fe df a0 fe df a0 fe df a0 fe df a0 fe df a0 fe 
028c80  df a0 fe df a0 fe df a0 fe df a0 fe df a0 fe df 
028c90  a0 fe df a0 fe df a0 fe df a0 fe df a0 fe df a0 
028ca0  fe df a0 fe df a0 fe df a0 fe df a0 fe df a0 fe 
028cb0  df a0 fe df a0 fe df a0 fe df a0 fe df a0 fe df 
028cc0  a0 fe df a0 fe df a0 fe df a0 fe df a0 fe df a0 
028cd0  fe df a0 fe df a0 fe df a0 fe df a0 fe df a0 fe 
028ce0  df a0 fe df a0 fe df a0 fe df a0 fe df a0 fe df 
028cf0  a0 fe df a0 fe df a0 fe df a0 fe df a0 fe df a0 
028d00  fe df a0 fe df a0 fe df a0 fe df a0 fe df a0 fe 
028d10  df a0 fe df a0 fe df a0 fe df a0 fe df a0 fe df 
028d20  a0 fe df a0 fe df a0 fe df a0 fe df a0 fe df a0 
028d30  fe df a0 fe df a0 fe df a0 fe df a0 fe df a0 fe 
028d40  df a0 fe df a0 fe df a0 fe df a0 fe df a0 fe df 
028d50  a0 fe df a0 fe df a0 fe df a0 fe df a0 fe df a0 
028d60  fe df a0 fe df a0 fe df a0 fe df a0 fe df a0 fe 
028d70  df a0 fe df a0 fe df a0 fe df a0 fe df a0 fe df 
028d80  a0 fe df a0 fe df a0 fe df a0 fe df a0 fe df a0 
028d90  fe df a0 fe df a0 fe df a0 fe df a0 fe df a0 fe 
028da0  df a0 fe df a0 fe df a0 fe df a0 fe df a0 fe df 
028db0  a0 fe df a0 fe df a0 fe df a0 fe df a0 fe df a0 
028dc0  fe df a0 fe df a0 fe df a0 fe df a0 fe df a0 fe 
028dd0  df a0 fe df a0 fe df a0 fe df a0 fe df a0 fe df 
028de0  a0 fe df a0 fe df a0 fe df a0 fe df a0 fe df a0 
028df0  fe df a0 fe df a0 fe df a0 fe df a0 fe df a0 fe 
028e00  df a0 fe df a0 fe df a0 fe df a0 fe df a0 fe df 
028e10  a0 fe df a0 fe df a0 fe df a0 fe df a0 fe df a0 
028e20  fe df a0 fe df a0 fe df a0 fe df a0 fe df a0 fe 
028e30  df a0 fe df a0 fe df a0 fe df a0 fe df a0 fe df 
028e40  a0 fe df a0 fe df a0 fe df a0 fe df a0 fe df a0 
028e50  fe df a0 fe df a0 fe df a0 fe df a0 fe df a0 fe 
028e60  df a0 fe df a0 fe df a0 fe df a0 fe df a0 fe df 
028e70  a0 fe df a0 fe df a0 fe df a0 fe df a0 fe df a0 
028e80  fe df a0 fe df a0 fe df a0 fe df a0 fe df a0 fe 
028e90  df a0 fe df a0 fe df a0 fe df a0 fe df a0 fe df 
028ea0  a0 fe df a0 fe df a0 fe df a0 fe df a0 fe df a0 
028eb0  fe df a0 fe df a0 fe df a0 fe df a0 fe df a0 fe 
028ec0  df a0 fe df a0 fe df a0 fe df a0 fe df a0 fe df 
028ed0  a0 fe df a0 fe df a0 fe df a0 fe df a0 fe df a0 
028ee0  fe df a0 fe df a0 fe df a0 fe df a0 fe df a0 fe 
028ef0  df a0 fe df a0 fe df a0 fe df a0 fe df a0 fe df 
028f00  a0 fe df a0 fe df a0 fe df a0 fe df a0 fe df a0 
028f10  fe df a0 fe df a0 fe df a0 fe df a0 fe df a0 fe 
028f20  df a0 fe df a0 fe df a0 fe df a0 fe df a0 fe df 
028f30  a0 fe df a0 fe df a0 fe df a0 fe df a0 fe df a0 
028f40  fe df a0 fe df a0 fe df a0 fe df a0 fe df a0 fe 
028f50  df a0 fe df a0 fe df a0 fe df a0 fe df a0 fe df 
028f60  a0 fe df a0 fe df a0 fe df a0 fe df a0 fe df a0 
028f70  fe df a0 fe df a0 fe df a0 fe df a0 fe df a0 fe 
028f80  df a0 fe df a0 fe df a0 fe df a0 fe df a0 fe df 
028f90  a0 fe df a0 fe df a0 fe df a0 fe df a0 fe df a0 
028fa0  fe df a0 fe df a0 fe df a0 fe df a0 fe df a0 fe 
028fb0  df a0 fe df a0 fe df a0 fe df a0 fe df a0 fe df 
028fc0  a0 fe df a0 fe df a0 fe df a0 fe df a0 fe df a0 
028fd0  fe df a0 fe df a0 fe df a0 fe df a0 fe df a0 fe 
028fe0  df a0 fe df a0 fe df a0 fe df a0 fe df a0 fe df 
028ff0  a0 fe df a0 fe df a0 fe df a0 fe df a0 fe df a0 
029000  fe df a0 fe df a0 fe df a0 fe df a0 fe df a0 fe 
029010  df a0 fe df a0 fe df a0 fe df a0 fe df a0 fe df 
029020  a0 fe df a0 fe df a0 fe df a0 fe df a0 fe df a0 
029030  fe df a0 fe df a0 fe df a0 fe df a0 fe df a0 fe 
029040  df a0 fe df a0 fe df a0 fe df a0 fe df a0 fe df 
029050  a0 fe df a0 fe df a0 fe df a0 fe df a0 fe df a0 
029060  fe df a0 fe df a0 fe df a0 fe df a0 fe df a0 fe 
029070  df a0 fe df a0 fe df a0 fe df a0 fe df a0 fe df 
029080  a0 fe df a0 fe df a0 fe df a0 fe df a0 fe df a0 
029090  fe df a0 fe df a0 fe df a0 fe df a0 fe df a0 fe 
0290a0  df a0 fe df a0 fe df a0 fe df a0 fe df a0 fe df 
0290b0  a0 fe df a0 fe df a0 fe df a0 fe df a0 fe df a0 
0290c0  fe df a0 fe df a0 fe df a0 fe df a0 fe df a0 fe 
0290d0  df a0 fe df a0 fe df a0 fe df a0 fe df a0 fe df 
0290e0  a0 fe df a0 fe df a0 fe df a0 fe df a0 fe df a0 
0290f0  fe df a0 fe df a0 fe df a0 fe df a0 fe df a0 fe 
029100  df a0 fe df a0 fe df a0 fe df a0 fe df a0 fe df 
029110  a0 fe df a0 fe df a0 fe df a0 fe df a0 fe df a0 
029120  fe df a0 fe df a0 fe df a0 fe df a0 fe df a0 fe 
029130  df a0 fe df a0 fe df a0 fe df a0 fe df a0 fe df 
029140  a0 fe df a0 fe df a0 fe df a0 fe df a0 fe df a0 
029150  fe df a0 fe df a0 fe df a0 fe df a0 fe df a0 fe 
029160  df a0 fe df a0 fe df a0 fe df a0 fe df a0 fe df 
029170  a0 fe df a0 fe df a0 fe df a0 fe df a0 fe df a0 
029180  fe df a0 fe df a0 fe df a0 fe df a0 fe df a0 fe 
029190  df a0 fe df a0 fe df a0 fe df a0 fe df a0 fe df 
0291a0  a0 fe df a0 fe df a0 fe df a0 fe df a0 fe df a0 
0291b0  fe df a0 fe df a0 fe df a0 fe df a0 fe df a0 fe 
0291c0  df a0 fe df a0 fe df a0 fe df a0 fe df a0 fe df 
0291d0  a0 fe df a0 fe df a0 fe df a0 fe df a0 fe df a0 
0291e0  fe df a0 fe df a0 fe df a0 fe df a0 fe df a0 fe 
0291f0  df a0 fe df a0 fe df a0 fe df a0 fe df a0 fe df 
029200  a0 fe df a0 fe df a0 fe df a0 fe df a0 fe df a0 
029210  fe df a0 fe df a0 fe df a0 fe df a0 fe df a0 fe 
029220  df a0 fe df a0 fe df a0 fe df a0 fe df a0 fe df 
029230  a0 fe df a0 fe df a0 fe df a0 fe df a0 fe df a0 
029240  fe df a0 fe df a0 fe df a0 fe df a0 fe df a0 fe 
029250  df a0 fe df a0 fe df a0 fe df a0 fe df a0 fe df 
029260  a0 fe df a0 fe df a0 fe df a0 fe df a0 fe df a0 
029270  fe df a0 fe df a0 fe df a0 fe df a0 fe df a0 fe 
029280  df a0 fe df a0 fe df a0 fe df a0 fe df a0 fe df 
029290  a0 fe df a0 fe df a0 fe df a0 fe df a0 fe df a0 
0292a0  fe df a0 fe df a0 fe df a0 fe df a0 fe df a0 fe 
0292b0  df a0 fe df a0 fe df a0 fe df a0 fe df a0 fe df 
0292c0  a0 fe df a0 fe df a0 fe df a0 fe df a0 fe df a0 
0292d0  fe df a0 fe df a0 fe df a0 fe df a0 fe df a0 fe 
0292e0  df a0 fe df a0 fe df a0 fe df a0 fe df a0 fe df 
0292f0  a0 fe df a0 fe df a0 fe df a0 fe df a0 fe df a0 
029300  fe df a0 fe df a0 fe df a0 fe df a0 fe df a0 fe 
029310  df a0 fe df a0 fe df a0 fe df a0 fe df a0 fe df 
029320  a0 fe df a0 fe df a0 fe df a0 fe df a0 fe df a0 
029330  fe df a0 fe df a0 fe df a0 fe df a0 fe df a0 fe 
029340  df a0 fe df a0 fe df a0 fe df a0 fe df a0 fe df 
029350  a0 fe df a0 fe df a0 fe df a0 fe df a0 fe df a0 
029360  fe df a0 fe df a0 fe df a0 fe df a0 fe df a0 fe 
029370  df a0 fe df a0 fe df a0 fe df a0 fe df a0 fe df 
029380  a0 fe df a0 fe df a0 fe df a0 fe df a0 fe df a0 
029390  fe df a0 fe df a0 fe df a0 fe df a0 fe df a0 fe 
0293a0  df a0 fe df a0 fe df a0 fe df a0 fe df a0 fe df 
0293b0  a0 fe df a0 fe df a0 fe df a0 fe df a0 fe df a0 
0293c0  fe df a0 fe df a0 fe df a0 fe df a0 fe df a0 fe 
0293d0  df a0 fe df a0 fe df a0 fe df a0 fe df a0 fe df 
0293e0  a0 fe df a0 fe df a0 fe df a0 fe df a0 fe df a0 
0293f0  fe df a0 fe df a0 fe df a0 fe df a0 fe df a0 fe 
029400  df a0 fe df a0 fe df a0 fe df a0 fe df a0 fe df 
029410  a0 fe df a0 fe df a0 fe df a0 fe df a0 fe df a0 
029420  fe df a0 fe df a0 fe df a0 fe df a0 fe df a0 fe 
029430  df a0 fe df a0 fe df a0 fe df a0 fe df a0 fe df 
029440  a0 fe df a0 fe df a0 fe df a0 fe df a0 fe df a0 
029450  fe df a0 fe df a0 fe df a0 fe df a0 fe df a0 fe 
029460  df a0 fe df a0 fe df a0 fe df a0 fe df a0 fe df 
029470  a0 fe df a0 fe df a0 fe df a0 fe df a0 fe df a0 
029480  fe df a0 fe df a0 fe df a0 fe df a0 fe df a0 fe 
029490  df a0 fe df a0 fe df a0 fe df a0 fe df a0 fe df 
0294a0  a0 fe df a0 fe df a0 fe df a0 fe df a0 fe df a0 
0294b0  fe df a0 fe df a0 fe df a0 fe df a0 fe df a0 fe 
0294c0  df a0 fe df a0 fe df a0 fe df a0 fe df a0 fe df 
0294d0  a0 fe df a0 fe df a0 fe df a0 fe df a0 fe df a0 
0294e0  fe df a0 fe df a0 fe df a0 fe df a0 fe df a0 fe 
0294f0  df a0 fe df a0 fe df a0 fe df a0 fe df a0 fe df 
029500  a0 fe df a0 fe df a0 fe df a0 fe df a0 fe df a0 
029510  fe df a0 fe df a0 fe df a0 fe df a0 fe df a0 fe 
029520  df a0 fe df a0 fe df a0 fe df a0 fe df a0 fe df 
029530  a0 fe df a0 fe df a0 fe df a0 fe df a0 fe df a0 
029540  fe df a0 fe df a0 fe df a0 fe df a0 fe df a0 fe 
029550  df a0 fe df a0 fe df a0 fe df a0 fe df a0 fe df 
029560  a0 fe df a0 fe df a0 fe df a0 fe df a0 fe df a0 
029570  fe df a0 fe df a0 fe df a0 fe df a0 fe df a0 fe 
029580  df a0 fe df a0 fe df a0 fe df a0 fe df a0 fe df 
029590  a0 fe df a0 fe df a0 fe df a0 fe df a0 fe df a0 
0295a0  fe df a0 fe df a0 fe df a0 fe df a0 fe df a0 fe 
0295b0  df a0 fe df a0 fe df a0 fe df a0 fe df a0 fe df 
0295c0  a0 fe df a0 fe df a0 fe df a0 fe df a0 fe df a0 
0295d0  fe df a0 fe df a0 fe df a0 fe df a0 fe df a0 fe 
0295e0  df a0 fe df a0 fe df a0 fe df a0 fe df a0 fe df 
0295f0  a0 fe df a0 fe df a0 fe df a0 fe df a0 fe df a0 
029600  fe df a0 fe df a0 fe df a0 fe df a0 fe df a0 fe 
029610  df a0 fe df a0 fe df a0 fe df a0 fe df a0 fe df 
029620  a0 fe df a0 fe df a0 fe df a0 fe df a0 fe df a0 
029630  fe df a0 fe df a0 fe df a0 fe df a0 fe df a0 fe 
029640  df a0 fe df a0 fe df a0 fe df a0 fe df a0 fe df 
029650  a0 fe df a0 fe df a0 fe df a0 fe df a0 fe df a0 
029660  fe df a0 fe df a0 fe df a0 fe df a0 fe df a0 fe 
029670  df a0 fe df a0 fe df a0 fe df a0 fe df a0 fe df 
029680  a0 fe df a0 fe df a0 fe df a0 fe df a0 fe df a0 
029690  fe df a0 fe df a0 fe df a0 fe df a0 fe df a0 fe 
0296a0  df a0 fe df a0 fe df a0 fe df a0 fe df a0 fe df 
0296b0  a0 fe df a0 fe df a0 fe df a0 fe df a0 fe df a0 
0296c0  fe df a0 fe df a0 fe df a0 fe df a0 fe df a0 fe 
0296d0  df a0 fe df a0 fe df a0 fe df a0 fe df a0 fe df 
0296e0  a0 fe df a0 fe df a0 fe df a0 fe df a0 fe df a0 
0296f0  fe df a0 fe df a0 fe df a0 fe df a0 fe df a0 fe 
029700  df a0 fe df a0 fe df a0 fe df a0 fe df a0 fe df 
029710  a0 fe df a0 fe df a0 fe df a0 fe df a0 fe df a0 
029720  fe df a0 fe df a0 fe df a0 fe df a0 fe df a0 fe 
029730  df a0 fe df a0 fe df a0 fe df a0 fe df a0 fe df 
029740  a0 fe df a0 fe df a0 fe df a0 fe df a0 fe df a0 
029750  fe df a0 fe df a0 fe df a0 fe df a0 fe df a0 fe 
029760  df a0 fe df a0 fe df a0 fe df a0 fe df a0 fe df 
029770  a0 fe df a0 fe df a0 fe df a0 fe df a0 fe df a0 
029780  fe df a0 fe df a0 fe df a0 fe df a0 fe df a0 fe 
029790  df a0 fe df a0 fe df a0 fe df a0 fe df a0 fe df 
0297a0  a0 fe df a0 fe df a0 fe df a0 fe df a0 fe df a0 
0297b0  fe df a0 fe df a0 fe df a0 fe df a0 fe df a0 fe 
0297c0  df a0 fe df a0 fe df a0 fe df a0 fe df a0 fe df 
0297d0  a0 fe df a0 fe df a0 fe df a0 fe df a0 fe df a0 
0297e0  fe df a0 fe df a0 fe df a0 fe df a0 fe df a0 fe 
0297f0  df a0 fe df a0 fe df a0 fe df a0 fe df a0 fe df 
029800  a0 fe df a0 fe df a0 fe df a0 fe df a0 fe df a0 
029810  fe df a0 fe df a0 fe df a0 fe df a0 fe df a0 fe 
029820  df a0 fe df a0 fe df a0 fe df a0 fe df a0 fe df 
029830  a0 fe df a0 fe df a0 fe df a0 fe df a0 fe df a0 
029840  fe df a0 fe df a0 fe df a0 fe df a0 fe df a0 fe 
029850  df a0 fe df a0 fe df a0 fe df a0 fe df a0 fe df 
029860  a0 fe df a0 fe df a0 fe df a0 fe df a0 fe df a0 
029870  fe df a0 fe df a0 fe df a0 fe df a0 fe df a0 fe 
029880  df a0 fe df a0 fe df a0 fe df a0 fe df a0 fe df 
029890  a0 fe df a0 fe df a0 fe df a0 fe df a0 fe df a0 
0298a0  fe df a0 fe df a0 fe df a0 fe df a0 fe df a0 fe 
0298b0  df a0 fe df a0 fe df a0 fe df a0 fe df a0 fe df 
0298c0  a0 fe df a0 fe df a0 fe df a0 fe df a0 fe df a0 
0298d0  fe df a0 fe df a0 fe df a0 fe df a0 fe df a0 fe 
0298e0  df a0 fe df a0 fe df a0 fe df a0 fe df a0 fe df 
0298f0  a0 fe df a0 fe df a0 fe df a0 fe df a0 fe df a0 
029900  fe df a0 fe df a0 fe df a0 fe df a0 fe df a0 fe 
029910  df a0 fe df a0 fe df a0 fe df a0 fe df a0 fe df 
029920  a0 fe df a0 fe df a0 fe df a0 fe df a0 fe df a0 
029930  fe df a0 fe df a0 fe df a0 fe df a0 fe df a0 fe 
029940  df a0 fe df a0 fe df a0 fe df a0 fe df a0 fe df 
029950  a0 fe df a0 fe df a0 fe df a0 fe df a0 fe df a0 
029960  fe df a0 fe df a0 fe df a0 fe df a0 fe df a0 fe 
029970  df a0 fe df a0 fe df a0 fe df a0 fe df a0 fe df 
029980  a0 fe df a0 fe df a0 fe df a0 fe df a0 fe df a0 
029990  fe df a0 fe df a0 fe df a0 fe df a0 fe df a0 fe 
0299a0  df a0 fe df a0 fe df a0 fe df a0 fe df a0 fe df 
0299b0  a0 fe df a0 fe df a0 fe df a0 fe df a0 fe df a0 
0299c0  fe df a0 fe df a0 fe df a0 fe df a0 fe df a0 fe 
0299d0  df a0 fe df a0 fe df a0 fe df a0 fe df a0 fe df 
0299e0  a0 fe df a0 fe df a0 fe df a0 fe df a0 fe df a0 
0299f0  fe df a0 fe df a0 fe df a0 fe df a0 fe df a0 fe 
029a00  df a0 fe df a0 fe df a0 fe df a0 fe df a0 fe df 
029a10  a0 fe df a0 fe df a0 fe df a0 fe df a0 fe df a0 
029a20  fe df a0 fe df a0 fe df a0 fe df a0 fe df a0 fe 
029a30  df a0 fe df a0 fe df a0 fe df a0 fe df a0 fe df 
029a40  a0 fe df a0 fe df a0 fe df a0 fe df a0 fe df a0 
029a50  fe df a0 fe df a0 fe df a0 fe df a0 fe df a0 fe 
029a60  df a0 fe df a0 fe df a0 fe df a0 fe df a0 fe df 
029a70  a0 fe df a0 fe df a0 fe df a0 fe df a0 fe df a0 
029a80  fe df a0 fe df a0 fe df a0 fe df a0 fe df a0 fe 
029a90  df a0 fe df a0 fe df a0 fe df a0 fe df a0 fe df 
029aa0  a0 fe df a0 fe df a0 fe df a0 fe df a0 fe df a0 
029ab0  fe df a0 fe df a0 fe df a0 fe df a0 fe df a0 fe 
029ac0  df a0 fe df a0 fe df a0 fe df a0 fe df a0 fe df 
029ad0  a0 fe df a0 fe df a0 fe df a0 fe df a0 fe df a0 
029ae0  fe df a0 fe df a0 fe df a0 fe df a0 fe df a0 fe 
029af0  df a0 fe df a0 fe df a0 fe df a0 fe df a0 fe df 
029b00  a0 fe df a0 fe df a0 fe df a0 fe df a0 fe df a0 
029b10  fe df a0 fe df a0 fe df a0 fe df a0 fe df a0 fe 
029b20  df a0 fe df a0 fe df a0 fe df a0 fe df a0 fe df 
029b30  a0 fe df a0 fe df a0 fe df a0 fe df a0 fe df a0 
029b40  fe df a0 fe df a0 fe df a0 fe df a0 fe df a0 fe 
029b50  df a0 fe df a0 fe df a0 fe df a0 fe df a0 fe df 
029b60  a0 fe df a0 fe df a0 fe df a0 fe df a0 fe df a0 
029b70  fe df a0 fe df a0 fe df a0 fe df a0 fe df a0 fe 
029b80  df a0 fe df a0 fe df a0 fe df a0 fe df a0 fe df 
029b90  a0 fe df a0 fe df a0 fe df a0 fe df a0 fe df a0 
029ba0  fe df a0 fe df a0 fe df a0 fe df a0 fe df a0 fe 
029bb0  df a0 fe df a0 fe df a0 fe df a0 fe df a0 fe df 
029bc0  a0 fe df a0 fe df a0 fe df a0 fe df a0 fe df a0 
029bd0  fe df a0 fe df a0 fe df a0 fe df a0 fe df a0 fe 
029be0  df a0 fe df a0 fe df a0 fe df a0 fe df a0 fe df 
029bf0  a0 fe df a0 fe df a0 fe df a0 fe df a0 fe df a0 
029c00  fe df a0 fe df a0 fe df a0 fe df a0 fe df a0 fe 
029c10  df a0 fe df a0 fe df a0 fe df a0 fe df a0 fe df 
029c20  a0 fe df a0 fe df a0 fe df a0 fe df a0 fe df a0 
029c30  fe df a0 fe df a0 fe df a0 fe df a0 fe df a0 fe 
029c40  df a0 fe df a0 fe df a0 fe df a0 fe df a0 fe df 
029c50  a0 fe df a0 fe df a0 fe df a0 fe df a0 fe df a0 
029c60  fe df a0 fe df a0 fe df a0 fe df a0 fe df a0 fe 
029c70  df a0 fe df a0 fe df a0 fe df a0 fe df a0 fe df 
029c80  a0 fe df a0 fe df a0 fe df a0 fe df a0 fe df a0 
029c90  fe df a0 fe df a0 fe df a0 fe df a0 fe df a0 fe 
029ca0  df a0 fe df a0 fe df a0 fe df a0 fe df a0 fe df 
029cb0  a0 fe df a0 fe df a0 fe df a0 fe df a0 fe df a0 
029cc0  fe df a0 fe df a0 fe df a0 fe df a0 fe df a0 fe 
029cd0  df a0 fe df a0 fe df a0 fe df a0 fe df a0 fe df 
029ce0  a0 fe df a0 fe df a0 fe df a0 fe df a0 fe df a0 
029cf0  fe df a0 fe df a0 fe df a0 fe df a0 fe df a0 fe 
029d00  df a0 fe df a0 fe df a0 fe df a0 fe df a0 fe df 
029d10  a0 fe df a0 fe df a0 fe df a0 fe df a0 fe df a0 
029d20  fe df a0 fe df a0 fe df a0 fe df a0 fe df a0 fe 
029d30  df a0 fe df a0 fe df a0 fe df a0 fe df a0 fe df 
029d40  a0 fe df a0 fe df a0 fe df a0 fe df a0 fe df a0 
029d50  fe df a0 fe df a0 fe df a0 fe df a0 fe df a0 fe 
029d60  df a0 fe df a0 fe df a0 fe df a0 fe df a0 fe df 
029d70  a0 fe df a0 fe df a0 fe df a0 fe df a0 fe df a0 
029d80  fe df a0 fe df a0 fe df a0 fe df a0 fe df a0 fe 
029d90  df a0 fe df a0 fe df a0 fe df a0 fe df a0 fe df 
029da0  a0 fe df a0 fe df a0 fe df a0 fe df a0 fe df a0 
029db0  fe df a0 fe df a0 fe df a0 fe df a0 fe df a0 fe 
029dc0  df a0 fe df a0 fe df a0 fe df a0 fe df a0 fe df 
029dd0  a0 fe df a0 fe df a0 fe df a0 fe df a0 fe df a0 
029de0  fe df a0 fe df a0 fe df a0 fe df a0 fe df a0 fe 
029df0  df a0 fe df a0 fe df a0 fe df a0 fe df a0 fe df 
029e00  a0 fe df a0 fe df a0 fe df a0 fe df a0 fe df a0 
029e10  fe df a0 fe df a0 fe df a0 fe df a0 fe df a0 fe 
029e20  df a0 fe df a0 fe df a0 fe df a0 fe df a0 fe df 
029e30  a0 fe df a0 fe df a0 fe df a0 fe df a0 fe df a0 
029e40  fe df a0 fe df a0 fe df a0 fe df a0 fe df a0 fe 
029e50  df a0 fe df a0 fe df a0 fe df a0 fe df a0 fe df 
029e60  a0 fe df a0 fe df a0 fe df a0 fe df a0 fe df a0 
029e70  fe df a0 fe df a0 fe df a0 fe df a0 fe df a0 fe 
029e80  df a0 fe df a0 fe df a0 fe df a0 fe df a0 fe df 
029e90  a0 fe df a0 fe df a0 fe df a0 fe df a0 fe df a0 
029ea0  fe df a0 fe df a0 fe df a0 fe df a0 fe df a0 fe 
029eb0  df a0 fe df a0 fe df a0 fe df a0 fe df a0 fe df 
029ec0  a0 fe df a0 fe df a0 fe df a0 fe df a0 fe df a0 
029ed0  fe df a0 fe df a0 fe df a0 fe df a0 fe df a0 fe 
029ee0  df a0 fe df a0 fe df a0 fe df a0 fe df a0 fe df 
029ef0  a0 fe df a0 fe df a0 fe df a0 fe df a0 fe df a0 
029f00  fe df a0 fe df a0 fe df a0 fe df a0 fe df a0 fe 
029f10  df a0 fe df a0 fe df a0 fe df a0 fe df a0 fe df 
029f20  a0 fe df a0 fe df a0 fe df a0 fe df a0 fe df a0 
029f30  fe df a0 fe df a0 fe df a0 fe df a0 fe df a0 fe 
029f40  df a0 fe df a0 fe df a0 fe df a0 fe df a0 fe df 
029f50  a0 fe df a0 fe df a0 fe df a0 fe df a0 fe df a0 
029f60  fe df a0 fe df a0 fe df a0 fe df a0 fe df a0 fe 
029f70  df a0 fe df a0 fe df a0 fe df a0 fe df a0 fe df 
029f80  a0 fe df a0 fe df a0 fe df a0 fe df a0 fe df a0 
029f90  fe df a0 fe df a0 fe df a0 fe df a0 fe df a0 fe 
029fa0  df a0 fe df a0 fe df a0 fe df a0 fe df a0 fe df 
029fb0  a0 fe df a0 fe df a0 fe df a0 fe df a0 fe df a0 
029fc0  fe df a0 fe df a0 fe df a0 fe df a0 fe df a0 fe 
029fd0  df a0 fe df a0 fe df a0 fe df a0 fe df a0 fe df 
029fe0  a0 fe df a0 fe df a0 fe df a0 fe df a0 fe df a0 
029ff0  fe df a0 fe df a0 fe df a0 fe df a0 fe df a0 fe 
02a000  df a0 fe df a0 fe df a0 fe df a0 fe df a0 fe df 
02a010  a0 fe df a0 fe df a0 fe df a0 fe df a0 fe df a0 
02a020  fe df a0 fe df a0 fe df a0 fe df a0 fe df a0 fe 
02a030  df a0 fe df a0 fe df a0 fe df a0 fe df a0 fe df 
02a040  a0 fe df a0 fe df a0 fe df a0 fe df a0 fe df a0 
02a050  fe df a0 fe df a0 fe df a0 fe df a0 fe df a0 fe 
02a060  df a0 fe df a0 fe df a0 fe df a0 fe df a0 fe df 
02a070  a0 fe df a0 fe df a0 fe df a0 fe df a0 fe df a0 
02a080  fe df a0 fe df a0 fe df a0 fe df a0 fe df a0 fe 
02a090  df a0 fe df a0 fe df a0 fe df a0 fe df a0 fe df 
02a0a0  a0 fe df a0 fe df a0 fe df a0 fe df a0 fe df a0 
02a0b0  fe df a0 fe df a0 fe df a0 fe df a0 fe df a0 fe 
02a0c0  df a0 fe df a0 fe df a0 fe df a0 fe df a0 fe df 
02a0d0  a0 fe df a0 fe df a0 fe df a0 fe df a0 fe df a0 
02a0e0  fe df a0 fe df a0 fe df a0 fe df a0 fe df a0 fe 
02a0f0  df a0 fe df a0 fe df a0 fe df a0 fe df a0 fe df 
02a100  a0 fe df a0 fe df a0 fe df a0 fe df a0 fe df a0 
02a110  fe df a0 fe df a0 fe df a0 fe df a0 fe df a0 fe 
02a120  df a0 fe df a0 fe df a0 fe df a0 fe df a0 fe df 
02a130  a0 fe df a0 fe df a0 fe df a0 fe df a0 fe df a0 
02a140  fe df a0 fe df a0 fe df a0 fe df a0 fe df a0 fe 
02a150  df a0 fe df a0 fe df a0 fe df a0 fe df a0 fe df 
02a160  a0 fe df a0 fe df a0 fe df a0 fe df a0 fe df a0 
02a170  fe df a0 fe df a0 fe df a0 fe df a0 fe df a0 fe 
02a180  df a0 fe df a0 fe df a0 fe df a0 fe df a0 fe df 
02a190  a0 fe df a0 fe df a0 fe df a0 fe df a0 fe df a0 
02a1a0  fe df a0 fe df a0 fe df a0 fe df a0 fe df a0 fe 
02a1b0  df a0 fe df a0 fe df a0 fe df a0 fe df a0 fe df 
02a1c0  a0 fe df a0 fe df a0 fe df a0 fe df a0 fe df a0 
02a1d0  fe df a0 fe df a0 fe df a0 fe df a0 fe df a0 fe 
02a1e0  df a0 fe df a0 fe df a0 fe df a0 fe df a0 fe df 
02a1f0  a0 fe df a0 fe df a0 fe df a0 fe df a0 fe df a0 
02a200  fe df a0 fe df a0 fe df a0 fe df a0 fe df a0 fe 
02a210  df a0 fe df a0 fe df a0 fe df a0 fe df a0 fe df 
02a220  a0 fe df a0 fe df a0 fe df a0 fe df a0 fe df a0 
02a230  fe df a0 fe df a0 fe df a0 fe df a0 fe df a0 fe 
02a240  df a0 fe df a0 fe df a0 fe df a0 fe df a0 fe df 
02a250  a0 fe df a0 fe df a0 fe df a0 fe df a0 fe df a0 
02a260  fe df a0 fe df a0 fe df a0 fe df a0 fe df a0 fe 
02a270  df a0 fe df a0 fe df a0 fe df a0 fe df a0 fe df 
02a280  a0 fe df a0 fe df a0 fe df a0 fe df a0 fe df a0 
02a290  fe df a0 fe df a0 fe df a0 fe df a0 fe df a0 fe 
02a2a0  df a0 fe df a0 fe df a0 fe df a0 fe df a0 fe df 
02a2b0  a0 fe df a0 fe df a0 fe df a0 fe df a0 fe df a0 
02a2c0  fe df a0 fe df a0 fe df a0 fe df a0 fe df a0 fe 
02a2d0  df a0 fe df a0 fe df a0 fe df a0 fe df a0 fe df 
02a2e0  a0 fe df a0 fe df a0 fe df a0 fe df a0 fe df a0 
02a2f0  fe df a0 fe df a0 fe df a0 fe df a0 fe df a0 fe 
02a300  df a0 fe df a0 fe df a0 fe df a0 fe df a0 fe df 
02a310  a0 fe df a0 fe df a0 fe df a0 fe df a0 fe df a0 
02a320  fe df a0 fe df a0 fe df a0 fe df a0 fe df a0 fe 
02a330  df a0 fe df a0 fe df a0 fe df a0 fe df a0 fe df 
02a340  a0 fe df a0 fe df a0 fe df a0 fe df a0 fe df a0 
02a350  fe df a0 fe df a0 fe df a0 fe df a0 fe df a0 fe 
02a360  df a0 fe df a0 fe df a0 fe df a0 fe df a0 fe df 
02a370  a0 fe df a0 fe df a0 fe df a0 fe df a0 fe df a0 
02a380  fe df a0 fe df a0 fe df a0 fe df a0 fe df a0 fe 
02a390  df a0 fe df a0 fe df a0 fe df a0 fe df a0 fe df 
02a3a0  a0 fe df a0 fe df a0 fe df a0 fe df a0 fe df a0 
02a3b0  fe df a0 fe df a0 fe df a0 fe df a0 fe df a0 fe 
02a3c0  df a0 fe df a0 fe df a0 fe df a0 fe df a0 fe df 
02a3d0  a0 fe df a0 fe df a0 fe df a0 fe df a0 fe df a0 
02a3e0  fe df a0 fe df a0 fe df a0 fe df a0 fe df a0 fe 
02a3f0  df a0 fe df a0 fe df a0 fe df a0 fe df a0 fe df 
02a400  a0 fe df a0 fe df a0 fe df a0 fe df a0 fe df a0 
02a410  fe df a0 fe df a0 fe df a0 fe df a0 fe df a0 fe 
02a420  df a0 fe df a0 fe df a0 fe df a0 fe df a0 fe df 
02a430  a0 fe df a0 fe df a0 fe df a0 fe df a0 fe df a0 
02a440  fe df a0 fe df a0 fe df a0 fe df a0 fe df a0 fe 
02a450  df a0 fe df a0 fe df a0 fe df a0 fe df a0 fe df 
02a460  a0 fe df a0 fe df a0 fe df a0 fe df a0 fe df a0 
02a470  fe df a0 fe df a0 fe df a0 fe df a0 fe df a0 fe 
02a480  df a0 fe df a0 fe df a0 fe df a0 fe df a0 fe df 
02a490  a0 fe df a0 fe df a0 fe df a0 fe df a0 fe df a0 
02a4a0  fe df a0 fe df a0 fe df a0 fe df a0 fe df a0 fe 
02a4b0  df a0 fe df a0 fe df a0 fe df a0 fe df a0 fe df 
02a4c0  a0 fe df a0 fe df a0 fe df a0 fe df a0 fe df a0 
02a4d0  fe df a0 fe df a0 fe df a0 fe df a0 fe df a0 fe 
02a4e0  df a0 fe df a0 fe df a0 fe df a0 fe df a0 fe df 
02a4f0  a0 fe df a0 fe df a0 fe df a0 fe df a0 fe df a0 
02a500  fe df a0 fe df a0 fe df a0 fe df a0 fe df a0 fe 
02a510  df a0 fe df a0 fe df a0 fe df a0 fe df a0 fe df 
02a520  a0 fe df a0 fe df a0 fe df a0 fe df a0 fe df a0 
02a530  fe df a0 fe df a0 fe df a0 fe df a0 fe df a0 fe 
02a540  df a0 fe df a0 fe df a0 fe df a0 fe df a0 fe df 
02a550  a0 fe df a0 fe df a0 fe df a0 fe df a0 fe df a0 
02a560  fe df a0 fe df a0 fe df a0 fe df a0 fe df a0 fe 
02a570  df a0 fe df a0 fe df a0 fe df a0 fe df a0 fe df 
02a580  a0 fe df a0 fe df a0 fe df a0 fe df a0 fe df a0 
02a590  fe df a0 fe df a0 fe df a0 fe df a0 fe df a0 fe 
02a5a0  df a0 fe df a0 fe df a0 fe df a0 fe df a0 fe df 
02a5b0  a0 fe df a0 fe df a0 fe df a0 fe df a0 fe df a0 
02a5c0  fe df a0 fe df a0 fe df a0 fe df a0 fe df a0 fe 
02a5d0  df a0 fe df a0 fe df a0 fe df a0 fe df a0 fe df 
02a5e0  a0 fe df a0 fe df a0 fe df a0 fe df a0 fe df a0 
02a5f0  fe df a0 fe df a0 fe df a0 fe df a0 fe df a0 fe 
02a600  df a0 fe df a0 fe df a0 fe df a0 fe df a0 fe df 
02a610  a0 fe df a0 fe df a0 fe df a0 fe df a0 fe df a0 
02a620  fe df a0 fe df a0 fe df a0 fe df a0 fe df a0 fe 
02a630  df a0 fe df a0 fe df a0 fe df a0 fe df a0 fe df 
02a640  a0 fe df a0 fe df a0 fe df a0 fe df a0 fe df a0 
02a650  fe df a0 fe df a0 fe df a0 fe df a0 fe df a0 fe 
02a660  df a0 fe df a0 fe df a0 fe df a0 fe df a0 fe df 
02a670  a0 fe df a0 fe df a0 fe df a0 fe df a0 fe df a0 
02a680  fe df a0 fe df a0 fe df a0 fe df a0 fe df a0 fe 
02a690  df a0 fe df a0 fe df a0 fe df a0 fe df a0 fe df 
02a6a0  a0 fe df a0 fe df a0 fe df a0 fe df a0 fe df a0 
02a6b0  fe df a0 fe df a0 fe df a0 fe df a0 fe df a0 fe 
02a6c0  df a0 fe df a0 fe df a0 fe df a0 fe df a0 fe df 
02a6d0  a0 fe df a0 fe df a0 fe df a0 fe df a0 fe df a0 
02a6e0  fe df a0 fe df a0 fe df a0 fe df a0 fe df a0 fe 
02a6f0  df a0 fe df a0 fe df a0 fe df a0 fe df a0 fe df 
02a700  a0 fe df a0 fe df a0 fe df a0 fe df a0 fe df a0 
02a710  fe df a0 fe df a0 fe df a0 fe df a0 fe df a0 fe 
02a720  df a0 fe df a0 fe df a0 fe df a0 fe df a0 fe df 
02a730  a0 fe df a0 fe df a0 fe df a0 fe df a0 fe df a0 
02a740  fe df a0 fe df a0 fe df a0 fe df a0 fe df a0 fe 
02a750  df a0 fe df a0 fe df a0 fe df a0 fe df a0 fe df 
02a760  a0 fe df a0 fe df a0 fe df a0 fe df a0 fe df a0 
02a770  fe df a0 fe df a0 fe df a0 fe df a0 fe df a0 fe 
02a780  df a0 fe df a0 fe df a0 fe df a0 fe df a0 fe df 
02a790  a0 fe df a0 fe df a0 fe df a0 fe df a0 fe df a0 
02a7a0  fe df a0 fe df a0 fe df a0 fe df a0 fe df a0 fe 
02a7b0  df a0 fe df a0 fe df a0 fe df a0 fe df a0 fe df 
02a7c0  a0 fe df a0 fe df a0 fe df a0 fe df a0 fe df a0 
02a7d0  fe df a0 fe df a0 fe df a0 fe df a0 fe df a0 fe 
02a7e0  df a0 fe df a0 fe df a0 fe df a0 fe df a0 fe df 
02a7f0  a0 fe df a0 fe df a0 fe df a0 fe df a0 fe df a0 
02a800  fe df a0 fe df a0 fe df a0 fe df a0 fe df a0 fe 
02a810  df a0 fe df a0 fe df a0 fe df a0 fe df a0 fe df 
02a820  a0 fe df a0 fe df a0 fe df a0 fe df a0 fe df a0 
02a830  fe df a0 fe df a0 fe df a0 fe df a0 fe df a0 fe 
02a840  df a0 fe df a0 fe df a0 fe df a0 fe df a0 fe df 
02a850  a0 fe df a0 fe df a0 fe df a0 fe df a0 fe df a0 
02a860  fe df a0 fe df a0 fe df a0 fe df a0 fe df a0 fe 
02a870  df a0 fe df a0 fe df a0 fe df a0 fe df a0 fe df 
02a880  a0 fe df a0 fe df a0 fe df a0 fe df a0 fe df a0 
02a890  fe df a0 fe df a0 fe df a0 fe df a0 fe df a0 fe 
02a8a0  df a0 fe df a0 fe df a0 fe df a0 fe df a0 fe df 
02a8b0  a0 fe df a0 fe df a0 fe df a0 fe df a0 fe df a0 
02a8c0  fe df a0 fe df a0 fe df a0 fe df a0 fe df a0 fe 
02a8d0  df a0 fe df a0 fe df a0 fe df a0 fe df a0 fe df 
02a8e0  a0 fe df a0 fe df a0 fe df a0 fe df a0 fe df a0 
02a8f0  fe df a0 fe df a0 fe df a0 fe df a0 fe df a0 fe 
02a900  df a0 fe df a0 fe df a0 fe df a0 fe df a0 fe df 
02a910  a0 fe df a0 fe df a0 fe df a0 fe df a0 fe df a0 
02a920  fe df a0 fe df a0 fe df a0 fe df a0 fe df a0 fe 
02a930  df a0 fe df a0 fe df a0 fe df a0 fe df a0 fe df 
02a940  a0 fe df a0 fe df a0 fe df a0 fe df a0 fe df a0 
02a950  fe df a0 fe df a0 fe df a0 fe df a0 fe df a0 fe 
02a960  df a0 fe df a0 fe df a0 fe df a0 fe df a0 fe df 
02a970  a0 fe df a0 fe df a0 fe df a0 fe df a0 fe df a0 
02a980  fe df a0 fe df a0 fe df a0 fe df a0 fe df a0 fe 
02a990  df a0 fe df a0 fe df a0 fe df a0 fe df a0 fe df 
02a9a0  a0 fe df a0 fe df a0 fe df a0 fe df a0 fe df a0 
02a9b0  fe df a0 fe df a0 fe df a0 fe df a0 fe df a0 fe 
02a9c0  df a0 fe df a0 fe df a0 fe df a0 fe df a0 fe df 
02a9d0  a0 fe df a0 fe df a0 fe df a0 fe df a0 fe df a0 
02a9e0  fe df a0 fe df a0 fe df a0 fe df a0 fe df a0 fe 
02a9f0  df a0 fe df a0 fe df a0 fe df a0 fe df a0 fe df 
02aa00  a0 fe df a0 fe df a0 fe df a0 fe df a0 fe df a0 
02aa10  fe df a0 fe df a0 fe df a0 fe df a0 fe df a0 fe 
02aa20  df a0 fe df a0 fe df a0 fe df a0 fe df a0 fe df 
02aa30  a0 fe df a0 fe df a0 fe df a0 fe df a0 fe df a0 
02aa40  fe df a0 fe df a0 fe df a0 fe df a0 fe df a0 fe 
02aa50  df a0 fe df a0 fe df a0 fe df a0 fe df a0 fe df 
02aa60  a0 fe df a0 fe df a0 fe df a0 fe df a0 fe df a0 
02aa70  fe df a0 fe df a0 fe df a0 fe df a0 fe df a0 fe 
02aa80  df a0 fe df a0 fe df a0 fe df a0 fe df a0 fe df 
02aa90  a0 fe df a0 fe df a0 fe df a0 fe df a0 fe df a0 
02aaa0  fe df a0 fe df a0 fe df a0 fe df a0 fe df a0 fe 
02aab0  df a0 fe df a0 fe df a0 fe df a0 fe df a0 fe df 
02aac0  a0 fe df a0 fe df a0 fe df a0 fe df a0 fe df a0 
02aad0  fe df a0 fe df a0 fe df a0 fe df a0 fe df a0 fe 
02aae0  df a0 fe df a0 fe df a0 fe df a0 fe df a0 fe df 
02aaf0  a0 fe df a0 fe df a0 fe df a0 fe df a0 fe df a0 
02ab00  fe df a0 fe df a0 fe df a0 fe df a0 fe df a0 fe 
02ab10  df a0 fe df a0 fe df a0 fe df a0 fe df a0 fe df 
02ab20  a0 fe df a0 fe df a0 fe df a0 fe df a0 fe df a0 
02ab30  fe df a0 fe df a0 fe df a0 fe df a0 fe df a0 fe 
02ab40  df a0 fe df a0 fe df a0 fe df a0 fe df a0 fe df 
02ab50  a0 fe df a0 fe df a0 fe df a0 fe df a0 fe df a0 
02ab60  fe df a0 fe df a0 fe df a0 fe df a0 fe df a0 fe 
02ab70  df a0 fe df a0 fe df a0 fe df a0 fe df a0 fe df 
02ab80  a0 fe df a0 fe df a0 fe df a0 fe df a0 fe df a0 
02ab90  fe df a0 fe df a0 fe df a0 fe df a0 fe df a0 fe 
02aba0  df a0 fe df a0 fe df a0 fe df a0 fe df a0 fe df 
02abb0  a0 fe df a0 fe df a0 fe df a0 fe df a0 fe df a0 
02abc0  fe df a0 fe df a0 fe df a0 fe df a0 fe df a0 fe 
02abd0  df a0 fe df a0 fe df a0 fe df a0 fe df a0 fe df 
02abe0  a0 fe df a0 fe df a0 fe df a0 fe df a0 fe df a0 
02abf0  fe df a0 fe df a0 fe df a0 fe df a0 fe df a0 fe 
02ac00  df a0 fe df a0 fe df a0 fe df a0 fe df a0 fe df 
02ac10  a0 fe df a0 fe df a0 fe df a0 fe df a0 fe df a0 
02ac20  fe df a0 fe df a0 fe df a0 fe df a0 fe df a0 fe 
02ac30  df a0 fe df a0 fe df a0 fe df a0 fe df a0 fe df 
02ac40  a0 fe df a0 fe df a0 fe df a0 fe df a0 fe df a0 
02ac50  fe df a0 fe df a0 fe df a0 fe df a0 fe df a0 fe 
02ac60  df a0 fe df a0 fe df a0 fe df a0 fe df a0 fe df 
02ac70  a0 fe df a0 fe df a0 fe df a0 fe df a0 fe df a0 
02ac80  fe df a0 fe df a0 fe df a0 fe df a0 fe df a0 fe 
02ac90  df a0 fe df a0 fe df a0 fe df a0 fe df a0 fe df 
02aca0  a0 fe df a0 fe df a0 fe df a0 fe df a0 fe df a0 
02acb0  fe df a0 fe df a0 fe df a0 fe df a0 fe df a0 fe 
02acc0  df a0 fe df a0 fe df a0 fe df a0 fe df a0 fe df 
02acd0  a0 fe df a0 fe df a0 fe df a0 fe df a0 fe df a0 
02ace0  fe df a0 fe df a0 fe df a0 fe df a0 fe df a0 fe 
02acf0  df a0 fe df a0 fe df a0 fe df a0 fe df a0 fe df 
02ad00  a0 fe df a0 fe df a0 fe df a0 fe df a0 fe df a0 
02ad10  fe df a0 fe df a0 fe df a0 fe df a0 fe df a0 fe 
02ad20  df a0 fe df a0 fe df a0 fe df a0 fe df a0 fe df 
02ad30  a0 fe df a0 fe df a0 fe df a0 fe df a0 fe df a0 
02ad40  fe df a0 fe df a0 fe df a0 fe df a0 fe df a0 fe 
02ad50  df a0 fe df a0 fe df a0 fe df a0 fe df a0 fe df 
02ad60  a0 fe df a0 fe df a0 fe df a0 fe df a0 fe df a0 
02ad70  fe df a0 fe df a0 fe df a0 fe df a0 fe df a0 fe 
02ad80  df a0 fe df a0 fe df a0 fe df a0 fe df a0 fe df 
02ad90  a0 fe df a0 fe df a0 fe df a0 fe df a0 fe df a0 
02ada0  fe df a0 fe df a0 fe df a0 fe df a0 fe df a0 fe 
02adb0  df a0 fe df a0 fe df a0 fe df a0 fe df a0 fe df 
02adc0  a0 fe df a0 fe df a0 fe df a0 fe df a0 fe df a0 
02add0  fe df a0 fe df a0 fe df a0 fe df a0 fe df a0 fe 
02ade0  df a0 fe df a0 fe df a0 fe df a0 fe df a0 fe df 
02adf0  a0 fe df a0 fe df a0 fe df a0 fe df a0 fe df a0 
02ae00  fe df a0 fe df a0 fe df a0 fe df a0 fe df a0 fe 
02ae10  df a0 fe df a0 fe df a0 fe df a0 fe df a0 fe df 
02ae20  a0 fe df a0 fe df a0 fe df a0 fe df a0 fe df a0 
02ae30  fe df a0 fe df a0 fe df a0 fe df a0 fe df a0 fe 
02ae40  df a0 fe df a0 fe df a0 fe df a0 fe df a0 fe df 
02ae50  a0 fe df a0 fe df a0 fe df a0 fe df a0 fe df a0 
02ae60  fe df a0 fe df a0 fe df a0 fe df a0 fe df a0 fe 
02ae70  df a0 fe df a0 fe df a0 fe df a0 fe df a0 fe df 
02ae80  a0 fe df a0 fe df a0 fe df a0 fe df a0 fe df a0 
02ae90  fe df a0 fe df a0 fe df a0 fe df a0 fe df a0 fe 
02aea0  df a0 fe df a0 fe df a0 fe df a0 fe df a0 fe df 
02aeb0  a0 fe df a0 fe df a0 fe df a0 fe df a0 fe df a0 
02aec0  fe df a0 fe df a0 fe df a0 fe df a0 fe df a0 fe 
02aed0  df a0 fe df a0 fe df a0 fe df a0 fe df a0 fe df 
02aee0  a0 fe df a0 fe df a0 fe df a0 fe df a0 fe df a0 
02aef0  fe df a0 fe df a0 fe df a0 fe df a0 fe df a0 fe 
02af00  df a0 fe df a0 fe df a0 fe df a0 fe df a0 fe df 
02af10  a0 fe df a0 fe df a0 fe df a0 fe df a0 fe df a0 
02af20  fe df a0 fe df a0 fe df a0 fe df a0 fe df a0 fe 
02af30  df a0 fe df a0 fe df a0 fe df a0 fe df a0 fe df 
02af40  a0 fe df a0 fe df a0 fe df a0 fe df a0 fe df a0 
02af50  fe df a0 fe df a0 fe df a0 fe df a0 fe df a0 fe 
02af60  df a0 fe df a0 fe df a0 fe df a0 fe df a0 fe df 
02af70  a0 fe df a0 fe df a0 fe df a0 fe df a0 fe df a0 
02af80  fe df a0 fe df a0 fe df a0 fe df a0 fe df a0 fe 
02af90  df a0 fe df a0 fe df a0 fe df a0 fe df a0 fe df 
02afa0  a0 fe df a0 fe df a0 fe df a0 fe df a0 fe df a0 
02afb0  fe df a0 fe df a0 fe df a0 fe df a0 fe df a0 fe 
02afc0  df a0 fe df a0 fe df a0 fe df a0 fe df a0 fe df 
02afd0  a0 fe df a0 fe df a0 fe df a0 fe df a0 fe df a0 
02afe0  fe df a0 fe df a0 fe df a0 fe df a0 fe df a0 fe 
02aff0  df a0 fe df a0 fe df a0 fe df a0 fe df a0 fe df 
02b000  a0 fe df a0 fe df a0 fe df a0 fe df a0 fe df a0 
02b010  fe df a0 fe df a0 fe df a0 fe df a0 fe df a0 fe 
02b020  df a0 fe df a0 fe df a0 fe df a0 fe df a0 fe df 
02b030  a0 fe df a0 fe df a0 fe df a0 fe df a0 fe df a0 
02b040  fe df a0 fe df a0 fe df a0 fe df a0 fe df a0 fe 
02b050  df a0 fe df a0 fe df a0 fe df a0 fe df a0 fe df 
02b060  a0 fe df a0 fe df a0 fe df a0 fe df a0 fe df a0 
02b070  fe df a0 fe df a0 fe df a0 fe df a0 fe df a0 fe 
02b080  df a0 fe df a0 fe df a0 fe df a0 fe df a0 fe df 
02b090  a0 fe df a0 fe df a0 fe df a0 fe df a0 fe df a0 
02b0a0  fe df a0 fe df a0 fe df a0 fe df a0 fe df a0 fe 
02b0b0  df a0 fe df a0 fe df a0 fe df a0 fe df a0 fe df 
02b0c0  a0 fe df a0 fe df a0 fe df a0 fe df a0 fe df a0 
02b0d0  fe df a0 fe df a0 fe df a0 fe df a0 fe df a0 fe 
02b0e0  df a0 fe df a0 fe df a0 fe df a0 fe df a0 fe df 
02b0f0  a0 fe df a0 fe df a0 fe df a0 fe df a0 fe df a0 
02b100  fe df a0 fe df a0 fe df a0 fe df a0 fe df a0 fe 
02b110  df a0 fe df a0 fe df a0 fe df a0 fe df a0 fe df 
02b120  a0 fe df a0 fe df a0 fe df a0 fe df a0 fe df a0 
02b130  fe df a0 fe df a0 fe df a0 fe df a0 fe df a0 fe 
02b140  df a0 fe df a0 fe df a0 fe df a0 fe df a0 fe df 
02b150  a0 fe df a0 fe df a0 fe df a0 fe df a0 fe df a0 
02b160  fe df a0 fe df a0 fe df a0 fe df a0 fe df a0 fe 
02b170  df a0 fe df a0 fe df a0 fe df a0 fe df a0 fe df 
02b180  a0 fe df a0 fe df a0 fe df a0 fe df a0 fe df a0 
02b190  fe df a0 fe df a0 fe df a0 fe df a0 fe df a0 fe 
02b1a0  df a0 fe df a0 fe df a0 fe df a0 fe df a0 fe df 
02b1b0  a0 fe df a0 fe df a0 fe df a0 fe df a0 fe df a0 
02b1c0  fe df a0 fe df a0 fe df a0 fe df a0 fe df a0 fe 
02b1d0  df a0 fe df a0 fe df a0 fe df a0 fe df a0 fe df 
02b1e0  a0 fe df a0 fe df a0 fe df a0 fe df a0 fe df a0 
02b1f0  fe df a0 fe df a0 fe df a0 fe df a0 fe df a0 fe 
02b200  df a0 fe df a0 fe df a0 fe df a0 fe df a0 fe df 
02b210  a0 fe df a0 fe df a0 fe df a0 fe df a0 fe df a0 
02b220  fe df a0 fe df a0 fe df a0 fe df a0 fe df a0 fe 
02b230  df a0 fe df a0 fe df a0 fe df a0 fe df a0 fe df 
02b240  a0 fe df a0 fe df a0 fe df a0 fe df a0 fe df a0 
02b250  fe df a0 fe df a0 fe df a0 fe df a0 fe df a0 fe 
02b260  df a0 fe df a0 fe df a0 fe df a0 fe df a0 fe df 
02b270  a0 fe df a0 fe df a0 fe df a0 fe df a0 fe df a0 
02b280  fe df a0 fe df a0 fe df a0 fe df a0 fe df a0 fe 
02b290  df a0 fe df a0 fe df a0 fe df a0 fe df a0 fe df 
02b2a0  a0 fe df a0 fe df a0 fe df a0 fe df a0 fe df a0 
02b2b0  fe df a0 fe df a0 fe df a0 fe df a0 fe df a0 fe 
02b2c0  df a0 fe df a0 fe df a0 fe df a0 fe df a0 fe df 
02b2d0  a0 fe df a0 fe df a0 fe df a0 fe df a0 fe df a0 
02b2e0  fe df a0 fe df a0 fe df a0 fe df a0 fe df a0 fe 
02b2f0  df a0 fe df a0 fe df a0 fe df a0 fe df a0 fe df 
02b300  a0 fe df a0 fe df a0 fe df a0 fe df a0 fe df a0 
02b310  fe df a0 fe df a0 fe df a0 fe df a0 fe df a0 fe 
02b320  df a0 fe df a0 fe df a0 fe df a0 fe df a0 fe df 
02b330  a0 fe df a0 fe df a0 fe df a0 fe df a0 fe df a0 
02b340  fe df a0 fe df a0 fe df a0 fe df a0 fe df a0 fe 
02b350  df a0 fe df a0 fe df a0 fe df a0 fe df a0 fe df 
02b360  a0 fe df a0 fe df a0 fe df a0 fe df a0 fe df a0 
02b370  fe df a0 fe df a0 fe df a0 fe df a0 fe df a0 fe 
02b380  df a0 fe df a0 fe df a0 fe df a0 fe df a0 fe df 
02b390  a0 fe df a0 fe df a0 fe df a0 fe df a0 fe df a0 
02b3a0  fe df a0 fe df a0 fe df a0 fe df a0 fe df a0 fe 
02b3b0  df a0 fe df a0 fe df a0 fe df a0 fe df a0 fe df 
02b3c0  a0 fe df a0 fe df a0 fe df a0 fe df a0 fe df a0 
02b3d0  fe df a0 fe df a0 fe df a0 fe df a0 fe df a0 fe 
02b3e0  df a0 fe df a0 fe df a0 fe df a0 fe df a0 fe df 
02b3f0  a0 fe df a0 fe df a0 fe df a0 fe df a0 fe df a0 
02b400  fe df a0 fe df a0 fe df a0 fe df a0 fe df a0 fe 
02b410  df a0 fe df a0 fe df a0 fe df a0 fe df a0 fe df 
02b420  a0 fe df a0 fe df a0 fe df a0 fe df a0 fe df a0 
02b430  fe df a0 fe df a0 fe df a0 fe df a0 fe df a0 fe 
02b440  df a0 fe df a0 fe df a0 fe df a0 fe df a0 fe df 
02b450  a0 fe df a0 fe df a0 fe df a0 fe df a0 fe df a0 
02b460  fe df a0 fe df a0 fe df a0 fe df a0 fe df a0 fe 
02b470  df a0 fe df a0 fe df a0 fe df a0 fe df a0 fe df 
02b480  a0 fe df a0 fe df a0 fe df a0 fe df a0 fe df a0 
02b490  fe df a0 fe df a0 fe df a0 fe df a0 fe df a0 fe 
02b4a0  df a0 fe df a0 fe df a0 fe df a0 fe df a0 fe df 
02b4b0  a0 fe df a0 fe df a0 fe df a0 fe df a0 fe df a0 
02b4c0  fe df a0 fe df a0 fe df a0 fe df a0 fe df a0 fe 
02b4d0  df a0 fe df a0 fe df a0 fe df a0 fe df a0 fe df 
02b4e0  a0 fe df a0 fe df a0 fe df a0 fe df a0 fe df a0 
02b4f0  fe df a0 fe df a0 fe df a0 fe df a0 fe df a0 fe 
02b500  df a0 fe df a0 fe df a0 fe df a0 fe df a0 fe df 
02b510  a0 fe df a0 fe df a0 fe df a0 fe df a0 fe df a0 
02b520  fe df a0 fe df a0 fe df a0 fe df a0 fe df a0 fe 
02b530  df a0 fe df a0 fe df a0 fe df a0 fe df a0 fe df 
02b540  a0 fe df a0 fe df a0 fe df a0 fe df a0 fe df a0 
02b550  fe df a0 fe df a0 fe df a0 fe df a0 fe df a0 fe 
02b560  df a0 fe df a0 fe df a0 fe df a0 fe df a0 fe df 
02b570  a0 fe df a0 fe df a0 fe df a0 fe df a0 fe df a0 
02b580  fe df a0 fe df a0 fe df a0 fe df a0 fe df a0 fe 
02b590  df a0 fe df a0 fe df a0 fe df a0 fe df a0 fe df 
02b5a0  a0 fe df a0 fe df a0 fe df a0 fe df a0 fe df a0 
02b5b0  fe df a0 fe df a0 fe df a0 fe df a0 fe df a0 fe 
02b5c0  df a0 fe df a0 fe df a0 fe df a0 fe df a0 fe df 
02b5d0  a0 fe df a0 fe df a0 fe df a0 fe df a0 fe df a0 
02b5e0  fe df a0 fe df a0 fe df a0 fe df a0 fe df a0 fe 
02b5f0  df a0 fe df a0 fe df a0 fe df a0 fe df a0 fe df 
02b600  a0 fe df a0 fe df a0 fe df a0 fe df a0 fe df a0 
02b610  fe df a0 fe df a0 fe df a0 fe df a0 fe df a0 fe 
02b620  df a0 fe df a0 fe df a0 fe df a0 fe df a0 fe df 
02b630  a0 fe df a0 fe df a0 fe df a0 fe df a0 fe df a0 
02b640  fe df a0 fe df a0 fe df a0 fe df a0 fe df a0 fe 
02b650  df a0 fe df a0 fe df a0 fe df a0 fe df a0 fe df 
02b660  a0 fe df a0 fe df a0 fe df a0 fe df a0 fe df a0 
02b670  fe df a0 fe df a0 fe df a0 fe df a0 fe df a0 fe 
02b680  df a0 fe df a0 fe df a0 fe df a0 fe df a0 fe df 
02b690  a0 fe df a0 fe df a0 fe df a0 fe df a0 fe df a0 
02b6a0  fe df a0 fe df a0 fe df a0 fe df a0 fe df a0 fe 
02b6b0  df a0 fe df a0 fe df a0 fe df a0 fe df a0 fe df 
02b6c0  a0 fe df a0 fe df a0 fe df a0 fe df a0 fe df a0 
02b6d0  fe df a0 fe df a0 fe df a0 fe df a0 fe df a0 fe 
02b6e0  df a0 fe df a0 fe df a0 fe df a0 fe df a0 fe df 
02b6f0  a0 fe df a0 fe df a0 fe df a0 fe df a0 fe df a0 
02b700  fe df a0 fe df a0 fe df a0 fe df a0 fe df a0 fe 
02b710  df a0 fe df a0 fe df a0 fe df a0 fe df a0 fe df 
02b720  a0 fe df a0 fe df a0 fe df a0 fe df a0 fe df a0 
02b730  fe df a0 fe df a0 fe df a0 fe df a0 fe df a0 fe 
02b740  df a0 fe df a0 fe df a0 fe df a0 fe df a0 fe df 
02b750  a0 fe df a0 fe df a0 fe df a0 fe df a0 fe df a0 
02b760  fe df a0 fe df a0 fe df a0 fe df a0 fe df a0 fe 
02b770  df a0 fe df a0 fe df a0 fe df a0 fe df a0 fe df 
02b780  a0 fe df a0 fe df a0 fe df a0 fe df a0 fe df a0 
02b790  fe df a0 fe df a0 fe df a0 fe df a0 fe df a0 fe 
02b7a0  df a0 fe df a0 fe df a0 fe df a0 fe df a0 fe df 
02b7b0  a0 fe df a0 fe df a0 fe df a0 fe df a0 fe df a0 
02b7c0  fe df a0 fe df a0 fe df a0 fe df a0 fe df a0 fe 
02b7d0  df a0 fe df a0 fe df a0 fe df a0 fe df a0 fe df 
02b7e0  a0 fe df a0 fe df a0 fe df a0 fe df a0 fe df a0 
02b7f0  fe df a0 fe df a0 fe df a0 fe df a0 fe df a0 fe 
02b800  df a0 fe df a0 fe df a0 fe df a0 fe df a0 fe df 
02b810  a0 fe df a0 fe df a0 fe df a0 fe df a0 fe df a0 
02b820  fe df a0 fe df a0 fe df a0 fe df a0 fe df a0 fe 
02b830  df a0 fe df a0 fe df a0 fe df a0 fe df a0 fe df 
02b840  a0 fe df a0 fe df a0 fe df a0 fe df a0 fe df a0 
02b850  fe df a0 fe df a0 fe df a0 fe df a0 fe df a0 fe 
02b860  df a0 fe df a0 fe df a0 fe df a0 fe df a0 fe df 
02b870  a0 fe df a0 fe df a0 fe df a0 fe df a0 fe df a0 
02b880  fe df a0 fe df a0 fe df a0 fe df a0 fe df a0 fe 
02b890  df a0 fe df a0 fe df a0 fe df a0 fe df a0 fe df 
02b8a0  a0 fe df a0 fe df a0 fe df a0 fe df a0 fe df a0 
02b8b0  fe df a0 fe df a0 fe df a0 fe df a0 fe df a0 fe 
02b8c0  df a0 fe df a0 fe df a0 fe df a0 fe df a0 fe df 
02b8d0  a0 fe df a0 fe df a0 fe df a0 fe df a0 fe df a0 
02b8e0  fe df a0 fe df a0 fe df a0 fe df a0 fe df a0 fe 
02b8f0  df a0 fe df a0 fe df a0 fe df a0 fe df a0 fe df 
02b900  a0 fe df a0 fe df a0 fe df a0 fe df a0 fe df a0 
02b910  fe df a0 fe df a0 fe df a0 fe df a0 fe df a0 fe 
02b920  df a0 fe df a0 fe df a0 fe df a0 fe df a0 fe df 
02b930  a0 fe df a0 fe df a0 fe df a0 fe df a0 fe df a0 
02b940  fe df a0 fe df a0 fe df a0 fe df a0 fe df a0 fe 
02b950  df a0 fe df a0 fe df a0 fe df a0 fe df a0 fe df 
02b960  a0 fe df a0 fe df a0 fe df a0 fe df a0 fe df a0 
02b970  fe df a0 fe df a0 fe df a0 fe df a0 fe df a0 fe 
02b980  df a0 fe df a0 fe df a0 fe df a0 fe df a0 fe df 
02b990  a0 fe df a0 fe df a0 fe df a0 fe df a0 fe df a0 
02b9a0  fe df a0 fe df a0 fe df a0 fe df a0 fe df a0 fe 
02b9b0  df a0 fe df a0 fe df a0 fe df a0 fe df a0 fe df 
02b9c0  a0 fe df a0 fe df a0 fe df a0 fe df a0 fe df a0 
02b9d0  fe df a0 fe df a0 fe df a0 fe df a0 fe df a0 fe 
02b9e0  df a0 fe df a0 fe df a0 fe df a0 fe df a0 fe df 
02b9f0  a0 fe df a0 fe df a0 fe df a0 fe df a0 fe df a0 
02ba00  fe df a0 fe df a0 fe df a0 fe df a0 fe df a0 fe 
02ba10  df a0 fe df a0 fe df a0 fe df a0 fe df a0 fe df 
02ba20  a0 fe df a0 fe df a0 fe df a0 fe df a0 fe df a0 
02ba30  fe df a0 fe df a0 fe df a0 fe df a0 fe df a0 fe 
02ba40  df a0 fe df a0 fe df a0 fe df a0 fe df a0 fe df 
02ba50  a0 fe df a0 fe df a0 fe df a0 fe df a0 fe df a0 
02ba60  fe df a0 fe df a0 fe df a0 fe df a0 fe df a0 fe 
02ba70  df a0 fe df a0 fe df a0 fe df a0 fe df a0 fe df 
02ba80  a0 fe df a0 fe df a0 fe df a0 fe df a0 fe df a0 
02ba90  fe df a0 fe df a0 fe df a0 fe df a0 fe df a0 fe 
02baa0  df a0 fe df a0 fe df a0 fe df a0 fe df a0 fe df 
02bab0  a0 fe df a0 fe df a0 fe df a0 fe df a0 fe df a0 
02bac0  fe df a0 fe df a0 fe df a0 fe df a0 fe df a0 fe 
02bad0  df a0 fe df a0 fe df a0 fe df a0 fe df a0 fe df 
02bae0  a0 fe df a0 fe df a0 fe df a0 fe df a0 fe df a0 
02baf0  fe df a0 fe df a0 fe df a0 fe df a0 fe df a0 fe 
02bb00  df a0 fe df a0 fe df a0 fe df a0 fe df a0 fe df 
02bb10  a0 fe df a0 fe df a0 fe df a0 fe df a0 fe df a0 
02bb20  fe df a0 fe df a0 fe df a0 fe df a0 fe df a0 fe 
02bb30  df a0 fe df a0 fe df a0 fe df a0 fe df a0 fe df 
02bb40  a0 fe df a0 fe df a0 fe df a0 fe df a0 fe df a0 
02bb50  fe df a0 fe df a0 fe df a0 fe df a0 fe df a0 fe 
02bb60  df a0 fe df a0 fe df a0 fe df a0 fe df a0 fe df 
02bb70  a0 fe df a0 fe df a0 fe df a0 fe df a0 fe df a0 
02bb80  fe df a0 fe df a0 fe df a0 fe df a0 fe df a0 fe 
02bb90  df a0 fe df a0 fe df a0 fe df a0 fe df a0 fe df 
02bba0  a0 fe df a0 fe df a0 fe df a0 fe df a0 fe df a0 
02bbb0  fe df a0 fe df a0 fe df a0 fe df a0 fe df a0 fe 
02bbc0  df a0 fe df a0 fe df a0 fe df a0 fe df a0 fe df 
02bbd0  a0 fe df a0 fe df a0 fe df a0 fe df a0 fe df a0 
02bbe0  fe df a0 fe df a0 fe df a0 fe df a0 fe df a0 fe 
02bbf0  df a0 fe df a0 fe df a0 fe df a0 fe df a0 fe df 
02bc00  a0 fe df a0 fe df a0 fe df a0 fe df a0 fe df a0 
02bc10  fe df a0 fe df a0 fe df a0 fe df a0 fe df a0 fe 
02bc20  df a0 fe df a0 fe df a0 fe df a0 fe df a0 fe df 
02bc30  a0 fe df a0 fe df a0 fe df a0 fe df a0 fe df a0 
02bc40  fe df a0 fe df a0 fe df a0 fe df a0 fe df a0 fe 
02bc50  df a0 fe df a0 fe df a0 fe df a0 fe df a0 fe df 
02bc60  a0 fe df a0 fe df a0 fe df a0 fe df a0 fe df a0 
02bc70  fe df a0 fe df a0 fe df a0 fe df a0 fe df a0 fe 
02bc80  df a0 fe df a0 fe df a0 fe df a0 fe df a0 fe df 
02bc90  a0 fe df a0 fe df a0 fe df a0 fe df a0 fe df a0 
02bca0  fe df a0 fe df a0 fe df a0 fe df a0 fe df a0 fe 
02bcb0  df a0 fe df a0 fe df a0 fe df a0 fe df a0 fe df 
02bcc0  a0 fe df a0 fe df a0 fe df a0 fe df a0 fe df a0 
02bcd0  fe df a0 fe df a0 fe df a0 fe df a0 fe df a0 fe 
02bce0  df a0 fe df a0 fe df a0 fe df a0 fe df a0 fe df 
02bcf0  a0 fe df a0 fe df a0 fe df a0 fe df a0 fe df a0 
02bd00  fe df a0 fe df a0 fe df a0 fe df a0 fe df a0 fe 
02bd10  df a0 fe df a0 fe df a0 fe df a0 fe df a0 fe df 
02bd20  a0 fe df a0 fe df a0 fe df a0 fe df a0 fe df a0 
02bd30  fe df a0 fe df a0 fe df a0 fe df a0 fe df a0 fe 
02bd40  df a0 fe df a0 fe df a0 fe df a0 fe df a0 fe df 
02bd50  a0 fe df a0 fe df a0 fe df a0 fe df a0 fe df a0 
02bd60  fe df a0 fe df a0 fe df a0 fe df a0 fe df a0 fe 
02bd70  df a0 fe df a0 fe df a0 fe df a0 fe df a0 fe df 
02bd80  a0 fe df a0 fe df a0 fe df a0 fe df a0 fe df a0 
02bd90  fe df a0 fe df a0 fe df a0 fe df a0 fe df a0 fe 
02bda0  df a0 fe df a0 fe df a0 fe df a0 fe df a0 fe df 
02bdb0  a0 fe df a0 fe df a0 fe df a0 fe df a0 fe df a0 
02bdc0  fe df a0 fe df a0 fe df a0 fe df a0 fe df a0 fe 
02bdd0  df a0 fe df a0 fe df a0 fe df a0 fe df a0 fe df 
02bde0  a0 fe df a0 fe df a0 fe df a0 fe df a0 fe df a0 
02bdf0  fe df a0 fe df a0 fe df a0 fe df a0 fe df a0 fe 
02be00  df a0 fe df a0 fe df a0 fe df a0 fe df a0 fe df 
02be10  a0 fe df a0 fe df a0 fe df a0 fe df a0 fe df a0 
02be20  fe df a0 fe df a0 fe df a0 fe df a0 fe df a0 fe 
02be30  df a0 fe df a0 fe df a0 fe df a0 fe df a0 fe df 
02be40  a0 fe df a0 fe df a0 fe df a0 fe df a0 fe df a0 
02be50  fe df a0 fe df a0 fe df a0 fe df a0 fe df a0 fe 
02be60  df a0 fe df a0 fe df a0 fe df a0 fe df a0 fe df 
02be70  a0 fe df a0 fe df a0 fe df a0 fe df a0 fe df a0 
02be80  fe df a0 fe df a0 fe df a0 fe df a0 fe df a0 fe 
02be90  df a0 fe df a0 fe df a0 fe df a0 fe df a0 fe df 
02bea0  a0 fe df a0 fe df a0 fe df a0 fe df a0 fe df a0 
02beb0  fe df a0 fe df a0 fe df a0 fe df a0 fe df a0 fe 
02bec0  df a0 fe df a0 fe df a0 fe df a0 fe df a0 fe df 
02bed0  a0 fe df a0 fe df a0 fe df a0 fe df a0 fe df a0 
02bee0  fe df a0 fe df a0 fe df a0 fe df a0 fe df a0 fe 
02bef0  df a0 fe df a0 fe df a0 fe df a0 fe df a0 fe df 
02bf00  a0 fe df a0 fe df a0 fe df a0 fe df a0 fe df a0 
02bf10  fe df a0 fe df a0 fe df a0 fe df a0 fe df a0 fe 
02bf20  df a0 fe df a0 fe df a0 fe df a0 fe df a0 fe df 
02bf30  a0 fe df a0 fe df a0 fe df a0 fe df a0 fe df a0 
02bf40  fe df a0 fe df a0 fe df a0 fe df a0 fe df a0 fe 
02bf50  df a0 fe df a0 fe df a0 fe df a0 fe df a0 fe df 
02bf60  a0 fe df a0 fe df a0 fe df a0 fe df a0 fe df a0 
02bf70  fe df a0 fe df a0 fe df a0 fe df a0 fe df a0 fe 
02bf80  df a0 fe df a0 fe df a0 fe df a0 fe df a0 fe df 
02bf90  a0 fe df a0 fe df a0 fe df a0 fe df a0 fe df a0 
02bfa0  fe df a0 fe df a0 fe df a0 fe df a0 fe df a0 fe 
02bfb0  df a0 fe df a0 fe df a0 fe df a0 fe df a0 fe df 
02bfc0  a0 fe df a0 fe df a0 fe df a0 fe df a0 fe df a0 
02bfd0  fe df a0 fe df a0 fe df a0 fe df a0 fe df a0 fe 
02bfe0  df a0 fe df a0 fe df a0 fe df a0 fe df a0 fe df 
02bff0  a0 fe df a0 fe df a0 fe df a0 fe df a0 fe df a0 
02c000  fe df a0 fe df a0 fe df a0 fe df a0 fe df a0 fe 
02c010  df a0 fe df a0 fe df a0 fe df a0 fe df a0 fe df 
02c020  a0 fe df a0 fe df a0 fe df a0 fe df a0 fe df a0 
02c030  fe df a0 fe df a0 fe df a0 fe df a0 fe df a0 fe 
02c040  df a0 fe df a0 fe df a0 fe df a0 fe df a0 fe df 
02c050  a0 fe df a0 fe df a0 fe df a0 fe df a0 fe df a0 
02c060  fe df a0 fe df a0 fe df a0 fe df a0 fe df a0 fe 
02c070  df a0 fe df a0 fe df a0 fe df a0 fe df a0 fe df 
02c080  a0 fe df a0 fe df a0 fe df a0 fe df a0 fe df a0 
02c090  fe df a0 fe df a0 fe df a0 fe df a0 fe df a0 fe 
02c0a0  df a0 fe df a0 fe df a0 fe df a0 fe df a0 fe df 
02c0b0  a0 fe df a0 fe df a0 fe df a0 fe df a0 fe df a0 
02c0c0  fe df a0 fe df a0 fe df a0 fe df a0 fe df a0 fe 
02c0d0  df a0 fe df a0 fe df a0 fe df a0 fe df a0 fe df 
02c0e0  a0 fe df a0 fe df a0 fe df a0 fe df a0 fe df a0 
02c0f0  fe df a0 fe df a0 fe df a0 fe df a0 fe df a0 fe 
02c100  df a0 fe df a0 fe df a0 fe df a0 fe df a0 fe df 
02c110  a0 fe df a0 fe df a0 fe df a0 fe df a0 fe df a0 
02c120  fe df a0 fe df a0 fe df a0 fe df a0 fe df a0 fe 
02c130  df a0 fe df a0 fe df a0 fe df a0 fe df a0 fe df 
02c140  a0 fe df a0 fe df a0 fe df a0 fe df a0 fe df a0 
02c150  fe df a0 fe df a0 fe df a0 fe df a0 fe df a0 fe 
02c160  df a0 fe df a0 fe df a0 fe df a0 fe df a0 fe df 
02c170  a0 fe df a0 fe df a0 fe df a0 fe df a0 fe df a0 
02c180  fe df a0 fe df a0 fe df a0 fe df a0 fe df a0 fe 
02c190  df a0 fe df a0 fe df a0 fe df a0 fe df a0 fe df 
02c1a0  a0 fe df a0 fe df a0 fe df a0 fe df a0 fe df a0 
02c1b0  fe df a0 fe df a0 fe df a0 fe df a0 fe df a0 fe 
02c1c0  df a0 fe df a0 fe df a0 fe df a0 fe df a0 fe df 
02c1d0  a0 fe df a0 fe df a0 fe df a0 fe df a0 fe df a0 
02c1e0  fe df a0 fe df a0 fe df a0 fe df a0 fe df a0 fe 
02c1f0  df a0 fe df a0 fe df a0 fe df a0 fe df a0 fe df 
02c200  a0 fe df a0 fe df a0 fe df a0 fe df a0 fe df a0 
02c210  fe df a0 fe df a0 fe df a0 fe df a0 fe df a0 fe 
02c220  df a0 fe df a0 fe df a0 fe df a0 fe df a0 fe df 
02c230  a0 fe df a0 fe df a0 fe df a0 fe df a0 fe df a0 
02c240  fe df a0 fe df a0 fe df a0 fe df a0 fe df a0 fe 
02c250  df a0 fe df a0 fe df a0 fe df a0 fe df a0 fe df 
02c260  a0 fe df a0 fe df a0 fe df a0 fe df a0 fe df a0 
02c270  fe df a0 fe df a0 fe df a0 fe df a0 fe df a0 fe 
02c280  df a0 fe df a0 fe df a0 fe df a0 fe df a0 fe df 
02c290  a0 fe df a0 fe df a0 fe df a0 fe df a0 fe df a0 
02c2a0  fe df a0 fe df a0 fe df a0 fe df a0 fe df a0 fe 
02c2b0  df a0 fe df a0 fe df a0 fe df a0 fe df a0 fe df 
02c2c0  a0 fe df a0 fe df a0 fe df a0 fe df a0 fe df a0 
02c2d0  fe df a0 fe df a0 fe df a0 fe df a0 fe df a0 fe 
02c2e0  df a0 fe df a0 fe df a0 fe df a0 fe df a0 fe df 
02c2f0  a0 fe df a0 fe df a0 fe df a0 fe df a0 fe df a0 
02c300  fe df a0 fe df a0 fe df a0 fe df a0 fe df a0 fe 
02c310  df a0 fe df a0 fe df a0 fe df a0 fe df a0 fe df 
02c320  a0 fe df a0 fe df a0 fe df a0 fe df a0 fe df a0 
02c330  fe df a0 fe df a0 fe df a0 fe df a0 fe df a0 fe 
02c340  df a0 fe df a0 fe df a0 fe df a0 fe df a0 fe df 
02c350  a0 fe df a0 fe df a0 fe df a0 fe df a0 fe df a0 
02c360  fe df a0 fe df a0 fe df a0 fe df a0 fe df a0 fe 
02c370  df a0 fe df a0 fe df a0 fe df a0 fe df a0 fe df 
02c380  a0 fe df a0 fe df a0 fe df a0 fe df a0 fe df a0 
02c390  fe df a0 fe df a0 fe df a0 fe df a0 fe df a0 fe 
02c3a0  df a0 fe df a0 fe df a0 fe df a0 fe df a0 fe df 
02c3b0  a0 fe df a0 fe df a0 fe df a0 fe df a0 fe df a0 
02c3c0  fe df a0 fe df a0 fe df a0 fe df a0 fe df a0 fe 
02c3d0  df a0 fe df a0 fe df a0 fe df a0 fe df a0 fe df 
02c3e0  a0 fe df a0 fe df a0 fe df a0 fe df a0 fe df a0 
02c3f0  fe df a0 fe df a0 fe df a0 fe df a0 fe df a0 fe 
02c400  df a0 fe df a0 fe df a0 fe df a0 fe df a0 fe df 
02c410  a0 fe df a0 fe df a0 fe df a0 fe df a0 fe df a0 
02c420  fe df a0 fe df a0 fe df a0 fe df a0 fe df a0 fe 
02c430  df a0 fe df a0 fe df a0 fe df a0 fe df a0 fe df 
02c440  a0 fe df a0 fe df a0 fe df a0 fe df a0 fe df a0 
02c450  fe df a0 fe df a0 fe df a0 fe df a0 fe df a0 fe 
02c460  df a0 fe df a0 fe df a0 fe df a0 fe df a0 fe df 
02c470  a0 fe df a0 fe df a0 fe df a0 fe df a0 fe df a0 
02c480  fe df a0 fe df a0 fe df a0 fe df a0 fe df a0 fe 
02c490  df a0 fe df a0 fe df a0 fe df a0 fe df a0 fe df 
02c4a0  a0 fe df a0 fe df a0 fe df a0 fe df a0 fe df a0 
02c4b0  fe df a0 fe df a0 fe df a0 fe df a0 fe df a0 fe 
02c4c0  df a0 fe df a0 fe df a0 fe df a0 fe df a0 fe df 
02c4d0  a0 fe df a0 fe df a0 fe df a0 fe df a0 fe df a0 
02c4e0  fe df a0 fe df a0 fe df a0 fe df a0 fe df a0 fe 
02c4f0  df a0 fe df a0 fe df a0 fe df a0 fe df a0 fe df 
02c500  a0 fe df a0 fe df a0 fe df a0 fe df a0 fe df a0 
02c510  fe df a0 fe df a0 fe df a0 fe df a0 fe df a0 fe 
02c520  df a0 fe df a0 fe df a0 fe df a0 fe df a0 fe df 
02c530  a0 fe df a0 fe df a0 fe df a0 fe df a0 fe df a0 
02c540  fe df a0 fe df a0 fe df a0 fe df a0 fe df a0 fe 
02c550  df a0 fe df a0 fe df a0 fe df a0 fe df a0 fe df 
02c560  a0 fe df a0 fe df a0 fe df a0 fe df a0 fe df a0 
02c570  fe df a0 fe df a0 fe df a0 fe df a0 fe df a0 fe 
02c580  df a0 fe df a0 fe df a0 fe df a0 fe df a0 fe df 
02c590  a0 fe df a0 fe df a0 fe df a0 fe df a0 fe df a0 
02c5a0  fe df a0 fe df a0 fe df a0 fe df a0 fe df a0 fe 
02c5b0  df a0 fe df a0 fe df a0 fe df a0 fe df a0 fe df 
02c5c0  a0 fe df a0 fe df a0 fe df a0 fe df a0 fe df a0 
02c5d0  fe df a0 fe df a0 fe df a0 fe df a0 fe df a0 fe 
02c5e0  df a0 fe df a0 fe df a0 fe df a0 fe df a0 fe df 
02c5f0  a0 fe df a0 fe df a0 fe df a0 fe df a0 fe df a0 
02c600  fe df a0 fe df a0 fe df a0 fe df a0 fe df a0 fe 
02c610  df a0 fe df a0 fe df a0 fe df a0 fe df a0 fe df 
02c620  a0 fe df a0 fe df a0 fe df a0 fe df a0 fe df a0 
02c630  fe df a0 fe df a0 fe df a0 fe df a0 fe df a0 fe 
02c640  df a0 fe df a0 fe df a0 fe df a0 fe df a0 fe df 
02c650  a0 fe df a0 fe df a0 fe df a0 fe df a0 fe df a0 
02c660  fe df a0 fe df a0 fe df a0 fe df a0 fe df a0 fe 
02c670  df a0 fe df a0 fe df a0 fe df a0 fe df a0 fe df 
02c680  a0 fe df a0 fe df a0 fe df a0 fe df a0 fe df a0 
02c690  fe df a0 fe df a0 fe df a0 fe df a0 fe df a0 fe 
02c6a0  df a0 fe df a0 fe df a0 fe df a0 fe df a0 fe df 
02c6b0  a0 fe df a0 fe df a0 fe df a0 fe df a0 fe df a0 
02c6c0  fe df a0 fe df a0 fe df a0 fe df a0 fe df a0 fe 
02c6d0  df a0 fe df a0 fe df a0 fe df a0 fe df a0 fe df 
02c6e0  a0 fe df a0 fe df a0 fe df a0 fe df a0 fe df a0 
02c6f0  fe df a0 fe df a0 fe df a0 fe df a0 fe df a0 fe 
02c700  df a0 fe df a0 fe df a0 fe df a0 fe df a0 fe df 
02c710  a0 fe df a0 fe df a0 fe df a0 fe df a0 fe df a0 
02c720  fe df a0 fe df a0 fe df a0 fe df a0 fe df a0 fe 
02c730  df a0 fe df a0 fe df a0 fe df a0 fe df a0 fe df 
02c740  a0 fe df a0 fe df a0 fe df a0 fe df a0 fe df a0 
02c750  fe df a0 fe df a0 fe df a0 fe df a0 fe df a0 fe 
02c760  df a0 fe df a0 fe df a0 fe df a0 fe df a0 fe df 
02c770  a0 fe df a0 fe df a0 fe df a0 fe df a0 fe df a0 
02c780  fe df a0 fe df a0 fe df a0 fe df a0 fe df a0 fe 
02c790  df a0 fe df a0 fe df a0 fe df a0 fe df a0 fe df 
02c7a0  a0 fe df a0 fe df a0 fe df a0 fe df a0 fe df a0 
02c7b0  fe df a0 fe df a0 fe df a0 fe df a0 fe df a0 fe 
02c7c0  df a0 fe df a0 fe df a0 fe df a0 fe df a0 fe df 
02c7d0  a0 fe df a0 fe df a0 fe df a0 fe df a0 fe df a0 
02c7e0  fe df a0 fe df a0 fe df a0 fe df a0 fe df a0 fe 
02c7f0  df a0 fe df a0 fe df a0 fe df a0 fe df a0 fe df 
02c800  a0 fe df a0 fe df a0 fe df a0 fe df a0 fe df a0 
02c810  fe df a0 fe df a0 fe df a0 fe df a0 fe df a0 fe 
02c820  df a0 fe df a0 fe df a0 fe df a0 fe df a0 fe df 
02c830  a0 fe df a0 fe df a0 fe df a0 fe df a0 fe df a0 
02c840  fe df a0 fe df a0 fe df a0 fe df a0 fe df a0 fe 
02c850  df a0 fe df a0 fe df a0 fe df a0 fe df a0 fe df 
02c860  a0 fe df a0 fe df a0 fe df a0 fe df a0 fe df a0 
02c870  fe df a0 fe df a0 fe df a0 fe df a0 fe df a0 fe 
02c880  df a0 fe df a0 fe df a0 fe df a0 fe df a0 fe df 
02c890  a0 fe df a0 fe df a0 fe df a0 fe df a0 fe df a0 
02c8a0  fe df a0 fe df a0 fe df a0 fe df a0 fe df a0 fe 
02c8b0  df a0 fe df a0 fe df a0 fe df a0 fe df a0 fe df 
02c8c0  a0 fe df a0 fe df a0 fe df a0 fe df a0 fe df a0 
02c8d0  fe df a0 fe df a0 fe df a0 fe df a0 fe df a0 fe 
02c8e0  df a0 fe df a0 fe df a0 fe df a0 fe df a0 fe df 
02c8f0  a0 fe df a0 fe df a0 fe df a0 fe df a0 fe df a0 
02c900  fe df a0 fe df a0 fe df a0 fe df a0 fe df a0 fe 
02c910  df a0 fe df a0 fe df a0 fe df a0 fe df a0 fe df 
02c920  a0 fe df a0 fe df a0 fe df a0 fe df a0 fe df a0 
02c930  fe df a0 fe df a0 fe df a0 fe df a0 fe df a0 fe 
02c940  df a0 fe df a0 fe df a0 fe df a0 fe df a0 fe df 
02c950  a0 fe df a0 fe df a0 fe df a0 fe df a0 fe df a0 
02c960  fe df a0 fe df a0 fe df a0 fe df a0 fe df a0 fe 
02c970  df a0 fe df a0 fe df a0 fe df a0 fe df a0 fe df 
02c980  a0 fe df a0 fe df a0 fe df a0 fe df a0 fe df a0 
02c990  fe df a0 fe df a0 fe df a0 fe df a0 fe df a0 fe 
02c9a0  df a0 fe df a0 fe df a0 fe df a0 fe df a0 fe df 
02c9b0  a0 fe df a0 fe df a0 fe df a0 fe df a0 fe df a0 
02c9c0  fe df a0 fe df a0 fe df a0 fe df a0 fe df a0 fe 
02c9d0  df a0 fe df a0 fe df a0 fe df a0 fe df a0 fe df 
02c9e0  a0 fe df a0 fe df a0 fe df a0 fe df a0 fe df a0 
02c9f0  fe df a0 fe df a0 fe df a0 fe df a0 fe df a0 fe 
02ca00  df a0 fe df a0 fe df a0 fe df a0 fe df a0 fe df 
02ca10  a0 fe df a0 fe df a0 fe df a0 fe df a0 fe df a0 
02ca20  fe df a0 fe df a0 fe df a0 fe df a0 fe df a0 fe 
02ca30  df a0 fe df a0 fe df a0 fe df a0 fe df a0 fe df 
02ca40  a0 fe df a0 fe df a0 fe df a0 fe df a0 fe df a0 
02ca50  fe df a0 fe df a0 fe df a0 fe df a0 fe df a0 fe 
02ca60  df a0 fe df a0 fe df a0 fe df a0 fe df a0 fe df 
02ca70  a0 fe df a0 fe df a0 fe df a0 fe df a0 fe df a0 
02ca80  fe df a0 fe df a0 fe df a0 fe df a0 fe df a0 fe 
02ca90  df a0 fe df a0 fe df a0 fe df a0 fe df a0 fe df 
02caa0  a0 fe df a0 fe df a0 fe df a0 fe df a0 fe df a0 
02cab0  fe df a0 fe df a0 fe df a0 fe df a0 fe df a0 fe 
02cac0  df a0 fe df a0 fe df a0 fe df a0 fe df a0 fe df 
02cad0  a0 fe df a0 fe df a0 fe df a0 fe df a0 fe df a0 
02cae0  fe df a0 fe df a0 fe df a0 fe df a0 fe df a0 fe 
02caf0  df a0 fe df a0 fe df a0 fe df a0 fe df a0 fe df 
02cb00  a0 fe df a0 fe df a0 fe df a0 fe df a0 fe df a0 
02cb10  fe df a0 fe df a0 fe df a0 fe df a0 fe df a0 fe 
02cb20  df a0 fe df a0 fe df a0 fe df a0 fe df a0 fe df 
02cb30  a0 fe df a0 fe df a0 fe df a0 fe df a0 fe df a0 
02cb40  fe df a0 fe df a0 fe df a0 fe df a0 fe df a0 fe 
02cb50  df a0 fe df a0 fe df a0 fe df a0 fe df a0 fe df 
02cb60  a0 fe df a0 fe df a0 fe df a0 fe df a0 fe df a0 
02cb70  fe df a0 fe df a0 fe df a0 fe df a0 fe df a0 fe 
02cb80  df a0 fe df a0 fe df a0 fe df a0 fe df a0 fe df 
02cb90  a0 fe df a0 fe df a0 fe df a0 fe df a0 fe df a0 
02cba0  fe df a0 fe df a0 fe df a0 fe df a0 fe df a0 fe 
02cbb0  df a0 fe df a0 fe df a0 fe df a0 fe df a0 fe df 
02cbc0  a0 fe df a0 fe df a0 fe df a0 fe df a0 fe df a0 
02cbd0  fe df a0 fe df a0 fe df a0 fe df a0 fe df a0 fe 
02cbe0  df a0 fe df a0 fe df a0 fe df a0 fe df a0 fe df 
02cbf0  a0 fe df a0 fe df a0 fe df a0 fe df a0 fe df a0 
02cc00  fe df a0 fe df a0 fe df a0 fe df a0 fe df a0 fe 
02cc10  df a0 fe df a0 fe df a0 fe df a0 fe df a0 fe df 
02cc20  a0 fe df a0 fe df a0 fe df a0 fe df a0 fe df a0 
02cc30  fe df a0 fe df a0 fe df a0 fe df a0 fe df a0 fe 
02cc40  df a0 fe df a0 fe df a0 fe df a0 fe df a0 fe df 
02cc50  a0 fe df a0 fe df a0 fe df a0 fe df a0 fe df a0 
02cc60  fe df a0 fe df a0 fe df a0 fe df a0 fe df a0 fe 
02cc70  df a0 fe df a0 fe df a0 fe df a0 fe df a0 fe df 
02cc80  a0 fe df a0 fe df a0 fe df a0 fe df a0 fe df a0 
02cc90  fe df a0 fe df a0 fe df a0 fe df a0 fe df a0 fe 
02cca0  df a0 fe df a0 fe df a0 fe df a0 fe df a0 fe df 
02ccb0  a0 fe df a0 fe df a0 fe df a0 fe df a0 fe df a0 
02ccc0  fe df a0 fe df a0 fe df a0 fe df a0 fe df a0 fe 
02ccd0  df a0 fe df a0 fe df a0 fe df a0 fe df a0 fe df 
02cce0  a0 fe df a0 fe df a0 fe df a0 fe df a0 fe df a0 
02ccf0  fe df a0 fe df a0 fe df a0 fe df a0 fe df a0 fe 
02cd00  df a0 fe df a0 fe df a0 fe df a0 fe df a0 fe df 
02cd10  a0 fe df a0 fe df a0 fe df a0 fe df a0 fe df a0 
02cd20  fe df a0 fe df a0 fe df a0 fe df a0 fe df a0 fe 
02cd30  df a0 fe df a0 fe df a0 fe df a0 fe df a0 fe df 
02cd40  a0 fe df a0 fe df a0 fe df a0 fe df a0 fe df a0 
02cd50  fe df a0 fe df a0 fe df a0 fe df a0 fe df a0 fe 
02cd60  df a0 fe df a0 fe df a0 fe df a0 fe df a0 fe df 
02cd70  a0 fe df a0 fe df a0 fe df a0 fe df a0 fe df a0 
02cd80  fe df a0 fe df a0 fe df a0 fe df a0 fe df a0 fe 
02cd90  df a0 fe df a0 fe df a0 fe df a0 fe df a0 fe df 
02cda0  a0 fe df a0 fe df a0 fe df a0 fe df a0 fe df a0 
02cdb0  fe df a0 fe df a0 fe df a0 fe df a0 fe df a0 fe 
02cdc0  df a0 fe df a0 fe df a0 fe df a0 fe df a0 fe df 
02cdd0  a0 fe df a0 fe df a0 fe df a0 fe df a0 fe df a0 
02cde0  fe df a0 fe df a0 fe df a0 fe df a0 fe df a0 fe 
02cdf0  df a0 fe df a0 fe df a0 fe df a0 fe df a0 fe df 
02ce00  a0 fe df a0 fe df a0 fe df a0 fe df a0 fe df a0 
02ce10  fe df a0 fe df a0 fe df a0 fe df a0 fe df a0 fe 
02ce20  df a0 fe df a0 fe df a0 fe df a0 fe df a0 fe df 
02ce30  a0 fe df a0 fe df a0 fe df a0 fe df a0 fe df a0 
02ce40  fe df a0 fe df a0 fe df a0 fe df a0 fe df a0 fe 
02ce50  df a0 fe df a0 fe df a0 fe df a0 fe df a0 fe df 
02ce60  a0 fe df a0 fe df a0 fe df a0 fe df a0 fe df a0 
02ce70  fe df a0 fe df a0 fe df a0 fe df a0 fe df a0 fe 
02ce80  df a0 fe df a0 fe df a0 fe df a0 fe df a0 fe df 
02ce90  a0 fe df a0 fe df a0 fe df a0 fe df a0 fe df a0 
02cea0  fe df a0 fe df a0 fe df a0 fe df a0 fe df a0 fe 
02ceb0  df a0 fe df a0 fe df a0 fe df a0 fe df a0 fe df 
02cec0  a0 fe df a0 fe df a0 fe df a0 fe df a0 fe df a0 
02ced0  fe df a0 fe df a0 fe df a0 fe df a0 fe df a0 fe 
02cee0  df a0 fe df a0 fe df a0 fe df a0 fe df a0 fe df 
02cef0  a0 fe df a0 fe df a0 fe df a0 fe df a0 fe df a0 
02cf00  fe df a0 fe df a0 fe df a0 fe df a0 fe df a0 fe 
02cf10  df a0 fe df a0 fe df a0 fe df a0 fe df a0 fe df 
02cf20  a0 fe df a0 fe df a0 fe df a0 fe df a0 fe df a0 
02cf30  fe df a0 fe df a0 fe df a0 fe df a0 fe df a0 fe 
02cf40  df a0 fe df a0 fe df a0 fe df a0 fe df a0 fe df 
02cf50  a0 fe df a0 fe df a0 fe df a0 fe df a0 fe df a0 
02cf60  fe df a0 fe df a0 fe df a0 fe df a0 fe df a0 fe 
02cf70  df a0 fe df a0 fe df a0 fe df a0 fe df a0 fe df 
02cf80  a0 fe df a0 fe df a0 fe df a0 fe df a0 fe df a0 
02cf90  fe df a0 fe df a0 fe df a0 fe df a0 fe df a0 fe 
02cfa0  df a0 fe df a0 fe df a0 fe df a0 fe df a0 fe df 
02cfb0  a0 fe df a0 fe df a0 fe df a0 fe df a0 fe df a0 
02cfc0  fe df a0 fe df a0 fe df a0 fe df a0 fe df a0 fe 
02cfd0  df a0 fe df a0 fe df a0 fe df a0 fe df a0 fe df 
02cfe0  a0 fe df a0 fe df a0 fe df a0 fe df a0 fe df a0 
02cff0  fe df a0 fe df a0 fe df a0 fe df a0 fe df a0 fe 
02d000  df a0 fe df a0 fe df a0 fe df a0 fe df a0 fe df 
02d010  a0 fe df a0 fe df a0 fe df a0 fe df a0 fe df a0 
02d020  fe df a0 fe df a0 fe df a0 fe df a0 fe df a0 fe 
02d030  df a0 fe df a0 fe df a0 fe df a0 fe df a0 fe df 
02d040  a0 fe df a0 fe df a0 fe df a0 fe df a0 fe df a0 
02d050  fe df a0 fe df a0 fe df a0 fe df a0 fe df a0 fe 
02d060  df a0 fe df a0 fe df a0 fe df a0 fe df a0 fe df 
02d070  a0 fe df a0 fe df a0 fe df a0 fe df a0 fe df a0 
02d080  fe df a0 fe df a0 fe df a0 fe df a0 fe df a0 fe 
02d090  df a0 fe df a0 fe df a0 fe df a0 fe df a0 fe df 
02d0a0  a0 fe df a0 fe df a0 fe df a0 fe df a0 fe df a0 
02d0b0  fe df a0 fe df a0 fe df a0 fe df a0 fe df a0 fe 
02d0c0  df a0 fe df a0 fe df a0 fe df a0 fe df a0 fe df 
02d0d0  a0 fe df a0 fe df a0 fe df a0 fe df a0 fe df a0 
02d0e0  fe df a0 fe df a0 fe df a0 fe df a0 fe df a0 fe 
02d0f0  df a0 fe df a0 fe df a0 fe df a0 fe df a0 fe df 
02d100  a0 fe df a0 fe df a0 fe df a0 fe df a0 fe df a0 
02d110  fe df a0 fe df a0 fe df a0 fe df a0 fe df a0 fe 
02d120  df a0 fe df a0 fe df a0 fe df a0 fe df a0 fe df 
02d130  a0 fe df a0 fe df a0 fe df a0 fe df a0 fe df a0 
02d140  fe df a0 fe df a0 fe df a0 fe df a0 fe df a0 fe 
02d150  df a0 fe df a0 fe df a0 fe df a0 fe df a0 fe df 
02d160  a0 fe df a0 fe df a0 fe df a0 fe df a0 fe df a0 
02d170  fe df a0 fe df a0 fe df a0 fe df a0 fe df a0 fe 
02d180  df a0 fe df a0 fe df a0 fe df a0 fe df a0 fe df 
02d190  a0 fe df a0 fe df a0 fe df a0 fe df a0 fe df a0 
02d1a0  fe df a0 fe df a0 fe df a0 fe df a0 fe df a0 fe 
02d1b0  df a0 fe df a0 fe df a0 fe df a0 fe df a0 fe df 
02d1c0  a0 fe df a0 fe df a0 fe df a0 fe df a0 fe df a0 
02d1d0  fe df a0 fe df a0 fe df a0 fe df a0 fe df a0 fe 
02d1e0  df a0 fe df a0 fe df a0 fe df a0 fe df a0 fe df 
02d1f0  a0 fe df a0 fe df a0 fe df a0 fe df a0 fe df a0 
02d200  fe df a0 fe df a0 fe df a0 fe df a0 fe df a0 fe 
02d210  df a0 fe df a0 fe df a0 fe df a0 fe df a0 fe df 
02d220  a0 fe df a0 fe df a0 fe df a0 fe df a0 fe df a0 
02d230  fe df a0 fe df a0 fe df a0 fe df a0 fe df a0 fe 
02d240  df a0 fe df a0 fe df a0 fe df a0 fe df a0 fe df 
02d250  a0 fe df a0 fe df a0 fe df a0 fe df a0 fe df a0 
02d260  fe df a0 fe df a0 fe df a0 fe df a0 fe df a0 fe 
02d270  df a0 fe df a0 fe df a0 fe df a0 fe df a0 fe df 
02d280  a0 fe df a0 fe df a0 fe df a0 fe df a0 fe df a0 
02d290  fe df a0 fe df a0 fe df a0 fe df a0 fe df a0 fe 
02d2a0  df a0 fe df a0 fe df a0 fe df a0 fe df a0 fe df 
02d2b0  a0 fe df a0 fe df a0 fe df a0 fe df a0 fe df a0 
02d2c0  fe df a0 fe df a0 fe df a0 fe df a0 fe df a0 fe 
02d2d0  df a0 fe df a0 fe df a0 fe df a0 fe df a0 fe df 
02d2e0  a0 fe df a0 fe df a0 fe df a0 fe df a0 fe df a0 
02d2f0  fe df a0 fe df a0 fe df a0 fe df a0 fe df a0 fe 
02d300  df a0 fe df a0 fe df a0 fe df a0 fe df a0 fe df 
02d310  a0 fe df a0 fe df a0 fe df a0 fe df a0 fe df a0 
02d320  fe df a0 fe df a0 fe df a0 fe df a0 fe df a0 fe 
02d330  df a0 fe df a0 fe df a0 fe df a0 fe df a0 fe df 
02d340  a0 fe df a0 fe df a0 fe df a0 fe df a0 fe df a0 
02d350  fe df a0 fe df a0 fe df a0 fe df a0 fe df a0 fe 
02d360  df a0 fe df a0 fe df a0 fe df a0 fe df a0 fe df 
02d370  a0 fe df a0 fe df a0 fe df a0 fe df a0 fe df a0 
02d380  fe df a0 fe df a0 fe df a0 fe df a0 fe df a0 fe 
02d390  df a0 fe df a0 fe df a0 fe df a0 fe df a0 fe df 
02d3a0  a0 fe df a0 fe df a0 fe df a0 fe df a0 fe df a0 
02d3b0  fe df a0 fe df a0 fe df a0 fe df a0 fe df a0 fe 
02d3c0  df a0 fe df a0 fe df a0 fe df a0 fe df a0 fe df 
02d3d0  a0 fe df a0 fe df a0 fe df a0 fe df a0 fe df a0 
02d3e0  fe df a0 fe df a0 fe df a0 fe df a0 fe df a0 fe 
02d3f0  df a0 fe df a0 fe df a0 fe df a0 fe df a0 fe df 
02d400  a0 fe df a0 fe df a0 fe df a0 fe df a0 fe df a0 
02d410  fe df a0 fe df a0 fe df a0 fe df a0 fe df a0 fe 
02d420  df a0 fe df a0 fe df a0 fe df a0 fe df a0 fe df 
02d430  a0 fe df a0 fe df a0 fe df a0 fe df a0 fe df a0 
02d440  fe df a0 fe df a0 fe df a0 fe df a0 fe df a0 fe 
02d450  df a0 fe df a0 fe df a0 fe df a0 fe df a0 fe df 
02d460  a0 fe df a0 fe df a0 fe df a0 fe df a0 fe df a0 
02d470  fe df a0 fe df a0 fe df a0 fe df a0 fe df a0 fe 
02d480  df a0 fe df a0 fe df a0 fe df a0 fe df a0 fe df 
02d490  a0 fe df a0 fe df a0 fe df a0 fe df a0 fe df a0 
02d4a0  fe df a0 fe df a0 fe df a0 fe df a0 fe df a0 fe 
02d4b0  df a0 fe df a0 fe df a0 fe df a0 fe df a0 fe df 
02d4c0  a0 fe df a0 fe df a0 fe df a0 fe df a0 fe df a0 
02d4d0  fe df a0 fe df a0 fe df a0 fe df a0 fe df a0 fe 
02d4e0  df a0 fe df a0 fe df a0 fe df a0 fe df a0 fe df 
02d4f0  a0 fe df a0 fe df a0 fe df a0 fe df a0 fe df a0 
02d500  fe df a0 fe df a0 fe df a0 fe df a0 fe df a0 fe 
02d510  df a0 fe df a0 fe df a0 fe df a0 fe df a0 fe df 
02d520  a0 fe df a0 fe df a0 fe df a0 fe df a0 fe df a0 
02d530  fe df a0 fe df a0 fe df a0 fe df a0 fe df a0 fe 
02d540  df a0 fe df a0 fe df a0 fe df a0 fe df a0 fe df 
02d550  a0 fe df a0 fe df a0 fe df a0 fe df a0 fe df a0 
02d560  fe df a0 fe df a0 fe df a0 fe df a0 fe df a0 fe 
02d570  df a0 fe df a0 fe df a0 fe df a0 fe df a0 fe df 
02d580  a0 fe df a0 fe df a0 fe df a0 fe df a0 fe df a0 
02d590  fe df a0 fe df a0 fe df a0 fe df a0 fe df a0 fe 
02d5a0  df a0 fe df a0 fe df a0 fe df a0 fe df a0 fe df 
02d5b0  a0 fe df a0 fe df a0 fe df a0 fe df a0 fe df a0 
02d5c0  fe df a0 fe df a0 fe df a0 fe df a0 fe df a0 fe 
02d5d0  df a0 fe df a0 fe df a0 fe df a0 fe df a0 fe df 
02d5e0  a0 fe df a0 fe df a0 fe df a0 fe df a0 fe df a0 
02d5f0  fe df a0 fe df a0 fe df a0 fe df a0 fe df a0 fe 
02d600  df a0 fe df a0 fe df a0 fe df a0 fe df a0 fe df 
02d610  a0 fe df a0 fe df a0 fe df a0 fe df a0 fe df a0 
02d620  fe df a0 fe df a0 fe df a0 fe df a0 fe df a0 fe 
02d630  df a0 fe df a0 fe df a0 fe df a0 fe df a0 fe df 
02d640  a0 fe df a0 fe df a0 fe df a0 fe df a0 fe df a0 
02d650  fe df a0 fe df a0 fe df a0 fe df a0 fe df a0 fe 
02d660  df a0 fe df a0 fe df a0 fe df a0 fe df a0 fe df 
02d670  a0 fe df a0 fe df a0 fe df a0 fe df a0 fe df a0 
02d680  fe df a0 fe df a0 fe df a0 fe df a0 fe df a0 fe 
02d690  df a0 fe df a0 fe df a0 fe df a0 fe df a0 fe df 
02d6a0  a0 fe df a0 fe df a0 fe df a0 fe df a0 fe df a0 
02d6b0  fe df a0 fe df a0 fe df a0 fe df a0 fe df a0 fe 
02d6c0  df a0 fe df a0 fe df a0 fe df a0 fe df a0 fe df 
02d6d0  a0 fe df a0 fe df a0 fe df a0 fe df a0 fe df a0 
02d6e0  fe df a0 fe df a0 fe df a0 fe df a0 fe df a0 fe 
02d6f0  df a0 fe df a0 fe df a0 fe df a0 fe df a0 fe df 
02d700  a0 fe df a0 fe df a0 fe df a0 fe df a0 fe df a0 
02d710  fe df a0 fe df a0 fe df a0 fe df a0 fe df a0 fe 
02d720  df a0 fe df a0 fe df a0 fe df a0 fe df a0 fe df 
02d730  a0 fe df a0 fe df a0 fe df a0 fe df a0 fe df a0 
02d740  fe df a0 fe df a0 fe df a0 fe df a0 fe df a0 fe 
02d750  df a0 fe df a0 fe df a0 fe df a0 fe df a0 fe df 
02d760  a0 fe df a0 fe df a0 fe df a0 fe df a0 fe df a0 
02d770  fe df a0 fe df a0 fe df a0 fe df a0 fe df a0 fe 
02d780  df a0 fe df a0 fe df a0 fe df a0 fe df a0 fe df 
02d790  a0 fe df a0 fe df a0 fe df a0 fe df a0 fe df a0 
02d7a0  fe df a0 fe df a0 fe df a0 fe df a0 fe df a0 fe 
02d7b0  df a0 fe df a0 fe df a0 fe df a0 fe df a0 fe df 
02d7c0  a0 fe df a0 fe df a0 fe df a0 fe df a0 fe df a0 
02d7d0  fe df a0 fe df a0 fe df a0 fe df a0 fe df a0 fe 
02d7e0  df a0 fe df a0 fe df a0 fe df a0 fe df a0 fe df 
02d7f0  a0 fe df a0 fe df a0 fe df a0 fe df a0 fe df a0 
02d800  fe df a0 fe df a0 fe df a0 fe df a0 fe df a0 fe 
02d810  df a0 fe df a0 fe df a0 fe df a0 fe df a0 fe df 
02d820  a0 fe df a0 fe df a0 fe df a0 fe df a0 fe df a0 
02d830  fe df a0 fe df a0 fe df a0 fe df a0 fe df a0 fe 
02d840  df a0 fe df a0 fe df a0 fe df a0 fe df a0 fe df 
02d850  a0 fe df a0 fe df a0 fe df a0 fe df a0 fe df a0 
02d860  fe df a0 fe df a0 fe df a0 fe df a0 fe df a0 fe 
02d870  df a0 fe df a0 fe df a0 fe df a0 fe df a0 fe df 
02d880  a0 fe df a0 fe df a0 fe df a0 fe df a0 fe df a0 
02d890  fe df a0 fe df a0 fe df a0 fe df a0 fe df a0 fe 
02d8a0  df a0 fe df a0 fe df a0 fe df a0 fe df a0 fe df 
02d8b0  a0 fe df a0 fe df a0 fe df a0 fe df a0 fe df a0 
02d8c0  fe df a0 fe df a0 fe df a0 fe df a0 fe df a0 fe 
02d8d0  df a0 fe df a0 fe df a0 fe df a0 fe df a0 fe df 
02d8e0  a0 fe df a0 fe df a0 fe df a0 fe df a0 fe df a0 
02d8f0  fe df a0 fe df a0 fe df a0 fe df a0 fe df a0 fe 
02d900  df a0 fe df a0 fe df a0 fe df a0 fe df a0 fe df 
02d910  a0 fe df a0 fe df a0 fe df a0 fe df a0 fe df a0 
02d920  fe df a0 fe df a0 fe df a0 fe df a0 fe df a0 fe 
02d930  df a0 fe df a0 fe df a0 fe df a0 fe df a0 fe df 
02d940  a0 fe df a0 fe df a0 fe df a0 fe df a0 fe df a0 
02d950  fe df a0 fe df a0 fe df a0 fe df a0 fe df a0 fe 
02d960  df a0 fe df a0 fe df a0 fe df a0 fe df a0 fe df 
02d970  a0 fe df a0 fe df a0 fe df a0 fe df a0 fe df a0 
02d980  fe df a0 fe df a0 fe df a0 fe df a0 fe df a0 fe 
02d990  df a0 fe df a0 fe df a0 fe df a0 fe df a0 fe df 
02d9a0  a0 fe df a0 fe df a0 fe df a0 fe df a0 fe df a0 
02d9b0  fe df a0 fe df a0 fe df a0 fe df a0 fe df a0 fe 
02d9c0  df a0 fe df a0 fe df a0 fe df a0 fe df a0 fe df 
02d9d0  a0 fe df a0 fe df a0 fe df a0 fe df a0 fe df a0 
02d9e0  fe df a0 fe df a0 fe df a0 fe df a0 fe df a0 fe 
02d9f0  df a0 fe df a0 fe df a0 fe df a0 fe df a0 fe df 
02da00  a0 fe df a0 fe df a0 fe df a0 fe df a0 fe df a0 
02da10  fe df a0 fe df a0 fe df a0 fe df a0 fe df a0 fe 
02da20  df a0 fe df a0 fe df a0 fe df a0 fe df a0 fe df 
02da30  a0 fe df a0 fe df a0 fe df a0 fe df a0 fe df a0 
02da40  fe df a0 fe df a0 fe df a0 fe df a0 fe df a0 fe 
02da50  df a0 fe df a0 fe df a0 fe df a0 fe df a0 fe df 
02da60  a0 fe df a0 fe df a0 fe df a0 fe df a0 fe df a0 
02da70  fe df a0 fe df a0 fe df a0 fe df a0 fe df a0 fe 
02da80  df a0 fe df a0 fe df a0 fe df a0 fe df a0 fe df 
02da90  a0 fe df a0 fe df a0 fe df a0 fe df a0 fe df a0 
02daa0  fe df a0 fe df a0 fe df a0 fe df a0 fe df a0 fe 
02dab0  df a0 fe df a0 fe df a0 fe df a0 fe df a0 fe df 
02dac0  a0 fe df a0 fe df a0 fe df a0 fe df a0 fe df a0 
02dad0  fe df a0 fe df a0 fe df a0 fe df a0 fe df a0 fe 
02dae0  df a0 fe df a0 fe df a0 fe df a0 fe df a0 fe df 
02daf0  a0 fe df a0 fe df a0 fe df a0 fe df a0 fe df a0 
02db00  fe df a0 fe df a0 fe df a0 fe df a0 fe df a0 fe 
02db10  df a0 fe df a0 fe df a0 fe df a0 fe df a0 fe df 
02db20  a0 fe df a0 fe df a0 fe df a0 fe df a0 fe df a0 
02db30  fe df a0 fe df a0 fe df a0 fe df a0 fe df a0 fe 
02db40  df a0 fe df a0 fe df a0 fe df a0 fe df a0 fe df 
02db50  a0 fe df a0 fe df a0 fe df a0 fe df a0 fe df a0 
02db60  fe df a0 fe df a0 fe df a0 fe df a0 fe df a0 fe 
02db70  df a0 fe df a0 fe df a0 fe df a0 fe df a0 fe df 
02db80  a0 fe df a0 fe df a0 fe df a0 fe df a0 fe df a0 
02db90  fe df a0 fe df a0 fe df a0 fe df a0 fe df a0 fe 
02dba0  df a0 fe df a0 fe df a0 fe df a0 fe df a0 fe df 
02dbb0  a0 fe df a0 fe df a0 fe df a0 fe df a0 fe df a0 
02dbc0  fe df a0 fe df a0 fe df a0 fe df a0 fe df a0 fe 
02dbd0  df a0 fe df a0 fe df a0 fe df a0 fe df a0 fe df 
02dbe0  a0 fe df a0 fe df a0 fe df a0 fe df a0 fe df a0 
02dbf0  fe df a0 fe df a0 fe df a0 fe df a0 fe df a0 fe 
02dc00  df a0 fe df a0 fe df a0 fe df a0 fe df a0 fe df 
02dc10  a0 fe df a0 fe df a0 fe df a0 fe df a0 fe df a0 
02dc20  fe df a0 fe df a0 fe df a0 fe df a0 fe df a0 fe 
02dc30  df a0 fe df a0 fe df a0 fe df a0 fe df a0 fe df 
02dc40  a0 fe df a0 fe df a0 fe df a0 fe df a0 fe df a0 
02dc50  fe df a0 fe df a0 fe df a0 fe df a0 fe df a0 fe 
02dc60  df a0 fe df a0 fe df a0 fe df a0 fe df a0 fe df 
02dc70  a0 fe df a0 fe df a0 fe df a0 fe df a0 fe df a0 
02dc80  fe df a0 fe df a0 fe df a0 fe df a0 fe df a0 fe 
02dc90  df a0 fe df a0 fe df a0 fe df a0 fe df a0 fe df 
02dca0  a0 fe df a0 fe df a0 fe df a0 fe df a0 fe df a0 
02dcb0  fe df a0 fe df a0 fe df a0 fe df a0 fe df a0 fe 
02dcc0  df a0 fe df a0 fe df a0 fe df a0 fe df a0 fe df 
02dcd0  a0 fe df a0 fe df a0 fe df a0 fe df a0 fe df a0 
02dce0  fe df a0 fe df a0 fe df a0 fe df a0 fe df a0 fe 
02dcf0  df a0 fe df a0 fe df a0 fe df a0 fe df a0 fe df 
02dd00  a0 fe df a0 fe df a0 fe df a0 fe df a0 fe df a0 
02dd10  fe df a0 fe df a0 fe df a0 fe df a0 fe df a0 fe 
02dd20  df a0 fe df a0 fe df a0 fe df a0 fe df a0 fe df 
02dd30  a0 fe df a0 fe df a0 fe df a0 fe df a0 fe df a0 
02dd40  fe df a0 fe df a0 fe df a0 fe df a0 fe df a0 fe 
02dd50  df a0 fe df a0 fe df a0 fe df a0 fe df a0 fe df 
02dd60  a0 fe df a0 fe df a0 fe df a0 fe df a0 fe df a0 
02dd70  fe df a0 fe df a0 fe df a0 fe df a0 fe df a0 fe 
02dd80  df a0 fe df a0 fe df a0 fe df a0 fe df a0 fe df 
02dd90  a0 fe df a0 fe df a0 fe df a0 fe df a0 fe df a0 
02dda0  fe df a0 fe df a0 fe df a0 fe df a0 fe df a0 fe 
02ddb0  df a0 fe df a0 fe df a0 fe df a0 fe df a0 fe df 
02ddc0  a0 fe df a0 fe df a0 fe df a0 fe df a0 fe df a0 
02ddd0  fe df a0 fe df a0 fe df a0 fe df a0 fe df a0 fe 
02dde0  df a0 fe df a0 fe df a0 fe df a0 fe df a0 fe df 
02ddf0  a0 fe df a0 fe df a0 fe df a0 fe df a0 fe df a0 
02de00  fe df a0 fe df a0 fe df a0 fe df a0 fe df a0 fe 
02de10  df a0 fe df a0 fe df a0 fe df a0 fe df a0 fe df 
02de20  a0 fe df a0 fe df a0 fe df a0 fe df a0 fe df a0 
02de30  fe df a0 fe df a0 fe df a0 fe df a0 fe df a0 fe 
02de40  df a0 fe df a0 fe df a0 fe df a0 fe df a0 fe df 
02de50  a0 fe df a0 fe df a0 fe df a0 fe df a0 fe df a0 
02de60  fe df a0 fe df a0 fe df a0 fe df a0 fe df a0 fe 
02de70  df a0 fe df a0 fe df a0 fe df a0 fe df a0 fe df 
02de80  a0 fe df a0 fe df a0 fe df a0 fe df a0 fe df a0 
02de90  fe df a0 fe df a0 fe df a0 fe df a0 fe df a0 fe 
02dea0  df a0 fe df a0 fe df a0 fe df a0 fe df a0 fe df 
02deb0  a0 fe df a0 fe df a0 fe df a0 fe df a0 fe df a0 
02dec0  fe df a0 fe df a0 fe df a0 fe df a0 fe df a0 fe 
02ded0  df a0 fe df a0 fe df a0 fe df a0 fe df a0 fe df 
02dee0  a0 fe df a0 fe df a0 fe df a0 fe df a0 fe df a0 
02def0  fe df a0 fe df a0 fe df a0 fe df a0 fe df a0 fe 
02df00  df a0 fe df a0 fe df a0 fe df a0 fe df a0 fe df 
02df10  a0 fe df a0 fe df a0 fe df a0 fe df a0 fe df a0 
02df20  fe df a0 fe df a0 fe df a0 fe df a0 fe df a0 fe 
02df30  df a0 fe df a0 fe df a0 fe df a0 fe df a0 fe df 
02df40  a0 fe df a0 fe df a0 fe df a0 fe df a0 fe df a0 
02df50  fe df a0 fe df a0 fe df a0 fe df a0 fe df a0 fe 
02df60  df a0 fe df a0 fe df a0 fe df a0 fe df a0 fe df 
02df70  a0 fe df a0 fe df a0 fe df a0 fe df a0 fe df a0 
02df80  fe df a0 fe df a0 fe df a0 fe df a0 fe df a0 fe 
02df90  df a0 fe df a0 fe df a0 fe df a0 fe df a0 fe df 
02dfa0  a0 fe df a0 fe df a0 fe df a0 fe df a0 fe df a0 
02dfb0  fe df a0 fe df a0 fe df a0 fe df a0 fe df a0 fe 
02dfc0  df a0 fe df a0 fe df a0 fe df a0 fe df a0 fe df 
02dfd0  a0 fe df a0 fe df a0 fe df a0 fe df a0 fe df a0 
02dfe0  fe df a0 fe df a0 fe df a0 fe df a0 fe df a0 fe 
02dff0  df a0 fe df a0 fe df a0 fe df a0 fe df a0 fe df 
02e000  a0 fe df a0 fe df a0 fe df a0 fe df a0 fe df a0 
02e010  fe df a0 fe df a0 fe df a0 fe df a0 fe df a0 fe 
02e020  df a0 fe df a0 fe df a0 fe df a0 fe df a0 fe df 
02e030  a0 fe df a0 fe df a0 fe df a0 fe df a0 fe df a0 
02e040  fe df a0 fe df a0 fe df a0 fe df a0 fe df a0 fe 
02e050  df a0 fe df a0 fe df a0 fe df a0 fe df a0 fe df 
02e060  a0 fe df a0 fe df a0 fe df a0 fe df a0 fe df a0 
02e070  fe df a0 fe df a0 fe df a0 fe df a0 fe df a0 fe 
02e080  df a0 fe df a0 fe df a0 fe df a0 fe df a0 fe df 
02e090  a0 fe df a0 fe df a0 fe df a0 fe df a0 fe df a0 
02e0a0  fe df a0 fe df a0 fe df a0 fe df a0 fe df a0 fe 
02e0b0  df a0 fe df a0 fe df a0 fe df a0 fe df a0 fe df 
02e0c0  a0 fe df a0 fe df a0 fe df a0 fe df a0 fe df a0 
02e0d0  fe df a0 fe df a0 fe df a0 fe df a0 fe df a0 fe 
02e0e0  df a0 fe df a0 fe df a0 fe df a0 fe df a0 fe df 
02e0f0  a0 fe df a0 fe df a0 fe df a0 fe df a0 fe df a0 
02e100  fe df a0 fe df a0 fe df a0 fe df a0 fe df a0 fe 
02e110  df a0 fe df a0 fe df a0 fe df a0 fe df a0 fe df 
02e120  a0 fe df a0 fe df a0 fe df a0 fe df a0 fe df a0 
02e130  fe df a0 fe df a0 fe df a0 fe df a0 fe df a0 fe 
02e140  df a0 fe df a0 fe df a0 fe df a0 fe df a0 fe df 
02e150  a0 fe df a0 fe df a0 fe df a0 fe df a0 fe df a0 
02e160  fe df a0 fe df a0 fe df a0 fe df a0 fe df a0 fe 
02e170  df a0 fe df a0 fe df a0 fe df a0 fe df a0 fe df 
02e180  a0 fe df a0 fe df a0 fe df a0 fe df a0 fe df a0 
02e190  fe df a0 fe df a0 fe df a0 fe df a0 fe df a0 fe 
02e1a0  df a0 fe df a0 fe df a0 fe df a0 fe df a0 fe df 
02e1b0  a0 fe df a0 fe df a0 fe df a0 fe df a0 fe df a0 
02e1c0  fe df a0 fe df a0 fe df a0 fe df a0 fe df a0 fe 
02e1d0  df a0 fe df a0 fe df a0 fe df a0 fe df a0 fe df 
02e1e0  a0 fe df a0 fe df a0 fe df a0 fe df a0 fe df a0 
02e1f0  fe df a0 fe df a0 fe df a0 fe df a0 fe df a0 fe 
02e200  df a0 fe df a0 fe df a0 fe df a0 fe df a0 fe df 
02e210  a0 fe df a0 fe df a0 fe df a0 fe df a0 fe df a0 
02e220  fe df a0 fe df a0 fe df a0 fe df a0 fe df a0 fe 
02e230  df a0 fe df a0 fe df a0 fe df a0 fe df a0 fe df 
02e240  a0 fe df a0 fe df a0 fe df a0 fe df a0 fe df a0 
02e250  fe df a0 fe df a0 fe df a0 fe df a0 fe df a0 fe 
02e260  df a0 fe df a0 fe df a0 fe df a0 fe df a0 fe df 
02e270  a0 fe df a0 fe df a0 fe df a0 fe df a0 fe df a0 
02e280  fe df a0 fe df a0 fe df a0 fe df a0 fe df a0 fe 
02e290  df a0 fe df a0 fe df a0 fe df a0 fe df a0 fe df 
02e2a0  a0 fe df a0 fe df a0 fe df a0 fe df a0 fe df a0 
02e2b0  fe df a0 fe df a0 fe df a0 fe df a0 fe df a0 fe 
02e2c0  df a0 fe df a0 fe df a0 fe df a0 fe df a0 fe df 
02e2d0  a0 fe df a0 fe df a0 fe df a0 fe df a0 fe df a0 
02e2e0  fe df a0 fe df a0 fe df a0 fe df a0 fe df a0 fe 
02e2f0  df a0 fe df a0 fe df a0 fe df a0 fe df a0 fe df 
02e300  a0 fe df a0 fe df a0 fe df a0 fe df a0 fe df a0 
02e310  fe df a0 fe df a0 fe df a0 fe df a0 fe df a0 fe 
02e320  df a0 fe df a0 fe df a0 fe df a0 fe df a0 fe df 
02e330  a0 fe df a0 fe df a0 fe df a0 fe df a0 fe df a0 
02e340  fe df a0 fe df a0 fe df a0 fe df a0 fe df a0 fe 
02e350  df a0 fe df a0 fe df a0 fe df a0 fe df a0 fe df 
02e360  a0 fe df a0 fe df a0 fe df a0 fe df a0 fe df a0 
02e370  fe df a0 fe df a0 fe df a0 fe df a0 fe df a0 fe 
02e380  df a0 fe df a0 fe df a0 fe df a0 fe df a0 fe df 
02e390  a0 fe df a0 fe df a0 fe df a0 fe df a0 fe df a0 
02e3a0  fe df a0 fe df a0 fe df a0 fe df a0 fe df a0 fe 
02e3b0  df a0 fe df a0 fe df a0 fe df a0 fe df a0 fe df 
02e3c0  a0 fe df a0 fe df a0 fe df a0 fe df a0 fe df a0 
02e3d0  fe df a0 fe df a0 fe df a0 fe df a0 fe df a0 fe 
02e3e0  df a0 fe df a0 fe df a0 fe df a0 fe df a0 fe df 
02e3f0  a0 fe df a0 fe df a0 fe df a0 fe df a0 fe df a0 
02e400  fe df a0 fe df a0 fe df a0 fe df a0 fe df a0 fe 
02e410  df a0 fe df a0 fe df a0 fe df a0 fe df a0 fe df 
02e420  a0 fe df a0 fe df a0 fe df a0 fe df a0 fe df a0 
02e430  fe df a0 fe df a0 fe df a0 fe df a0 fe df a0 fe 
02e440  df a0 fe df a0 fe df a0 fe df a0 fe df a0 fe df 
02e450  a0 fe df a0 fe df a0 fe df a0 fe df a0 fe df a0 
02e460  fe df a0 fe df a0 fe df a0 fe df a0 fe df a0 fe 
02e470  df a0 fe df a0 fe df a0 fe df a0 fe df a0 fe df 
02e480  a0 fe df a0 fe df a0 fe df a0 fe df a0 fe df a0 
02e490  fe df a0 fe df a0 fe df a0 fe df a0 fe df a0 fe 
02e4a0  df a0 fe df a0 fe df a0 fe df a0 fe df a0 fe df 
02e4b0  a0 fe df a0 fe df a0 fe df a0 fe df a0 fe df a0 
02e4c0  fe df a0 fe df a0 fe df a0 fe df a0 fe df a0 fe 
02e4d0  df a0 fe df a0 fe df a0 fe df a0 fe df a0 fe df 
02e4e0  a0 fe df a0 fe df a0 fe df a0 fe df a0 fe df a0 
02e4f0  fe df a0 fe df a0 fe df a0 fe df a0 fe df a0 fe 
02e500  df a0 fe df a0 fe df a0 fe df a0 fe df a0 fe df 
02e510  a0 fe df a0 fe df a0 fe df a0 fe df a0 fe df a0 
02e520  fe df a0 fe df a0 fe df a0 fe df a0 fe df a0 fe 
02e530  df a0 fe df a0 fe df a0 fe df a0 fe df a0 fe df 
02e540  a0 fe df a0 fe df a0 fe df a0 fe df a0 fe df a0 
02e550  fe df a0 fe df a0 fe df a0 fe df a0 fe df a0 fe 
02e560  df a0 fe df a0 fe df a0 fe df a0 fe df a0 fe df 
02e570  a0 fe df a0 fe df a0 fe df a0 fe df a0 fe df a0 
02e580  fe df a0 fe df a0 fe df a0 fe df a0 fe df a0 fe 
02e590  df a0 fe df a0 fe df a0 fe df a0 fe df a0 fe df 
02e5a0  a0 fe df a0 fe df a0 fe df a0 fe df a0 fe df a0 
02e5b0  fe df a0 fe df a0 fe df a0 fe df a0 fe df a0 fe 
02e5c0  df a0 fe df a0 fe df a0 fe df a0 fe df a0 fe df 
02e5d0  a0 fe df a0 fe df a0 fe df a0 fe df a0 fe df a0 
02e5e0  fe df a0 fe df a0 fe df a0 fe df a0 fe df a0 fe 
02e5f0  df a0 fe df a0 fe df a0 fe df a0 fe df a0 fe df 
02e600  a0 fe df a0 fe df a0 fe df a0 fe df a0 fe df a0 
02e610  fe df a0 fe df a0 fe df a0 fe df a0 fe df a0 fe 
02e620  df a0 fe df a0 fe df a0 fe df a0 fe df a0 fe df 
02e630  a0 fe df a0 fe df a0 fe df a0 fe df a0 fe df a0 
02e640  fe df a0 fe df a0 fe df a0 fe df a0 fe df a0 fe 
02e650  df a0 fe df a0 fe df a0 fe df a0 fe df a0 fe df 
02e660  a0 fe df a0 fe df a0 fe df a0 fe df a0 fe df a0 
02e670  fe df a0 fe df a0 fe df a0 fe df a0 fe df a0 fe 
02e680  df a0 fe df a0 fe df a0 fe df a0 fe df a0 fe df 
02e690  a0 fe df a0 fe df a0 fe df a0 fe df a0 fe df a0 
02e6a0  fe df a0 fe df a0 fe df a0 fe df a0 fe df a0 fe 
02e6b0  df a0 fe df a0 fe df a0 fe df a0 fe df a0 fe df 
02e6c0  a0 fe df a0 fe df a0 fe df a0 fe df a0 fe df a0 
02e6d0  fe df a0 fe df a0 fe df a0 fe df a0 fe df a0 fe 
02e6e0  df a0 fe df a0 fe df a0 fe df a0 fe df a0 fe df 
02e6f0  a0 fe df a0 fe df a0 fe df a0 fe df a0 fe df a0 
02e700  fe df a0 fe df a0 fe df a0 fe df a0 fe df a0 fe 
02e710  df a0 fe df a0 fe df a0 fe df a0 fe df a0 fe df 
02e720  a0 fe df a0 fe df a0 fe df a0 fe df a0 fe df a0 
02e730  fe df a0 fe df a0 fe df a0 fe df a0 fe df a0 fe 
02e740  df a0 fe df a0 fe df a0 fe df a0 fe df a0 fe df 
02e750  a0 fe df a0 fe df a0 fe df a0 fe df a0 fe df a0 
02e760  fe df a0 fe df a0 fe df a0 fe df a0 fe df a0 fe 
02e770  df a0 fe df a0 fe df a0 fe df a0 fe df a0 fe df 
02e780  a0 fe df a0 fe df a0 fe df a0 fe df a0 fe df a0 
02e790  fe df a0 fe df a0 fe df a0 fe df a0 fe df a0 fe 
02e7a0  df a0 fe df a0 fe df a0 fe df a0 fe df a0 fe df 
02e7b0  a0 fe df a0 fe df a0 fe df a0 fe df a0 fe df a0 
02e7c0  fe df a0 fe df a0 fe df a0 fe df a0 fe df a0 fe 
02e7d0  df a0 fe df a0 fe df a0 fe df a0 fe df a0 fe df 
02e7e0  a0 fe df a0 fe df a0 fe df a0 fe df a0 fe df a0 
02e7f0  fe df a0 fe df a0 fe df a0 fe df a0 fe df a0 fe 
02e800  df a0 fe df a0 fe df a0 fe df a0 fe df a0 fe df 
02e810  a0 fe df a0 fe df a0 fe df a0 fe df a0 fe df a0 
02e820  fe df a0 fe df a0 fe df a0 fe df a0 fe df a0 fe 
02e830  df a0 fe df a0 fe df a0 fe df a0 fe df a0 fe df 
02e840  a0 fe df a0 fe df a0 fe df a0 fe df a0 fe df a0 
02e850  fe df a0 fe df a0 fe df a0 fe df a0 fe df a0 fe 
02e860  df a0 fe df a0 fe df a0 fe df a0 fe df a0 fe df 
02e870  a0 fe df a0 fe df a0 fe df a0 fe df a0 fe df a0 
02e880  fe df a0 fe df a0 fe df a0 fe df a0 fe df a0 fe 
02e890  df a0 fe df a0 fe df a0 fe df a0 fe df a0 fe df 
02e8a0  a0 fe df a0 fe df a0 fe df a0 fe df a0 fe df a0 
02e8b0  fe df a0 fe df a0 fe df a0 fe df a0 fe df a0 fe 
02e8c0  df a0 fe df a0 fe df a0 fe df a0 fe df a0 fe df 
02e8d0  a0 fe df a0 fe df a0 fe df a0 fe df a0 fe df a0 
02e8e0  fe df a0 fe df a0 fe df a0 fe df a0 fe df a0 fe 
02e8f0  df a0 fe df a0 fe df a0 fe df a0 fe df a0 fe df 
02e900  a0 fe df a0 fe df a0 fe df a0 fe df a0 fe df a0 
02e910  fe df a0 fe df a0 fe df a0 fe df a0 fe df a0 fe 
02e920  df a0 fe df a0 fe df a0 fe df a0 fe df a0 fe df 
02e930  a0 fe df a0 fe df a0 fe df a0 fe df a0 fe df a0 
02e940  fe df a0 fe df a0 fe df a0 fe df a0 fe df a0 fe 
02e950  df a0 fe df a0 fe df a0 fe df a0 fe df a0 fe df 
02e960  a0 fe df a0 fe df a0 fe df a0 fe df a0 fe df a0 
02e970  fe df a0 fe df a0 fe df a0 fe df a0 fe df a0 fe 
02e980  df a0 fe df a0 fe df a0 fe df a0 fe df a0 fe df 
02e990  a0 fe df a0 fe df a0 fe df a0 fe df a0 fe df a0 
02e9a0  fe df a0 fe df a0 fe df a0 fe df a0 fe df a0 fe 
02e9b0  df a0 fe df a0 fe df a0 fe df a0 fe df a0 fe df 
02e9c0  a0 fe df a0 fe df a0 fe df a0 fe df a0 fe df a0 
02e9d0  fe df a0 fe df a0 fe df a0 fe df a0 fe df a0 fe 
02e9e0  df a0 fe df a0 fe df a0 fe df a0 fe df a0 fe df 
02e9f0  a0 fe df a0 fe df a0 fe df a0 fe df a0 fe df a0 
02ea00  fe df a0 fe df a0 fe df a0 fe df a0 fe df a0 fe 
02ea10  df a0 fe df a0 fe df a0 fe df a0 fe df a0 fe df 
02ea20  a0 fe df a0 fe df a0 fe df a0 fe df a0 fe df a0 
02ea30  fe df a0 fe df a0 fe df a0 fe df a0 fe df a0 fe 
02ea40  df a0 fe df a0 fe df a0 fe df a0 fe df a0 fe df 
02ea50  a0 fe df a0 fe df a0 fe df a0 fe df a0 fe df a0 
02ea60  fe df a0 fe df a0 fe df a0 fe df a0 fe df a0 fe 
02ea70  df a0 fe df a0 fe df a0 fe df a0 fe df a0 fe df 
02ea80  a0 fe df a0 fe df a0 fe df a0 fe df a0 fe df a0 
02ea90  fe df a0 fe df a0 fe df a0 fe df a0 fe df a0 fe 
02eaa0  df a0 fe df a0 fe df a0 fe df a0 fe df a0 fe df 
02eab0  a0 fe df a0 fe df a0 fe df a0 fe df a0 fe df a0 
02eac0  fe df a0 fe df a0 fe df a0 fe df a0 fe df a0 fe 
02ead0  df a0 fe df a0 fe df a0 fe df a0 fe df a0 fe df 
02eae0  a0 fe df a0 fe df a0 fe df a0 fe df a0 fe df a0 
02eaf0  fe df a0 fe df a0 fe df a0 fe df a0 fe df a0 fe 
02eb00  df a0 fe df a0 fe df a0 fe df a0 fe df a0 fe df 
02eb10  a0 fe df a0 fe df a0 fe df a0 fe df a0 fe df a0 
02eb20  fe df a0 fe df a0 fe df a0 fe df a0 fe df a0 fe 
02eb30  df a0 fe df a0 fe df a0 fe df a0 fe df a0 fe df 
02eb40  a0 fe df a0 fe df a0 fe df a0 fe df a0 fe df a0 
02eb50  fe df a0 fe df a0 fe df a0 fe df a0 fe df a0 fe 
02eb60  df a0 fe df a0 fe df a0 fe df a0 fe df a0 fe df 
02eb70  a0 fe df a0 fe df a0 fe df a0 fe df a0 fe df a0 
02eb80  fe df a0 fe df a0 fe df a0 fe df a0 fe df a0 fe 
02eb90  df a0 fe df a0 fe df a0 fe df a0 fe df a0 fe df 
02eba0  a0 fe df a0 fe df a0 fe df a0 fe df a0 fe df a0 
02ebb0  fe df a0 fe df a0 fe df a0 fe df a0 fe df a0 fe 
02ebc0  df a0 fe df a0 fe df a0 fe df a0 fe df a0 fe df 
02ebd0  a0 fe df a0 fe df a0 fe df a0 fe df a0 fe df a0 
02ebe0  fe df a0 fe df a0 fe df a0 fe df a0 fe df a0 fe 
02ebf0  df a0 fe df a0 fe df a0 fe df a0 fe df a0 fe df 
02ec00  a0 fe df a0 fe df a0 fe df a0 fe df a0 fe df a0 
02ec10  fe df a0 fe df a0 fe df a0 fe df a0 fe df a0 fe 
02ec20  df a0 fe df a0 fe df a0 fe df a0 fe df a0 fe df 
02ec30  a0 fe df a0 fe df a0 fe df a0 fe df a0 fe df a0 
02ec40  fe df a0 fe df a0 fe df a0 fe df a0 fe df a0 fe 
02ec50  df a0 fe df a0 fe df a0 fe df a0 fe df a0 fe df 
02ec60  a0 fe df a0 fe df a0 fe df a0 fe df a0 fe df a0 
02ec70  fe df a0 fe df a0 fe df a0 fe df a0 fe df a0 fe 
02ec80  df a0 fe df a0 fe df a0 fe df a0 fe df a0 fe df 
02ec90  a0 fe df a0 fe df a0 fe df a0 fe df a0 fe df a0 
02eca0  fe df a0 fe df a0 fe df a0 fe df a0 fe df a0 fe 
02ecb0  df a0 fe df a0 fe df a0 fe df a0 fe df a0 fe df 
02ecc0  a0 fe df a0 fe df a0 fe df a0 fe df a0 fe df a0 
02ecd0  fe df a0 fe df a0 fe df a0 fe df a0 fe df a0 fe 
02ece0  df a0 fe df a0 fe df a0 fe df a0 fe df a0 fe df 
02ecf0  a0 fe df a0 fe df a0 fe df a0 fe df a0 fe df a0 
02ed00  fe df a0 fe df a0 fe df a0 fe df a0 fe df a0 fe 
02ed10  df a0 fe df a0 fe df a0 fe df a0 fe df a0 fe df 
02ed20  a0 fe df a0 fe df a0 fe df a0 fe df a0 fe df a0 
02ed30  fe df a0 fe df a0 fe df a0 fe df a0 fe df a0 fe 
02ed40  df a0 fe df a0 fe df a0 fe df a0 fe df a0 fe df 
02ed50  a0 fe df a0 fe df a0 fe df a0 fe df a0 fe df a0 
02ed60  fe df a0 fe df a0 fe df a0 fe df a0 fe df a0 fe 
02ed70  df a0 fe df a0 fe df a0 fe df a0 fe df a0 fe df 
02ed80  a0 fe df a0 fe df a0 fe df a0 fe df a0 fe df a0 
02ed90  fe df a0 fe df a0 fe df a0 fe df a0 fe df a0 fe 
02eda0  df a0 fe df a0 fe df a0 fe df a0 fe df a0 fe df 
02edb0  a0 fe df a0 fe df a0 fe df a0 fe df a0 fe df a0 
02edc0  fe df a0 fe df a0 fe df a0 fe df a0 fe df a0 fe 
02edd0  df a0 fe df a0 fe df a0 fe df a0 fe df a0 fe df 
02ede0  a0 fe df a0 fe df a0 fe df a0 fe df a0 fe df a0 
02edf0  fe df a0 fe df a0 fe df a0 fe df a0 fe df a0 fe 
02ee00  df a0 fe df a0 fe df a0 fe df a0 fe df a0 fe df 
02ee10  a0 fe df a0 fe df a0 fe df a0 fe df a0 fe df a0 
02ee20  fe df a0 fe df a0 fe df a0 fe df a0 fe df a0 fe 
02ee30  df a0 fe df a0 fe df a0 fe df a0 fe df a0 fe df 
02ee40  a0 fe df a0 fe df a0 fe df a0 fe df a0 fe df a0 
02ee50  fe df a0 fe df a0 fe df a0 fe df a0 fe df a0 fe 
02ee60  df a0 fe df a0 fe df a0 fe df a0 fe df a0 fe df 
02ee70  a0 fe df a0 fe df a0 fe df a0 fe df a0 fe df a0 
02ee80  fe df a0 fe df a0 fe df a0 fe df a0 fe df a0 fe 
02ee90  df a0 fe df a0 fe df a0 fe df a0 fe df a0 fe df 
02eea0  a0 fe df a0 fe df a0 fe df a0 fe df a0 fe df a0 
02eeb0  fe df a0 fe df a0 fe df a0 fe df a0 fe df a0 fe 
02eec0  df a0 fe df a0 fe df a0 fe df a0 fe df a0 fe df 
02eed0  a0 fe df a0 fe df a0 fe df a0 fe df a0 fe df a0 
02eee0  fe df a0 fe df a0 fe df a0 fe df a0 fe df a0 fe 
02eef0  df a0 fe df a0 fe df a0 fe df a0 fe df a0 fe df 
02ef00  a0 fe df a0 fe df a0 fe df a0 fe df a0 fe df a0 
02ef10  fe df a0 fe df a0 fe df a0 fe df a0 fe df a0 fe 
02ef20  df a0 fe df a0 fe df a0 fe df a0 fe df a0 fe df 
02ef30  a0 fe df a0 fe df a0 fe df a0 fe df a0 fe df a0 
02ef40  fe df a0 fe df a0 fe df a0 fe df a0 fe df a0 fe 
02ef50  df a0 fe df a0 fe df a0 fe df a0 fe df a0 fe df 
02ef60  a0 fe df a0 fe df a0 fe df a0 fe df a0 fe df a0 
02ef70  fe df a0 fe df a0 fe df a0 fe df a0 fe df a0 fe 
02ef80  df a0 fe df a0 fe df a0 fe df a0 fe df a0 fe df 
02ef90  a0 fe df a0 fe df a0 fe df a0 fe df a0 fe df a0 
02efa0  fe df a0 fe df a0 fe df a0 fe df a0 fe df a0 fe 
02efb0  df a0 fe df a0 fe df a0 fe df a0 fe df a0 fe df 
02efc0  a0 fe df a0 fe df a0 fe df a0 fe df a0 fe df a0 
02efd0  fe df a0 fe df a0 fe df a0 fe df a0 fe df a0 fe 
02efe0  df a0 fe df a0 fe df a0 fe df a0 fe df a0 fe df 
02eff0  a0 fe df a0 fe df a0 fe df a0 fe df a0 fe df a0 
02f000  fe df a0 fe df a0 fe df a0 fe df a0 fe df a0 fe 
02f010  df a0 fe df a0 fe df a0 fe df a0 fe df a0 fe df 
02f020  a0 fe df a0 fe df a0 fe df a0 fe df a0 fe df a0 
02f030  fe df a0 fe df a0 fe df a0 fe df a0 fe df a0 fe 
02f040  df a0 fe df a0 fe df a0 fe df a0 fe df a0 fe df 
02f050  a0 fe df a0 fe df a0 fe df a0 fe df a0 fe df a0 
02f060  fe df a0 fe df a0 fe df a0 fe df a0 fe df a0 fe 
02f070  df a0 fe df a0 fe df a0 fe df a0 fe df a0 fe df 
02f080  a0 fe df a0 fe df a0 fe df a0 fe df a0 fe df a0 
02f090  fe df a0 fe df a0 fe df a0 fe df a0 fe df a0 fe 
02f0a0  df a0 fe df a0 fe df a0 fe df a0 fe df a0 fe df 
02f0b0  a0 fe df a0 fe df a0 fe df a0 fe df a0 fe df a0 
02f0c0  fe df a0 fe df a0 fe df a0 fe df a0 fe df a0 fe 
02f0d0  df a0 fe df a0 fe df a0 fe df a0 fe df a0 fe df 
02f0e0  a0 fe df a0 fe df a0 fe df a0 fe df a0 fe df a0 
02f0f0  fe df a0 fe df a0 fe df a0 fe df a0 fe df a0 fe 
02f100  df a0 fe df a0 fe df a0 fe df a0 fe df a0 fe df 
02f110  a0 fe df a0 fe df a0 fe df a0 fe df a0 fe df a0 
02f120  fe df a0 fe df a0 fe df a0 fe df a0 fe df a0 fe 
02f130  df a0 fe df a0 fe df a0 fe df a0 fe df a0 fe df 
02f140  a0 fe df a0 fe df a0 fe df a0 fe df a0 fe df a0 
02f150  fe df a0 fe df a0 fe df a0 fe df a0 fe df a0 fe 
02f160  df a0 fe df a0 fe df a0 fe df a0 fe df a0 fe df 
02f170  a0 fe df a0 fe df a0 fe df a0 fe df a0 fe df a0 
02f180  fe df a0 fe df a0 fe df a0 fe df a0 fe df a0 fe 
02f190  df a0 fe df a0 fe df a0 fe df a0 fe df a0 fe df 
02f1a0  a0 fe df a0 fe df a0 fe df a0 fe df a0 fe df a0 
02f1b0  fe df a0 fe df a0 fe df a0 fe df a0 fe df a0 fe 
02f1c0  df a0 fe df a0 fe df a0 fe df a0 fe df a0 fe df 
02f1d0  a0 fe df a0 fe df a0 fe df a0 fe df a0 fe df a0 
02f1e0  fe df a0 fe df a0 fe df a0 fe df a0 fe df a0 fe 
02f1f0  df a0 fe df a0 fe df a0 fe df a0 fe df a0 fe df 
02f200  a0 fe df a0 fe df a0 fe df a0 fe df a0 fe df a0 
02f210  fe df a0 fe df a0 fe df a0 fe df a0 fe df a0 fe 
02f220  df a0 fe df a0 fe df a0 fe df a0 fe df a0 fe df 
02f230  a0 fe df a0 fe df a0 fe df a0 fe df a0 fe df a0 
02f240  fe df a0 fe df a0 fe df a0 fe df a0 fe df a0 fe 
02f250  df a0 fe df a0 fe df a0 fe df a0 fe df a0 fe df 
02f260  a0 fe df a0 fe df a0 fe df a0 fe df a0 fe df a0 
02f270  fe df a0 fe df a0 fe df a0 fe df a0 fe df a0 fe 
02f280  df a0 fe df a0 fe df a0 fe df a0 fe df a0 fe df 
02f290  a0 fe df a0 fe df a0 fe df a0 fe df a0 fe df a0 
02f2a0  fe df a0 fe df a0 fe df a0 fe df a0 fe df a0 fe 
02f2b0  df a0 fe df a0 fe df a0 fe df a0 fe df a0 fe df 
02f2c0  a0 fe df a0 fe df a0 fe df a0 fe df a0 fe df a0 
02f2d0  fe df a0 fe df a0 fe df a0 fe df a0 fe df a0 fe 
02f2e0  df a0 fe df a0 fe df a0 fe df a0 fe df a0 fe df 
02f2f0  a0 fe df a0 fe df a0 fe df a0 fe df a0 fe df a0 
02f300  fe df a0 fe df a0 fe df a0 fe df a0 fe df a0 fe 
02f310  df a0 fe df a0 fe df a0 fe df a0 fe df a0 fe df 
02f320  a0 fe df a0 fe df a0 fe df a0 fe df a0 fe df a0 
02f330  fe df a0 fe df a0 fe df a0 fe df a0 fe df a0 fe 
02f340  df a0 fe df a0 fe df a0 fe df a0 fe df a0 fe df 
02f350  a0 fe df a0 fe df a0 fe df a0 fe df a0 fe df a0 
02f360  fe df a0 fe df a0 fe df a0 fe df a0 fe df a0 fe 
02f370  df a0 fe df a0 fe df a0 fe df a0 fe df a0 fe df 
02f380  a0 fe df a0 fe df a0 fe df a0 fe df a0 fe df a0 
02f390  fe df a0 fe df a0 fe df a0 fe df a0 fe df a0 fe 
02f3a0  df a0 fe df a0 fe df a0 fe df a0 fe df a0 fe df 
02f3b0  a0 fe df a0 fe df a0 fe df a0 fe df a0 fe df a0 
02f3c0  fe df a0 fe df a0 fe df a0 fe df a0 fe df a0 fe 
02f3d0  df a0 fe df a0 fe df a0 fe df a0 fe df a0 fe df 
02f3e0  a0 fe df a0 fe df a0 fe df a0 fe df a0 fe df a0 
02f3f0  fe df a0 fe df a0 fe df a0 fe df a0 fe df a0 fe 
02f400  df a0 fe df a0 fe df a0 fe df a0 fe df a0 fe df 
02f410  a0 fe df a0 fe df a0 fe df a0 fe df a0 fe df a0 
02f420  fe df a0 fe df a0 fe df a0 fe df a0 fe df a0 fe 
02f430  df a0 fe df a0 fe df a0 fe df a0 fe df a0 fe df 
02f440  a0 fe df a0 fe df a0 fe df a0 fe df a0 fe df a0 
02f450  fe df a0 fe df a0 fe df a0 fe df a0 fe df a0 fe 
02f460  df a0 fe df a0 fe df a0 fe df a0 fe df a0 fe df 
02f470  a0 fe df a0 fe df a0 fe df a0 fe df a0 fe df a0 
02f480  fe df a0 fe df a0 fe df a0 fe df a0 fe df a0 fe 
02f490  df a0 fe df a0 fe df a0 fe df a0 fe df a0 fe df 
02f4a0  a0 fe df a0 fe df a0 fe df a0 fe df a0 fe df a0 
02f4b0  fe df a0 fe df a0 fe df a0 fe df a0 fe df a0 fe 
02f4c0  df a0 fe df a0 fe df a0 fe df a0 fe df a0 fe df 
02f4d0  a0 fe df a0 fe df a0 fe df a0 fe df a0 fe df a0 
02f4e0  fe df a0 fe df a0 fe df a0 fe df a0 fe df a0 fe 
02f4f0  df a0 fe df a0 fe df a0 fe df a0 fe df a0 fe df 
02f500  a0 fe df a0 fe df a0 fe df a0 fe df a0 fe df a0 
02f510  fe df a0 fe df a0 fe df a0 fe df a0 fe df a0 fe 
02f520  df a0 fe df a0 fe df a0 fe df a0 fe df a0 fe df 
02f530  a0 fe df a0 fe df a0 fe df a0 fe df a0 fe df a0 
02f540  fe df a0 fe df a0 fe df a0 fe df a0 fe df a0 fe 
02f550  df a0 fe df a0 fe df a0 fe df a0 fe df a0 fe df 
02f560  a0 fe df a0 fe df a0 fe df a0 fe df a0 fe df a0 
02f570  fe df a0 fe df a0 fe df a0 fe df a0 fe df a0 fe 
02f580  df a0 fe df a0 fe df a0 fe df a0 fe df a0 fe df 
02f590  a0 fe df a0 fe df a0 fe df a0 fe df a0 fe df a0 
02f5a0  fe df a0 fe df a0 fe df a0 fe df a0 fe df a0 fe 
02f5b0  df a0 fe df a0 fe df a0 fe df a0 fe df a0 fe df 
02f5c0  a0 fe df a0 fe df a0 fe df a0 fe df a0 fe df a0 
02f5d0  fe df a0 fe df a0 fe df a0 fe df a0 fe df a0 fe 
02f5e0  df a0 fe df a0 fe df a0 fe df a0 fe df a0 fe df 
02f5f0  a0 fe df a0 fe df a0 fe df a0 fe df a0 fe df a0 
02f600  fe df a0 fe df a0 fe df a0 fe df a0 fe df a0 fe 
02f610  df a0 fe df a0 fe df a0 fe df a0 fe df a0 fe df 
02f620  a0 fe df a0 fe df a0 fe df a0 fe df a0 fe df a0 
02f630  fe df a0 fe df a0 fe df a0 fe df a0 fe df a0 fe 
02f640  df a0 fe df a0 fe df a0 fe df a0 fe df a0 fe df 
02f650  a0 fe df a0 fe df a0 fe df a0 fe df a0 fe df a0 
02f660  fe df a0 fe df a0 fe df a0 fe df a0 fe df a0 fe 
02f670  df a0 fe df a0 fe df a0 fe df a0 fe df a0 fe df 
02f680  a0 fe df a0 fe df a0 fe df a0 fe df a0 fe df a0 
02f690  fe df a0 fe df a0 fe df a0 fe df a0 fe df a0 fe 
02f6a0  df a0 fe df a0 fe df a0 fe df a0 fe df a0 fe df 
02f6b0  a0 fe df a0 fe df a0 fe df a0 fe df a0 fe df a0 
02f6c0  fe df a0 fe df a0 fe df a0 fe df a0 fe df a0 fe 
02f6d0  df a0 fe df a0 fe df a0 fe df a0 fe df a0 fe df 
02f6e0  a0 fe df a0 fe df a0 fe df a0 fe df a0 fe df a0 
02f6f0  fe df a0 fe df a0 fe df a0 fe df a0 fe df a0 fe 
02f700  df a0 fe df a0 fe df a0 fe df a0 fe df a0 fe df 
02f710  a0 fe df a0 fe df a0 fe df a0 fe df a0 fe df a0 
02f720  fe df a0 fe df a0 fe df a0 fe df a0 fe df a0 fe 
02f730  df a0 fe df a0 fe df a0 fe df a0 fe df a0 fe df 
02f740  a0 fe df a0 fe df a0 fe df a0 fe df a0 fe df a0 
02f750  fe df a0 fe df a0 fe df a0 fe df a0 fe df a0 fe 
02f760  df a0 fe df a0 fe df a0 fe df a0 fe df a0 fe df 
02f770  a0 fe df a0 fe df a0 fe df a0 fe df a0 fe df a0 
02f780  fe df a0 fe df a0 fe df a0 fe df a0 fe df a0 fe 
02f790  df a0 fe df a0 fe df a0 fe df a0 fe df a0 fe df 
02f7a0  a0 fe df a0 fe df a0 fe df a0 fe df a0 fe df a0 
02f7b0  fe df a0 fe df a0 fe df a0 fe df a0 fe df a0 fe 
02f7c0  df a0 fe df a0 fe df a0 fe df a0 fe df a0 fe df 
02f7d0  a0 fe df a0 fe df a0 fe df a0 fe df a0 fe df a0 
02f7e0  fe df a0 fe df a0 fe df a0 fe df a0 fe df a0 fe 
02f7f0  df a0 fe df a0 fe df a0 fe df a0 fe df a0 fe df 
02f800  a0 fe df a0 fe df a0 fe df a0 fe df a0 fe df a0 
02f810  fe df a0 fe df a0 fe df a0 fe df a0 fe df a0 fe 
02f820  df a0 fe df a0 fe df a0 fe df a0 fe df a0 fe df 
02f830  a0 fe df a0 fe df a0 fe df a0 fe df a0 fe df a0 
02f840  fe df a0 fe df a0 fe df a0 fe df a0 fe df a0 fe 
02f850  df a0 fe df a0 fe df a0 fe df a0 fe df a0 fe df 
02f860  a0 fe df a0 fe df a0 fe df a0 fe df a0 fe df a0 
02f870  fe df a0 fe df a0 fe df a0 fe df a0 fe df a0 fe 
02f880  df a0 fe df a0 fe df a0 fe df a0 fe df a0 fe df 
02f890  a0 fe df a0 fe df a0 fe df a0 fe df a0 fe df a0 
02f8a0  fe df a0 fe df a0 fe df a0 fe df a0 fe df a0 fe 
02f8b0  df a0 fe df a0 fe df a0 fe df a0 fe df a0 fe df 
02f8c0  a0 fe df a0 fe df a0 fe df a0 fe df a0 fe df a0 
02f8d0  fe df a0 fe df a0 fe df a0 fe df a0 fe df a0 fe 
02f8e0  df a0 fe df a0 fe df a0 fe df a0 fe df a0 fe df 
02f8f0  a0 fe df a0 fe df a0 fe df a0 fe df a0 fe df a0 
02f900  fe df a0 fe df a0 fe df a0 fe df a0 fe df a0 fe 
02f910  df a0 fe df a0 fe df a0 fe df a0 fe df a0 fe df 
02f920  a0 fe df a0 fe df a0 fe df a0 fe df a0 fe df a0 
02f930  fe df a0 fe df a0 fe df a0 fe df a0 fe df a0 fe 
02f940  df a0 fe df a0 fe df a0 fe df a0 fe df a0 fe df 
02f950  a0 fe df a0 fe df a0 fe df a0 fe df a0 fe df a0 
02f960  fe df a0 fe df a0 fe df a0 fe df a0 fe df a0 fe 
02f970  df a0 fe df a0 fe df a0 fe df a0 fe df a0 fe df 
02f980  a0 fe df a0 fe df a0 fe df a0 fe df a0 fe df a0 
02f990  fe df a0 fe df a0 fe df a0 fe df a0 fe df a0 fe 
02f9a0  df a0 fe df a0 fe df a0 fe df a0 fe df a0 fe df 
02f9b0  a0 fe df a0 fe df a0 fe df a0 fe df a0 fe df a0 
02f9c0  fe df a0 fe df a0 fe df a0 fe df a0 fe df a0 fe 
02f9d0  df a0 fe df a0 fe df a0 fe df a0 fe df a0 fe df 
02f9e0  a0 fe df a0 fe df a0 fe df a0 fe df a0 fe df a0 
02f9f0  fe df a0 fe df a0 fe df a0 fe df a0 fe df a0 fe 
02fa00  df a0 fe df a0 fe df a0 fe df a0 fe df a0 fe df 
02fa10  a0 fe df a0 fe df a0 fe df a0 fe df a0 fe df a0 
02fa20  fe df a0 fe df a0 fe df a0 fe df a0 fe df a0 fe 
02fa30  df a0 fe df a0 fe df a0 fe df a0 fe df a0 fe df 
02fa40  a0 fe df a0 fe df a0 fe df a0 fe df a0 fe df a0 
02fa50  fe df a0 fe df a0 fe df a0 fe df a0 fe df a0 fe 
02fa60  df a0 fe df a0 fe df a0 fe df a0 fe df a0 fe df 
02fa70  a0 fe df a0 fe df a0 fe df a0 fe df a0 fe df a0 
02fa80  fe df a0 fe df a0 fe df a0 fe df a0 fe df a0 fe 
02fa90  df a0 fe df a0 fe df a0 fe df a0 fe df a0 fe df 
02faa0  a0 fe df a0 fe df a0 fe df a0 fe df a0 fe df a0 
02fab0  fe df a0 fe df a0 fe df a0 fe df a0 fe df a0 fe 
02fac0  df a0 fe df a0 fe df a0 fe df a0 fe df a0 fe df 
02fad0  a0 fe df a0 fe df a0 fe df a0 fe df a0 fe df a0 
02fae0  fe df a0 fe df a0 fe df a0 fe df a0 fe df a0 fe 
02faf0  df a0 fe df a0 fe df a0 fe df a0 fe df a0 fe df 
02fb00  a0 fe df a0 fe df a0 fe df a0 fe df a0 fe df a0 
02fb10  fe df a0 fe df a0 fe df a0 fe df a0 fe df a0 fe 
02fb20  df a0 fe df a0 fe df a0 fe df a0 fe df a0 fe df 
02fb30  a0 fe df a0 fe df a0 fe df a0 fe df a0 fe df a0 
02fb40  fe df a0 fe df a0 fe df a0 fe df a0 fe df a0 fe 
02fb50  df a0 fe df a0 fe df a0 fe df a0 fe df a0 fe df 
02fb60  a0 fe df a0 fe df a0 fe df a0 fe df a0 fe df a0 
02fb70  fe df a0 fe df a0 fe df a0 fe df a0 fe df a0 fe 
02fb80  df a0 fe df a0 fe df a0 fe df a0 fe df a0 fe df 
02fb90  a0 fe df a0 fe df a0 fe df a0 fe df a0 fe df a0 
02fba0  fe df a0 fe df a0 fe df a0 fe df a0 fe df a0 fe 
02fbb0  df a0 fe df a0 fe df a0 fe df a0 fe df a0 fe df 
02fbc0  a0 fe df a0 fe df a0 fe df a0 fe df a0 fe df a0 
02fbd0  fe df a0 fe df a0 fe df a0 fe df a0 fe df a0 fe 
02fbe0  df a0 fe df a0 fe df a0 fe df a0 fe df a0 fe df 
02fbf0  a0 fe df a0 fe df a0 fe df a0 fe df a0 fe df a0 
02fc00  fe df a0 fe df a0 fe df a0 fe df a0 fe df a0 fe 
02fc10  df a0 fe df a0 fe df a0 fe df a0 fe df a0 fe df 
02fc20  a0 fe df a0 fe df a0 fe df a0 fe df a0 fe df a0 
02fc30  fe df a0 fe df a0 fe df a0 fe df a0 fe df a0 fe 
02fc40  df a0 fe df a0 fe df a0 fe df a0 fe df a0 fe df 
02fc50  a0 fe df a0 fe df a0 fe df a0 fe df a0 fe df a0 
02fc60  fe df a0 fe df a0 fe df a0 fe df a0 fe df a0 fe 
02fc70  df a0 fe df a0 fe df a0 fe df a0 fe df a0 fe df 
02fc80  a0 fe df a0 fe df a0 fe df a0 fe df a0 fe df a0 
02fc90  fe df a0 fe df a0 fe df a0 fe df a0 fe df a0 fe 
02fca0  df a0 fe df a0 fe df a0 fe df a0 fe df a0 fe df 
02fcb0  a0 fe df a0 fe df a0 fe df a0 fe df a0 fe df a0 
02fcc0  fe df a0 fe df a0 fe df a0 fe df a0 fe df a0 fe 
02fcd0  df a0 fe df a0 fe df a0 fe df a0 fe df a0 fe df 
02fce0  a0 fe df a0 fe df a0 fe df a0 fe df a0 fe df a0 
02fcf0  fe df a0 fe df a0 fe df a0 fe df a0 fe df a0 fe 
02fd00  df a0 fe df a0 fe df a0 fe df a0 fe df a0 fe df 
02fd10  a0 fe df a0 fe df a0 fe df a0 fe df a0 fe df a0 
02fd20  fe df a0 fe df a0 fe df a0 fe df a0 fe df a0 fe 
02fd30  df a0 fe df a0 fe df a0 fe df a0 fe df a0 fe df 
02fd40  a0 fe df a0 fe df a0 fe df a0 fe df a0 fe df a0 
02fd50  fe df a0 fe df a0 fe df a0 fe df a0 fe df a0 fe 
02fd60  df a0 fe df a0 fe df a0 fe df a0 fe df a0 fe df 
02fd70  a0 fe df a0 fe df a0 fe df a0 fe df a0 fe df a0 
02fd80  fe df a0 fe df a0 fe df a0 fe df a0 fe df a0 fe 
02fd90  df a0 fe df a0 fe df a0 fe df a0 fe df a0 fe df 
02fda0  a0 fe df a0 fe df a0 fe df a0 fe df a0 fe df a0 
02fdb0  fe df a0 fe df a0 fe df a0 fe df a0 fe df a0 fe 
02fdc0  df a0 fe df a0 fe df a0 fe df a0 fe df a0 fe df 
02fdd0  a0 fe df a0 fe df a0 fe df a0 fe df a0 fe df a0 
02fde0  fe df a0 fe df a0 fe df a0 fe df a0 fe df a0 fe 
02fdf0  df a0 fe df a0 fe df a0 fe df a0 fe df a0 fe df 
02fe00  a0 fe df a0 fe df a0 fe df a0 fe df a0 fe df a0 
02fe10  fe df a0 fe df a0 fe df a0 fe df a0 fe df a0 fe 
02fe20  df a0 fe df a0 fe df a0 fe df a0 fe df a0 fe df 
02fe30  a0 fe df a0 fe df a0 fe df a0 fe df a0 fe df a0 
02fe40  fe df a0 fe df a0 fe df a0 fe df a0 fe df a0 fe 
02fe50  df a0 fe df a0 fe df a0 fe df a0 fe df a0 fe df 
02fe60  a0 fe df a0 fe df a0 fe df a0 fe df a0 fe df a0 
02fe70  fe df a0 fe df a0 fe df a0 fe df a0 fe df a0 fe 
02fe80  df a0 fe df a0 fe df a0 fe df a0 fe df a0 fe df 
02fe90  a0 fe df a0 fe df a0 fe df a0 fe df a0 fe df a0 
02fea0  fe df a0 fe df a0 fe df a0 fe df a0 fe df a0 fe 
02feb0  df a0 fe df a0 fe df a0 fe df a0 fe df a0 fe df 
02fec0  a0 fe df a0 fe df a0 fe df a0 fe df a0 fe df a0 
02fed0  fe df a0 fe df a0 fe df a0 fe df a0 fe df a0 fe 
02fee0  df a0 fe df a0 fe df a0 fe df a0 fe df a0 fe df 
02fef0  a0 fe df a0 fe df a0 fe df a0 fe df a0 fe df a0 
02ff00  fe df a0 fe df a0 fe df a0 fe df a0 fe df a0 fe 
02ff10  df a0 fe df a0 fe df a0 fe df a0 fe df a0 fe df 
02ff20  a0 fe df a0 fe df a0 fe df a0 fe df a0 fe df a0 
02ff30  fe df a0 fe df a0 fe df a0 fe df a0 fe df a0 fe 
02ff40  df a0 fe df a0 fe df a0 fe df a0 fe df a0 fe df 
02ff50  a0 fe df a0 fe df a0 fe df a0 fe df a0 fe df a0 
02ff60  fe df a0 fe df a0 fe df a0 fe df a0 fe df a0 fe 
02ff70  df a0 fe df a0 fe df a0 fe df a0 fe df a0 fe df 
02ff80  a0 fe df a0 fe df a0 fe df a0 fe df a0 fe df a0 
02ff90  fe df a0 fe df a0 fe df a0 fe df a0 fe df a0 fe 
02ffa0  df a0 fe df a0 fe df a0 fe df a0 fe df a0 fe df 
02ffb0  a0 fe df a0 fe df a0 fe df a0 fe df a0 fe df a0 
02ffc0  fe df a0 fe df a0 fe df a0 fe df a0 fe df a0 fe 
02ffd0  df a0 fe df a0 fe df a0 fe df a0 fe df a0 fe df 
02ffe0  a0 fe df a0 fe df a0 fe df a0 fe df a0 fe df a0 
02fff0  fe df a0 fe df a0 fe df a0 fe df a0 fe df a0 fe 
030000  df a0 fe df a0 fe df a0 fe df a0 fe df a0 fe df 
030010  a0 fe df a0 fe df a0 fe df a0 fe df a0 fe df a0 
030020  fe df a0 fe df a0 fe df a0 fe df a0 fe df a0 fe 
030030  df a0 fe df a0 fe df a0 fe df a0 fe df a0 fe df 
030040  a0 fe df a0 fe df a0 fe df a0 fe df a0 fe df a0 
030050  fe df a0 fe df a0 fe df a0 fe df a0 fe df a0 fe 
030060  df a0 fe df a0 fe df a0 fe df a0 fe df a0 fe df 
030070  a0 fe df a0 fe df a0 fe df a0 fe df a0 fe df a0 
030080  fe df a0 fe df a0 fe df a0 fe df a0 fe df a0 fe 
030090  df a0 fe df a0 fe df a0 fe df a0 fe df a0 fe df 
0300a0  a0 fe df a0 fe df a0 fe df a0 fe df a0 fe df a0 
0300b0  fe df a0 fe df a0 fe df a0 fe df a0 fe df a0 fe 
0300c0  df a0 fe df a0 fe df a0 fe df a0 fe df a0 fe df 
0300d0  a0 fe df a0 fe df a0 fe df a0 fe df a0 fe df a0 
0300e0  fe df a0 fe df a0 fe df a0 fe df a0 fe df a0 fe 
0300f0  df a0 fe df a0 fe df a0 fe df a0 fe df a0 fe df 
030100  a0 fe df a0 fe df a0 fe df a0 fe df a0 fe df a0 
030110  fe df a0 fe df a0 fe df a0 fe df a0 fe df a0 fe 
030120  df a0 fe df a0 fe df a0 fe df a0 fe df a0 fe df 
030130  a0 fe df a0 fe df a0 fe df a0 fe df a0 fe df a0 
030140  fe df a0 fe df a0 fe df a0 fe df a0 fe df a0 fe 
030150  df a0 fe df a0 fe df a0 fe df a0 fe df a0 fe df 
030160  a0 fe df a0 fe df a0 fe df a0 fe df a0 fe df a0 
030170  fe df a0 fe df a0 fe df a0 fe df a0 fe df a0 fe 
030180  df a0 fe df a0 fe df a0 fe df a0 fe df a0 fe df 
030190  a0 fe df a0 fe df a0 fe df a0 fe df a0 fe df a0 
0301a0  fe df a0 fe df a0 fe df a0 fe df a0 fe df a0 fe 
0301b0  df a0 fe df a0 fe df a0 fe df a0 fe df a0 fe df 
0301c0  a0 fe df a0 fe df a0 fe df a0 fe df a0 fe df a0 
0301d0  fe df a0 fe df a0 fe df a0 fe df a0 fe df a0 fe 
0301e0  df a0 fe df a0 fe df a0 fe df a0 fe df a0 fe df 
0301f0  a0 fe df a0 fe df a0 fe df a0 fe df a0 fe df a0 
030200  fe df a0 fe df a0 fe df a0 fe df a0 fe df a0 fe 
030210  df a0 fe df a0 fe df a0 fe df a0 fe df a0 fe df 
030220  a0 fe df a0 fe df a0 fe df a0 fe df a0 fe df a0 
030230  fe df a0 fe df a0 fe df a0 fe df a0 fe df a0 fe 
030240  df a0 fe df a0 fe df a0 fe df a0 fe df a0 fe df 
030250  a0 fe df a0 fe df a0 fe df a0 fe df a0 fe df a0 
030260  fe df a0 fe df a0 fe df a0 fe df a0 fe df a0 fe 
030270  df a0 fe df a0 fe df a0 fe df a0 fe df a0 fe df 
030280  a0 fe df a0 fe df a0 fe df a0 fe df a0 fe df a0 
030290  fe df a0 fe df a0 fe df a0 fe df a0 fe df a0 fe 
0302a0  df a0 fe df a0 fe df a0 fe df a0 fe df a0 fe df 
0302b0  a0 fe df a0 fe df a0 fe df a0 fe df a0 fe df a0 
0302c0  fe df a0 fe df a0 fe df a0 fe df a0 fe df a0 fe 
0302d0  df a0 fe df a0 fe df a0 fe df a0 fe df a0 fe df 
0302e0  a0 fe df a0 fe df a0 fe df a0 fe df a0 fe df a0 
0302f0  fe df a0 fe df a0 fe df a0 fe df a0 fe df a0 fe 
030300  df a0 fe df a0 fe df a0 fe df a0 fe df a0 fe df 
030310  a0 fe df a0 fe df a0 fe df a0 fe df a0 fe df a0 
030320  fe df a0 fe df a0 fe df a0 fe df a0 fe df a0 fe 
030330  df a0 fe df a0 fe df a0 fe df a0 fe df a0 fe df 
030340  a0 fe df a0 fe df a0 fe df a0 fe df a0 fe df a0 
030350  fe df a0 fe df a0 fe df a0 fe df a0 fe df a0 fe 
030360  df a0 fe df a0 fe df a0 fe df a0 fe df a0 fe df 
030370  a0 fe df a0 fe df a0 fe df a0 fe df a0 fe df a0 
030380  fe df a0 fe df a0 fe df a0 fe df a0 fe df a0 fe 
030390  df a0 fe df a0 fe df a0 fe df a0 fe df a0 fe df 
0303a0  a0 fe df a0 fe df a0 fe df a0 fe df a0 fe df a0 
0303b0  fe df a0 fe df a0 fe df a0 fe df a0 fe df a0 fe 
0303c0  df a0 fe df a0 fe df a0 fe df a0 fe df a0 fe df 
0303d0  a0 fe df a0 fe df a0 fe df a0 fe df a0 fe df a0 
0303e0  fe df a0 fe df a0 fe df a0 fe df a0 fe df a0 fe 
0303f0  df a0 fe df a0 fe df a0 fe df a0 fe df a0 fe df 
030400  a0 fe df a0 fe df a0 fe df a0 fe df a0 fe df a0 
030410  fe df a0 fe df a0 fe df a0 fe df a0 fe df a0 fe 
030420  df a0 fe df a0 fe df a0 fe df a0 fe df a0 fe df 
030430  a0 fe df a0 fe df a0 fe df a0 fe df a0 fe df a0 
030440  fe df a0 fe df a0 fe df a0 fe df a0 fe df a0 fe 
030450  df a0 fe df a0 fe df a0 fe df a0 fe df a0 fe df 
030460  a0 fe df a0 fe df a0 fe df a0 fe df a0 fe df a0 
030470  fe df a0 fe df a0 fe df a0 fe df a0 fe df a0 fe 
030480  df a0 fe df a0 fe df a0 fe df a0 fe df a0 fe df 
030490  a0 fe df a0 fe df a0 fe df a0 fe df a0 fe df a0 
0304a0  fe df a0 fe df a0 fe df a0 fe df a0 fe df a0 fe 
0304b0  df a0 fe df a0 fe df a0 fe df a0 fe df a0 fe df 
0304c0  a0 fe df a0 fe df a0 fe df a0 fe df a0 fe df a0 
0304d0  fe df a0 fe df a0 fe df a0 fe df a0 fe df a0 fe 
0304e0  df a0 fe df a0 fe df a0 fe df a0 fe df a0 fe df 
0304f0  a0 fe df a0 fe df a0 fe df a0 fe df a0 fe df a0 
030500  fe df a0 fe df a0 fe df a0 fe df a0 fe df a0 fe 
030510  df a0 fe df a0 fe df a0 fe df a0 fe df a0 fe df 
030520  a0 fe df a0 fe df a0 fe df a0 fe df a0 fe df a0 
030530  fe df a0 fe df a0 fe df a0 fe df a0 fe df a0 fe 
030540  df a0 fe df a0 fe df a0 fe df a0 fe df a0 fe df 
030550  a0 fe df a0 fe df a0 fe df a0 fe df a0 fe df a0 
030560  fe df a0 fe df a0 fe df a0 fe df a0 fe df a0 fe 
030570  df a0 fe df a0 fe df a0 fe df a0 fe df a0 fe df 
030580  a0 fe df a0 fe df a0 fe df a0 fe df a0 fe df a0 
030590  fe df a0 fe df a0 fe df a0 fe df a0 fe df a0 fe 
0305a0  df a0 fe df a0 fe df a0 fe df a0 fe df a0 fe df 
0305b0  a0 fe df a0 fe df a0 fe df a0 fe df a0 fe df a0 
0305c0  fe df a0 fe df a0 fe df a0 fe df a0 fe df a0 fe 
0305d0  df a0 fe df a0 fe df a0 fe df a0 fe df a0 fe df 
0305e0  a0 fe df a0 fe df a0 fe df a0 fe df a0 fe df a0 
0305f0  fe df a0 fe df a0 fe df a0 fe df a0 fe df a0 fe 
030600  df a0 fe df a0 fe df a0 fe df a0 fe df a0 fe df 
030610  a0 fe df a0 fe df a0 fe df a0 fe df a0 fe df a0 
030620  fe df a0 fe df a0 fe df a0 fe df a0 fe df a0 fe 
030630  df a0 fe df a0 fe df a0 fe df a0 fe df a0 fe df 
030640  a0 fe df a0 fe df a0 fe df a0 fe df a0 fe df a0 
030650  fe df a0 fe df a0 fe df a0 fe df a0 fe df a0 fe 
030660  df a0 fe df a0 fe df a0 fe df a0 fe df a0 fe df 
030670  a0 fe df a0 fe df a0 fe df a0 fe df a0 fe df a0 
030680  fe df a0 fe df a0 fe df a0 fe df a0 fe df a0 fe 
030690  df a0 fe df a0 fe df a0 fe df a0 fe df a0 fe df 
0306a0  a0 fe df a0 fe df a0 fe df a0 fe df a0 fe df a0 
0306b0  fe df a0 fe df a0 fe df a0 fe df a0 fe df a0 fe 
0306c0  df a0 fe df a0 fe df a0 fe df a0 fe df a0 fe df 
0306d0  a0 fe df a0 fe df a0 fe df a0 fe df a0 fe df a0 
0306e0  fe df a0 fe df a0 fe df a0 fe df a0 fe df a0 fe 
0306f0  df a0 fe df a0 fe df a0 fe df a0 fe df a0 fe df 
030700  a0 fe df a0 fe df a0 fe df a0 fe df a0 fe df a0 
030710  fe df a0 fe df a0 fe df a0 fe df a0 fe df a0 fe 
030720  df a0 fe df a0 fe df a0 fe df a0 fe df a0 fe df 
030730  a0 fe df a0 fe df a0 fe df a0 fe df a0 fe df a0 
030740  fe df a0 fe df a0 fe df a0 fe df a0 fe df a0 fe 
030750  df a0 fe df a0 fe df a0 fe df a0 fe df a0 fe df 
030760  a0 fe df a0 fe df a0 fe df a0 fe df a0 fe df a0 
030770  fe df a0 fe df a0 fe df a0 fe df a0 fe df a0 fe 
030780  df a0 fe df a0 fe df a0 fe df a0 fe df a0 fe df 
030790  a0 fe df a0 fe df a0 fe df a0 fe df a0 fe df a0 
0307a0  fe df a0 fe df a0 fe df a0 fe df a0 fe df a0 fe 
0307b0  df a0 fe df a0 fe df a0 fe df a0 fe df a0 fe df 
0307c0  a0 fe df a0 fe df a0 fe df a0 fe df a0 fe df a0 
0307d0  fe df a0 fe df a0 fe df a0 fe df a0 fe df a0 fe 
0307e0  df a0 fe df a0 fe df a0 fe df a0 fe df a0 fe df 
0307f0  a0 fe df a0 fe df a0 fe df a0 fe df a0 fe df a0 
030800  fe df a0 fe df a0 fe df a0 fe df a0 fe df a0 fe 
030810  df a0 fe df a0 fe df a0 fe df a0 fe df a0 fe df 
030820  a0 fe df a0 fe df a0 fe df a0 fe df a0 fe df a0 
030830  fe df a0 fe df a0 fe df a0 fe df a0 fe df a0 fe 
030840  df a0 fe df a0 fe df a0 fe df a0 fe df a0 fe df 
030850  a0 fe df a0 fe df a0 fe df a0 fe df a0 fe df a0 
030860  fe df a0 fe df a0 fe df a0 fe df a0 fe df a0 fe 
030870  df a0 fe df a0 fe df a0 fe df a0 fe df a0 fe df 
030880  a0 fe df a0 fe df a0 fe df a0 fe df a0 fe df a0 
030890  fe df a0 fe df a0 fe df a0 fe df a0 fe df a0 fe 
0308a0  df a0 fe df a0 fe df a0 fe df a0 fe df a0 fe df 
0308b0  a0 fe df a0 fe df a0 fe df a0 fe df a0 fe df a0 
0308c0  fe df a0 fe df a0 fe df a0 fe df a0 fe df a0 fe 
0308d0  df a0 fe df a0 fe df a0 fe df a0 fe df a0 fe df 
0308e0  a0 fe df a0 fe df a0 fe df a0 fe df a0 fe df a0 
0308f0  fe df a0 fe df a0 fe df a0 fe df a0 fe df a0 fe 
030900  df a0 fe df a0 fe df a0 fe df a0 fe df a0 fe df 
030910  a0 fe df a0 fe df a0 fe df a0 fe df a0 fe df a0 
030920  fe df a0 fe df a0 fe df a0 fe df a0 fe df a0 fe 
030930  df a0 fe df a0 fe df a0 fe df a0 fe df a0 fe df 
030940  a0 fe df a0 fe df a0 fe df a0 fe df a0 fe df a0 
030950  fe df a0 fe df a0 fe df a0 fe df a0 fe df a0 fe 
030960  df a0 fe df a0 fe df a0 fe df a0 fe df a0 fe df 
030970  a0 fe df a0 fe df a0 fe df a0 fe df a0 fe df a0 
030980  fe df a0 fe df a0 fe df a0 fe df a0 fe df a0 fe 
030990  df a0 fe df a0 fe df a0 fe df a0 fe df a0 fe df 
0309a0  a0 fe df a0 fe df a0 fe df a0 fe df a0 fe df a0 
0309b0  fe df a0 fe df a0 fe df a0 fe df a0 fe df a0 fe 
0309c0  df a0 fe df a0 fe df a0 fe df a0 fe df a0 fe df 
0309d0  a0 fe df a0 fe df a0 fe df a0 fe df a0 fe df a0 
0309e0  fe df a0 fe df a0 fe df a0 fe df a0 fe df a0 fe 
0309f0  df a0 fe df a0 fe df a0 fe df a0 fe df a0 fe df 
030a00  a0 fe df a0 fe df a0 fe df a0 fe df a0 fe df a0 
030a10  fe df a0 fe df a0 fe df a0 fe df a0 fe df a0 fe 
030a20  df a0 fe df a0 fe df a0 fe df a0 fe df a0 fe df 
030a30  a0 fe df a0 fe df a0 fe df a0 fe df a0 fe df a0 
030a40  fe df a0 fe df a0 fe df a0 fe df a0 fe df a0 fe 
030a50  df a0 fe df a0 fe df a0 fe df a0 fe df a0 fe df 
030a60  a0 fe df a0 fe df a0 fe df a0 fe df a0 fe df a0 
030a70  fe df a0 fe df a0 fe df a0 fe df a0 fe df a0 fe 
030a80  df a0 fe df a0 fe df a0 fe df a0 fe df a0 fe df 
030a90  a0 fe df a0 fe df a0 fe df a0 fe df a0 fe df a0 
030aa0  fe df a0 fe df a0 fe df a0 fe df a0 fe df a0 fe 
030ab0  df a0 fe df a0 fe df a0 fe df a0 fe df a0 fe df 
030ac0  a0 fe df a0 fe df a0 fe df a0 fe df a0 fe df a0 
030ad0  fe df a0 fe df a0 fe df a0 fe df a0 fe df a0 fe 
030ae0  df a0 fe df a0 fe df a0 fe df a0 fe df a0 fe df 
030af0  a0 fe df a0 fe df a0 fe df a0 fe df a0 fe df a0 
030b00  fe df a0 fe df a0 fe df a0 fe df a0 fe df a0 fe 
030b10  df a0 fe df a0 fe df a0 fe df a0 fe df a0 fe df 
030b20  a0 fe df a0 fe df a0 fe df a0 fe df a0 fe df a0 
030b30  fe df a0 fe df a0 fe df a0 fe df a0 fe df a0 fe 
030b40  df a0 fe df a0 fe df a0 fe df a0 fe df a0 fe df 
030b50  a0 fe df a0 fe df a0 fe df a0 fe df a0 fe df a0 
030b60  fe df a0 fe df a0 fe df a0 fe df a0 fe df a0 fe 
030b70  df a0 fe df a0 fe df a0 fe df a0 fe df a0 fe df 
030b80  a0 fe df a0 fe df a0 fe df a0 fe df a0 fe df a0 
030b90  fe df a0 fe df a0 fe df a0 fe df a0 fe df a0 fe 
030ba0  df a0 fe df a0 fe df a0 fe df a0 fe df a0 fe df 
030bb0  a0 fe df a0 fe df a0 fe df a0 fe df a0 fe df a0 
030bc0  fe df a0 fe df a0 fe df a0 fe df a0 fe df a0 fe 
030bd0  df a0 fe df a0 fe df a0 fe df a0 fe df a0 fe df 
030be0  a0 fe df a0 fe df a0 fe df a0 fe df a0 fe df a0 
030bf0  fe df a0 fe df a0 fe df a0 fe df a0 fe df a0 fe 
030c00  df a0 fe df a0 fe df a0 fe df a0 fe df a0 fe df 
030c10  a0 fe df a0 fe df a0 fe df a0 fe df a0 fe df a0 
030c20  fe df a0 fe df a0 fe df a0 fe df a0 fe df a0 fe 
030c30  df a0 fe df a0 fe df a0 fe df a0 fe df a0 fe df 
030c40  a0 fe df a0 fe df a0 fe df a0 fe df a0 fe df a0 
030c50  fe df a0 fe df a0 fe df a0 fe df a0 fe df a0 fe 
030c60  df a0 fe df a0 fe df a0 fe df a0 fe df a0 fe df 
030c70  a0 fe df a0 fe df a0 fe df a0 fe df a0 fe df a0 
030c80  fe df a0 fe df a0 fe df a0 fe df a0 fe df a0 fe 
030c90  df a0 fe df a0 fe df a0 fe df a0 fe df a0 fe df 
030ca0  a0 fe df a0 fe df a0 fe df a0 fe df a0 fe df a0 
030cb0  fe df a0 fe df a0 fe df a0 fe df a0 fe df a0 fe 
030cc0  df a0 fe df a0 fe df a0 fe df a0 fe df a0 fe df 
030cd0  a0 fe df a0 fe df a0 fe df a0 fe df a0 fe df a0 
030ce0  fe df a0 fe df a0 fe df a0 fe df a0 fe df a0 fe 
030cf0  df a0 fe df a0 fe df a0 fe df a0 fe df a0 fe df 
030d00  a0 fe df a0 fe df a0 fe df a0 fe df a0 fe df a0 
030d10  fe df a0 fe df a0 fe df a0 fe df a0 fe df a0 fe 
030d20  df a0 fe df a0 fe df a0 fe df a0 fe df a0 fe df 
030d30  a0 fe df a0 fe df a0 fe df a0 fe df a0 fe df a0 
030d40  fe df a0 fe df a0 fe df a0 fe df a0 fe df a0 fe 
030d50  df a0 fe df a0 fe df a0 fe df a0 fe df a0 fe df 
030d60  a0 fe df a0 fe df a0 fe df a0 fe df a0 fe df a0 
030d70  fe df a0 fe df a0 fe df a0 fe df a0 fe df a0 fe 
030d80  df a0 fe df a0 fe df a0 fe df a0 fe df a0 fe df 
030d90  a0 fe df a0 fe df a0 fe df a0 fe df a0 fe df a0 
030da0  fe df a0 fe df a0 fe df a0 fe df a0 fe df a0 fe 
030db0  df a0 fe df a0 fe df a0 fe df a0 fe df a0 fe df 
030dc0  a0 fe df a0 fe df a0 fe df a0 fe df a0 fe df a0 
030dd0  fe df a0 fe df a0 fe df a0 fe df a0 fe df a0 fe 
030de0  df a0 fe df a0 fe df a0 fe df a0 fe df a0 fe df 
030df0  a0 fe df a0 fe df a0 fe df a0 fe df a0 fe df a0 
030e00  fe df a0 fe df a0 fe df a0 fe df a0 fe df a0 fe 
030e10  df a0 fe df a0 fe df a0 fe df a0 fe df a0 fe df 
030e20  a0 fe df a0 fe df a0 fe df a0 fe df a0 fe df a0 
030e30  fe df a0 fe df a0 fe df a0 fe df a0 fe df a0 fe 
030e40  df a0 fe df a0 fe df a0 fe df a0 fe df a0 fe df 
030e50  a0 fe df a0 fe df a0 fe df a0 fe df a0 fe df a0 
030e60  fe df a0 fe df a0 fe df a0 fe df a0 fe df a0 fe 
030e70  df a0 fe df a0 fe df a0 fe df a0 fe df a0 fe df 
030e80  a0 fe df a0 fe df a0 fe df a0 fe df a0 fe df a0 
030e90  fe df a0 fe df a0 fe df a0 fe df a0 fe df a0 fe 
030ea0  df a0 fe df a0 fe df a0 fe df a0 fe df a0 fe df 
030eb0  a0 fe df a0 fe df a0 fe df a0 fe df a0 fe df a0 
030ec0  fe df a0 fe df a0 fe df a0 fe df a0 fe df a0 fe 
030ed0  df a0 fe df a0 fe df a0 fe df a0 fe df a0 fe df 
030ee0  a0 fe df a0 fe df a0 fe df a0 fe df a0 fe df a0 
030ef0  fe df a0 fe df a0 fe df a0 fe df a0 fe df a0 fe 
030f00  df a0 fe df a0 fe df a0 fe df a0 fe df a0 fe df 
030f10  a0 fe df a0 fe df a0 fe df a0 fe df a0 fe df a0 
030f20  fe df a0 fe df a0 fe df a0 fe df a0 fe df a0 fe 
030f30  df a0 fe df a0 fe df a0 fe df a0 fe df a0 fe df 
030f40  a0 fe df a0 fe df a0 fe df a0 fe df a0 fe df a0 
030f50  fe df a0 fe df a0 fe df a0 fe df a0 fe df a0 fe 
030f60  df a0 fe df a0 fe df a0 fe df a0 fe df a0 fe df 
030f70  a0 fe df a0 fe df a0 fe df a0 fe df a0 fe df a0 
030f80  fe df a0 fe df a0 fe df a0 fe df a0 fe df a0 fe 
030f90  df a0 fe df a0 fe df a0 fe df a0 fe df a0 fe df 
030fa0  a0 fe df a0 fe df a0 fe df a0 fe df a0 fe df a0 
030fb0  fe df a0 fe df a0 fe df a0 fe df a0 fe df a0 fe 
030fc0  df a0 fe df a0 fe df a0 fe df a0 fe df a0 fe df 
030fd0  a0 fe df a0 fe df a0 fe df a0 fe df a0 fe df a0 
030fe0  fe df a0 fe df a0 fe df a0 fe df a0 fe df a0 fe 
030ff0  df a0 fe df a0 fe df a0 fe df a0 fe df a0 fe df 
031000  a0 fe df a0 fe df a0 fe df a0 fe df a0 fe df a0 
031010  fe df a0 fe df a0 fe df a0 fe df a0 fe df a0 fe 
031020  df a0 fe df a0 fe df a0 fe df a0 fe df a0 fe df 
031030  a0 fe df a0 fe df a0 fe df a0 fe df a0 fe df a0 
031040  fe df a0 fe df a0 fe df a0 fe df a0 fe df a0 fe 
031050  df a0 fe df a0 fe df a0 fe df a0 fe df a0 fe df 
031060  a0 fe df a0 fe df a0 fe df a0 fe df a0 fe df a0 
031070  fe df a0 fe df a0 fe df a0 fe df a0 fe df a0 fe 
031080  df a0 fe df a0 fe df a0 fe df a0 fe df a0 fe df 
031090  a0 fe df a0 fe df a0 fe df a0 fe df a0 fe df a0 
0310a0  fe df a0 fe df a0 fe df a0 fe df a0 fe df a0 fe 
0310b0  df a0 fe df a0 fe df a0 fe df a0 fe df a0 fe df 
0310c0  a0 fe df a0 fe df a0 fe df a0 fe df a0 fe df a0 
0310d0  fe df a0 fe df a0 fe df a0 fe df a0 fe df a0 fe 
0310e0  df a0 fe df a0 fe df a0 fe df a0 fe df a0 fe df 
0310f0  a0 fe df a0 fe df a0 fe df a0 fe df a0 fe df a0 
031100  fe df a0 fe df a0 fe df a0 fe df a0 fe df a0 fe 
031110  df a0 fe df a0 fe df a0 fe df a0 fe df a0 fe df 
031120  a0 fe df a0 fe df a0 fe df a0 fe df a0 fe df a0 
031130  fe df a0 fe df a0 fe df a0 fe df a0 fe df a0 fe 
031140  df a0 fe df a0 fe df a0 fe df a0 fe df a0 fe df 
031150  a0 fe df a0 fe df a0 fe df a0 fe df a0 fe df a0 
031160  fe df a0 fe df a0 fe df a0 fe df a0 fe df a0 fe 
031170  df a0 fe df a0 fe df a0 fe df a0 fe df a0 fe df 
031180  a0 fe df a0 fe df a0 fe df a0 fe df a0 fe df a0 
031190  fe df a0 fe df a0 fe df a0 fe df a0 fe df a0 fe 
0311a0  df a0 fe df a0 fe df a0 fe df a0 fe df a0 fe df 
0311b0  a0 fe df a0 fe df a0 fe df a0 fe df a0 fe df a0 
0311c0  fe df a0 fe df a0 fe df a0 fe df a0 fe df a0 fe 
0311d0  df a0 fe df a0 fe df a0 fe df a0 fe df a0 fe df 
0311e0  a0 fe df a0 fe df a0 fe df a0 fe df a0 fe df a0 
0311f0  fe df a0 fe df a0 fe df a0 fe df a0 fe df a0 fe 
031200  df a0 fe df a0 fe df a0 fe df a0 fe df a0 fe df 
031210  a0 fe df a0 fe df a0 fe df a0 fe df a0 fe df a0 
031220  fe df a0 fe df a0 fe df a0 fe df a0 fe df a0 fe 
031230  df a0 fe df a0 fe df a0 fe df a0 fe df a0 fe df 
031240  a0 fe df a0 fe df a0 fe df a0 fe df a0 fe df a0 
031250  fe df a0 fe df a0 fe df a0 fe df a0 fe df a0 fe 
031260  df a0 fe df a0 fe df a0 fe df a0 fe df a0 fe df 
031270  a0 fe df a0 fe df a0 fe df a0 fe df a0 fe df a0 
031280  fe df a0 fe df a0 fe df a0 fe df a0 fe df a0 fe 
031290  df a0 fe df a0 fe df a0 fe df a0 fe df a0 fe df 
0312a0  a0 fe df a0 fe df a0 fe df a0 fe df a0 fe df a0 
0312b0  fe df a0 fe df a0 fe df a0 fe df a0 fe df a0 fe 
0312c0  df a0 fe df a0 fe df a0 fe df a0 fe df a0 fe df 
0312d0  a0 fe df a0 fe df a0 fe df a0 fe df a0 fe df a0 
0312e0  fe df a0 fe df a0 fe df a0 fe df a0 fe df a0 fe 
0312f0  df a0 fe df a0 fe df a0 fe df a0 fe df a0 fe df 
031300  a0 fe df a0 fe df a0 fe df a0 fe df a0 fe df a0 
031310  fe df a0 fe df a0 fe df a0 fe df a0 fe df a0 fe 
031320  df a0 fe df a0 fe df a0 fe df a0 fe df a0 fe df 
031330  a0 fe df a0 fe df a0 fe df a0 fe df a0 fe df a0 
031340  fe df a0 fe df a0 fe df a0 fe df a0 fe df a0 fe 
031350  df a0 fe df a0 fe df a0 fe df a0 fe df a0 fe df 
031360  a0 fe df a0 fe df a0 fe df a0 fe df a0 fe df a0 
031370  fe df a0 fe df a0 fe df a0 fe df a0 fe df a0 fe 
031380  df a0 fe df a0 fe df a0 fe df a0 fe df a0 fe df 
031390  a0 fe df a0 fe df a0 fe df a0 fe df a0 fe df a0 
0313a0  fe df a0 fe df a0 fe df a0 fe df a0 fe df a0 fe 
0313b0  df a0 fe df a0 fe df a0 fe df a0 fe df a0 fe df 
0313c0  a0 fe df a0 fe df a0 fe df a0 fe df a0 fe df a0 
0313d0  fe df a0 fe df a0 fe df a0 fe df a0 fe df a0 fe 
0313e0  df a0 fe df a0 fe df a0 fe df a0 fe df a0 fe df 
0313f0  a0 fe df a0 fe df a0 fe df a0 fe df a0 fe df a0 
031400  fe df a0 fe df a0 fe df a0 fe df a0 fe df a0 fe 
031410  df a0 fe df a0 fe df a0 fe df a0 fe df a0 fe df 
031420  a0 fe df a0 fe df a0 fe df a0 fe df a0 fe df a0 
031430  fe df a0 fe df a0 fe df a0 fe df a0 fe df a0 fe 
031440  df a0 fe df a0 fe df a0 fe df a0 fe df a0 fe df 
031450  a0 fe df a0 fe df a0 fe df a0 fe df a0 fe df a0 
031460  fe df a0 fe df a0 fe df a0 fe df a0 fe df a0 fe 
031470  df a0 fe df a0 fe df a0 fe df a0 fe df a0 fe df 
031480  a0 fe df a0 fe df a0 fe df a0 fe df a0 fe df a0 
031490  fe df a0 fe df a0 fe df a0 fe df a0 fe df a0 fe 
0314a0  df a0 fe df a0 fe df a0 fe df a0 fe df a0 fe df 
0314b0  a0 fe df a0 fe df a0 fe df a0 fe df a0 fe df a0 
0314c0  fe df a0 fe df a0 fe df a0 fe df a0 fe df a0 fe 
0314d0  df a0 fe df a0 fe df a0 fe df a0 fe df a0 fe df 
0314e0  a0 fe df a0 fe df a0 fe df a0 fe df a0 fe df a0 
0314f0  fe df a0 fe df a0 fe df a0 fe df a0 fe df a0 fe 
031500  df a0 fe df a0 fe df a0 fe df a0 fe df a0 fe df 
031510  a0 fe df a0 fe df a0 fe df a0 fe df a0 fe df a0 
031520  fe df a0 fe df a0 fe df a0 fe df a0 fe df a0 fe 
031530  df a0 fe df a0 fe df a0 fe df a0 fe df a0 fe df 
031540  a0 fe df a0 fe df a0 fe df a0 fe df a0 fe df a0 
031550  fe df a0 fe df a0 fe df a0 fe df a0 fe df a0 fe 
031560  df a0 fe df a0 fe df a0 fe df a0 fe df a0 fe df 
031570  a0 fe df a0 fe df a0 fe df a0 fe df a0 fe df a0 
031580  fe df a0 fe df a0 fe df a0 fe df a0 fe df a0 fe 
031590  df a0 fe df a0 fe df a0 fe df a0 fe df a0 fe df 
0315a0  a0 fe df a0 fe df a0 fe df a0 fe df a0 fe df a0 
0315b0  fe df a0 fe df a0 fe df a0 fe df a0 fe df a0 fe 
0315c0  df a0 fe df a0 fe df a0 fe df a0 fe df a0 fe df 
0315d0  a0 fe df a0 fe df a0 fe df a0 fe df a0 fe df a0 
0315e0  fe df a0 fe df a0 fe df a0 fe df a0 fe df a0 fe 
0315f0  df a0 fe df a0 fe df a0 fe df a0 fe df a0 fe df 
031600  a0 fe df a0 fe df a0 fe df a0 fe df a0 fe df a0 
031610  fe df a0 fe df a0 fe df a0 fe df a0 fe df a0 fe 
031620  df a0 fe df a0 fe df a0 fe df a0 fe df a0 fe df 
031630  a0 fe df a0 fe df a0 fe df a0 fe df a0 fe df a0 
031640  fe df a0 fe df a0 fe df a0 fe df a0 fe df a0 fe 
031650  df a0 fe df a0 fe df a0 fe df a0 fe df a0 fe df 
031660  a0 fe df a0 fe df a0 fe df a0 fe df a0 fe df a0 
031670  fe df a0 fe df a0 fe df a0 fe df a0 fe df a0 fe 
031680  df a0 fe df a0 fe df a0 fe df a0 fe df a0 fe df 
031690  a0 fe df a0 fe df a0 fe df a0 fe df a0 fe df a0 
0316a0  fe df a0 fe df a0 fe df a0 fe df a0 fe df a0 fe 
0316b0  df a0 fe df a0 fe df a0 fe df a0 fe df a0 fe df 
0316c0  a0 fe df a0 fe df a0 fe df a0 fe df a0 fe df a0 
0316d0  fe df a0 fe df a0 fe df a0 fe df a0 fe df a0 fe 
0316e0  df a0 fe df a0 fe df a0 fe df a0 fe df a0 fe df 
0316f0  a0 fe df a0 fe df a0 fe df a0 fe df a0 fe df a0 
031700  fe df a0 fe df a0 fe df a0 fe df a0 fe df a0 fe 
031710  df a0 fe df a0 fe df a0 fe df a0 fe df a0 fe df 
031720  a0 fe df a0 fe df a0 fe df a0 fe df a0 fe df a0 
031730  fe df a0 fe df a0 fe df a0 fe df a0 fe df a0 fe 
031740  df a0 fe df a0 fe df a0 fe df a0 fe df a0 fe df 
031750  a0 fe df a0 fe df a0 fe df a0 fe df a0 fe df a0 
031760  fe df a0 fe df a0 fe df a0 fe df a0 fe df a0 fe 
031770  df a0 fe df a0 fe df a0 fe df a0 fe df a0 fe df 
031780  a0 fe df a0 fe df a0 fe df a0 fe df a0 fe df a0 
031790  fe df a0 fe df a0 fe df a0 fe df a0 fe df a0 fe 
0317a0  df a0 fe df a0 fe df a0 fe df a0 fe df a0 fe df 
0317b0  a0 fe df a0 fe df a0 fe df a0 fe df a0 fe df a0 
0317c0  fe df a0 fe df a0 fe df a0 fe df a0 fe df a0 fe 
0317d0  df a0 fe df a0 fe df a0 fe df a0 fe df a0 fe df 
0317e0  a0 fe df a0 fe df a0 fe df a0 fe df a0 fe df a0 
0317f0  fe df a0 fe df a0 fe df a0 fe df a0 fe df a0 fe 
031800  df a0 fe df a0 fe df a0 fe df a0 fe df a0 fe df 
031810  a0 fe df a0 fe df a0 fe df a0 fe df a0 fe df a0 
031820  fe df a0 fe df a0 fe df a0 fe df a0 fe df a0 fe 
031830  df a0 fe df a0 fe df a0 fe df a0 fe df a0 fe df 
031840  a0 fe df a0 fe df a0 fe df a0 fe df a0 fe df a0 
031850  fe df a0 fe df a0 fe df a0 fe df a0 fe df a0 fe 
031860  df a0 fe df a0 fe df a0 fe df a0 fe df a0 fe df 
031870  a0 fe df a0 fe df a0 fe df a0 fe df a0 fe df a0 
031880  fe df a0 fe df a0 fe df a0 fe df a0 fe df a0 fe 
031890  df a0 fe df a0 fe df a0 fe df a0 fe df a0 fe df 
0318a0  a0 fe df a0 fe df a0 fe df a0 fe df a0 fe df a0 
0318b0  fe df a0 fe df a0 fe df a0 fe df a0 fe df a0 fe 
0318c0  df a0 fe df a0 fe df a0 fe df a0 fe df a0 fe df 
0318d0  a0 fe df a0 fe df a0 fe df a0 fe df a0 fe df a0 
0318e0  fe df a0 fe df a0 fe df a0 fe df a0 fe df a0 fe 
0318f0  df a0 fe df a0 fe df a0 fe df a0 fe df a0 fe df 
031900  a0 fe df a0 fe df a0 fe df a0 fe df a0 fe df a0 
031910  fe df a0 fe df a0 fe df a0 fe df a0 fe df a0 fe 
031920  df a0 fe df a0 fe df a0 fe df a0 fe df a0 fe df 
031930  a0 fe df a0 fe df a0 fe df a0 fe df a0 fe df a0 
031940  fe df a0 fe df a0 fe df a0 fe df a0 fe df a0 fe 
031950  df a0 fe df a0 fe df a0 fe df a0 fe df a0 fe df 
031960  a0 fe df a0 fe df a0 fe df a0 fe df a0 fe df a0 
031970  fe df a0 fe df a0 fe df a0 fe df a0 fe df a0 fe 
031980  df a0 fe df a0 fe df a0 fe df a0 fe df a0 fe df 
031990  a0 fe df a0 fe df a0 fe df a0 fe df a0 fe df a0 
0319a0  fe df a0 fe df a0 fe df a0 fe df a0 fe df a0 fe 
0319b0  df a0 fe df a0 fe df a0 fe df a0 fe df a0 fe df 
0319c0  a0 fe df a0 fe df a0 fe df a0 fe df a0 fe df a0 
0319d0  fe df a0 fe df a0 fe df a0 fe df a0 fe df a0 fe 
0319e0  df a0 fe df a0 fe df a0 fe df a0 fe df a0 fe df 
0319f0  a0 fe df a0 fe df a0 fe df a0 fe df a0 fe df a0 
031a00  fe df a0 fe df a0 fe df a0 fe df a0 fe df a0 fe 
031a10  df a0 fe df a0 fe df a0 fe df a0 fe df a0 fe df 
031a20  a0 fe df a0 fe df a0 fe df a0 fe df a0 fe df a0 
031a30  fe df a0 fe df a0 fe df a0 fe df a0 fe df a0 fe 
031a40  df a0 fe df a0 fe df a0 fe df a0 fe df a0 fe df 
031a50  a0 fe df a0 fe df a0 fe df a0 fe df a0 fe df a0 
031a60  fe df a0 fe df a0 fe df a0 fe df a0 fe df a0 fe 
031a70  df a0 fe df a0 fe df a0 fe df a0 fe df a0 fe df 
031a80  a0 fe df a0 fe df a0 fe df a0 fe df a0 fe df a0 
031a90  fe df a0 fe df a0 fe df a0 fe df a0 fe df a0 fe 
031aa0  df a0 fe df a0 fe df a0 fe df a0 fe df a0 fe df 
031ab0  a0 fe df a0 fe df a0 fe df a0 fe df a0 fe df a0 
031ac0  fe df a0 fe df a0 fe df a0 fe df a0 fe df a0 fe 
031ad0  df a0 fe df a0 fe df a0 fe df a0 fe df a0 fe df 
031ae0  a0 fe df a0 fe df a0 fe df a0 fe df a0 fe df a0 
031af0  fe df a0 fe df a0 fe df a0 fe df a0 fe df a0 fe 
031b00  df a0 fe df a0 fe df a0 fe df a0 fe df a0 fe df 
031b10  a0 fe df a0 fe df a0 fe df a0 fe df a0 fe df a0 
031b20  fe df a0 fe df a0 fe df a0 fe df a0 fe df a0 fe 
031b30  df a0 fe df a0 fe df a0 fe df a0 fe df a0 fe df 
031b40  a0 fe df a0 fe df a0 fe df a0 fe df a0 fe df a0 
031b50  fe df a0 fe df a0 fe df a0 fe df a0 fe df a0 fe 
031b60  df a0 fe df a0 fe df a0 fe df a0 fe df a0 fe df 
031b70  a0 fe df a0 fe df a0 fe df a0 fe df a0 fe df a0 
031b80  fe df a0 fe df a0 fe df a0 fe df a0 fe df a0 fe 
031b90  df a0 fe df a0 fe df a0 fe df a0 fe df a0 fe df 
031ba0  a0 fe df a0 fe df a0 fe df a0 fe df a0 fe df a0 
031bb0  fe df a0 fe df a0 fe df a0 fe df a0 fe df a0 fe 
031bc0  df a0 fe df a0 fe df a0 fe df a0 fe df a0 fe df 
031bd0  a0 fe df a0 fe df a0 fe df a0 fe df a0 fe df a0 
031be0  fe df a0 fe df a0 fe df a0 fe df a0 fe df a0 fe 
031bf0  df a0 fe df a0 fe df a0 fe df a0 fe df a0 fe df 
031c00  a0 fe df a0 fe df a0 fe df a0 fe df a0 fe df a0 
031c10  fe df a0 fe df a0 fe df a0 fe df a0 fe df a0 fe 
031c20  df a0 fe df a0 fe df a0 fe df a0 fe df a0 fe df 
031c30  a0 fe df a0 fe df a0 fe df a0 fe df a0 fe df a0 
031c40  fe df a0 fe df a0 fe df a0 fe df a0 fe df a0 fe 
031c50  df a0 fe df a0 fe df a0 fe df a0 fe df a0 fe df 
031c60  a0 fe df a0 fe df a0 fe df a0 fe df a0 fe df a0 
031c70  fe df a0 fe df a0 fe df a0 fe df a0 fe df a0 fe 
031c80  df a0 fe df a0 fe df a0 fe df a0 fe df a0 fe df 
031c90  a0 fe df a0 fe df a0 fe df a0 fe df a0 fe df a0 
031ca0  fe df a0 fe df a0 fe df a0 fe df a0 fe df a0 fe 
031cb0  df a0 fe df a0 fe df a0 fe df a0 fe df a0 fe df 
031cc0  a0 fe df a0 fe df a0 fe df a0 fe df a0 fe df a0 
031cd0  fe df a0 fe df a0 fe df a0 fe df a0 fe df a0 fe 
031ce0  df a0 fe df a0 fe df a0 fe df a0 fe df a0 fe df 
031cf0  a0 fe df a0 fe df a0 fe df a0 fe df a0 fe df a0 
031d00  fe df a0 fe df a0 fe df a0 fe df a0 fe df a0 fe 
031d10  df a0 fe df a0 fe df a0 fe df a0 fe df a0 fe df 
031d20  a0 fe df a0 fe df a0 fe df a0 fe df a0 fe df a0 
031d30  fe df a0 fe df a0 fe df a0 fe df a0 fe df a0 fe 
031d40  df a0 fe df a0 fe df a0 fe df a0 fe df a0 fe df 
031d50  a0 fe df a0 fe df a0 fe df a0 fe df a0 fe df a0 
031d60  fe df a0 fe df a0 fe df a0 fe df a0 fe df a0 fe 
031d70  df a0 fe df a0 fe df a0 fe df a0 fe df a0 fe df 
031d80  a0 fe df a0 fe df a0 fe df a0 fe df a0 fe df a0 
031d90  fe df a0 fe df a0 fe df a0 fe df a0 fe df a0 fe 
031da0  df a0 fe df a0 fe df a0 fe df a0 fe df a0 fe df 
031db0  a0 fe df a0 fe df a0 fe df a0 fe df a0 fe df a0 
031dc0  fe df a0 fe df a0 fe df a0 fe df a0 fe df a0 fe 
031dd0  df a0 fe df a0 fe df a0 fe df a0 fe df a0 fe df 
031de0  a0 fe df a0 fe df a0 fe df a0 fe df a0 fe df a0 
031df0  fe df a0 fe df a0 fe df a0 fe df a0 fe df a0 fe 
031e00  df a0 fe df a0 fe df a0 fe df a0 fe df a0 fe df 
031e10  a0 fe df a0 fe df a0 fe df a0 fe df a0 fe df a0 
031e20  fe df a0 fe df a0 fe df a0 fe df a0 fe df a0 fe 
031e30  df a0 fe df a0 fe df a0 fe df a0 fe df a0 fe df 
031e40  a0 fe df a0 fe df a0 fe df a0 fe df a0 fe df a0 
031e50  fe df a0 fe df a0 fe df a0 fe df a0 fe df a0 fe 
031e60  df a0 fe df a0 fe df a0 fe df a0 fe df a0 fe df 
031e70  a0 fe df a0 fe df a0 fe df a0 fe df a0 fe df a0 
031e80  fe df a0 fe df a0 fe df a0 fe df a0 fe df a0 fe 
031e90  df a0 fe df a0 fe df a0 fe df a0 fe df a0 fe df 
031ea0  a0 fe df a0 fe df a0 fe df a0 fe df a0 fe df a0 
031eb0  fe df a0 fe df a0 fe df a0 fe df a0 fe df a0 fe 
031ec0  df a0 fe df a0 fe df a0 fe df a0 fe df a0 fe df 
031ed0  a0 fe df a0 fe df a0 fe df a0 fe df a0 fe df a0 
031ee0  fe df a0 fe df a0 fe df a0 fe df a0 fe df a0 fe 
031ef0  df a0 fe df a0 fe df a0 fe df a0 fe df a0 fe df 
031f00  a0 fe df a0 fe df a0 fe df a0 fe df a0 fe df a0 
031f10  fe df a0 fe df a0 fe df a0 fe df a0 fe df a0 fe 
031f20  df a0 fe df a0 fe df a0 fe df a0 fe df a0 fe df 
031f30  a0 fe df a0 fe df a0 fe df a0 fe df a0 fe df a0 
031f40  fe df a0 fe df a0 fe df a0 fe df a0 fe df a0 fe 
031f50  df a0 fe df a0 fe df a0 fe df a0 fe df a0 fe df 
031f60  a0 fe df a0 fe df a0 fe df a0 fe df a0 fe df a0 
031f70  fe df a0 fe df a0 fe df a0 fe df a0 fe df a0 fe 
031f80  df a0 fe df a0 fe df a0 fe df a0 fe df a0 fe df 
031f90  a0 fe df a0 fe df a0 fe df a0 fe df a0 fe df a0 
031fa0  fe df a0 fe df a0 fe df a0 fe df a0 fe df a0 fe 
031fb0  df a0 fe df a0 fe df a0 fe df a0 fe df a0 fe df 
031fc0  a0 fe df a0 fe df a0 fe df a0 fe df a0 fe df a0 
031fd0  fe df a0 fe df a0 fe df a0 fe df a0 fe df a0 fe 
031fe0  df a0 fe df a0 fe df a0 fe df a0 fe df a0 fe df 
031ff0  a0 fe df a0 fe df a0 fe df a0 fe df a0 fe df a0 
032000  fe df a0 fe df a0 fe df a0 fe df a0 fe df a0 fe 
032010  df a0 fe df a0 fe df a0 fe df a0 fe df a0 fe df 
032020  a0 fe df a0 fe df a0 fe df a0 fe df a0 fe df a0 
032030  fe df a0 fe df a0 fe df a0 fe df a0 fe df a0 fe 
032040  df a0 fe df a0 fe df a0 fe df a0 fe df a0 fe df 
032050  a0 fe df a0 fe df a0 fe df a0 fe df a0 fe df a0 
032060  fe df a0 fe df a0 fe df a0 fe df a0 fe df a0 fe 
032070  df a0 fe df a0 fe df a0 fe df a0 fe df a0 fe df 
032080  a0 fe df a0 fe df a0 fe df a0 fe df a0 fe df a0 
032090  fe df a0 fe df a0 fe df a0 fe df a0 fe df a0 fe 
0320a0  df a0 fe df a0 fe df a0 fe df a0 fe df a0 fe df 
0320b0  a0 fe df a0 fe df a0 fe df a0 fe df a0 fe df a0 
0320c0  fe df a0 fe df a0 fe df a0 fe df a0 fe df a0 fe 
0320d0  df a0 fe df a0 fe df a0 fe df a0 fe df a0 fe df 
0320e0  a0 fe df a0 fe df a0 fe df a0 fe df a0 fe df a0 
0320f0  fe df a0 fe df a0 fe df a0 fe df a0 fe df a0 fe 
032100  df a0 fe df a0 fe df a0 fe df a0 fe df a0 fe df 
032110  a0 fe df a0 fe df a0 fe df a0 fe df a0 fe df a0 
032120  fe df a0 fe df a0 fe df a0 fe df a0 fe df a0 fe 
032130  df a0 fe df a0 fe df a0 fe df a0 fe df a0 fe df 
032140  a0 fe df a0 fe df a0 fe df a0 fe df a0 fe df a0 
032150  fe df a0 fe df a0 fe df a0 fe df a0 fe df a0 fe 
032160  df a0 fe df a0 fe df a0 fe df a0 fe df a0 fe df 
032170  a0 fe df a0 fe df a0 fe df a0 fe df a0 fe df a0 
032180  fe df a0 fe df a0 fe df a0 fe df a0 fe df a0 fe 
032190  df a0 fe df a0 fe df a0 fe df a0 fe df a0 fe df 
0321a0  a0 fe df a0 fe df a0 fe df a0 fe df a0 fe df a0 
0321b0  fe df a0 fe df a0 fe df a0 fe df a0 fe df a0 fe 
0321c0  df a0 fe df a0 fe df a0 fe df a0 fe df a0 fe df 
0321d0  a0 fe df a0 fe df a0 fe df a0 fe df a0 fe df a0 
0321e0  fe df a0 fe df a0 fe df a0 fe df a0 fe df a0 fe 
0321f0  df a0 fe df a0 fe df a0 fe df a0 fe df a0 fe df 
032200  a0 fe df a0 fe df a0 fe df a0 fe df a0 fe df a0 
032210  fe df a0 fe df a0 fe df a0 fe df a0 fe df a0 fe 
032220  df a0 fe df a0 fe df a0 fe df a0 fe df a0 fe df 
032230  a0 fe df a0 fe df a0 fe df a0 fe df a0 fe df a0 
032240  fe df a0 fe df a0 fe df a0 fe df a0 fe df a0 fe 
032250  df a0 fe df a0 fe df a0 fe df a0 fe df a0 fe df 
032260  a0 fe df a0 fe df a0 fe df a0 fe df a0 fe df a0 
032270  fe df a0 fe df a0 fe df a0 fe df a0 fe df a0 fe 
032280  df a0 fe df a0 fe df a0 fe df a0 fe df a0 fe df 
032290  a0 fe df a0 fe df a0 fe df a0 fe df a0 fe df a0 
0322a0  fe df a0 fe df a0 fe df a0 fe df a0 fe df a0 fe 
0322b0  df a0 fe df a0 fe df a0 fe df a0 fe df a0 fe df 
0322c0  a0 fe df a0 fe df a0 fe df a0 fe df a0 fe df a0 
0322d0  fe df a0 fe df a0 fe df a0 fe df a0 fe df a0 fe 
0322e0  df a0 fe df a0 fe df a0 fe df a0 fe df a0 fe df 
0322f0  a0 fe df a0 fe df a0 fe df a0 fe df a0 fe df a0 
032300  fe df a0 fe df a0 fe df a0 fe df a0 fe df a0 fe 
032310  df a0 fe df a0 fe df a0 fe df a0 fe df a0 fe df 
032320  a0 fe df a0 fe df a0 fe df a0 fe df a0 fe df a0 
032330  fe df a0 fe df a0 fe df a0 fe df a0 fe df a0 fe 
032340  df a0 fe df a0 fe df a0 fe df a0 fe df a0 fe df 
032350  a0 fe df a0 fe df a0 fe df a0 fe df a0 fe df a0 
032360  fe df a0 fe df a0 fe df a0 fe df a0 fe df a0 fe 
032370  df a0 fe df a0 fe df a0 fe df a0 fe df a0 fe df 
032380  a0 fe df a0 fe df a0 fe df a0 fe df a0 fe df a0 
032390  fe df a0 fe df a0 fe df a0 fe df a0 fe df a0 fe 
0323a0  df a0 fe df a0 fe df a0 fe df a0 fe df a0 fe df 
0323b0  a0 fe df a0 fe df a0 fe df a0 fe df a0 fe df a0 
0323c0  fe df a0 fe df a0 fe df a0 fe df a0 fe df a0 fe 
0323d0  df a0 fe df a0 fe df a0 fe df a0 fe df a0 fe df 
0323e0  a0 fe df a0 fe df a0 fe df a0 fe df a0 fe df a0 
0323f0  fe df a0 fe df a0 fe df a0 fe df a0 fe df a0 fe 
032400  df a0 fe df a0 fe df a0 fe df a0 fe df a0 fe df 
032410  a0 fe df a0 fe df a0 fe df a0 fe df a0 fe df a0 
032420  fe df a0 fe df a0 fe df a0 fe df a0 fe df a0 fe 
032430  df a0 fe df a0 fe df a0 fe df a0 fe df a0 fe df 
032440  a0 fe df a0 fe df a0 fe df a0 fe df a0 fe df a0 
032450  fe df a0 fe df a0 fe df a0 fe df a0 fe df a0 fe 
032460  df a0 fe df a0 fe df a0 fe df a0 fe df a0 fe df 
032470  a0 fe df a0 fe df a0 fe df a0 fe df a0 fe df a0 
032480  fe df a0 fe df a0 fe df a0 fe df a0 fe df a0 fe 
032490  df a0 fe df a0 fe df a0 fe df a0 fe df a0 fe df 
0324a0  a0 fe df a0 fe df a0 fe df a0 fe df a0 fe df a0 
0324b0  fe df a0 fe df a0 fe df a0 fe df a0 fe df a0 fe 
0324c0  df a0 fe df a0 fe df a0 fe df a0 fe df a0 fe df 
0324d0  a0 fe df a0 fe df a0 fe df a0 fe df a0 fe df a0 
0324e0  fe df a0 fe df a0 fe df a0 fe df a0 fe df a0 fe 
0324f0  df a0 fe df a0 fe df a0 fe df a0 fe df a0 fe df 
032500  a0 fe df a0 fe df a0 fe df a0 fe df a0 fe df a0 
032510  fe df a0 fe df a0 fe df a0 fe df a0 fe df a0 fe 
032520  df a0 fe df a0 fe df a0 fe df a0 fe df a0 fe df 
032530  a0 fe df a0 fe df a0 fe df a0 fe df a0 fe df a0 
032540  fe df a0 fe df a0 fe df a0 fe df a0 fe df a0 fe 
032550  df a0 fe df a0 fe df a0 fe df a0 fe df a0 fe df 
032560  a0 fe df a0 fe df a0 fe df a0 fe df a0 fe df a0 
032570  fe df a0 fe df a0 fe df a0 fe df a0 fe df a0 fe 
032580  df a0 fe df a0 fe df a0 fe df a0 fe df a0 fe df 
032590  a0 fe df a0 fe df a0 fe df a0 fe df a0 fe df a0 
0325a0  fe df a0 fe df a0 fe df a0 fe df a0 fe df a0 fe 
0325b0  df a0 fe df a0 fe df a0 fe df a0 fe df a0 fe df 
0325c0  a0 fe df a0 fe df a0 fe df a0 fe df a0 fe df a0 
0325d0  fe df a0 fe df a0 fe df a0 fe df a0 fe df a0 fe 
0325e0  df a0 fe df a0 fe df a0 fe df a0 fe df a0 fe df 
0325f0  a0 fe df a0 fe df a0 fe df a0 fe df a0 fe df a0 
032600  fe df a0 fe df a0 fe df a0 fe df a0 fe df a0 fe 
032610  df a0 fe df a0 fe df a0 fe df a0 fe df a0 fe df 
032620  a0 fe df a0 fe df a0 fe df a0 fe df a0 fe df a0 
032630  fe df a0 fe df a0 fe df a0 fe df a0 fe df a0 fe 
032640  df a0 fe df a0 fe df a0 fe df a0 fe df a0 fe df 
032650  a0 fe df a0 fe df a0 fe df a0 fe df a0 fe df a0 
032660  fe df a0 fe df a0 fe df a0 fe df a0 fe df a0 fe 
032670  df a0 fe df a0 fe df a0 fe df a0 fe df a0 fe df 
032680  a0 fe df a0 fe df a0 fe df a0 fe df a0 fe df a0 
032690  fe df a0 fe df a0 fe df a0 fe df a0 fe df a0 fe 
0326a0  df a0 fe df a0 fe df a0 fe df a0 fe df a0 fe df 
0326b0  a0 fe df a0 fe df a0 fe df a0 fe df a0 fe df a0 
0326c0  fe df a0 fe df a0 fe df a0 fe df a0 fe df a0 fe 
0326d0  df a0 fe df a0 fe df a0 fe df a0 fe df a0 fe df 
0326e0  a0 fe df a0 fe df a0 fe df a0 fe df a0 fe df a0 
0326f0  fe df a0 fe df a0 fe df a0 fe df a0 fe df a0 fe 
032700  df a0 fe df a0 fe df a0 fe df a0 fe df a0 fe df 
032710  a0 fe df a0 fe df a0 fe df a0 fe df a0 fe df a0 
032720  fe df a0 fe df a0 fe df a0 fe df a0 fe df a0 fe 
032730  df a0 fe df a0 fe df a0 fe df a0 fe df a0 fe df 
032740  a0 fe df a0 fe df a0 fe df a0 fe df a0 fe df a0 
032750  fe df a0 fe df a0 fe df a0 fe df a0 fe df a0 fe 
032760  df a0 fe df a0 fe df a0 fe df a0 fe df a0 fe df 
032770  a0 fe df a0 fe df a0 fe df a0 fe df a0 fe df a0 
032780  fe df a0 fe df a0 fe df a0 fe df a0 fe df a0 fe 
032790  df a0 fe df a0 fe df a0 fe df a0 fe df a0 fe df 
0327a0  a0 fe df a0 fe df a0 fe df a0 fe df a0 fe df a0 
0327b0  fe df a0 fe df a0 fe df a0 fe df a0 fe df a0 fe 
0327c0  df a0 fe df a0 fe df a0 fe df a0 fe df a0 fe df 
0327d0  a0 fe df a0 fe df a0 fe df a0 fe df a0 fe df a0 
0327e0  fe df a0 fe df a0 fe df a0 fe df a0 fe df a0 fe 
0327f0  df a0 fe df a0 fe df a0 fe df a0 fe df a0 fe df 
032800  a0 fe df a0 fe df a0 fe df a0 fe df a0 fe df a0 
032810  fe df a0 fe df a0 fe df a0 fe df a0 fe df a0 fe 
032820  df a0 fe df a0 fe df a0 fe df a0 fe df a0 fe df 
032830  a0 fe df a0 fe df a0 fe df a0 fe df a0 fe df a0 
032840  fe df a0 fe df a0 fe df a0 fe df a0 fe df a0 fe 
032850  df a0 fe df a0 fe df a0 fe df a0 fe df a0 fe df 
032860  a0 fe df a0 fe df a0 fe df a0 fe df a0 fe df a0 
032870  fe df a0 fe df a0 fe df a0 fe df a0 fe df a0 fe 
032880  df a0 fe df a0 fe df a0 fe df a0 fe df a0 fe df 
032890  a0 fe df a0 fe df a0 fe df a0 fe df a0 fe df a0 
0328a0  fe df a0 fe df a0 fe df a0 fe df a0 fe df a0 fe 
0328b0  df a0 fe df a0 fe df a0 fe df a0 fe df a0 fe df 
0328c0  a0 fe df a0 fe df a0 fe df a0 fe df a0 fe df a0 
0328d0  fe df a0 fe df a0 fe df a0 fe df a0 fe df a0 fe 
0328e0  df a0 fe df a0 fe df a0 fe df a0 fe df a0 fe df 
0328f0  a0 fe df a0 fe df a0 fe df a0 fe df a0 fe df a0 
032900  fe df a0 fe df a0 fe df a0 fe df a0 fe df a0 fe 
032910  df a0 fe df a0 fe df a0 fe df a0 fe df a0 fe df 
032920  a0 fe df a0 fe df a0 fe df a0 fe df a0 fe df a0 
032930  fe df a0 fe df a0 fe df a0 fe df a0 fe df a0 fe 
032940  df a0 fe df a0 fe df a0 fe df a0 fe df a0 fe df 
032950  a0 fe df a0 fe df a0 fe df a0 fe df a0 fe df a0 
032960  fe df a0 fe df a0 fe df a0 fe df a0 fe df a0 fe 
032970  df a0 fe df a0 fe df a0 fe df a0 fe df a0 fe df 
032980  a0 fe df a0 fe df a0 fe df a0 fe df a0 fe df a0 
032990  fe df a0 fe df a0 fe df a0 fe df a0 fe df a0 fe 
0329a0  df a0 fe df a0 fe df a0 fe df a0 fe df a0 fe df 
0329b0  a0 fe df a0 fe df a0 fe df a0 fe df a0 fe df a0 
0329c0  fe df a0 fe df a0 fe df a0 fe df a0 fe df a0 fe 
0329d0  df a0 fe df a0 fe df a0 fe df a0 fe df a0 fe df 
0329e0  a0 fe df a0 fe df a0 fe df a0 fe df a0 fe df a0 
0329f0  fe df a0 fe df a0 fe df a0 fe df a0 fe df a0 fe 
032a00  df a0 fe df a0 fe df a0 fe df a0 fe df a0 fe df 
032a10  a0 fe df a0 fe df a0 fe df a0 fe df a0 fe df a0 
032a20  fe df a0 fe df a0 fe df a0 fe df a0 fe df a0 fe 
032a30  df a0 fe df a0 fe df a0 fe df a0 fe df a0 fe df 
032a40  a0 fe df a0 fe df a0 fe df a0 fe df a0 fe df a0 
032a50  fe df a0 fe df a0 fe df a0 fe df a0 fe df a0 fe 
032a60  df a0 fe df a0 fe df a0 fe df a0 fe df a0 fe df 
032a70  a0 fe df a0 fe df a0 fe df a0 fe df a0 fe df a0 
032a80  fe df a0 fe df a0 fe df a0 fe df a0 fe df a0 fe 
032a90  df a0 fe df a0 fe df a0 fe df a0 fe df a0 fe df 
032aa0  a0 fe df a0 fe df a0 fe df a0 fe df a0 fe df a0 
032ab0  fe df a0 fe df a0 fe df a0 fe df a0 fe df a0 fe 
032ac0  df a0 fe df a0 fe df a0 fe df a0 fe df a0 fe df 
032ad0  a0 fe df a0 fe df a0 fe df a0 fe df a0 fe df a0 
032ae0  fe df a0 fe df a0 fe df a0 fe df a0 fe df a0 fe 
032af0  df a0 fe df a0 fe df a0 fe df a0 fe df a0 fe df 
032b00  a0 fe df a0 fe df a0 fe df a0 fe df a0 fe df a0 
032b10  fe df a0 fe df a0 fe df a0 fe df a0 fe df a0 fe 
032b20  df a0 fe df a0 fe df a0 fe df a0 fe df a0 fe df 
032b30  a0 fe df a0 fe df a0 fe df a0 fe df a0 fe df a0 
032b40  fe df a0 fe df a0 fe df a0 fe df a0 fe df a0 fe 
032b50  df a0 fe df a0 fe df a0 fe df a0 fe df a0 fe df 
032b60  a0 fe df a0 fe df a0 fe df a0 fe df a0 fe df a0 
032b70  fe df a0 fe df a0 fe df a0 fe df a0 fe df a0 fe 
032b80  df a0 fe df a0 fe df a0 fe df a0 fe df a0 fe df 
032b90  a0 fe df a0 fe df a0 fe df a0 fe df a0 fe df a0 
032ba0  fe df a0 fe df a0 fe df a0 fe df a0 fe df a0 fe 
032bb0  df a0 fe df a0 fe df a0 fe df a0 fe df a0 fe df 
032bc0  a0 fe df a0 fe df a0 fe df a0 fe df a0 fe df a0 
032bd0  fe df a0 fe df a0 fe df a0 fe df a0 fe df a0 fe 
032be0  df a0 fe df a0 fe df a0 fe df a0 fe df a0 fe df 
032bf0  a0 fe df a0 fe df a0 fe df a0 fe df a0 fe df a0 
032c00  fe df a0 fe df a0 fe df a0 fe df a0 fe df a0 fe 
032c10  df a0 fe df a0 fe df a0 fe df a0 fe df a0 fe df 
032c20  a0 fe df a0 fe df a0 fe df a0 fe df a0 fe df a0 
032c30  fe df a0 fe df a0 fe df a0 fe df a0 fe df a0 fe 
032c40  df a0 fe df a0 fe df a0 fe df a0 fe df a0 fe df 
032c50  a0 fe df a0 fe df a0 fe df a0 fe df a0 fe df a0 
032c60  fe df a0 fe df a0 fe df a0 fe df a0 fe df a0 fe 
032c70  df a0 fe df a0 fe df a0 fe df a0 fe df a0 fe df 
032c80  a0 fe df a0 fe df a0 fe df a0 fe df a0 fe df a0 
032c90  fe df a0 fe df a0 fe df a0 fe df a0 fe df a0 fe 
032ca0  df a0 fe df a0 fe df a0 fe df a0 fe df a0 fe df 
032cb0  a0 fe df a0 fe df a0 fe df a0 fe df a0 fe df a0 
032cc0  fe df a0 fe df a0 fe df a0 fe df a0 fe df a0 fe 
032cd0  df a0 fe df a0 fe df a0 fe df a0 fe df a0 fe df 
032ce0  a0 fe df a0 fe df a0 fe df a0 fe df a0 fe df a0 
032cf0  fe df a0 fe df a0 fe df a0 fe df a0 fe df a0 fe 
032d00  df a0 fe df a0 fe df a0 fe df a0 fe df a0 fe df 
032d10  a0 fe df a0 fe df a0 fe df a0 fe df a0 fe df a0 
032d20  fe df a0 fe df a0 fe df a0 fe df a0 fe df a0 fe 
032d30  df a0 fe df a0 fe df a0 fe df a0 fe df a0 fe df 
032d40  a0 fe df a0 fe df a0 fe df a0 fe df a0 fe df a0 
032d50  fe df a0 fe df a0 fe df a0 fe df a0 fe df a0 fe 
032d60  df a0 fe df a0 fe df a0 fe df a0 fe df a0 fe df 
032d70  a0 fe df a0 fe df a0 fe df a0 fe df a0 fe df a0 
032d80  fe df a0 fe df a0 fe df a0 fe df a0 fe df a0 fe 
032d90  df a0 fe df a0 fe df a0 fe df a0 fe df a0 fe df 
032da0  a0 fe df a0 fe df a0 fe df a0 fe df a0 fe df a0 
032db0  fe df a0 fe df a0 fe df a0 fe df a0 fe df a0 fe 
032dc0  df a0 fe df a0 fe df a0 fe df a0 fe df a0 fe df 
032dd0  a0 fe df a0 fe df a0 fe df a0 fe df a0 fe df a0 
032de0  fe df a0 fe df a0 fe df a0 fe df a0 fe df a0 fe 
032df0  df a0 fe df a0 fe df a0 fe df a0 fe df a0 fe df 
032e00  a0 fe df a0 fe df a0 fe df a0 fe df a0 fe df a0 
032e10  fe df a0 fe df a0 fe df a0 fe df a0 fe df a0 fe 
032e20  df a0 fe df a0 fe df a0 fe df a0 fe df a0 fe df 
032e30  a0 fe df a0 fe df a0 fe df a0 fe df a0 fe df a0 
032e40  fe df a0 fe df a0 fe df a0 fe df a0 fe df a0 fe 
032e50  df a0 fe df a0 fe df a0 fe df a0 fe df a0 fe df 
032e60  a0 fe df a0 fe df a0 fe df a0 fe df a0 fe df a0 
032e70  fe df a0 fe df a0 fe df a0 fe df a0 fe df a0 fe 
032e80  df a0 fe df a0 fe df a0 fe df a0 fe df a0 fe df 
032e90  a0 fe df a0 fe df a0 fe df a0 fe df a0 fe df a0 
032ea0  fe df a0 fe df a0 fe df a0 fe df a0 fe df a0 fe 
032eb0  df a0 fe df a0 fe df a0 fe df a0 fe df a0 fe df 
032ec0  a0 fe df a0 fe df a0 fe df a0 fe df a0 fe df a0 
032ed0  fe df a0 fe df a0 fe df a0 fe df a0 fe df a0 fe 
032ee0  df a0 fe df a0 fe df a0 fe df a0 fe df a0 fe df 
032ef0  a0 fe df a0 fe df a0 fe df a0 fe df a0 fe df a0 
032f00  fe df a0 fe df a0 fe df a0 fe df a0 fe df a0 fe 
032f10  df a0 fe df a0 fe df a0 fe df a0 fe df a0 fe df 
032f20  a0 fe df a0 fe df a0 fe df a0 fe df a0 fe df a0 
032f30  fe df a0 fe df a0 fe df a0 fe df a0 fe df a0 fe 
032f40  df a0 fe df a0 fe df a0 fe df a0 fe df a0 fe df 
032f50  a0 fe df a0 fe df a0 fe df a0 fe df a0 fe df a0 
032f60  fe df a0 fe df a0 fe df a0 fe df a0 fe df a0 fe 
032f70  df a0 fe df a0 fe df a0 fe df a0 fe df a0 fe df 
032f80  a0 fe df a0 fe df a0 fe df a0 fe df a0 fe df a0 
032f90  fe df a0 fe df a0 fe df a0 fe df a0 fe df a0 fe 
032fa0  df a0 fe df a0 fe df a0 fe df a0 fe df a0 fe df 
032fb0  a0 fe df a0 fe df a0 fe df a0 fe df a0 fe df a0 
032fc0  fe df a0 fe df a0 fe df a0 fe df a0 fe df a0 fe 
032fd0  df a0 fe df a0 fe df a0 fe df a0 fe df a0 fe df 
032fe0  a0 fe df a0 fe df a0 fe df a0 fe df a0 fe df a0 
032ff0  fe df a0 fe df a0 fe df a0 fe df a0 fe df a0 fe 
033000  df a0 fe df a0 fe df a0 fe df a0 fe df a0 fe df 
033010  a0 fe df a0 fe df a0 fe df a0 fe df a0 fe df a0 
033020  fe df a0 fe df a0 fe df a0 fe df a0 fe df a0 fe 
033030  df a0 fe df a0 fe df a0 fe df a0 fe df a0 fe df 
033040  a0 fe df a0 fe df a0 fe df a0 fe df a0 fe df a0 
033050  fe df a0 fe df a0 fe df a0 fe df a0 fe df a0 fe 
033060  df a0 fe df a0 fe df a0 fe df a0 fe df a0 fe df 
033070  a0 fe df a0 fe df a0 fe df a0 fe df a0 fe df a0 
033080  fe df a0 fe df a0 fe df a0 fe df a0 fe df a0 fe 
033090  df a0 fe df a0 fe df a0 fe df a0 fe df a0 fe df 
0330a0  a0 fe df a0 fe df a0 fe df a0 fe df a0 fe df a0 
0330b0  fe df a0 fe df a0 fe df a0 fe df a0 fe df a0 fe 
0330c0  df a0 fe df a0 fe df a0 fe df a0 fe df a0 fe df 
0330d0  a0 fe df a0 fe df a0 fe df a0 fe df a0 fe df a0 
0330e0  fe df a0 fe df a0 fe df a0 fe df a0 fe df a0 fe 
0330f0  df a0 fe df a0 fe df a0 fe df a0 fe df a0 fe df 
033100  a0 fe df a0 fe df a0 fe df a0 fe df a0 fe df a0 
033110  fe df a0 fe df a0 fe df a0 fe df a0 fe df a0 fe 
033120  df a0 fe df a0 fe df a0 fe df a0 fe df a0 fe df 
033130  a0 fe df a0 fe df a0 fe df a0 fe df a0 fe df a0 
033140  fe df a0 fe df a0 fe df a0 fe df a0 fe df a0 fe 
033150  df a0 fe df a0 fe df a0 fe df a0 fe df a0 fe df 
033160  a0 fe df a0 fe df a0 fe df a0 fe df a0 fe df a0 
033170  fe df a0 fe df a0 fe df a0 fe df a0 fe df a0 fe 
033180  df a0 fe df a0 fe df a0 fe df a0 fe df a0 fe df 
033190  a0 fe df a0 fe df a0 fe df a0 fe df a0 fe df a0 
0331a0  fe df a0 fe df a0 fe df a0 fe df a0 fe df a0 fe 
0331b0  df a0 fe df a0 fe df a0 fe df a0 fe df a0 fe df 
0331c0  a0 fe df a0 fe df a0 fe df a0 fe df a0 fe df a0 
0331d0  fe df a0 fe df a0 fe df a0 fe df a0 fe df a0 fe 
0331e0  df a0 fe df a0 fe df a0 fe df a0 fe df a0 fe df 
0331f0  a0 fe df a0 fe df a0 fe df a0 fe df a0 fe df a0 
033200  fe df a0 fe df a0 fe df a0 fe df a0 fe df a0 fe 
033210  df a0 fe df a0 fe df a0 fe df a0 fe df a0 fe df 
033220  a0 fe df a0 fe df a0 fe df a0 fe df a0 fe df a0 
033230  fe df a0 fe df a0 fe df a0 fe df a0 fe df a0 fe 
033240  df a0 fe df a0 fe df a0 fe df a0 fe df a0 fe df 
033250  a0 fe df a0 fe df a0 fe df a0 fe df a0 fe df a0 
033260  fe df a0 fe df a0 fe df a0 fe df a0 fe df a0 fe 
033270  df a0 fe df a0 fe df a0 fe df a0 fe df a0 fe df 
033280  a0 fe df a0 fe df a0 fe df a0 fe df a0 fe df a0 
033290  fe df a0 fe df a0 fe df a0 fe df a0 fe df a0 fe 
0332a0  df a0 fe df a0 fe df a0 fe df a0 fe df a0 fe df 
0332b0  a0 fe df a0 fe df a0 fe df a0 fe df a0 fe df a0 
0332c0  fe df a0 fe df a0 fe df a0 fe df a0 fe df a0 fe 
0332d0  df a0 fe df a0 fe df a0 fe df a0 fe df a0 fe df 
0332e0  a0 fe df a0 fe df a0 fe df a0 fe df a0 fe df a0 
0332f0  fe df a0 fe df a0 fe df a0 fe df a0 fe df a0 fe 
033300  df a0 fe df a0 fe df a0 fe df a0 fe df a0 fe df 
033310  a0 fe df a0 fe df a0 fe df a0 fe df a0 fe df a0 
033320  fe df a0 fe df a0 fe df a0 fe df a0 fe df a0 fe 
033330  df a0 fe df a0 fe df a0 fe df a0 fe df a0 fe df 
033340  a0 fe df a0 fe df a0 fe df a0 fe df a0 fe df a0 
033350  fe df a0 fe df a0 fe df a0 fe df a0 fe df a0 fe 
033360  df a0 fe df a0 fe df a0 fe df a0 fe df a0 fe df 
033370  a0 fe df a0 fe df a0 fe df a0 fe df a0 fe df a0 
033380  fe df a0 fe df a0 fe df a0 fe df a0 fe df a0 fe 
033390  df a0 fe df a0 fe df a0 fe df a0 fe df a0 fe df 
0333a0  a0 fe df a0 fe df a0 fe df a0 fe df a0 fe df a0 
0333b0  fe df a0 fe df a0 fe df a0 fe df a0 fe df a0 fe 
0333c0  df a0 fe df a0 fe df a0 fe df a0 fe df a0 fe df 
0333d0  a0 fe df a0 fe df a0 fe df a0 fe df a0 fe df a0 
0333e0  fe df a0 fe df a0 fe df a0 fe df a0 fe df a0 fe 
0333f0  df a0 fe df a0 fe df a0 fe df a0 fe df a0 fe df 
033400  a0 fe df a0 fe df a0 fe df a0 fe df a0 fe df a0 
033410  fe df a0 fe df a0 fe df a0 fe df a0 fe df a0 fe 
033420  df a0 fe df a0 fe df a0 fe df a0 fe df a0 fe df 
033430  a0 fe df a0 fe df a0 fe df a0 fe df a0 fe df a0 
033440  fe df a0 fe df a0 fe df a0 fe df a0 fe df a0 fe 
033450  df a0 fe df a0 fe df a0 fe df a0 fe df a0 fe df 
033460  a0 fe df a0 fe df a0 fe df a0 fe df a0 fe df a0 
033470  fe df a0 fe df a0 fe df a0 fe df a0 fe df a0 fe 
033480  df a0 fe df a0 fe df a0 fe df a0 fe df a0 fe df 
033490  a0 fe df a0 fe df a0 fe df a0 fe df a0 fe df a0 
0334a0  fe df a0 fe df a0 fe df a0 fe df a0 fe df a0 fe 
0334b0  df a0 fe df a0 fe df a0 fe df a0 fe df a0 fe df 
0334c0  a0 fe df a0 fe df a0 fe df a0 fe df a0 fe df a0 
0334d0  fe df a0 fe df a0 fe df a0 fe df a0 fe df a0 fe 
0334e0  df a0 fe df a0 fe df a0 fe df a0 fe df a0 fe df 
0334f0  a0 fe df a0 fe df a0 fe df a0 fe df a0 fe df a0 
033500  fe df a0 fe df a0 fe df a0 fe df a0 fe df a0 fe 
033510  df a0 fe df a0 fe df a0 fe df a0 fe df a0 fe df 
033520  a0 fe df a0 fe df a0 fe df a0 fe df a0 fe df a0 
033530  fe df a0 fe df a0 fe df a0 fe df a0 fe df a0 fe 
033540  df a0 fe df a0 fe df a0 fe df a0 fe df a0 fe df 
033550  a0 fe df a0 fe df a0 fe df a0 fe df a0 fe df a0 
033560  fe df a0 fe df a0 fe df a0 fe df a0 fe df a0 fe 
033570  df a0 fe df a0 fe df a0 fe df a0 fe df a0 fe df 
033580  a0 fe df a0 fe df a0 fe df a0 fe df a0 fe df a0 
033590  fe df a0 fe df a0 fe df a0 fe df a0 fe df a0 fe 
0335a0  df a0 fe df a0 fe df a0 fe df a0 fe df a0 fe df 
0335b0  a0 fe df a0 fe df a0 fe df a0 fe df a0 fe df a0 
0335c0  fe df a0 fe df a0 fe df a0 fe df a0 fe df a0 fe 
0335d0  df a0 fe df a0 fe df a0 fe df a0 fe df a0 fe df 
0335e0  a0 fe df a0 fe df a0 fe df a0 fe df a0 fe df a0 
0335f0  fe df a0 fe df a0 fe df a0 fe df a0 fe df a0 fe 
033600  df a0 fe df a0 fe df a0 fe df a0 fe df a0 fe df 
033610  a0 fe df a0 fe df a0 fe df a0 fe df a0 fe df a0 
033620  fe df a0 fe df a0 fe df a0 fe df a0 fe df a0 fe 
033630  df a0 fe df a0 fe df a0 fe df a0 fe df a0 fe df 
033640  a0 fe df a0 fe df a0 fe df a0 fe df a0 fe df a0 
033650  fe df a0 fe df a0 fe df a0 fe df a0 fe df a0 fe 
033660  df a0 fe df a0 fe df a0 fe df a0 fe df a0 fe df 
033670  a0 fe df a0 fe df a0 fe df a0 fe df a0 fe df a0 
033680  fe df a0 fe df a0 fe df a0 fe df a0 fe df a0 fe 
033690  df a0 fe df a0 fe df a0 fe df a0 fe df a0 fe df 
0336a0  a0 fe df a0 fe df a0 fe df a0 fe df a0 fe df a0 
0336b0  fe df a0 fe df a0 fe df a0 fe df a0 fe df a0 fe 
0336c0  df a0 fe df a0 fe df a0 fe df a0 fe df a0 fe df 
0336d0  a0 fe df a0 fe df a0 fe df a0 fe df a0 fe df a0 
0336e0  fe df a0 fe df a0 fe df a0 fe df a0 fe df a0 fe 
0336f0  df a0 fe df a0 fe df a0 fe df a0 fe df a0 fe df 
033700  a0 fe df a0 fe df a0 fe df a0 fe df a0 fe df a0 
033710  fe df a0 fe df a0 fe df a0 fe df a0 fe df a0 fe 
033720  df a0 fe df a0 fe df a0 fe df a0 fe df a0 fe df 
033730  a0 fe df a0 fe df a0 fe df a0 fe df a0 fe df a0 
033740  fe df a0 fe df a0 fe df a0 fe df a0 fe df a0 fe 
033750  df a0 fe df a0 fe df a0 fe df a0 fe df a0 fe df 
033760  a0 fe df a0 fe df a0 fe df a0 fe df a0 fe df a0 
033770  fe df a0 fe df a0 fe df a0 fe df a0 fe df a0 fe 
033780  df a0 fe df a0 fe df a0 fe df a0 fe df a0 fe df 
033790  a0 fe df a0 fe df a0 fe df a0 fe df a0 fe df a0 
0337a0  fe df a0 fe df a0 fe df a0 fe df a0 fe df a0 fe 
0337b0  df a0 fe df a0 fe df a0 fe df a0 fe df a0 fe df 
0337c0  a0 fe df a0 fe df a0 fe df a0 fe df a0 fe df a0 
0337d0  fe df a0 fe df a0 fe df a0 fe df a0 fe df a0 fe 
0337e0  df a0 fe df a0 fe df a0 fe df a0 fe df a0 fe df 
0337f0  a0 fe df a0 fe df a0 fe df a0 fe df a0 fe df a0 
033800  fe df a0 fe df a0 fe df a0 fe df a0 fe df a0 fe 
033810  df a0 fe df a0 fe df a0 fe df a0 fe df a0 fe df 
033820  a0 fe df a0 fe df a0 fe df a0 fe df a0 fe df a0 
033830  fe df a0 fe df a0 fe df a0 fe df a0 fe df a0 fe 
033840  df a0 fe df a0 fe df a0 fe df a0 fe df a0 fe df 
033850  a0 fe df a0 fe df a0 fe df a0 fe df a0 fe df a0 
033860  fe df a0 fe df a0 fe df a0 fe df a0 fe df a0 fe 
033870  df a0 fe df a0 fe df a0 fe df a0 fe df a0 fe df 
033880  a0 fe df a0 fe df a0 fe df a0 fe df a0 fe df a0 
033890  fe df a0 fe df a0 fe df a0 fe df a0 fe df a0 fe 
0338a0  df a0 fe df a0 fe df a0 fe df a0 fe df a0 fe df 
0338b0  a0 fe df a0 fe df a0 fe df a0 fe df a0 fe df a0 
0338c0  fe df a0 fe df a0 fe df a0 fe df a0 fe df a0 fe 
0338d0  df a0 fe df a0 fe df a0 fe df a0 fe df a0 fe df 
0338e0  a0 fe df a0 fe df a0 fe df a0 fe df a0 fe df a0 
0338f0  fe df a0 fe df a0 fe df a0 fe df a0 fe df a0 fe 
033900  df a0 fe df a0 fe df a0 fe df a0 fe df a0 fe df 
033910  a0 fe df a0 fe df a0 fe df a0 fe df a0 fe df a0 
033920  fe df a0 fe df a0 fe df a0 fe df a0 fe df a0 fe 
033930  df a0 fe df a0 fe df a0 fe df a0 fe df a0 fe df 
033940  a0 fe df a0 fe df a0 fe df a0 fe df a0 fe df a0 
033950  fe df a0 fe df a0 fe df a0 fe df a0 fe df a0 fe 
033960  df a0 fe df a0 fe df a0 fe df a0 fe df a0 fe df 
033970  a0 fe df a0 fe df a0 fe df a0 fe df a0 fe df a0 
033980  fe df a0 fe df a0 fe df a0 fe df a0 fe df a0 fe 
033990  df a0 fe df a0 fe df a0 fe df a0 fe df a0 fe df 
0339a0  a0 fe df a0 fe df a0 fe df a0 fe df a0 fe df a0 
0339b0  fe df a0 fe df a0 fe df a0 fe df a0 fe df a0 fe 
0339c0  df a0 fe df a0 fe df a0 fe df a0 fe df a0 fe df 
0339d0  a0 fe df a0 fe df a0 fe df a0 fe df a0 fe df a0 
0339e0  fe df a0 fe df a0 fe df a0 fe df a0 fe df a0 fe 
0339f0  df a0 fe df a0 fe df a0 fe df a0 fe df a0 fe df 
033a00  a0 fe df a0 fe df a0 fe df a0 fe df a0 fe df a0 
033a10  fe df a0 fe df a0 fe df a0 fe df a0 fe df a0 fe 
033a20  df a0 fe df a0 fe df a0 fe df a0 fe df a0 fe df 
033a30  a0 fe df a0 fe df a0 fe df a0 fe df a0 fe df a0 
033a40  fe df a0 fe df a0 fe df a0 fe df a0 fe df a0 fe 
033a50  df a0 fe df a0 fe df a0 fe df a0 fe df a0 fe df 
033a60  a0 fe df a0 fe df a0 fe df a0 fe df a0 fe df a0 
033a70  fe df a0 fe df a0 fe df a0 fe df a0 fe df a0 fe 
033a80  df a0 fe df a0 fe df a0 fe df a0 fe df a0 fe df 
033a90  a0 fe df a0 fe df a0 fe df a0 fe df a0 fe df a0 
033aa0  fe df a0 fe df a0 fe df a0 fe df a0 fe df a0 fe 
033ab0  df a0 fe df a0 fe df a0 fe df a0 fe df a0 fe df 
033ac0  a0 fe df a0 fe df a0 fe df a0 fe df a0 fe df a0 
033ad0  fe df a0 fe df a0 fe df a0 fe df a0 fe df a0 fe 
033ae0  df a0 fe df a0 fe df a0 fe df a0 fe df a0 fe df 
033af0  a0 fe df a0 fe df a0 fe df a0 fe df a0 fe df a0 
033b00  fe df a0 fe df a0 fe df a0 fe df a0 fe df a0 fe 
033b10  df a0 fe df a0 fe df a0 fe df a0 fe df a0 fe df 
033b20  a0 fe df a0 fe df a0 fe df a0 fe df a0 fe df a0 
033b30  fe df a0 fe df a0 fe df a0 fe df a0 fe df a0 fe 
033b40  df a0 fe df a0 fe df a0 fe df a0 fe df a0 fe df 
033b50  a0 fe df a0 fe df a0 fe df a0 fe df a0 fe df a0 
033b60  fe df a0 fe df a0 fe df a0 fe df a0 fe df a0 fe 
033b70  df a0 fe df a0 fe df a0 fe df a0 fe df a0 fe df 
033b80  a0 fe df a0 fe df a0 fe df a0 fe df a0 fe df a0 
033b90  fe df a0 fe df a0 fe df a0 fe df a0 fe df a0 fe 
033ba0  df a0 fe df a0 fe df a0 fe df a0 fe df a0 fe df 
033bb0  a0 fe df a0 fe df a0 fe df a0 fe df a0 fe df a0 
033bc0  fe df a0 fe df a0 fe df a0 fe df a0 fe df a0 fe 
033bd0  df a0 fe df a0 fe df a0 fe df a0 fe df a0 fe df 
033be0  a0 fe df a0 fe df a0 fe df a0 fe df a0 fe df a0 
033bf0  fe df a0 fe df a0 fe df a0 fe df a0 fe df a0 fe 
033c00  df a0 fe df a0 fe df a0 fe df a0 fe df a0 fe df 
033c10  a0 fe df a0 fe df a0 fe df a0 fe df a0 fe df a0 
033c20  fe df a0 fe df a0 fe df a0 fe df a0 fe df a0 fe 
033c30  df a0 fe df a0 fe df a0 fe df a0 fe df a0 fe df 
033c40  a0 fe df a0 fe df a0 fe df a0 fe df a0 fe df a0 
033c50  fe df a0 fe df a0 fe df a0 fe df a0 fe df a0 fe 
033c60  df a0 fe df a0 fe df a0 fe df a0 fe df a0 fe df 
033c70  a0 fe df a0 fe df a0 fe df a0 fe df a0 fe df a0 
033c80  fe df a0 fe df a0 fe df a0 fe df a0 fe df a0 fe 
033c90  df a0 fe df a0 fe df a0 fe df a0 fe df a0 fe df 
033ca0  a0 fe df a0 fe df a0 fe df a0 fe df a0 fe df a0 
033cb0  fe df a0 fe df a0 fe df a0 fe df a0 fe df a0 fe 
033cc0  df a0 fe df a0 fe df a0 fe df a0 fe df a0 fe df 
033cd0  a0 fe df a0 fe df a0 fe df a0 fe df a0 fe df a0 
033ce0  fe df a0 fe df a0 fe df a0 fe df a0 fe df a0 fe 
033cf0  df a0 fe df a0 fe df a0 fe df a0 fe df a0 fe df 
033d00  a0 fe df a0 fe df a0 fe df a0 fe df a0 fe df a0 
033d10  fe df a0 fe df a0 fe df a0 fe df a0 fe df a0 fe 
033d20  df a0 fe df a0 fe df a0 fe df a0 fe df a0 fe df 
033d30  a0 fe df a0 fe df a0 fe df a0 fe df a0 fe df a0 
033d40  fe df a0 fe df a0 fe df a0 fe df a0 fe df a0 fe 
033d50  df a0 fe df a0 fe df a0 fe df a0 fe df a0 fe df 
033d60  a0 fe df a0 fe df a0 fe df a0 fe df a0 fe df a0 
033d70  fe df a0 fe df a0 fe df a0 fe df a0 fe df a0 fe 
033d80  df a0 fe df a0 fe df a0 fe df a0 fe df a0 fe df 
033d90  a0 fe df a0 fe df a0 fe df a0 fe df a0 fe df a0 
033da0  fe df a0 fe df a0 fe df a0 fe df a0 fe df a0 fe 
033db0  df a0 fe df a0 fe df a0 fe df a0 fe df a0 fe df 
033dc0  a0 fe df a0 fe df a0 fe df a0 fe df a0 fe df a0 
033dd0  fe df a0 fe df a0 fe df a0 fe df a0 fe df a0 fe 
033de0  df a0 fe df a0 fe df a0 fe df a0 fe df a0 fe df 
033df0  a0 fe df a0 fe df a0 fe df a0 fe df a0 fe df a0 
033e00  fe df a0 fe df a0 fe df a0 fe df a0 fe df a0 fe 
033e10  df a0 fe df a0 fe df a0 fe df a0 fe df a0 fe df 
033e20  a0 fe df a0 fe df a0 fe df a0 fe df a0 fe df a0 
033e30  fe df a0 fe df a0 fe df a0 fe df a0 fe df a0 fe 
033e40  df a0 fe df a0 fe df a0 fe df a0 fe df a0 fe df 
033e50  a0 fe df a0 fe df a0 fe df a0 fe df a0 fe df a0 
033e60  fe df a0 fe df a0 fe df a0 fe df a0 fe df a0 fe 
033e70  df a0 fe df a0 fe df a0 fe df a0 fe df a0 fe df 
033e80  a0 fe df a0 fe df a0 fe df a0 fe df a0 fe df a0 
033e90  fe df a0 fe df a0 fe df a0 fe df a0 fe df a0 fe 
033ea0  df a0 fe df a0 fe df a0 fe df a0 fe df a0 fe df 
033eb0  a0 fe df a0 fe df a0 fe df a0 fe df a0 fe df a0 
033ec0  fe df a0 fe df a0 fe df a0 fe df a0 fe df a0 fe 
033ed0  df a0 fe df a0 fe df a0 fe df a0 fe df a0 fe df 
033ee0  a0 fe df a0 fe df a0 fe df a0 fe df a0 fe df a0 
033ef0  fe df a0 fe df a0 fe df a0 fe df a0 fe df a0 fe 
033f00  df a0 fe df a0 fe df a0 fe df a0 fe df a0 fe df 
033f10  a0 fe df a0 fe df a0 fe df a0 fe df a0 fe df a0 
033f20  fe df a0 fe df a0 fe df a0 fe df a0 fe df a0 fe 
033f30  df a0 fe df a0 fe df a0 fe df a0 fe df a0 fe df 
033f40  a0 fe df a0 fe df a0 fe df a0 fe df a0 fe df a0 
033f50  fe df a0 fe df a0 fe df a0 fe df a0 fe df a0 fe 
033f60  df a0 fe df a0 fe df a0 fe df a0 fe df a0 fe df 
033f70  a0 fe df a0 fe df a0 fe df a0 fe df a0 fe df a0 
033f80  fe df a0 fe df a0 fe df a0 fe df a0 fe df a0 fe 
033f90  df a0 fe df a0 fe df a0 fe df a0 fe df a0 fe df 
033fa0  a0 fe df a0 fe df a0 fe df a0 fe df a0 fe df a0 
033fb0  fe df a0 fe df a0 fe df a0 fe df a0 fe df a0 fe 
033fc0  df a0 fe df a0 fe df a0 fe df a0 fe df a0 fe df 
033fd0  a0 fe df a0 fe df a0 fe df a0 fe df a0 fe df a0 
033fe0  fe df a0 fe df a0 fe df a0 fe df a0 fe df a0 fe 
033ff0  df a0 fe df a0 fe df a0 fe df a0 fe df a0 fe df 
034000  a0 fe df a0 fe df a0 fe df a0 fe df a0 fe df a0 
034010  fe df a0 fe df a0 fe df a0 fe df a0 fe df a0 fe 
034020  df a0 fe df a0 fe df a0 fe df a0 fe df a0 fe df 
034030  a0 fe df a0 fe df a0 fe df a0 fe df a0 fe df a0 
034040  fe df a0 fe df a0 fe df a0 fe df a0 fe df a0 fe 
034050  df a0 fe df a0 fe df a0 fe df a0 fe df a0 fe df 
034060  a0 fe df a0 fe df a0 fe df a0 fe df a0 fe df a0 
034070  fe df a0 fe df a0 fe df a0 fe df a0 fe df a0 fe 
034080  df a0 fe df a0 fe df a0 fe df a0 fe df a0 fe df 
034090  a0 fe df a0 fe df a0 fe df a0 fe df a0 fe df a0 
0340a0  fe df a0 fe df a0 fe df a0 fe df a0 fe df a0 fe 
0340b0  df a0 fe df a0 fe df a0 fe df a0 fe df a0 fe df 
0340c0  a0 fe df a0 fe df a0 fe df a0 fe df a0 fe df a0 
0340d0  fe df a0 fe df a0 fe df a0 fe df a0 fe df a0 fe 
0340e0  df a0 fe df a0 fe df a0 fe df a0 fe df a0 fe df 
0340f0  a0 fe df a0 fe df a0 fe df a0 fe df a0 fe df a0 
034100  fe df a0 fe df a0 fe df a0 fe df a0 fe df a0 fe 
034110  df a0 fe df a0 fe df a0 fe df a0 fe df a0 fe df 
034120  a0 fe df a0 fe df a0 fe df a0 fe df a0 fe df a0 
034130  fe df a0 fe df a0 fe df a0 fe df a0 fe df a0 fe 
034140  df a0 fe df a0 fe df a0 fe df a0 fe df a0 fe df 
034150  a0 fe df a0 fe df a0 fe df a0 fe df a0 fe df a0 
034160  fe df a0 fe df a0 fe df a0 fe df a0 fe df a0 fe 
034170  df a0 fe df a0 fe df a0 fe df a0 fe df a0 fe df 
034180  a0 fe df a0 fe df a0 fe df a0 fe df a0 fe df a0 
034190  fe df a0 fe df a0 fe df a0 fe df a0 fe df a0 fe 
0341a0  df a0 fe df a0 fe df a0 fe df a0 fe df a0 fe df 
0341b0  a0 fe df a0 fe df a0 fe df a0 fe df a0 fe df a0 
0341c0  fe df a0 fe df a0 fe df a0 fe df a0 fe df a0 fe 
0341d0  df a0 fe df a0 fe df a0 fe df a0 fe df a0 fe df 
0341e0  a0 fe df a0 fe df a0 fe df a0 fe df a0 fe df a0 
0341f0  fe df a0 fe df a0 fe df a0 fe df a0 fe df a0 fe 
034200  df a0 fe df a0 fe df a0 fe df a0 fe df a0 fe df 
034210  a0 fe df a0 fe df a0 fe df a0 fe df a0 fe df a0 
034220  fe df a0 fe df a0 fe df a0 fe df a0 fe df a0 fe 
034230  df a0 fe df a0 fe df a0 fe df a0 fe df a0 fe df 
034240  a0 fe df a0 fe df a0 fe df a0 fe df a0 fe df a0 
034250  fe df a0 fe df a0 fe df a0 fe df a0 fe df a0 fe 
034260  df a0 fe df a0 fe df a0 fe df a0 fe df a0 fe df 
034270  a0 fe df a0 fe df a0 fe df a0 fe df a0 fe df a0 
034280  fe df a0 fe df a0 fe df a0 fe df a0 fe df a0 fe 
034290  df a0 fe df a0 fe df a0 fe df a0 fe df a0 fe df 
0342a0  a0 fe df a0 fe df a0 fe df a0 fe df a0 fe df a0 
0342b0  fe df a0 fe df a0 fe df a0 fe df a0 fe df a0 fe 
0342c0  df a0 fe df a0 fe df a0 fe df a0 fe df a0 fe df 
0342d0  a0 fe df a0 fe df a0 fe df a0 fe df a0 fe df a0 
0342e0  fe df a0 fe df a0 fe df a0 fe df a0 fe df a0 fe 
0342f0  df a0 fe df a0 fe df a0 fe df a0 fe df a0 fe df 
034300  a0 fe df a0 fe df a0 fe df a0 fe df a0 fe df a0 
034310  fe df a0 fe df a0 fe df a0 fe df a0 fe df a0 fe 
034320  df a0 fe df a0 fe df a0 fe df a0 fe df a0 fe df 
034330  a0 fe df a0 fe df a0 fe df a0 fe df a0 fe df a0 
034340  fe df a0 fe df a0 fe df a0 fe df a0 fe df a0 fe 
034350  df a0 fe df a0 fe df a0 fe df a0 fe df a0 fe df 
034360  a0 fe df a0 fe df a0 fe df a0 fe df a0 fe df a0 
034370  fe df a0 fe df a0 fe df a0 fe df a0 fe df a0 fe 
034380  df a0 fe df a0 fe df a0 fe df a0 fe df a0 fe df 
034390  a0 fe df a0 fe df a0 fe df a0 fe df a0 fe df a0 
0343a0  fe df a0 fe df a0 fe df a0 fe df a0 fe df a0 fe 
0343b0  df a0 fe df a0 fe df a0 fe df a0 fe df a0 fe df 
0343c0  a0 fe df a0 fe df a0 fe df a0 fe df a0 fe df a0 
0343d0  fe df a0 fe df a0 fe df a0 fe df a0 fe df a0 fe 
0343e0  df a0 fe df a0 fe df a0 fe df a0 fe df a0 fe df 
0343f0  a0 fe df a0 fe df a0 fe df a0 fe df a0 fe df a0 
034400  fe df a0 fe df a0 fe df a0 fe df a0 fe df a0 fe 
034410  df a0 fe df a0 fe df a0 fe df a0 fe df a0 fe df 
034420  a0 fe df a0 fe df a0 fe df a0 fe df a0 fe df a0 
034430  fe df a0 fe df a0 fe df a0 fe df a0 fe df a0 fe 
034440  df a0 fe df a0 fe df a0 fe df a0 fe df a0 fe df 
034450  a0 fe df a0 fe df a0 fe df a0 fe df a0 fe df a0 
034460  fe df a0 fe df a0 fe df a0 fe df a0 fe df a0 fe 
034470  df a0 fe df a0 fe df a0 fe df a0 fe df a0 fe df 
034480  a0 fe df a0 fe df a0 fe df a0 fe df a0 fe df a0 
034490  fe df a0 fe df a0 fe df a0 fe df a0 fe df a0 fe 
0344a0  df a0 fe df a0 fe df a0 fe df a0 fe df a0 fe df 
0344b0  a0 fe df a0 fe df a0 fe df a0 fe df a0 fe df a0 
0344c0  fe df a0 fe df a0 fe df a0 fe df a0 fe df a0 fe 
0344d0  df a0 fe df a0 fe df a0 fe df a0 fe df a0 fe df 
0344e0  a0 fe df a0 fe df a0 fe df a0 fe df a0 fe df a0 
0344f0  fe df a0 fe df a0 fe df a0 fe df a0 fe df a0 fe 
034500  df a0 fe df a0 fe df a0 fe df a0 fe df a0 fe df 
034510  a0 fe df a0 fe df a0 fe df a0 fe df a0 fe df a0 
034520  fe df a0 fe df a0 fe df a0 fe df a0 fe df a0 fe 
034530  df a0 fe df a0 fe df a0 fe df a0 fe df a0 fe df 
034540  a0 fe df a0 fe df a0 fe df a0 fe df a0 fe df a0 
034550  fe df a0 fe df a0 fe df a0 fe df a0 fe df a0 fe 
034560  df a0 fe df a0 fe df a0 fe df a0 fe df a0 fe df 
034570  a0 fe df a0 fe df a0 fe df a0 fe df a0 fe df a0 
034580  fe df a0 fe df a0 fe df a0 fe df a0 fe df a0 fe 
034590  df a0 fe df a0 fe df a0 fe df a0 fe df a0 fe df 
0345a0  a0 fe df a0 fe df a0 fe df a0 fe df a0 fe df a0 
0345b0  fe df a0 fe df a0 fe df a0 fe df a0 fe df a0 fe 
0345c0  df a0 fe df a0 fe df a0 fe df a0 fe df a0 fe df 
0345d0  a0 fe df a0 fe df a0 fe df a0 fe df a0 fe df a0 
0345e0  fe df a0 fe df a0 fe df a0 fe df a0 fe df a0 fe 
0345f0  df a0 fe df a0 fe df a0 fe df a0 fe df a0 fe df 
034600  a0 fe df a0 fe df a0 fe df a0 fe df a0 fe df a0 
034610  fe df a0 fe df a0 fe df a0 fe df a0 fe df a0 fe 
034620  df a0 fe df a0 fe df a0 fe df a0 fe df a0 fe df 
034630  a0 fe df a0 fe df a0 fe df a0 fe df a0 fe df a0 
034640  fe df a0 fe df a0 fe df a0 fe df a0 fe df a0 fe 
034650  df a0 fe df a0 fe df a0 fe df a0 fe df a0 fe df 
034660  a0 fe df a0 fe df a0 fe df a0 fe df a0 fe df a0 
034670  fe df a0 fe df a0 fe df a0 fe df a0 fe df a0 fe 
034680  df a0 fe df a0 fe df a0 fe df a0 fe df a0 fe df 
034690  a0 fe df a0 fe df a0 fe df a0 fe df a0 fe df a0 
0346a0  fe df a0 fe df a0 fe df a0 fe df a0 fe df a0 fe 
0346b0  df a0 fe df a0 fe df a0 fe df a0 fe df a0 fe df 
0346c0  a0 fe df a0 fe df a0 fe df a0 fe df a0 fe df a0 
0346d0  fe df a0 fe df a0 fe df a0 fe df a0 fe df a0 fe 
0346e0  df a0 fe df a0 fe df a0 fe df a0 fe df a0 fe df 
0346f0  a0 fe df a0 fe df a0 fe df a0 fe df a0 fe df a0 
034700  fe df a0 fe df a0 fe df a0 fe df a0 fe df a0 fe 
034710  df a0 fe df a0 fe df a0 fe df a0 fe df a0 fe df 
034720  a0 fe df a0 fe df a0 fe df a0 fe df a0 fe df a0 
034730  fe df a0 fe df a0 fe df a0 fe df a0 fe df a0 fe 
034740  df a0 fe df a0 fe df a0 fe df a0 fe df a0 fe df 
034750  a0 fe df a0 fe df a0 fe df a0 fe df a0 fe df a0 
034760  fe df a0 fe df a0 fe df a0 fe df a0 fe df a0 fe 
034770  df a0 fe df a0 fe df a0 fe df a0 fe df a0 fe df 
034780  a0 fe df a0 fe df a0 fe df a0 fe df a0 fe df a0 
034790  fe df a0 fe df a0 fe df a0 fe df a0 fe df a0 fe 
0347a0  df a0 fe df a0 fe df a0 fe df a0 fe df a0 fe df 
0347b0  a0 fe df a0 fe df a0 fe df a0 fe df a0 fe df a0 
0347c0  fe df a0 fe df a0 fe df a0 fe df a0 fe df a0 fe 
0347d0  df a0 fe df a0 fe df a0 fe df a0 fe df a0 fe df 
0347e0  a0 fe df a0 fe df a0 fe df a0 fe df a0 fe df a0 
0347f0  fe df a0 fe df a0 fe df a0 fe df a0 fe df a0 fe 
034800  df a0 fe df a0 fe df a0 fe df a0 fe df a0 fe df 
034810  a0 fe df a0 fe df a0 fe df a0 fe df a0 fe df a0 
034820  fe df a0 fe df a0 fe df a0 fe df a0 fe df a0 fe 
034830  df a0 fe df a0 fe df a0 fe df a0 fe df a0 fe df 
034840  a0 fe df a0 fe df a0 fe df a0 fe df a0 fe df a0 
034850  fe df a0 fe df a0 fe df a0 fe df a0 fe df a0 fe 
034860  df a0 fe df a0 fe df a0 fe df a0 fe df a0 fe df 
034870  a0 fe df a0 fe df a0 fe df a0 fe df a0 fe df a0 
034880  fe df a0 fe df a0 fe df a0 fe df a0 fe df a0 fe 
034890  df a0 fe df a0 fe df a0 fe df a0 fe df a0 fe df 
0348a0  a0 fe df a0 fe df a0 fe df a0 fe df a0 fe df a0 
0348b0  fe df a0 fe df a0 fe df a0 fe df a0 fe df a0 fe 
0348c0  df a0 fe df a0 fe df a0 fe df a0 fe df a0 fe df 
0348d0  a0 fe df a0 fe df a0 fe df a0 fe df a0 fe df a0 
0348e0  fe df a0 fe df a0 fe df a0 fe df a0 fe df a0 fe 
0348f0  df a0 fe df a0 fe df a0 fe df a0 fe df a0 fe df 
034900  a0 fe df a0 fe df a0 fe df a0 fe df a0 fe df a0 
034910  fe df a0 fe df a0 fe df a0 fe df a0 fe df a0 fe 
034920  df a0 fe df a0 fe df a0 fe df a0 fe df a0 fe df 
034930  a0 fe df a0 fe df a0 fe df a0 fe df a0 fe df a0 
034940  fe df a0 fe df a0 fe df a0 fe df a0 fe df a0 fe 
034950  df a0 fe df a0 fe df a0 fe df a0 fe df a0 fe df 
034960  a0 fe df a0 fe df a0 fe df a0 fe df a0 fe df a0 
034970  fe df a0 fe df a0 fe df a0 fe df a0 fe df a0 fe 
034980  df a0 fe df a0 fe df a0 fe df a0 fe df a0 fe df 
034990  a0 fe df a0 fe df a0 fe df a0 fe df a0 fe df a0 
0349a0  fe df a0 fe df a0 fe df a0 fe df a0 fe df a0 fe 
0349b0  df a0 fe df a0 fe df a0 fe df a0 fe df a0 fe df 
0349c0  a0 fe df a0 fe df a0 fe df a0 fe df a0 fe df a0 
0349d0  fe df a0 fe df a0 fe df a0 fe df a0 fe df a0 fe 
0349e0  df a0 fe df a0 fe df a0 fe df a0 fe df a0 fe df 
0349f0  a0 fe df a0 fe df a0 fe df a0 fe df a0 fe df a0 
034a00  fe df a0 fe df a0 fe df a0 fe df a0 fe df a0 fe 
034a10  df a0 fe df a0 fe df a0 fe df a0 fe df a0 fe df 
034a20  a0 fe df a0 fe df a0 fe df a0 fe df a0 fe df a0 
034a30  fe df a0 fe df a0 fe df a0 fe df a0 fe df a0 fe 
034a40  df a0 fe df a0 fe df a0 fe df a0 fe df a0 fe df 
034a50  a0 fe df a0 fe df a0 fe df a0 fe df a0 fe df a0 
034a60  fe df a0 fe df a0 fe df a0 fe df a0 fe df a0 fe 
034a70  df a0 fe df a0 fe df a0 fe df a0 fe df a0 fe df 
034a80  a0 fe df a0 fe df a0 fe df a0 fe df a0 fe df a0 
034a90  fe df a0 fe df a0 fe df a0 fe df a0 fe df a0 fe 
034aa0  df a0 fe df a0 fe df a0 fe df a0 fe df a0 fe df 
034ab0  a0 fe df a0 fe df a0 fe df a0 fe df a0 fe df a0 
034ac0  fe df a0 fe df a0 fe df a0 fe df a0 fe df a0 fe 
034ad0  df a0 fe df a0 fe df a0 fe df a0 fe df a0 fe df 
034ae0  a0 fe df a0 fe df a0 fe df a0 fe df a0 fe df a0 
034af0  fe df a0 fe df a0 fe df a0 fe df a0 fe df a0 fe 
034b00  df a0 fe df a0 fe df a0 fe df a0 fe df a0 fe df 
034b10  a0 fe df a0 fe df a0 fe df a0 fe df a0 fe df a0 
034b20  fe df a0 fe df a0 fe df a0 fe df a0 fe df a0 fe 
034b30  df a0 fe df a0 fe df a0 fe df a0 fe df a0 fe df 
034b40  a0 fe df a0 fe df a0 fe df a0 fe df a0 fe df a0 
034b50  fe df a0 fe df a0 fe df a0 fe df a0 fe df a0 fe 
034b60  df a0 fe df a0 fe df a0 fe df a0 fe df a0 fe df 
034b70  a0 fe df a0 fe df a0 fe df a0 fe df a0 fe df a0 
034b80  fe df a0 fe df a0 fe df a0 fe df a0 fe df a0 fe 
034b90  df a0 fe df a0 fe df a0 fe df a0 fe df a0 fe df 
034ba0  a0 fe df a0 fe df a0 fe df a0 fe df a0 fe df a0 
034bb0  fe df a0 fe df a0 fe df a0 fe df a0 fe df a0 fe 
034bc0  df a0 fe df a0 fe df a0 fe df a0 fe df a0 fe df 
034bd0  a0 fe df a0 fe df a0 fe df a0 fe df a0 fe df a0 
034be0  fe df a0 fe df a0 fe df a0 fe df a0 fe df a0 fe 
034bf0  df a0 fe df a0 fe df a0 fe df a0 fe df a0 fe df 
034c00  a0 fe df a0 fe df a0 fe df a0 fe df a0 fe df a0 
034c10  fe df a0 fe df a0 fe df a0 fe df a0 fe df a0 fe 
034c20  df a0 fe df a0 fe df a0 fe df a0 fe df a0 fe df 
034c30  a0 fe df a0 fe df a0 fe df a0 fe df a0 fe df a0 
034c40  fe df a0 fe df a0 fe df a0 fe df a0 fe df a0 fe 
034c50  df a0 fe df a0 fe df a0 fe df a0 fe df a0 fe df 
034c60  a0 fe df a0 fe df a0 fe df a0 fe df a0 fe df a0 
034c70  fe df a0 fe df a0 fe df a0 fe df a0 fe df a0 fe 
034c80  df a0 fe df a0 fe df a0 fe df a0 fe df a0 fe df 
034c90  a0 fe df a0 fe df a0 fe df a0 fe df a0 fe df a0 
034ca0  fe df a0 fe df a0 fe df a0 fe df a0 fe df a0 fe 
034cb0  df a0 fe df a0 fe df a0 fe df a0 fe df a0 fe df 
034cc0  a0 fe df a0 fe df a0 fe df a0 fe df a0 fe df a0 
034cd0  fe df a0 fe df a0 fe df a0 fe df a0 fe df a0 fe 
034ce0  df a0 fe df a0 fe df a0 fe df a0 fe df a0 fe df 
034cf0  a0 fe df a0 fe df a0 fe df a0 fe df a0 fe df a0 
034d00  fe df a0 fe df a0 fe df a0 fe df a0 fe df a0 fe 
034d10  df a0 fe df a0 fe df a0 fe df a0 fe df a0 fe df 
034d20  a0 fe df a0 fe df a0 fe df a0 fe df a0 fe df a0 
034d30  fe df a0 fe df a0 fe df a0 fe df a0 fe df a0 fe 
034d40  df a0 fe df a0 fe df a0 fe df a0 fe df a0 fe df 
034d50  a0 fe df a0 fe df a0 fe df a0 fe df a0 fe df a0 
034d60  fe df a0 fe df a0 fe df a0 fe df a0 fe df a0 fe 
034d70  df a0 fe df a0 fe df a0 fe df a0 fe df a0 fe df 
034d80  a0 fe df a0 fe df a0 fe df a0 fe df a0 fe df a0 
034d90  fe df a0 fe df a0 fe df a0 fe df a0 fe df a0 fe 
034da0  df a0 fe df a0 fe df a0 fe df a0 fe df a0 fe df 
034db0  a0 fe df a0 fe df a0 fe df a0 fe df a0 fe df a0 
034dc0  fe df a0 fe df a0 fe df a0 fe df a0 fe df a0 fe 
034dd0  df a0 fe df a0 fe df a0 fe df a0 fe df a0 fe df 
034de0  a0 fe df a0 fe df a0 fe df a0 fe df a0 fe df a0 
034df0  fe df a0 fe df a0 fe df a0 fe df a0 fe df a0 fe 
034e00  df a0 fe df a0 fe df a0 fe df a0 fe df a0 fe df 
034e10  a0 fe df a0 fe df a0 fe df a0 fe df a0 fe df a0 
034e20  fe df a0 fe df a0 fe df a0 fe df a0 fe df a0 fe 
034e30  df a0 fe df a0 fe df a0 fe df a0 fe df a0 fe df 
034e40  a0 fe df a0 fe df a0 fe df a0 fe df a0 fe df a0 
034e50  fe df a0 fe df a0 fe df a0 fe df a0 fe df a0 fe 
034e60  df a0 fe df a0 fe df a0 fe df a0 fe df a0 fe df 
034e70  a0 fe df a0 fe df a0 fe df a0 fe df a0 fe df a0 
034e80  fe df a0 fe df a0 fe df a0 fe df a0 fe df a0 fe 
034e90  df a0 fe df a0 fe df a0 fe df a0 fe df a0 fe df 
034ea0  a0 fe df a0 fe df a0 fe df a0 fe df a0 fe df a0 
034eb0  fe df a0 fe df a0 fe df a0 fe df a0 fe df a0 fe 
034ec0  df a0 fe df a0 fe df a0 fe df a0 fe df a0 fe df 
034ed0  a0 fe df a0 fe df a0 fe df a0 fe df a0 fe df a0 
034ee0  fe df a0 fe df a0 fe df a0 fe df a0 fe df a0 fe 
034ef0  df a0 fe df a0 fe df a0 fe df a0 fe df a0 fe df 
034f00  a0 fe df a0 fe df a0 fe df a0 fe df a0 fe df a0 
034f10  fe df a0 fe df a0 fe df a0 fe df a0 fe df a0 fe 
034f20  df a0 fe df a0 fe df a0 fe df a0 fe df a0 fe df 
034f30  a0 fe df a0 fe df a0 fe df a0 fe df a0 fe df a0 
034f40  fe df a0 fe df a0 fe df a0 fe df a0 fe df a0 fe 
034f50  df a0 fe df a0 fe df a0 fe df a0 fe df a0 fe df 
034f60  a0 fe df a0 fe df a0 fe df a0 fe df a0 fe df a0 
034f70  fe df a0 fe df a0 fe df a0 fe df a0 fe df a0 fe 
034f80  df a0 fe df a0 fe df a0 fe df a0 fe df a0 fe df 
034f90  a0 fe df a0 fe df a0 fe df a0 fe df a0 fe df a0 
034fa0  fe df a0 fe df a0 fe df a0 fe df a0 fe df a0 fe 
034fb0  df a0 fe df a0 fe df a0 fe df a0 fe df a0 fe df 
034fc0  a0 fe df a0 fe df a0 fe df a0 fe df a0 fe df a0 
034fd0  fe df a0 fe df a0 fe df a0 fe df a0 fe df a0 fe 
034fe0  df a0 fe df a0 fe df a0 fe df a0 fe df a0 fe df 
034ff0  a0 fe df a0 fe df a0 fe df a0 fe df a0 fe df a0 
035000  fe df a0 fe df a0 fe df a0 fe df a0 fe df a0 fe 
035010  df a0 fe df a0 fe df a0 fe df a0 fe df a0 fe df 
035020  a0 fe df a0 fe df a0 fe df a0 fe df a0 fe df a0 
035030  fe df a0 fe df a0 fe df a0 fe df a0 fe df a0 fe 
035040  df a0 fe df a0 fe df a0 fe df a0 fe df a0 fe df 
035050  a0 fe df a0 fe df a0 fe df a0 fe df a0 fe df a0 
035060  fe df a0 fe df a0 fe df a0 fe df a0 fe df a0 fe 
035070  df a0 fe df a0 fe df a0 fe df a0 fe df a0 fe df 
035080  a0 fe df a0 fe df a0 fe df a0 fe df a0 fe df a0 
035090  fe df a0 fe df a0 fe df a0 fe df a0 fe df a0 fe 
0350a0  df a0 fe df a0 fe df a0 fe df a0 fe df a0 fe df 
0350b0  a0 fe df a0 fe df a0 fe df a0 fe df a0 fe df a0 
0350c0  fe df a0 fe df a0 fe df a0 fe df a0 fe df a0 fe 
0350d0  df a0 fe df a0 fe df a0 fe df a0 fe df a0 fe df 
0350e0  a0 fe df a0 fe df a0 fe df a0 fe df a0 fe df a0 
0350f0  fe df a0 fe df a0 fe df a0 fe df a0 fe df a0 fe 
035100  df a0 fe df a0 fe df a0 fe df a0 fe df a0 fe df 
035110  a0 fe df a0 fe df a0 fe df a0 fe df a0 fe df a0 
035120  fe df a0 fe df a0 fe df a0 fe df a0 fe df a0 fe 
035130  df a0 fe df a0 fe df a0 fe df a0 fe df a0 fe df 
035140  a0 fe df a0 fe df a0 fe df a0 fe df a0 fe df a0 
035150  fe df a0 fe df a0 fe df a0 fe df a0 fe df a0 fe 
035160  df a0 fe df a0 fe df a0 fe df a0 fe df a0 fe df 
035170  a0 fe df a0 fe df a0 fe df a0 fe df a0 fe df a0 
035180  fe df a0 fe df a0 fe df a0 fe df a0 fe df a0 fe 
035190  df a0 fe df a0 fe df a0 fe df a0 fe df a0 fe df 
0351a0  a0 fe df a0 fe df a0 fe df a0 fe df a0 fe df a0 
0351b0  fe df a0 fe df a0 fe df a0 fe df a0 fe df a0 fe 
0351c0  df a0 fe df a0 fe df a0 fe df a0 fe df a0 fe df 
0351d0  a0 fe df a0 fe df a0 fe df a0 fe df a0 fe df a0 
0351e0  fe df a0 fe df a0 fe df a0 fe df a0 fe df a0 fe 
0351f0  df a0 fe df a0 fe df a0 fe df a0 fe df a0 fe df 
035200  a0 fe df a0 fe df a0 fe df a0 fe df a0 fe df a0 
035210  fe df a0 fe df a0 fe df a0 fe df a0 fe df a0 fe 
035220  df a0 fe df a0 fe df a0 fe df a0 fe df a0 fe df 
035230  a0 fe df a0 fe df a0 fe df a0 fe df a0 fe df a0 
035240  fe df a0 fe df a0 fe df a0 fe df a0 fe df a0 fe 
035250  df a0 fe df a0 fe df a0 fe df a0 fe df a0 fe df 
035260  a0 fe df a0 fe df a0 fe df a0 fe df a0 fe df a0 
035270  fe df a0 fe df a0 fe df a0 fe df a0 fe df a0 fe 
035280  df a0 fe df a0 fe df a0 fe df a0 fe df a0 fe df 
035290  a0 fe df a0 fe df a0 fe df a0 fe df a0 fe df a0 
0352a0  fe df a0 fe df a0 fe df a0 fe df a0 fe df a0 fe 
0352b0  df a0 fe df a0 fe df a0 fe df a0 fe df a0 fe df 
0352c0  a0 fe df a0 fe df a0 fe df a0 fe df a0 fe df a0 
0352d0  fe df a0 fe df a0 fe df a0 fe df a0 fe df a0 fe 
0352e0  df a0 fe df a0 fe df a0 fe df a0 fe df a0 fe df 
0352f0  a0 fe df a0 fe df a0 fe df a0 fe df a0 fe df a0 
035300  fe df a0 fe df a0 fe df a0 fe df a0 fe df a0 fe 
035310  df a0 fe df a0 fe df a0 fe df a0 fe df a0 fe df 
035320  a0 fe df a0 fe df a0 fe df a0 fe df a0 fe df a0 
035330  fe df a0 fe df a0 fe df a0 fe df a0 fe df a0 fe 
035340  df a0 fe df a0 fe df a0 fe df a0 fe df a0 fe df 
035350  a0 fe df a0 fe df a0 fe df a0 fe df a0 fe df a0 
035360  fe df a0 fe df a0 fe df a0 fe df a0 fe df a0 fe 
035370  df a0 fe df a0 fe df a0 fe df a0 fe df a0 fe df 
035380  a0 fe df a0 fe df a0 fe df a0 fe df a0 fe df a0 
035390  fe df a0 fe df a0 fe df a0 fe df a0 fe df a0 fe 
0353a0  df a0 fe df a0 fe df a0 fe df a0 fe df a0 fe df 
0353b0  a0 fe df a0 fe df a0 fe df a0 fe df a0 fe df a0 
0353c0  fe df a0 fe df a0 fe df a0 fe df a0 fe df a0 fe 
0353d0  df a0 fe df a0 fe df a0 fe df a0 fe df a0 fe df 
0353e0  a0 fe df a0 fe df a0 fe df a0 fe df a0 fe df a0 
0353f0  fe df a0 fe df a0 fe df a0 fe df a0 fe df a0 fe 
035400  df a0 fe df a0 fe df a0 fe df a0 fe df a0 fe df 
035410  a0 fe df a0 fe df a0 fe df a0 fe df a0 fe df a0 
035420  fe df a0 fe df a0 fe df a0 fe df a0 fe df a0 fe 
035430  df a0 fe df a0 fe df a0 fe df a0 fe df a0 fe df 
035440  a0 fe df a0 fe df a0 fe df a0 fe df a0 fe df a0 
035450  fe df a0 fe df a0 fe df a0 fe df a0 fe df a0 fe 
035460  df a0 fe df a0 fe df a0 fe df a0 fe df a0 fe df 
035470  a0 fe df a0 fe df a0 fe df a0 fe df a0 fe df a0 
035480  fe df a0 fe df a0 fe df a0 fe df a0 fe df a0 fe 
035490  df a0 fe df a0 fe df a0 fe df a0 fe df a0 fe df 
0354a0  a0 fe df a0 fe df a0 fe df a0 fe df a0 fe df a0 
0354b0  fe df a0 fe df a0 fe df a0 fe df a0 fe df a0 fe 
0354c0  df a0 fe df a0 fe df a0 fe df a0 fe df a0 fe df 
0354d0  a0 fe df a0 fe df a0 fe df a0 fe df a0 fe df a0 
0354e0  fe df a0 fe df a0 fe df a0 fe df a0 fe df a0 fe 
0354f0  df a0 fe df a0 fe df a0 fe df a0 fe df a0 fe df 
035500  a0 fe df a0 fe df a0 fe df a0 fe df a0 fe df a0 
035510  fe df a0 fe df a0 fe df a0 fe df a0 fe df a0 fe 
035520  df a0 fe df a0 fe df a0 fe df a0 fe df a0 fe df 
035530  a0 fe df a0 fe df a0 fe df a0 fe df a0 fe df a0 
035540  fe df a0 fe df a0 fe df a0 fe df a0 fe df a0 fe 
035550  df a0 fe df a0 fe df a0 fe df a0 fe df a0 fe df 
035560  a0 fe df a0 fe df a0 fe df a0 fe df a0 fe df a0 
035570  fe df a0 fe df a0 fe df a0 fe df a0 fe df a0 fe 
035580  df a0 fe df a0 fe df a0 fe df a0 fe df a0 fe df 
035590  a0 fe df a0 fe df a0 fe df a0 fe df a0 fe df a0 
0355a0  fe df a0 fe df a0 fe df a0 fe df a0 fe df a0 fe 
0355b0  df a0 fe df a0 fe df a0 fe df a0 fe df a0 fe df 
0355c0  a0 fe df a0 fe df a0 fe df a0 fe df a0 fe df a0 
0355d0  fe df a0 fe df a0 fe df a0 fe df a0 fe df a0 fe 
0355e0  df a0 fe df a0 fe df a0 fe df a0 fe df a0 fe df 
0355f0  a0 fe df a0 fe df a0 fe df a0 fe df a0 fe df a0 
035600  fe df a0 fe df a0 fe df a0 fe df a0 fe df a0 fe 
035610  df a0 fe df a0 fe df a0 fe df a0 fe df a0 fe df 
035620  a0 fe df a0 fe df a0 fe df a0 fe df a0 fe df a0 
035630  fe df a0 fe df a0 fe df a0 fe df a0 fe df a0 fe 
035640  df a0 fe df a0 fe df a0 fe df a0 fe df a0 fe df 
035650  a0 fe df a0 fe df a0 fe df a0 fe df a0 fe df a0 
035660  fe df a0 fe df a0 fe df a0 fe df a0 fe df a0 fe 
035670  df a0 fe df a0 fe df a0 fe df a0 fe df a0 fe df 
035680  a0 fe df a0 fe df a0 fe df a0 fe df a0 fe df a0 
035690  fe df a0 fe df a0 fe df a0 fe df a0 fe df a0 fe 
0356a0  df a0 fe df a0 fe df a0 fe df a0 fe df a0 fe df 
0356b0  a0 fe df a0 fe df a0 fe df a0 fe df a0 fe df a0 
0356c0  fe df a0 fe df a0 fe df a0 fe df a0 fe df a0 fe 
0356d0  df a0 fe df a0 fe df a0 fe df a0 fe df a0 fe df 
0356e0  a0 fe df a0 fe df a0 fe df a0 fe df a0 fe df a0 
0356f0  fe df a0 fe df a0 fe df a0 fe df a0 fe df a0 fe 
035700  df a0 fe df a0 fe df a0 fe df a0 fe df a0 fe df 
035710  a0 fe df a0 fe df a0 fe df a0 fe df a0 fe df a0 
035720  fe df a0 fe df a0 fe df a0 fe df a0 fe df a0 fe 
035730  df a0 fe df a0 fe df a0 fe df a0 fe df a0 fe df 
035740  a0 fe df a0 fe df a0 fe df a0 fe df a0 fe df a0 
035750  fe df a0 fe df a0 fe df a0 fe df a0 fe df a0 fe 
035760  df a0 fe df a0 fe df a0 fe df a0 fe df a0 fe df 
035770  a0 fe df a0 fe df a0 fe df a0 fe df a0 fe df a0 
035780  fe df a0 fe df a0 fe df a0 fe df a0 fe df a0 fe 
035790  df a0 fe df a0 fe df a0 fe df a0 fe df a0 fe df 
0357a0  a0 fe df a0 fe df a0 fe df a0 fe df a0 fe df a0 
0357b0  fe df a0 fe df a0 fe df a0 fe df a0 fe df a0 fe 
0357c0  df a0 fe df a0 fe df a0 fe df a0 fe df a0 fe df 
0357d0  a0 fe df a0 fe df a0 fe df a0 fe df a0 fe df a0 
0357e0  fe df a0 fe df a0 fe df a0 fe df a0 fe df a0 fe 
0357f0  df a0 fe df a0 fe df a0 fe df a0 fe df a0 fe df 
035800  a0 fe df a0 fe df a0 fe df a0 fe df a0 fe df a0 
035810  fe df a0 fe df a0 fe df a0 fe df a0 fe df a0 fe 
035820  df a0 fe df a0 fe df a0 fe df a0 fe df a0 fe df 
035830  a0 fe df a0 fe df a0 fe df a0 fe df a0 fe df a0 
035840  fe df a0 fe df a0 fe df a0 fe df a0 fe df a0 fe 
035850  df a0 fe df a0 fe df a0 fe df a0 fe df a0 fe df 
035860  a0 fe df a0 fe df a0 fe df a0 fe df a0 fe df a0 
035870  fe df a0 fe df a0 fe df a0 fe df a0 fe df a0 fe 
035880  df a0 fe df a0 fe df a0 fe df a0 fe df a0 fe df 
035890  a0 fe df a0 fe df a0 fe df a0 fe df a0 fe df a0 
0358a0  fe df a0 fe df a0 fe df a0 fe df a0 fe df a0 fe 
0358b0  df a0 fe df a0 fe df a0 fe df a0 fe df a0 fe df 
0358c0  a0 fe df a0 fe df a0 fe df a0 fe df a0 fe df a0 
0358d0  fe df a0 fe df a0 fe df a0 fe df a0 fe df a0 fe 
0358e0  df a0 fe df a0 fe df a0 fe df a0 fe df a0 fe df 
0358f0  a0 fe df a0 fe df a0 fe df a0 fe df a0 fe df a0 
035900  fe df a0 fe df a0 fe df a0 fe df a0 fe df a0 fe 
035910  df a0 fe df a0 fe df a0 fe df a0 fe df a0 fe df 
035920  a0 fe df a0 fe df a0 fe df a0 fe df a0 fe df a0 
035930  fe df a0 fe df a0 fe df a0 fe df a0 fe df a0 fe 
035940  df a0 fe df a0 fe df a0 fe df a0 fe df a0 fe df 
035950  a0 fe df a0 fe df a0 fe df a0 fe df a0 fe df a0 
035960  fe df a0 fe df a0 fe df a0 fe df a0 fe df a0 fe 
035970  df a0 fe df a0 fe df a0 fe df a0 fe df a0 fe df 
035980  a0 fe df a0 fe df a0 fe df a0 fe df a0 fe df a0 
035990  fe df a0 fe df a0 fe df a0 fe df a0 fe df a0 fe 
0359a0  df a0 fe df a0 fe df a0 fe df a0 fe df a0 fe df 
0359b0  a0 fe df a0 fe df a0 fe df a0 fe df a0 fe df a0 
0359c0  fe df a0 fe df a0 fe df a0 fe df a0 fe df a0 fe 
0359d0  df a0 fe df a0 fe df a0 fe df a0 fe df a0 fe df 
0359e0  a0 fe df a0 fe df a0 fe df a0 fe df a0 fe df a0 
0359f0  fe df a0 fe df a0 fe df a0 fe df a0 fe df a0 fe 
035a00  df a0 fe df a0 fe df a0 fe df a0 fe df a0 fe df 
035a10  a0 fe df a0 fe df a0 fe df a0 fe df a0 fe df a0 
035a20  fe df a0 fe df a0 fe df a0 fe df a0 fe df a0 fe 
035a30  df a0 fe df a0 fe df a0 fe df a0 fe df a0 fe df 
035a40  a0 fe df a0 fe df a0 fe df a0 fe df a0 fe df a0 
035a50  fe df a0 fe df a0 fe df a0 fe df a0 fe df a0 fe 
035a60  df a0 fe df a0 fe df a0 fe df a0 fe df a0 fe df 
035a70  a0 fe df a0 fe df a0 fe df a0 fe df a0 fe df a0 
035a80  fe df a0 fe df a0 fe df a0 fe df a0 fe df a0 fe 
035a90  df a0 fe df a0 fe df a0 fe df a0 fe df a0 fe df 
035aa0  a0 fe df a0 fe df a0 fe df a0 fe df a0 fe df a0 
035ab0  fe df a0 fe df a0 fe df a0 fe df a0 fe df a0 fe 
035ac0  df a0 fe df a0 fe df a0 fe df a0 fe df a0 fe df 
035ad0  a0 fe df a0 fe df a0 fe df a0 fe df a0 fe df a0 
035ae0  fe df a0 fe df a0 fe df a0 fe df a0 fe df a0 fe 
035af0  df a0 fe df a0 fe df a0 fe df a0 fe df a0 fe df 
035b00  a0 fe df a0 fe df a0 fe df a0 fe df a0 fe df a0 
035b10  fe df a0 fe df a0 fe df a0 fe df a0 fe df a0 fe 
035b20  df a0 fe df a0 fe df a0 fe df a0 fe df a0 fe df 
035b30  a0 fe df a0 fe df a0 fe df a0 fe df a0 fe df a0 
035b40  fe df a0 fe df a0 fe df a0 fe df a0 fe df a0 fe 
035b50  df a0 fe df a0 fe df a0 fe df a0 fe df a0 fe df 
035b60  a0 fe df a0 fe df a0 fe df a0 fe df a0 fe df a0 
035b70  fe df a0 fe df a0 fe df a0 fe df a0 fe df a0 fe 
035b80  df a0 fe df a0 fe df a0 fe df a0 fe df a0 fe df 
035b90  a0 fe df a0 fe df a0 fe df a0 fe df a0 fe df a0 
035ba0  fe df a0 fe df a0 fe df a0 fe df a0 fe df a0 fe 
035bb0  df a0 fe df a0 fe df a0 fe df a0 fe df a0 fe df 
035bc0  a0 fe df a0 fe df a0 fe df a0 fe df a0 fe df a0 
035bd0  fe df a0 fe df a0 fe df a0 fe df a0 fe df a0 fe 
035be0  df a0 fe df a0 fe df a0 fe df a0 fe df a0 fe df 
035bf0  a0 fe df a0 fe df a0 fe df a0 fe df a0 fe df a0 
035c00  fe df a0 fe df a0 fe df a0 fe df a0 fe df a0 fe 
035c10  df a0 fe df a0 fe df a0 fe df a0 fe df a0 fe df 
035c20  a0 fe df a0 fe df a0 fe df a0 fe df a0 fe df a0 
035c30  fe df a0 fe df a0 fe df a0 fe df a0 fe df a0 fe 
035c40  df a0 fe df a0 fe df a0 fe df a0 fe df a0 fe df 
035c50  a0 fe df a0 fe df a0 fe df a0 fe df a0 fe df a0 
035c60  fe df a0 fe df a0 fe df a0 fe df a0 fe df a0 fe 
035c70  df a0 fe df a0 fe df a0 fe df a0 fe df a0 fe df 
035c80  a0 fe df a0 fe df a0 fe df a0 fe df a0 fe df a0 
035c90  fe df a0 fe df a0 fe df a0 fe df a0 fe df a0 fe 
035ca0  df a0 fe df a0 fe df a0 fe df a0 fe df a0 fe df 
035cb0  a0 fe df a0 fe df a0 fe df a0 fe df a0 fe df a0 
035cc0  fe df a0 fe df a0 fe df a0 fe df a0 fe df a0 fe 
035cd0  df a0 fe df a0 fe df a0 fe df a0 fe df a0 fe df 
035ce0  a0 fe df a0 fe df a0 fe df a0 fe df a0 fe df a0 
035cf0  fe df a0 fe df a0 fe df a0 fe df a0 fe df a0 fe 
035d00  df a0 fe df a0 fe df a0 fe df a0 fe df a0 fe df 
035d10  a0 fe df a0 fe df a0 fe df a0 fe df a0 fe df a0 
035d20  fe df a0 fe df a0 fe df a0 fe df a0 fe df a0 fe 
035d30  df a0 fe df a0 fe df a0 fe df a0 fe df a0 fe df 
035d40  a0 fe df a0 fe df a0 fe df a0 fe df a0 fe df a0 
035d50  fe df a0 fe df a0 fe df a0 fe df a0 fe df a0 fe 
035d60  df a0 fe df a0 fe df a0 fe df a0 fe df a0 fe df 
035d70  a0 fe df a0 fe df a0 fe df a0 fe df a0 fe df a0 
035d80  fe df a0 fe df a0 fe df a0 fe df a0 fe df a0 fe 
035d90  df a0 fe df a0 fe df a0 fe df a0 fe df a0 fe df 
035da0  a0 fe df a0 fe df a0 fe df a0 fe df a0 fe df a0 
035db0  fe df a0 fe df a0 fe df a0 fe df a0 fe df a0 fe 
035dc0  df a0 fe df a0 fe df a0 fe df a0 fe df a0 fe df 
035dd0  a0 fe df a0 fe df a0 fe df a0 fe df a0 fe df a0 
035de0  fe df a0 fe df a0 fe df a0 fe df a0 fe df a0 fe 
035df0  df a0 fe df a0 fe df a0 fe df a0 fe df a0 fe df 
035e00  a0 fe df a0 fe df a0 fe df a0 fe df a0 fe df a0 
035e10  fe df a0 fe df a0 fe df a0 fe df a0 fe df a0 fe 
035e20  df a0 fe df a0 fe df a0 fe df a0 fe df a0 fe df 
035e30  a0 fe df a0 fe df a0 fe df a0 fe df a0 fe df a0 
035e40  fe df a0 fe df a0 fe df a0 fe df a0 fe df a0 fe 
035e50  df a0 fe df a0 fe df a0 fe df a0 fe df a0 fe df 
035e60  a0 fe df a0 fe df a0 fe df a0 fe df a0 fe df a0 
035e70  fe df a0 fe df a0 fe df a0 fe df a0 fe df a0 fe 
035e80  df a0 fe df a0 fe df a0 fe df a0 fe df a0 fe df 
035e90  a0 fe df a0 fe df a0 fe df a0 fe df a0 fe df a0 
035ea0  fe df a0 fe df a0 fe df a0 fe df a0 fe df a0 fe 
035eb0  df a0 fe df a0 fe df a0 fe df a0 fe df a0 fe df 
035ec0  a0 fe df a0 fe df a0 fe df a0 fe df a0 fe df a0 
035ed0  fe df a0 fe df a0 fe df a0 fe df a0 fe df a0 fe 
035ee0  df a0 fe df a0 fe df a0 fe df a0 fe df a0 fe df 
035ef0  a0 fe df a0 fe df a0 fe df a0 fe df a0 fe df a0 
035f00  fe df a0 fe df a0 fe df a0 fe df a0 fe df a0 fe 
035f10  df a0 fe df a0 fe df a0 fe df a0 fe df a0 fe df 
035f20  a0 fe df a0 fe df a0 fe df a0 fe df a0 fe df a0 
035f30  fe df a0 fe df a0 fe df a0 fe df a0 fe df a0 fe 
035f40  df a0 fe df a0 fe df a0 fe df a0 fe df a0 fe df 
035f50  a0 fe df a0 fe df a0 fe df a0 fe df a0 fe df a0 
035f60  fe df a0 fe df a0 fe df a0 fe df a0 fe df a0 fe 
035f70  df a0 fe df a0 fe df a0 fe df a0 fe df a0 fe df 
035f80  a0 fe df a0 fe df a0 fe df a0 fe df a0 fe df a0 
035f90  fe df a0 fe df a0 fe df a0 fe df a0 fe df a0 fe 
035fa0  df a0 fe df a0 fe df a0 fe df a0 fe df a0 fe df 
035fb0  a0 fe df a0 fe df a0 fe df a0 fe df a0 fe df a0 
035fc0  fe df a0 fe df a0 fe df a0 fe df a0 fe df a0 fe 
035fd0  df a0 fe df a0 fe df a0 fe df a0 fe df a0 fe df 
035fe0  a0 fe df a0 fe df a0 fe df a0 fe df a0 fe df a0 
035ff0  fe df a0 fe df a0 fe df a0 fe df a0 fe df a0 fe 
036000  df a0 fe df a0 fe df a0 fe df a0 fe df a0 fe df 
036010  a0 fe df a0 fe df a0 fe df a0 fe df a0 fe df a0 
036020  fe df a0 fe df a0 fe df a0 fe df a0 fe df a0 fe 
036030  df a0 fe df a0 fe df a0 fe df a0 fe df a0 fe df 
036040  a0 fe df a0 fe df a0 fe df a0 fe df a0 fe df a0 
036050  fe df a0 fe df a0 fe df a0 fe df a0 fe df a0 fe 
036060  df a0 fe df a0 fe df a0 fe df a0 fe df a0 fe df 
036070  a0 fe df a0 fe df a0 fe df a0 fe df a0 fe df a0 
036080  fe df a0 fe df a0 fe df a0 fe df a0 fe df a0 fe 
036090  df a0 fe df a0 fe df a0 fe df a0 fe df a0 fe df 
0360a0  a0 fe df a0 fe df a0 fe df a0 fe df a0 fe df a0 
0360b0  fe df a0 fe df a0 fe df a0 fe df a0 fe df a0 fe 
0360c0  df a0 fe df a0 fe df a0 fe df a0 fe df a0 fe df 
0360d0  a0 fe df a0 fe df a0 fe df a0 fe df a0 fe df a0 
0360e0  fe df a0 fe df a0 fe df a0 fe df a0 fe df a0 fe 
0360f0  df a0 fe df a0 fe df a0 fe df a0 fe df a0 fe df 
036100  a0 fe df a0 fe df a0 fe df a0 fe df a0 fe df a0 
036110  fe df a0 fe df a0 fe df a0 fe df a0 fe df a0 fe 
036120  df a0 fe df a0 fe df a0 fe df a0 fe df a0 fe df 
036130  a0 fe df a0 fe df a0 fe df a0 fe df a0 fe df a0 
036140  fe df a0 fe df a0 fe df a0 fe df a0 fe df a0 fe 
036150  df a0 fe df a0 fe df a0 fe df a0 fe df a0 fe df 
036160  a0 fe df a0 fe df a0 fe df a0 fe df a0 fe df a0 
036170  fe df a0 fe df a0 fe df a0 fe df a0 fe df a0 fe 
036180  df a0 fe df a0 fe df a0 fe df a0 fe df a0 fe df 
036190  a0 fe df a0 fe df a0 fe df a0 fe df a0 fe df a0 
0361a0  fe df a0 fe df a0 fe df a0 fe df a0 fe df a0 fe 
0361b0  df a0 fe df a0 fe df a0 fe df a0 fe df a0 fe df 
0361c0  a0 fe df a0 fe df a0 fe df a0 fe df a0 fe df a0 
0361d0  fe df a0 fe df a0 fe df a0 fe df a0 fe df a0 fe 
0361e0  df a0 fe df a0 fe df a0 fe df a0 fe df a0 fe df 
0361f0  a0 fe df a0 fe df a0 fe df a0 fe df a0 fe df a0 
036200  fe df a0 fe df a0 fe df a0 fe df a0 fe df a0 fe 
036210  df a0 fe df a0 fe df a0 fe df a0 fe df a0 fe df 
036220  a0 fe df a0 fe df a0 fe df a0 fe df a0 fe df a0 
036230  fe df a0 fe df a0 fe df a0 fe df a0 fe df a0 fe 
036240  df a0 fe df a0 fe df a0 fe df a0 fe df a0 fe df 
036250  a0 fe df a0 fe df a0 fe df a0 fe df a0 fe df a0 
036260  fe df a0 fe df a0 fe df a0 fe df a0 fe df a0 fe 
036270  df a0 fe df a0 fe df a0 fe df a0 fe df a0 fe df 
036280  a0 fe df a0 fe df a0 fe df a0 fe df a0 fe df a0 
036290  fe df a0 fe df a0 fe df a0 fe df a0 fe df a0 fe 
0362a0  df a0 fe df a0 fe df a0 fe df a0 fe df a0 fe df 
0362b0  a0 fe df a0 fe df a0 fe df a0 fe df a0 fe df a0 
0362c0  fe df a0 fe df a0 fe df a0 fe df a0 fe df a0 fe 
0362d0  df a0 fe df a0 fe df a0 fe df a0 fe df a0 fe df 
0362e0  a0 fe df a0 fe df a0 fe df a0 fe df a0 fe df a0 
0362f0  fe df a0 fe df a0 fe df a0 fe df a0 fe df a0 fe 
036300  df a0 fe df a0 fe df a0 fe df a0 fe df a0 fe df 
036310  a0 fe df a0 fe df a0 fe df a0 fe df a0 fe df a0 
036320  fe df a0 fe df a0 fe df a0 fe df a0 fe df a0 fe 
036330  df a0 fe df a0 fe df a0 fe df a0 fe df a0 fe df 
036340  a0 fe df a0 fe df a0 fe df a0 fe df a0 fe df a0 
036350  fe df a0 fe df a0 fe df a0 fe df a0 fe df a0 fe 
036360  df a0 fe df a0 fe df a0 fe df a0 fe df a0 fe df 
036370  a0 fe df a0 fe df a0 fe df a0 fe df a0 fe df a0 
036380  fe df a0 fe df a0 fe df a0 fe df a0 fe df a0 fe 
036390  df a0 fe df a0 fe df a0 fe df a0 fe df a0 fe df 
0363a0  a0 fe df a0 fe df a0 fe df a0 fe df a0 fe df a0 
0363b0  fe df a0 fe df a0 fe df a0 fe df a0 fe df a0 fe 
0363c0  df a0 fe df a0 fe df a0 fe df a0 fe df a0 fe df 
0363d0  a0 fe df a0 fe df a0 fe df a0 fe df a0 fe df a0 
0363e0  fe df a0 fe df a0 fe df a0 fe df a0 fe df a0 fe 
0363f0  df a0 fe df a0 fe df a0 fe df a0 fe df a0 fe df 
036400  a0 fe df a0 fe df a0 fe df a0 fe df a0 fe df a0 
036410  fe df a0 fe df a0 fe df a0 fe df a0 fe df a0 fe 
036420  df a0 fe df a0 fe df a0 fe df a0 fe df a0 fe df 
036430  a0 fe df a0 fe df a0 fe df a0 fe df a0 fe df a0 
036440  fe df a0 fe df a0 fe df a0 fe df a0 fe df a0 fe 
036450  df a0 fe df a0 fe df a0 fe df a0 fe df a0 fe df 
036460  a0 fe df a0 fe df a0 fe df a0 fe df a0 fe df a0 
036470  fe df a0 fe df a0 fe df a0 fe df a0 fe df a0 fe 
036480  df a0 fe df a0 fe df a0 fe df a0 fe df a0 fe df 
036490  a0 fe df a0 fe df a0 fe df a0 fe df a0 fe df a0 
0364a0  fe df a0 fe df a0 fe df a0 fe df a0 fe df a0 fe 
0364b0  df a0 fe df a0 fe df a0 fe df a0 fe df a0 fe df 
0364c0  a0 fe df a0 fe df a0 fe df a0 fe df a0 fe df a0 
0364d0  fe df a0 fe df a0 fe df a0 fe df a0 fe df a0 fe 
0364e0  df a0 fe df a0 fe df a0 fe df a0 fe df a0 fe df 
0364f0  a0 fe df a0 fe df a0 fe df a0 fe df a0 fe df a0 
036500  fe df a0 fe df a0 fe df a0 fe df a0 fe df a0 fe 
036510  df a0 fe df a0 fe df a0 fe df a0 fe df a0 fe df 
036520  a0 fe df a0 fe df a0 fe df a0 fe df a0 fe df a0 
036530  fe df a0 fe df a0 fe df a0 fe df a0 fe df a0 fe 
036540  df a0 fe df a0 fe df a0 fe df a0 fe df a0 fe df 
036550  a0 fe df a0 fe df a0 fe df a0 fe df a0 fe df a0 
036560  fe df a0 fe df a0 fe df a0 fe df a0 fe df a0 fe 
036570  df a0 fe df a0 fe df a0 fe df a0 fe df a0 fe df 
036580  a0 fe df a0 fe df a0 fe df a0 fe df a0 fe df a0 
036590  fe df a0 fe df a0 fe df a0 fe df a0 fe df a0 fe 
0365a0  df a0 fe df a0 fe df a0 fe df a0 fe df a0 fe df 
0365b0  a0 fe df a0 fe df a0 fe df a0 fe df a0 fe df a0 
0365c0  fe df a0 fe df a0 fe df a0 fe df a0 fe df a0 fe 
0365d0  df a0 fe df a0 fe df a0 fe df a0 fe df a0 fe df 
0365e0  a0 fe df a0 fe df a0 fe df a0 fe df a0 fe df a0 
0365f0  fe df a0 fe df a0 fe df a0 fe df a0 fe df a0 fe 
036600  df a0 fe df a0 fe df a0 fe df a0 fe df a0 fe df 
036610  a0 fe df a0 fe df a0 fe df a0 fe df a0 fe df a0 
036620  fe df a0 fe df a0 fe df a0 fe df a0 fe df a0 fe 
036630  df a0 fe df a0 fe df a0 fe df a0 fe df a0 fe df 
036640  a0 fe df a0 fe df a0 fe df a0 fe df a0 fe df a0 
036650  fe df a0 fe df a0 fe df a0 fe df a0 fe df a0 fe 
036660  df a0 fe df a0 fe df a0 fe df a0 fe df a0 fe df 
036670  a0 fe df a0 fe df a0 fe df a0 fe df a0 fe df a0 
036680  fe df a0 fe df a0 fe df a0 fe df a0 fe df a0 fe 
036690  df a0 fe df a0 fe df a0 fe df a0 fe df a0 fe df 
0366a0  a0 fe df a0 fe df a0 fe df a0 fe df a0 fe df a0 
0366b0  fe df a0 fe df a0 fe df a0 fe df a0 fe df a0 fe 
0366c0  df a0 fe df a0 fe df a0 fe df a0 fe df a0 fe df 
0366d0  a0 fe df a0 fe df a0 fe df a0 fe df a0 fe df a0 
0366e0  fe df a0 fe df a0 fe df a0 fe df a0 fe df a0 fe 
0366f0  df a0 fe df a0 fe df a0 fe df a0 fe df a0 fe df 
036700  a0 fe df a0 fe df a0 fe df a0 fe df a0 fe df a0 
036710  fe df a0 fe df a0 fe df a0 fe df a0 fe df a0 fe 
036720  df a0 fe df a0 fe df a0 fe df a0 fe df a0 fe df 
036730  a0 fe df a0 fe df a0 fe df a0 fe df a0 fe df a0 
036740  fe df a0 fe df a0 fe df a0 fe df a0 fe df a0 fe 
036750  df a0 fe df a0 fe df a0 fe df a0 fe df a0 fe df 
036760  a0 fe df a0 fe df a0 fe df a0 fe df a0 fe df a0 
036770  fe df a0 fe df a0 fe df a0 fe df a0 fe df a0 fe 
036780  df a0 fe df a0 fe df a0 fe df a0 fe df a0 fe df 
036790  a0 fe df a0 fe df a0 fe df a0 fe df a0 fe df a0 
0367a0  fe df a0 fe df a0 fe df a0 fe df a0 fe df a0 fe 
0367b0  df a0 fe df a0 fe df a0 fe df a0 fe df a0 fe df 
0367c0  a0 fe df a0 fe df a0 fe df a0 fe df a0 fe df a0 
0367d0  fe df a0 fe df a0 fe df a0 fe df a0 fe df a0 fe 
0367e0  df a0 fe df a0 fe df a0 fe df a0 fe df a0 fe df 
0367f0  a0 fe df a0 fe df a0 fe df a0 fe df a0 fe df a0 
036800  fe df a0 fe df a0 fe df a0 fe df a0 fe df a0 fe 
036810  df a0 fe df a0 fe df a0 fe df a0 fe df a0 fe df 
036820  a0 fe df a0 fe df a0 fe df a0 fe df a0 fe df a0 
036830  fe df a0 fe df a0 fe df a0 fe df a0 fe df a0 fe 
036840  df a0 fe df a0 fe df a0 fe df a0 fe df a0 fe df 
036850  a0 fe df a0 fe df a0 fe df a0 fe df a0 fe df a0 
036860  fe df a0 fe df a0 fe df a0 fe df a0 fe df a0 fe 
036870  df a0 fe df a0 fe df a0 fe df a0 fe df a0 fe df 
036880  a0 fe df a0 fe df a0 fe df a0 fe df a0 fe df a0 
036890  fe df a0 fe df a0 fe df a0 fe df a0 fe df a0 fe 
0368a0  df a0 fe df a0 fe df a0 fe df a0 fe df a0 fe df 
0368b0  a0 fe df a0 fe df a0 fe df a0 fe df a0 fe df a0 
0368c0  fe df a0 fe df a0 fe df a0 fe df a0 fe df a0 fe 
0368d0  df a0 fe df a0 fe df a0 fe df a0 fe df a0 fe df 
0368e0  a0 fe df a0 fe df a0 fe df a0 fe df a0 fe df a0 
0368f0  fe df a0 fe df a0 fe df a0 fe df a0 fe df a0 fe 
036900  df a0 fe df a0 fe df a0 fe df a0 fe df a0 fe df 
036910  a0 fe df a0 fe df a0 fe df a0 fe df a0 fe df a0 
036920  fe df a0 fe df a0 fe df a0 fe df a0 fe df a0 fe 
036930  df a0 fe df a0 fe df a0 fe df a0 fe df a0 fe df 
036940  a0 fe df a0 fe df a0 fe df a0 fe df a0 fe df a0 
036950  fe df a0 fe df a0 fe df a0 fe df a0 fe df a0 fe 
036960  df a0 fe df a0 fe df a0 fe df a0 fe df a0 fe df 
036970  a0 fe df a0 fe df a0 fe df a0 fe df a0 fe df a0 
036980  fe df a0 fe df a0 fe df a0 fe df a0 fe df a0 fe 
036990  df a0 fe df a0 fe df a0 fe df a0 fe df a0 fe df 
0369a0  a0 fe df a0 fe df a0 fe df a0 fe df a0 fe df a0 
0369b0  fe df a0 fe df a0 fe df a0 fe df a0 fe df a0 fe 
0369c0  df a0 fe df a0 fe df a0 fe df a0 fe df a0 fe df 
0369d0  a0 fe df a0 fe df a0 fe df a0 fe df a0 fe df a0 
0369e0  fe df a0 fe df a0 fe df a0 fe df a0 fe df a0 fe 
0369f0  df a0 fe df a0 fe df a0 fe df a0 fe df a0 fe df 
036a00  a0 fe df a0 fe df a0 fe df a0 fe df a0 fe df a0 
036a10  fe df a0 fe df a0 fe df a0 fe df a0 fe df a0 fe 
036a20  df a0 fe df a0 fe df a0 fe df a0 fe df a0 fe df 
036a30  a0 fe df a0 fe df a0 fe df a0 fe df a0 fe df a0 
036a40  fe df a0 fe df a0 fe df a0 fe df a0 fe df a0 fe 
036a50  df a0 fe df a0 fe df a0 fe df a0 fe df a0 fe df 
036a60  a0 fe df a0 fe df a0 fe df a0 fe df a0 fe df a0 
036a70  fe df a0 fe df a0 fe df a0 fe df a0 fe df a0 fe 
036a80  df a0 fe df a0 fe df a0 fe df a0 fe df a0 fe df 
036a90  a0 fe df a0 fe df a0 fe df a0 fe df a0 fe df a0 
036aa0  fe df a0 fe df a0 fe df a0 fe df a0 fe df a0 fe 
036ab0  df a0 fe df a0 fe df a0 fe df a0 fe df a0 fe df 
036ac0  a0 fe df a0 fe df a0 fe df a0 fe df a0 fe df a0 
036ad0  fe df a0 fe df a0 fe df a0 fe df a0 fe df a0 fe 
036ae0  df a0 fe df a0 fe df a0 fe df a0 fe df a0 fe df 
036af0  a0 fe df a0 fe df a0 fe df a0 fe df a0 fe df a0 
036b00  fe df a0 fe df a0 fe df a0 fe df a0 fe df a0 fe 
036b10  df a0 fe df a0 fe df a0 fe df a0 fe df a0 fe df 
036b20  a0 fe df a0 fe df a0 fe df a0 fe df a0 fe df a0 
036b30  fe df a0 fe df a0 fe df a0 fe df a0 fe df a0 fe 
036b40  df a0 fe df a0 fe df a0 fe df a0 fe df a0 fe df 
036b50  a0 fe df a0 fe df a0 fe df a0 fe df a0 fe df a0 
036b60  fe df a0 fe df a0 fe df a0 fe df a0 fe df a0 fe 
036b70  df a0 fe df a0 fe df a0 fe df a0 fe df a0 fe df 
036b80  a0 fe df a0 fe df a0 fe df a0 fe df a0 fe df a0 
036b90  fe df a0 fe df a0 fe df a0 fe df a0 fe df a0 fe 
036ba0  df a0 fe df a0 fe df a0 fe df a0 fe df a0 fe df 
036bb0  a0 fe df a0 fe df a0 fe df a0 fe df a0 fe df a0 
036bc0  fe df a0 fe df a0 fe df a0 fe df a0 fe df a0 fe 
036bd0  df a0 fe df a0 fe df a0 fe df a0 fe df a0 fe df 
036be0  a0 fe df a0 fe df a0 fe df a0 fe df a0 fe df a0 
036bf0  fe df a0 fe df a0 fe df a0 fe df a0 fe df a0 fe 
036c00  df a0 fe df a0 fe df a0 fe df a0 fe df a0 fe df 
036c10  a0 fe df a0 fe df a0 fe df a0 fe df a0 fe df a0 
036c20  fe df a0 fe df a0 fe df a0 fe df a0 fe df a0 fe 
036c30  df a0 fe df a0 fe df a0 fe df a0 fe df a0 fe df 
036c40  a0 fe df a0 fe df a0 fe df a0 fe df a0 fe df a0 
036c50  fe df a0 fe df a0 fe df a0 fe df a0 fe df a0 fe 
036c60  df a0 fe df a0 fe df a0 fe df a0 fe df a0 fe df 
036c70  a0 fe df a0 fe df a0 fe df a0 fe df a0 fe df a0 
036c80  fe df a0 fe df a0 fe df a0 fe df a0 fe df a0 fe 
036c90  df a0 fe df a0 fe df a0 fe df a0 fe df a0 fe df 
036ca0  a0 fe df a0 fe df a0 fe df a0 fe df a0 fe df a0 
036cb0  fe df a0 fe df a0 fe df a0 fe df a0 fe df a0 fe 
036cc0  df a0 fe df a0 fe df a0 fe df a0 fe df a0 fe df 
036cd0  a0 fe df a0 fe df a0 fe df a0 fe df a0 fe df a0 
036ce0  fe df a0 fe df a0 fe df a0 fe df a0 fe df a0 fe 
036cf0  df a0 fe df a0 fe df a0 fe df a0 fe df a0 fe df 
036d00  a0 fe df a0 fe df a0 fe df a0 fe df a0 fe df a0 
036d10  fe df a0 fe df a0 fe df a0 fe df a0 fe df a0 fe 
036d20  df a0 fe df a0 fe df a0 fe df a0 fe df a0 fe df 
036d30  a0 fe df a0 fe df a0 fe df a0 fe df a0 fe df a0 
036d40  fe df a0 fe df a0 fe df a0 fe df a0 fe df a0 fe 
036d50  df a0 fe df a0 fe df a0 fe df a0 fe df a0 fe df 
036d60  a0 fe df a0 fe df a0 fe df a0 fe df a0 fe df a0 
036d70  fe df a0 fe df a0 fe df a0 fe df a0 fe df a0 fe 
036d80  df a0 fe df a0 fe df a0 fe df a0 fe df a0 fe df 
036d90  a0 fe df a0 fe df a0 fe df a0 fe df a0 fe df a0 
036da0  fe df a0 fe df a0 fe df a0 fe df a0 fe df a0 fe 
036db0  df a0 fe df a0 fe df a0 fe df a0 fe df a0 fe df 
036dc0  a0 fe df a0 fe df a0 fe df a0 fe df a0 fe df a0 
036dd0  fe df a0 fe df a0 fe df a0 fe df a0 fe df a0 fe 
036de0  df a0 fe df a0 fe df a0 fe df a0 fe df a0 fe df 
036df0  a0 fe df a0 fe df a0 fe df a0 fe df a0 fe df a0 
036e00  fe df a0 fe df a0 fe df a0 fe df a0 fe df a0 fe 
036e10  df a0 fe df a0 fe df a0 fe df a0 fe df a0 fe df 
036e20  a0 fe df a0 fe df a0 fe df a0 fe df a0 fe df a0 
036e30  fe df a0 fe df a0 fe df a0 fe df a0 fe df a0 fe 
036e40  df a0 fe df a0 fe df a0 fe df a0 fe df a0 fe df 
036e50  a0 fe df a0 fe df a0 fe df a0 fe df a0 fe df a0 
036e60  fe df a0 fe df a0 fe df a0 fe df a0 fe df a0 fe 
036e70  df a0 fe df a0 fe df a0 fe df a0 fe df a0 fe df 
036e80  a0 fe df a0 fe df a0 fe df a0 fe df a0 fe df a0 
036e90  fe df a0 fe df a0 fe df a0 fe df a0 fe df a0 fe 
036ea0  df a0 fe df a0 fe df a0 fe df a0 fe df a0 fe df 
036eb0  a0 fe df a0 fe df a0 fe df a0 fe df a0 fe df a0 
036ec0  fe df a0 fe df a0 fe df a0 fe df a0 fe df a0 fe 
036ed0  df a0 fe df a0 fe df a0 fe df a0 fe df a0 fe df 
036ee0  a0 fe df a0 fe df a0 fe df a0 fe df a0 fe df a0 
036ef0  fe df a0 fe df a0 fe df a0 fe df a0 fe df a0 fe 
036f00  df a0 fe df a0 fe df a0 fe df a0 fe df a0 fe df 
036f10  a0 fe df a0 fe df a0 fe df a0 fe df a0 fe df a0 
036f20  fe df a0 fe df a0 fe df a0 fe df a0 fe df a0 fe 
036f30  df a0 fe df a0 fe df a0 fe df a0 fe df a0 fe df 
036f40  a0 fe df a0 fe df a0 fe df a0 fe df a0 fe df a0 
036f50  fe df a0 fe df a0 fe df a0 fe df a0 fe df a0 fe 
036f60  df a0 fe df a0 fe df a0 fe df a0 fe df a0 fe df 
036f70  a0 fe df a0 fe df a0 fe df a0 fe df a0 fe df a0 
036f80  fe df a0 fe df a0 fe df a0 fe df a0 fe df a0 fe 
036f90  df a0 fe df a0 fe df a0 fe df a0 fe df a0 fe df 
036fa0  a0 fe df a0 fe df a0 fe df a0 fe df a0 fe df a0 
036fb0  fe df a0 fe df a0 fe df a0 fe df a0 fe df a0 fe 
036fc0  df a0 fe df a0 fe df a0 fe df a0 fe df a0 fe df 
036fd0  a0 fe df a0 fe df a0 fe df a0 fe df a0 fe df a0 
036fe0  fe df a0 fe df a0 fe df a0 fe df a0 fe df a0 fe 
036ff0  df a0 fe df a0 fe df a0 fe df a0 fe df a0 fe df 
037000  a0 fe df a0 fe df a0 fe df a0 fe df a0 fe df a0 
037010  fe df a0 fe df a0 fe df a0 fe df a0 fe df a0 fe 
037020  df a0 fe df a0 fe df a0 fe df a0 fe df a0 fe df 
037030  a0 fe df a0 fe df a0 fe df a0 fe df a0 fe df a0 
037040  fe df a0 fe df a0 fe df a0 fe df a0 fe df a0 fe 
037050  df a0 fe df a0 fe df a0 fe df a0 fe df a0 fe df 
037060  a0 fe df a0 fe df a0 fe df a0 fe df a0 fe df a0 
037070  fe df a0 fe df a0 fe df a0 fe df a0 fe df a0 fe 
037080  df a0 fe df a0 fe df a0 fe df a0 fe df a0 fe df 
037090  a0 fe df a0 fe df a0 fe df a0 fe df a0 fe df a0 
0370a0  fe df a0 fe df a0 fe df a0 fe df a0 fe df a0 fe 
0370b0  df a0 fe df a0 fe df a0 fe df a0 fe df a0 fe df 
0370c0  a0 fe df a0 fe df a0 fe df a0 fe df a0 fe df a0 
0370d0  fe df a0 fe df a0 fe df a0 fe df a0 fe df a0 fe 
0370e0  df a0 fe df a0 fe df a0 fe df a0 fe df a0 fe df 
0370f0  a0 fe df a0 fe df a0 fe df a0 fe df a0 fe df a0 
037100  fe df a0 fe df a0 fe df a0 fe df a0 fe df a0 fe 
037110  df a0 fe df a0 fe df a0 fe df a0 fe df a0 fe df 
037120  a0 fe df a0 fe df a0 fe df a0 fe df a0 fe df a0 
037130  fe df a0 fe df a0 fe df a0 fe df a0 fe df a0 fe 
037140  df a0 fe df a0 fe df a0 fe df a0 fe df a0 fe df 
037150  a0 fe df a0 fe df a0 fe df a0 fe df a0 fe df a0 
037160  fe df a0 fe df a0 fe df a0 fe df a0 fe df a0 fe 
037170  df a0 fe df a0 fe df a0 fe df a0 fe df a0 fe df 
037180  a0 fe df a0 fe df a0 fe df a0 fe df a0 fe df a0 
037190  fe df a0 fe df a0 fe df a0 fe df a0 fe df a0 fe 
0371a0  df a0 fe df a0 fe df a0 fe df a0 fe df a0 fe df 
0371b0  a0 fe df a0 fe df a0 fe df a0 fe df a0 fe df a0 
0371c0  fe df a0 fe df a0 fe df a0 fe df a0 fe df a0 fe 
0371d0  df a0 fe df a0 fe df a0 fe df a0 fe df a0 fe df 
0371e0  a0 fe df a0 fe df a0 fe df a0 fe df a0 fe df a0 
0371f0  fe df a0 fe df a0 fe df a0 fe df a0 fe df a0 fe 
037200  df a0 fe df a0 fe df a0 fe df a0 fe df a0 fe df 
037210  a0 fe df a0 fe df a0 fe df a0 fe df a0 fe df a0 
037220  fe df a0 fe df a0 fe df a0 fe df a0 fe df a0 fe 
037230  df a0 fe df a0 fe df a0 fe df a0 fe df a0 fe df 
037240  a0 fe df a0 fe df a0 fe df a0 fe df a0 fe df a0 
037250  fe df a0 fe df a0 fe df a0 fe df a0 fe df a0 fe 
037260  df a0 fe df a0 fe df a0 fe df a0 fe df a0 fe df 
037270  a0 fe df a0 fe df a0 fe df a0 fe df a0 fe df a0 
037280  fe df a0 fe df a0 fe df a0 fe df a0 fe df a0 fe 
037290  df a0 fe df a0 fe df a0 fe df a0 fe df a0 fe df 
0372a0  a0 fe df a0 fe df a0 fe df a0 fe df a0 fe df a0 
0372b0  fe df a0 fe df a0 fe df a0 fe df a0 fe df a0 fe 
0372c0  df a0 fe df a0 fe df a0 fe df a0 fe df a0 fe df 
0372d0  a0 fe df a0 fe df a0 fe df a0 fe df a0 fe df a0 
0372e0  fe df a0 fe df a0 fe df a0 fe df a0 fe df a0 fe 
0372f0  df a0 fe df a0 fe df a0 fe df a0 fe df a0 fe df 
037300  a0 fe df a0 fe df a0 fe df a0 fe df a0 fe df a0 
037310  fe df a0 fe df a0 fe df a0 fe df a0 fe df a0 fe 
037320  df a0 fe df a0 fe df a0 fe df a0 fe df a0 fe df 
037330  a0 fe df a0 fe df a0 fe df a0 fe df a0 fe df a0 
037340  fe df a0 fe df a0 fe df a0 fe df a0 fe df a0 fe 
037350  df a0 fe df a0 fe df a0 fe df a0 fe df a0 fe df 
037360  a0 fe df a0 fe df a0 fe df a0 fe df a0 fe df a0 
037370  fe df a0 fe df a0 fe df a0 fe df a0 fe df a0 fe 
037380  df a0 fe df a0 fe df a0 fe df a0 fe df a0 fe df 
037390  a0 fe df a0 fe df a0 fe df a0 fe df a0 fe df a0 
0373a0  fe df a0 fe df a0 fe df a0 fe df a0 fe df a0 fe 
0373b0  df a0 fe df a0 fe df a0 fe df a0 fe df a0 fe df 
0373c0  a0 fe df a0 fe df a0 fe df a0 fe df a0 fe df a0 
0373d0  fe df a0 fe df a0 fe df a0 fe df a0 fe df a0 fe 
0373e0  df a0 fe df a0 fe df a0 fe df a0 fe df a0 fe df 
0373f0  a0 fe df a0 fe df a0 fe df a0 fe df a0 fe df a0 
037400  fe df a0 fe df a0 fe df a0 fe df a0 fe df a0 fe 
037410  df a0 fe df a0 fe df a0 fe df a0 fe df a0 fe df 
037420  a0 fe df a0 fe df a0 fe df a0 fe df a0 fe df a0 
037430  fe df a0 fe df a0 fe df a0 fe df a0 fe df a0 fe 
037440  df a0 fe df a0 fe df a0 fe df a0 fe df a0 fe df 
037450  a0 fe df a0 fe df a0 fe df a0 fe df a0 fe df a0 
037460  fe df a0 fe df a0 fe df a0 fe df a0 fe df a0 fe 
037470  df a0 fe df a0 fe df a0 fe df a0 fe df a0 fe df 
037480  a0 fe df a0 fe df a0 fe df a0 fe df a0 fe df a0 
037490  fe df a0 fe df a0 fe df a0 fe df a0 fe df a0 fe 
0374a0  df a0 fe df a0 fe df a0 fe df a0 fe df a0 fe df 
0374b0  a0 fe df a0 fe df a0 fe df a0 fe df a0 fe df a0 
0374c0  fe df a0 fe df a0 fe df a0 fe df a0 fe df a0 fe 
0374d0  df a0 fe df a0 fe df a0 fe df a0 fe df a0 fe df 
0374e0  a0 fe df a0 fe df a0 fe df a0 fe df a0 fe df a0 
0374f0  fe df a0 fe df a0 fe df a0 fe df a0 fe df a0 fe 
037500  df a0 fe df a0 fe df a0 fe df a0 fe df a0 fe df 
037510  a0 fe df a0 fe df a0 fe df a0 fe df a0 fe df a0 
037520  fe df a0 fe df a0 fe df a0 fe df a0 fe df a0 fe 
037530  df a0 fe df a0 fe df a0 fe df a0 fe df a0 fe df 
037540  a0 fe df a0 fe df a0 fe df a0 fe df a0 fe df a0 
037550  fe df a0 fe df a0 fe df a0 fe df a0 fe df a0 fe 
037560  df a0 fe df a0 fe df a0 fe df a0 fe df a0 fe df 
037570  a0 fe df a0 fe df a0 fe df a0 fe df a0 fe df a0 
037580  fe df a0 fe df a0 fe df a0 fe df a0 fe df a0 fe 
037590  df a0 fe df a0 fe df a0 fe df a0 fe df a0 fe df 
0375a0  a0 fe df a0 fe df a0 fe df a0 fe df a0 fe df a0 
0375b0  fe df a0 fe df a0 fe df a0 fe df a0 fe df a0 fe 
0375c0  df a0 fe df a0 fe df a0 fe df a0 fe df a0 fe df 
0375d0  a0 fe df a0 fe df a0 fe df a0 fe df a0 fe df a0 
0375e0  fe df a0 fe df a0 fe df a0 fe df a0 fe df a0 fe 
0375f0  df a0 fe df a0 fe df a0 fe df a0 fe df a0 fe df 
037600  a0 fe df a0 fe df a0 fe df a0 fe df a0 fe df a0 
037610  fe df a0 fe df a0 fe df a0 fe df a0 fe df a0 fe 
037620  df a0 fe df a0 fe df a0 fe df a0 fe df a0 fe df 
037630  a0 fe df a0 fe df a0 fe df a0 fe df a0 fe df a0 
037640  fe df a0 fe df a0 fe df a0 fe df a0 fe df a0 fe 
037650  df a0 fe df a0 fe df a0 fe df a0 fe df a0 fe df 
037660  a0 fe df a0 fe df a0 fe df a0 fe df a0 fe df a0 
037670  fe df a0 fe df a0 fe df a0 fe df a0 fe df a0 fe 
037680  df a0 fe df a0 fe df a0 fe df a0 fe df a0 fe df 
037690  a0 fe df a0 fe df a0 fe df a0 fe df a0 fe df a0 
0376a0  fe df a0 fe df a0 fe df a0 fe df a0 fe df a0 fe 
0376b0  df a0 fe df a0 fe df a0 fe df a0 fe df a0 fe df 
0376c0  a0 fe df a0 fe df a0 fe df a0 fe df a0 fe df a0 
0376d0  fe df a0 fe df a0 fe df a0 fe df a0 fe df a0 fe 
0376e0  df a0 fe df a0 fe df a0 fe df a0 fe df a0 fe df 
0376f0  a0 fe df a0 fe df a0 fe df a0 fe df a0 fe df a0 
037700  fe df a0 fe df a0 fe df a0 fe df a0 fe df a0 fe 
037710  df a0 fe df a0 fe df a0 fe df a0 fe df a0 fe df 
037720  a0 fe df a0 fe df a0 fe df a0 fe df a0 fe df a0 
037730  fe df a0 fe df a0 fe df a0 fe df a0 fe df a0 fe 
037740  df a0 fe df a0 fe df a0 fe df a0 fe df a0 fe df 
037750  a0 fe df a0 fe df a0 fe df a0 fe df a0 fe df a0 
037760  fe df a0 fe df a0 fe df a0 fe df a0 fe df a0 fe 
037770  df a0 fe df a0 fe df a0 fe df a0 fe df a0 fe df 
037780  a0 fe df a0 fe df a0 fe df a0 fe df a0 fe df a0 
037790  fe df a0 fe df a0 fe df a0 fe df a0 fe df a0 fe 
0377a0  df a0 fe df a0 fe df a0 fe df a0 fe df a0 fe df 
0377b0  a0 fe df a0 fe df a0 fe df a0 fe df a0 fe df a0 
0377c0  fe df a0 fe df a0 fe df a0 fe df a0 fe df a0 fe 
0377d0  df a0 fe df a0 fe df a0 fe df a0 fe df a0 fe df 
0377e0  a0 fe df a0 fe df a0 fe df a0 fe df a0 fe df a0 
0377f0  fe df a0 fe df a0 fe df a0 fe df a0 fe df a0 fe 
037800  df a0 fe df a0 fe df a0 fe df a0 fe df a0 fe df 
037810  a0 fe df a0 fe df a0 fe df a0 fe df a0 fe df a0 
037820  fe df a0 fe df a0 fe df a0 fe df a0 fe df a0 fe 
037830  df a0 fe df a0 fe df a0 fe df a0 fe df a0 fe df 
037840  a0 fe df a0 fe df a0 fe df a0 fe df a0 fe df a0 
037850  fe df a0 fe df a0 fe df a0 fe df a0 fe df a0 fe 
037860  df a0 fe df a0 fe df a0 fe df a0 fe df a0 fe df 
037870  a0 fe df a0 fe df a0 fe df a0 fe df a0 fe df a0 
037880  fe df a0 fe df a0 fe df a0 fe df a0 fe df a0 fe 
037890  df a0 fe df a0 fe df a0 fe df a0 fe df a0 fe df 
0378a0  a0 fe df a0 fe df a0 fe df a0 fe df a0 fe df a0 
0378b0  fe df a0 fe df a0 fe df a0 fe df a0 fe df a0 fe 
0378c0  df a0 fe df a0 fe df a0 fe df a0 fe df a0 fe df 
0378d0  a0 fe df a0 fe df a0 fe df a0 fe df a0 fe df a0 
0378e0  fe df a0 fe df a0 fe df a0 fe df a0 fe df a0 fe 
0378f0  df a0 fe df a0 fe df a0 fe df a0 fe df a0 fe df 
037900  a0 fe df a0 fe df a0 fe df a0 fe df a0 fe df a0 
037910  fe df a0 fe df a0 fe df a0 fe df a0 fe df a0 fe 
037920  df a0 fe df a0 fe df a0 fe df a0 fe df a0 fe df 
037930  a0 fe df a0 fe df a0 fe df a0 fe df a0 fe df a0 
037940  fe df a0 fe df a0 fe df a0 fe df a0 fe df a0 fe 
037950  df a0 fe df a0 fe df a0 fe df a0 fe df a0 fe df 
037960  a0 fe df a0 fe df a0 fe df a0 fe df a0 fe df a0 
037970  fe df a0 fe df a0 fe df a0 fe df a0 fe df a0 fe 
037980  df a0 fe df a0 fe df a0 fe df a0 fe df a0 fe df 
037990  a0 fe df a0 fe df a0 fe df a0 fe df a0 fe df a0 
0379a0  fe df a0 fe df a0 fe df a0 fe df a0 fe df a0 fe 
0379b0  df a0 fe df a0 fe df a0 fe df a0 fe df a0 fe df 
0379c0  a0 fe df a0 fe df a0 fe df a0 fe df a0 fe df a0 
0379d0  fe df a0 fe df a0 fe df a0 fe df a0 fe df a0 fe 
0379e0  df a0 fe df a0 fe df a0 fe df a0 fe df a0 fe df 
0379f0  a0 fe df a0 fe df a0 fe df a0 fe df a0 fe df a0 
037a00  fe df a0 fe df a0 fe df a0 fe df a0 fe df a0 fe 
037a10  df a0 fe df a0 fe df a0 fe df a0 fe df a0 fe df 
037a20  a0 fe df a0 fe df a0 fe df a0 fe df a0 fe df a0 
037a30  fe df a0 fe df a0 fe df a0 fe df a0 fe df a0 fe 
037a40  df a0 fe df a0 fe df a0 fe df a0 fe df a0 fe df 
037a50  a0 fe df a0 fe df a0 fe df a0 fe df a0 fe df a0 
037a60  fe df a0 fe df a0 fe df a0 fe df a0 fe df a0 fe 
037a70  df a0 fe df a0 fe df a0 fe df a0 fe df a0 fe df 
037a80  a0 fe df a0 fe df a0 fe df a0 fe df a0 fe df a0 
037a90  fe df a0 fe df a0 fe df a0 fe df a0 fe df a0 fe 
037aa0  df a0 fe df a0 fe df a0 fe df a0 fe df a0 fe df 
037ab0  a0 fe df a0 fe df a0 fe df a0 fe df a0 fe df a0 
037ac0  fe df a0 fe df a0 fe df a0 fe df a0 fe df a0 fe 
037ad0  df a0 fe df a0 fe df a0 fe df a0 fe df a0 fe df 
037ae0  a0 fe df a0 fe df a0 fe df a0 fe df a0 fe df a0 
037af0  fe df a0 fe df a0 fe df a0 fe df a0 fe df a0 fe 
037b00  df a0 fe df a0 fe df a0 fe df a0 fe df a0 fe df 
037b10  a0 fe df a0 fe df a0 fe df a0 fe df a0 fe df a0 
037b20  fe df a0 fe df a0 fe df a0 fe df a0 fe df a0 fe 
037b30  df a0 fe df a0 fe df a0 fe df a0 fe df a0 fe df 
037b40  a0 fe df a0 fe df a0 fe df a0 fe df a0 fe df a0 
037b50  fe df a0 fe df a0 fe df a0 fe df a0 fe df a0 fe 
037b60  df a0 fe df a0 fe df a0 fe df a0 fe df a0 fe df 
037b70  a0 fe df a0 fe df a0 fe df a0 fe df a0 fe df a0 
037b80  fe df a0 fe df a0 fe df a0 fe df a0 fe df a0 fe 
037b90  df a0 fe df a0 fe df a0 fe df a0 fe df a0 fe df 
037ba0  a0 fe df a0 fe df a0 fe df a0 fe df a0 fe df a0 
037bb0  fe df a0 fe df a0 fe df a0 fe df a0 fe df a0 fe 
037bc0  df a0 fe df a0 fe df a0 fe df a0 fe df a0 fe df 
037bd0  a0 fe df a0 fe df a0 fe df a0 fe df a0 fe df a0 
037be0  fe df a0 fe df a0 fe df a0 fe df a0 fe df a0 fe 
037bf0  df a0 fe df a0 fe df a0 fe df a0 fe df a0 fe df 
037c00  a0 fe df a0 fe df a0 fe df a0 fe df a0 fe df a0 
037c10  fe df a0 fe df a0 fe df a0 fe df a0 fe df a0 fe 
037c20  df a0 fe df a0 fe df a0 fe df a0 fe df a0 fe df 
037c30  a0 fe df a0 fe df a0 fe df a0 fe df a0 fe df a0 
037c40  fe df a0 fe df a0 fe df a0 fe df a0 fe df a0 fe 
037c50  df a0 fe df a0 fe df a0 fe df a0 fe df a0 fe df 
037c60  a0 fe df a0 fe df a0 fe df a0 fe df a0 fe df a0 
037c70  fe df a0 fe df a0 fe df a0 fe df a0 fe df a0 fe 
037c80  df a0 fe df a0 fe df a0 fe df a0 fe df a0 fe df 
037c90  a0 fe df a0 fe df a0 fe df a0 fe df a0 fe df a0 
037ca0  fe df a0 fe df a0 fe df a0 fe df a0 fe df a0 fe 
037cb0  df a0 fe df a0 fe df a0 fe df a0 fe df a0 fe df 
037cc0  a0 fe df a0 fe df a0 fe df a0 fe df a0 fe df a0 
037cd0  fe df a0 fe df a0 fe df a0 fe df a0 fe df a0 fe 
037ce0  df a0 fe df a0 fe df a0 fe df a0 fe df a0 fe df 
037cf0  a0 fe df a0 fe df a0 fe df a0 fe df a0 fe df a0 
037d00  fe df a0 fe df a0 fe df a0 fe df a0 fe df a0 fe 
037d10  df a0 fe df a0 fe df a0 fe df a0 fe df a0 fe df 
037d20  a0 fe df a0 fe df a0 fe df a0 fe df a0 fe df a0 
037d30  fe df a0 fe df a0 fe df a0 fe df a0 fe df a0 fe 
037d40  df a0 fe df a0 fe df a0 fe df a0 fe df a0 fe df 
037d50  a0 fe df a0 fe df a0 fe df a0 fe df a0 fe df a0 
037d60  fe df a0 fe df a0 fe df a0 fe df a0 fe df a0 fe 
037d70  df a0 fe df a0 fe df a0 fe df a0 fe df a0 fe df 
037d80  a0 fe df a0 fe df a0 fe df a0 fe df a0 fe df a0 
037d90  fe df a0 fe df a0 fe df a0 fe df a0 fe df a0 fe 
037da0  df a0 fe df a0 fe df a0 fe df a0 fe df a0 fe df 
037db0  a0 fe df a0 fe df a0 fe df a0 fe df a0 fe df a0 
037dc0  fe df a0 fe df a0 fe df a0 fe df a0 fe df a0 fe 
037dd0  df a0 fe df a0 fe df a0 fe df a0 fe df a0 fe df 
037de0  a0 fe df a0 fe df a0 fe df a0 fe df a0 fe df a0 
037df0  fe df a0 fe df a0 fe df a0 fe df a0 fe df a0 fe 
037e00  df a0 fe df a0 fe df a0 fe df a0 fe df a0 fe df 
037e10  a0 fe df a0 fe df a0 fe df a0 fe df a0 fe df a0 
037e20  fe df a0 fe df a0 fe df a0 fe df a0 fe df a0 fe 
037e30  df a0 fe df a0 fe df a0 fe df a0 fe df a0 fe df 
037e40  a0 fe df a0 fe df a0 fe df a0 fe df a0 fe df a0 
037e50  fe df a0 fe df a0 fe df a0 fe df a0 fe df a0 fe 
037e60  df a0 fe df a0 fe df a0 fe df a0 fe df a0 fe df 
037e70  a0 fe df a0 fe df a0 fe df a0 fe df a0 fe df a0 
037e80  fe df a0 fe df a0 fe df a0 fe df a0 fe df a0 fe 
037e90  df a0 fe df a0 fe df a0 fe df a0 fe df a0 fe df 
037ea0  a0 fe df a0 fe df a0 fe df a0 fe df a0 fe df a0 
037eb0  fe df a0 fe df a0 fe df a0 fe df a0 fe df a0 fe 
037ec0  df a0 fe df a0 fe df a0 fe df a0 fe df a0 fe df 
037ed0  a0 fe df a0 fe df a0 fe df a0 fe df a0 fe df a0 
037ee0  fe df a0 fe df a0 fe df a0 fe df a0 fe df a0 fe 
037ef0  df a0 fe df a0 fe df a0 fe df a0 fe df a0 fe df 
037f00  a0 fe df a0 fe df a0 fe df a0 fe df a0 fe df a0 
037f10  fe df a0 fe df a0 fe df a0 fe df a0 fe df a0 fe 
037f20  df a0 fe df a0 fe df a0 fe df a0 fe df a0 fe df 
037f30  a0 fe df a0 fe df a0 fe df a0 fe df a0 fe df a0 
037f40  fe df a0 fe df a0 fe df a0 fe df a0 fe df a0 fe 
037f50  df a0 fe df a0 fe df a0 fe df a0 fe df a0 fe df 
037f60  a0 fe df a0 fe df a0 fe df a0 fe df a0 fe df a0 
037f70  fe df a0 fe df a0 fe df a0 fe df a0 fe df a0 fe 
037f80  df a0 fe df a0 fe df a0 fe df a0 fe df a0 fe df 
037f90  a0 fe df a0 fe df a0 fe df a0 fe df a0 fe df a0 
037fa0  fe df a0 fe df a0 fe df a0 fe df a0 fe df a0 fe 
037fb0  df a0 fe df a0 fe df a0 fe df a0 fe df a0 fe df 
037fc0  a0 fe df a0 fe df a0 fe df a0 fe df a0 fe df a0 
037fd0  fe df a0 fe df a0 fe df a0 fe df a0 fe df a0 fe 
037fe0  df a0 fe df a0 fe df a0 fe df a0 fe df a0 fe df 
037ff0  a0 fe df a0 fe df a0 fe df a0 fe df a0 fe df a0 
038000  fe df a0 fe df a0 fe df a0 fe df a0 fe df a0 fe 
038010  df a0 fe df a0 fe df a0 fe df a0 fe df a0 fe df 
038020  a0 fe df a0 fe df a0 fe df a0 fe df a0 fe df a0 
038030  fe df a0 fe df a0 fe df a0 fe df a0 fe df a0 fe 
038040  df a0 fe df a0 fe df a0 fe df a0 fe df a0 fe df 
038050  a0 fe df a0 fe df a0 fe df a0 fe df a0 fe df a0 
038060  fe df a0 fe df a0 fe df a0 fe df a0 fe df a0 fe 
038070  df a0 fe df a0 fe df a0 fe df a0 fe df a0 fe df 
038080  a0 fe df a0 fe df a0 fe df a0 fe df a0 fe df a0 
038090  fe df a0 fe df a0 fe df a0 fe df a0 fe df a0 fe 
0380a0  df a0 fe df a0 fe df a0 fe df a0 fe df a0 fe df 
0380b0  a0 fe df a0 fe df a0 fe df a0 fe df a0 fe df a0 
0380c0  fe df a0 fe df a0 fe df a0 fe df a0 fe df a0 fe 
0380d0  df a0 fe df a0 fe df a0 fe df a0 fe df a0 fe df 
0380e0  a0 fe df a0 fe df a0 fe df a0 fe df a0 fe df a0 
0380f0  fe df a0 fe df a0 fe df a0 fe df a0 fe df a0 fe 
038100  df a0 fe df a0 fe df a0 fe df a0 fe df a0 fe df 
038110  a0 fe df a0 fe df a0 fe df a0 fe df a0 fe df a0 
038120  fe df a0 fe df a0 fe df a0 fe df a0 fe df a0 fe 
038130  df a0 fe df a0 fe df a0 fe df a0 fe df a0 fe df 
038140  a0 fe df a0 fe df a0 fe df a0 fe df a0 fe df a0 
038150  fe df a0 fe df a0 fe df a0 fe df a0 fe df a0 fe 
038160  df a0 fe df a0 fe df a0 fe df a0 fe df a0 fe df 
038170  a0 fe df a0 fe df a0 fe df a0 fe df a0 fe df a0 
038180  fe df a0 fe df a0 fe df a0 fe df a0 fe df a0 fe 
038190  df a0 fe df a0 fe df a0 fe df a0 fe df a0 fe df 
0381a0  a0 fe df a0 fe df a0 fe df a0 fe df a0 fe df a0 
0381b0  fe df a0 fe df a0 fe df a0 fe df a0 fe df a0 fe 
0381c0  df a0 fe df a0 fe df a0 fe df a0 fe df a0 fe df 
0381d0  a0 fe df a0 fe df a0 fe df a0 fe df a0 fe df a0 
0381e0  fe df a0 fe df a0 fe df a0 fe df a0 fe df a0 fe 
0381f0  df a0 fe df a0 fe df a0 fe df a0 fe df a0 fe df 
038200  a0 fe df a0 fe df a0 fe df a0 fe df a0 fe df a0 
038210  fe df a0 fe df a0 fe df a0 fe df a0 fe df a0 fe 
038220  df a0 fe df a0 fe df a0 fe df a0 fe df a0 fe df 
038230  a0 fe df a0 fe df a0 fe df a0 fe df a0 fe df a0 
038240  fe df a0 fe df a0 fe df a0 fe df a0 fe df a0 fe 
038250  df a0 fe df a0 fe df a0 fe df a0 fe df a0 fe df 
038260  a0 fe df a0 fe df a0 fe df a0 fe df a0 fe df a0 
038270  fe df a0 fe df a0 fe df a0 fe df a0 fe df a0 fe 
038280  df a0 fe df a0 fe df a0 fe df a0 fe df a0 fe df 
038290  a0 fe df a0 fe df a0 fe df a0 fe df a0 fe df a0 
0382a0  fe df a0 fe df a0 fe df a0 fe df a0 fe df a0 fe 
0382b0  df a0 fe df a0 fe df a0 fe df a0 fe df a0 fe df 
0382c0  a0 fe df a0 fe df a0 fe df a0 fe df a0 fe df a0 
0382d0  fe df a0 fe df a0 fe df a0 fe df a0 fe df a0 fe 
0382e0  df a0 fe df a0 fe df a0 fe df a0 fe df a0 fe df 
0382f0  a0 fe df a0 fe df a0 fe df a0 fe df a0 fe df a0 
038300  fe df a0 fe df a0 fe df a0 fe df a0 fe df a0 fe 
038310  df a0 fe df a0 fe df a0 fe df a0 fe df a0 fe df 
038320  a0 fe df a0 fe df a0 fe df a0 fe df a0 fe df a0 
038330  fe df a0 fe df a0 fe df a0 fe df a0 fe df a0 fe 
038340  df a0 fe df a0 fe df a0 fe df a0 fe df a0 fe df 
038350  a0 fe df a0 fe df a0 fe df a0 fe df a0 fe df a0 
038360  fe df a0 fe df a0 fe df a0 fe df a0 fe df a0 fe 
038370  df a0 fe df a0 fe df a0 fe df a0 fe df a0 fe df 
038380  a0 fe df a0 fe df a0 fe df a0 fe df a0 fe df a0 
038390  fe df a0 fe df a0 fe df a0 fe df a0 fe df a0 fe 
0383a0  df a0 fe df a0 fe df a0 fe df a0 fe df a0 fe df 
0383b0  a0 fe df a0 fe df a0 fe df a0 fe df a0 fe df a0 
0383c0  fe df a0 fe df a0 fe df a0 fe df a0 fe df a0 fe 
0383d0  df a0 fe df a0 fe df a0 fe df a0 fe df a0 fe df 
0383e0  a0 fe df a0 fe df a0 fe df a0 fe df a0 fe df a0 
0383f0  fe df a0 fe df a0 fe df a0 fe df a0 fe df a0 fe 
038400  df a0 fe df a0 fe df a0 fe df a0 fe df a0 fe df 
038410  a0 fe df a0 fe df a0 fe df a0 fe df a0 fe df a0 
038420  fe df a0 fe df a0 fe df a0 fe df a0 fe df a0 fe 
038430  df a0 fe df a0 fe df a0 fe df a0 fe df a0 fe df 
038440  a0 fe df a0 fe df a0 fe df a0 fe df a0 fe df a0 
038450  fe df a0 fe df a0 fe df a0 fe df a0 fe df a0 fe 
038460  df a0 fe df a0 fe df a0 fe df a0 fe df a0 fe df 
038470  a0 fe df a0 fe df a0 fe df a0 fe df a0 fe df a0 
038480  fe df a0 fe df a0 fe df a0 fe df a0 fe df a0 fe 
038490  df a0 fe df a0 fe df a0 fe df a0 fe df a0 fe df 
0384a0  a0 fe df a0 fe df a0 fe df a0 fe df a0 fe df a0 
0384b0  fe df a0 fe df a0 fe df a0 fe df a0 fe df a0 fe 
0384c0  df a0 fe df a0 fe df a0 fe df a0 fe df a0 fe df 
0384d0  a0 fe df a0 fe df a0 fe df a0 fe df a0 fe df a0 
0384e0  fe df a0 fe df a0 fe df a0 fe df a0 fe df a0 fe 
0384f0  df a0 fe df a0 fe df a0 fe df a0 fe df a0 fe df 
038500  a0 fe df a0 fe df a0 fe df a0 fe df a0 fe df a0 
038510  fe df a0 fe df a0 fe df a0 fe df a0 fe df a0 fe 
038520  df a0 fe df a0 fe df a0 fe df a0 fe df a0 fe df 
038530  a0 fe df a0 fe df a0 fe df a0 fe df a0 fe df a0 
038540  fe df a0 fe df a0 fe df a0 fe df a0 fe df a0 fe 
038550  df a0 fe df a0 fe df a0 fe df a0 fe df a0 fe df 
038560  a0 fe df a0 fe df a0 fe df a0 fe df a0 fe df a0 
038570  fe df a0 fe df a0 fe df a0 fe df a0 fe df a0 fe 
038580  df a0 fe df a0 fe df a0 fe df a0 fe df a0 fe df 
038590  a0 fe df a0 fe df a0 fe df a0 fe df a0 fe df a0 
0385a0  fe df a0 fe df a0 fe df a0 fe df a0 fe df a0 fe 
0385b0  df a0 fe df a0 fe df a0 fe df a0 fe df a0 fe df 
0385c0  a0 fe df a0 fe df a0 fe df a0 fe df a0 fe df a0 
0385d0  fe df a0 fe df a0 fe df a0 fe df a0 fe df a0 fe 
0385e0  df a0 fe df a0 fe df a0 fe df a0 fe df a0 fe df 
0385f0  a0 fe df a0 fe df a0 fe df a0 fe df a0 fe df a0 
038600  fe df a0 fe df a0 fe df a0 fe df a0 fe df a0 fe 
038610  df a0 fe df a0 fe df a0 fe df a0 fe df a0 fe df 
038620  a0 fe df a0 fe df a0 fe df a0 fe df a0 fe df a0 
038630  fe df a0 fe df a0 fe df a0 fe df a0 fe df a0 fe 
038640  df a0 fe df a0 fe df a0 fe df a0 fe df a0 fe df 
038650  a0 fe df a0 fe df a0 fe df a0 fe df a0 fe df a0 
038660  fe df a0 fe df a0 fe df a0 fe df a0 fe df a0 fe 
038670  df a0 fe df a0 fe df a0 fe df a0 fe df a0 fe df 
038680  a0 fe df a0 fe df a0 fe df a0 fe df a0 fe df a0 
038690  fe df a0 fe df a0 fe df a0 fe df a0 fe df a0 fe 
0386a0  df a0 fe df a0 fe df a0 fe df a0 fe df a0 fe df 
0386b0  a0 fe df a0 fe df a0 fe df a0 fe df a0 fe df a0 
0386c0  fe df a0 fe df a0 fe df a0 fe df a0 fe df a0 fe 
0386d0  df a0 fe df a0 fe df a0 fe df a0 fe df a0 fe df 
0386e0  a0 fe df a0 fe df a0 fe df a0 fe df a0 fe df a0 
0386f0  fe df a0 fe df a0 fe df a0 fe df a0 fe df a0 fe 
038700  df a0 fe df a0 fe df a0 fe df a0 fe df a0 fe df 
038710  a0 fe df a0 fe df a0 fe df a0 fe df a0 fe df a0 
038720  fe df a0 fe df a0 fe df a0 fe df a0 fe df a0 fe 
038730  df a0 fe df a0 fe df a0 fe df a0 fe df a0 fe df 
038740  a0 fe df a0 fe df a0 fe df a0 fe df a0 fe df a0 
038750  fe df a0 fe df a0 fe df a0 fe df a0 fe df a0 fe 
038760  df a0 fe df a0 fe df a0 fe df a0 fe df a0 fe df 
038770  a0 fe df a0 fe df a0 fe df a0 fe df a0 fe df a0 
038780  fe df a0 fe df a0 fe df a0 fe df a0 fe df a0 fe 
038790  df a0 fe df a0 fe df a0 fe df a0 fe df a0 fe df 
0387a0  a0 fe df a0 fe df a0 fe df a0 fe df a0 fe df a0 
0387b0  fe df a0 fe df a0 fe df a0 fe df a0 fe df a0 fe 
0387c0  df a0 fe df a0 fe df a0 fe df a0 fe df a0 fe df 
0387d0  a0 fe df a0 fe df a0 fe df a0 fe df a0 fe df a0 
0387e0  fe df a0 fe df a0 fe df a0 fe df a0 fe df a0 fe 
0387f0  df a0 fe df a0 fe df a0 fe df a0 fe df a0 fe df 
038800  a0 fe df a0 fe df a0 fe df a0 fe df a0 fe df a0 
038810  fe df a0 fe df a0 fe df a0 fe df a0 fe df a0 fe 
038820  df a0 fe df a0 fe df a0 fe df a0 fe df a0 fe df 
038830  a0 fe df a0 fe df a0 fe df a0 fe df a0 fe df a0 
038840  fe df a0 fe df a0 fe df a0 fe df a0 fe df a0 fe 
038850  df a0 fe df a0 fe df a0 fe df a0 fe df a0 fe df 
038860  a0 fe df a0 fe df a0 fe df a0 fe df a0 fe df a0 
038870  fe df a0 fe df a0 fe df a0 fe df a0 fe df a0 fe 
038880  df a0 fe df a0 fe df a0 fe df a0 fe df a0 fe df 
038890  a0 fe df a0 fe df a0 fe df a0 fe df a0 fe df a0 
0388a0  fe df a0 fe df a0 fe df a0 fe df a0 fe df a0 fe 
0388b0  df a0 fe df a0 fe df a0 fe df a0 fe df a0 fe df 
0388c0  a0 fe df a0 fe df a0 fe df a0 fe df a0 fe df a0 
0388d0  fe df a0 fe df a0 fe df a0 fe df a0 fe df a0 fe 
0388e0  df a0 fe df a0 fe df a0 fe df a0 fe df a0 fe df 
0388f0  a0 fe df a0 fe df a0 fe df a0 fe df a0 fe df a0 
038900  fe df a0 fe df a0 fe df a0 fe df a0 fe df a0 fe 
038910  df a0 fe df a0 fe df a0 fe df a0 fe df a0 fe df 
038920  a0 fe df a0 fe df a0 fe df a0 fe df a0 fe df a0 
038930  fe df a0 fe df a0 fe df a0 fe df a0 fe df a0 fe 
038940  df a0 fe df a0 fe df a0 fe df a0 fe df a0 fe df 
038950  a0 fe df a0 fe df a0 fe df a0 fe df a0 fe df a0 
038960  fe df a0 fe df a0 fe df a0 fe df a0 fe df a0 fe 
038970  df a0 fe df a0 fe df a0 fe df a0 fe df a0 fe df 
038980  a0 fe df a0 fe df a0 fe df a0 fe df a0 fe df a0 
038990  fe df a0 fe df a0 fe df a0 fe df a0 fe df a0 fe 
0389a0  df a0 fe df a0 fe df a0 fe df a0 fe df a0 fe df 
0389b0  a0 fe df a0 fe df a0 fe df a0 fe df a0 fe df a0 
0389c0  fe df a0 fe df a0 fe df a0 fe df a0 fe df a0 fe 
0389d0  df a0 fe df a0 fe df a0 fe df a0 fe df a0 fe df 
0389e0  a0 fe df a0 fe df a0 fe df a0 fe df a0 fe df a0 
0389f0  fe df a0 fe df a0 fe df a0 fe df a0 fe df a0 fe 
038a00  df a0 fe df a0 fe df a0 fe df a0 fe df a0 fe df 
038a10  a0 fe df a0 fe df a0 fe df a0 fe df a0 fe df a0 
038a20  fe df a0 fe df a0 fe df a0 fe df a0 fe df a0 fe 
038a30  df a0 fe df a0 fe df a0 fe df a0 fe df a0 fe df 
038a40  a0 fe df a0 fe df a0 fe df a0 fe df a0 fe df a0 
038a50  fe df a0 fe df a0 fe df a0 fe df a0 fe df a0 fe 
038a60  df a0 fe df a0 fe df a0 fe df a0 fe df a0 fe df 
038a70  a0 fe df a0 fe df a0 fe df a0 fe df a0 fe df a0 
038a80  fe df a0 fe df a0 fe df a0 fe df a0 fe df a0 fe 
038a90  df a0 fe df a0 fe df a0 fe df a0 fe df a0 fe df 
038aa0  a0 fe df a0 fe df a0 fe df a0 fe df a0 fe df a0 
038ab0  fe df a0 fe df a0 fe df a0 fe df a0 fe df a0 fe 
038ac0  df a0 fe df a0 fe df a0 fe df a0 fe df a0 fe df 
038ad0  a0 fe df a0 fe df a0 fe df a0 fe df a0 fe df a0 
038ae0  fe df a0 fe df a0 fe df a0 fe df a0 fe df a0 fe 
038af0  df a0 fe df a0 fe df a0 fe df a0 fe df a0 fe df 
038b00  a0 fe df a0 fe df a0 fe df a0 fe df a0 fe df a0 
038b10  fe df a0 fe df a0 fe df a0 fe df a0 fe df a0 fe 
038b20  df a0 fe df a0 fe df a0 fe df a0 fe df a0 fe df 
038b30  a0 fe df a0 fe df a0 fe df a0 fe df a0 fe df a0 
038b40  fe df a0 fe df a0 fe df a0 fe df a0 fe df a0 fe 
038b50  df a0 fe df a0 fe df a0 fe df a0 fe df a0 fe df 
038b60  a0 fe df a0 fe df a0 fe df a0 fe df a0 fe df a0 
038b70  fe df a0 fe df a0 fe df a0 fe df a0 fe df a0 fe 
038b80  df a0 fe df a0 fe df a0 fe df a0 fe df a0 fe df 
038b90  a0 fe df a0 fe df a0 fe df a0 fe df a0 fe df a0 
038ba0  fe df a0 fe df a0 fe df a0 fe df a0 fe df a0 fe 
038bb0  df a0 fe df a0 fe df a0 fe df a0 fe df a0 fe df 
038bc0  a0 fe df a0 fe df a0 fe df a0 fe df a0 fe df a0 
038bd0  fe df a0 fe df a0 fe df a0 fe df a0 fe df a0 fe 
038be0  df a0 fe df a0 fe df a0 fe df a0 fe df a0 fe df 
038bf0  a0 fe df a0 fe df a0 fe df a0 fe df a0 fe df a0 
038c00  fe df a0 fe df a0 fe df a0 fe df a0 fe df a0 fe 
038c10  df a0 fe df a0 fe df a0 fe df a0 fe df a0 fe df 
038c20  a0 fe df a0 fe df a0 fe df a0 fe df a0 fe df a0 
038c30  fe df a0 fe df a0 fe df a0 fe df a0 fe df a0 fe 
038c40  df a0 fe df a0 fe df a0 fe df a0 fe df a0 fe df 
038c50  a0 fe df a0 fe df a0 fe df a0 fe df a0 fe df a0 
038c60  fe df a0 fe df a0 fe df a0 fe df a0 fe df a0 fe 
038c70  df a0 fe df a0 fe df a0 fe df a0 fe df a0 fe df 
038c80  a0 fe df a0 fe df a0 fe df a0 fe df a0 fe df a0 
038c90  fe df a0 fe df a0 fe df a0 fe df a0 fe df a0 fe 
038ca0  df a0 fe df a0 fe df a0 fe df a0 fe df a0 fe df 
038cb0  a0 fe df a0 fe df a0 fe df a0 fe df a0 fe df a0 
038cc0  fe df a0 fe df a0 fe df a0 fe df a0 fe df a0 fe 
038cd0  df a0 fe df a0 fe df a0 fe df a0 fe df a0 fe df 
038ce0  a0 fe df a0 fe df a0 fe df a0 fe df a0 fe df a0 
038cf0  fe df a0 fe df a0 fe df a0 fe df a0 fe df a0 fe 
038d00  df a0 fe df a0 fe df a0 fe df a0 fe df a0 fe df 
038d10  a0 fe df a0 fe df a0 fe df a0 fe df a0 fe df a0 
038d20  fe df a0 fe df a0 fe df a0 fe df a0 fe df a0 fe 
038d30  df a0 fe df a0 fe df a0 fe df a0 fe df a0 fe df 
038d40  a0 fe df a0 fe df a0 fe df a0 fe df a0 fe df a0 
038d50  fe df a0 fe df a0 fe df a0 fe df a0 fe df a0 fe 
038d60  df a0 fe df a0 fe df a0 fe df a0 fe df a0 fe df 
038d70  a0 fe df a0 fe df a0 fe df a0 fe df a0 fe df a0 
038d80  fe df a0 fe df a0 fe df a0 fe df a0 fe df a0 fe 
038d90  df a0 fe df a0 fe df a0 fe df a0 fe df a0 fe df 
038da0  a0 fe df a0 fe df a0 fe df a0 fe df a0 fe df a0 
038db0  fe df a0 fe df a0 fe df a0 fe df a0 fe df a0 fe 
038dc0  df a0 fe df a0 fe df a0 fe df a0 fe df a0 fe df 
038dd0  a0 fe df a0 fe df a0 fe df a0 fe df a0 fe df a0 
038de0  fe df a0 fe df a0 fe df a0 fe df a0 fe df a0 fe 
038df0  df a0 fe df a0 fe df a0 fe df a0 fe df a0 fe df 
038e00  a0 fe df a0 fe df a0 fe df a0 fe df a0 fe df a0 
038e10  fe df a0 fe df a0 fe df a0 fe df a0 fe df a0 fe 
038e20  df a0 fe df a0 fe df a0 fe df a0 fe df a0 fe df 
038e30  a0 fe df a0 fe df a0 fe df a0 fe df a0 fe df a0 
038e40  fe df a0 fe df a0 fe df a0 fe df a0 fe df a0 fe 
038e50  df a0 fe df a0 fe df a0 fe df a0 fe df a0 fe df 
038e60  a0 fe df a0 fe df a0 fe df a0 fe df a0 fe df a0 
038e70  fe df a0 fe df a0 fe df a0 fe df a0 fe df a0 fe 
038e80  df a0 fe df a0 fe df a0 fe df a0 fe df a0 fe df 
038e90  a0 fe df a0 fe df a0 fe df a0 fe df a0 fe df a0 
038ea0  fe df a0 fe df a0 fe df a0 fe df a0 fe df a0 fe 
038eb0  df a0 fe df a0 fe df a0 fe df a0 fe df a0 fe df 
038ec0  a0 fe df a0 fe df a0 fe df a0 fe df a0 fe df a0 
038ed0  fe df a0 fe df a0 fe df a0 fe df a0 fe df a0 fe 
038ee0  df a0 fe df a0 fe df a0 fe df a0 fe df a0 fe df 
038ef0  a0 fe df a0 fe df a0 fe df a0 fe df a0 fe df a0 
038f00  fe df a0 fe df a0 fe df a0 fe df a0 fe df a0 fe 
038f10  df a0 fe df a0 fe df a0 fe df a0 fe df a0 fe df 
038f20  a0 fe df a0 fe df a0 fe df a0 fe df a0 fe df a0 
038f30  fe df a0 fe df a0 fe df a0 fe df a0 fe df a0 fe 
038f40  df a0 fe df a0 fe df a0 fe df a0 fe df a0 fe df 
038f50  a0 fe df a0 fe df a0 fe df a0 fe df a0 fe df a0 
038f60  fe df a0 fe df a0 fe df a0 fe df a0 fe df a0 fe 
038f70  df a0 fe df a0 fe df a0 fe df a0 fe df a0 fe df 
038f80  a0 fe df a0 fe df a0 fe df a0 fe df a0 fe df a0 
038f90  fe df a0 fe df a0 fe df a0 fe df a0 fe df a0 fe 
038fa0  df a0 fe df a0 fe df a0 fe df a0 fe df a0 fe df 
038fb0  a0 fe df a0 fe df a0 fe df a0 fe df a0 fe df a0 
038fc0  fe df a0 fe df a0 fe df a0 fe df a0 fe df a0 fe 
038fd0  df a0 fe df a0 fe df a0 fe df a0 fe df a0 fe df 
038fe0  a0 fe df a0 fe df a0 fe df a0 fe df a0 fe df a0 
038ff0  fe df a0 fe df a0 fe df a0 fe df a0 fe df a0 fe 
039000  df a0 fe df a0 fe df a0 fe df a0 fe df a0 fe df 
039010  a0 fe df a0 fe df a0 fe df a0 fe df a0 fe df a0 
039020  fe df a0 fe df a0 fe df a0 fe df a0 fe df a0 fe 
039030  df a0 fe df a0 fe df a0 fe df a0 fe df a0 fe df 
039040  a0 fe df a0 fe df a0 fe df a0 fe df a0 fe df a0 
039050  fe df a0 fe df a0 fe df a0 fe df a0 fe df a0 fe 
039060  df a0 fe df a0 fe df a0 fe df a0 fe df a0 fe df 
039070  a0 fe df a0 fe df a0 fe df a0 fe df a0 fe df a0 
039080  fe df a0 fe df a0 fe df a0 fe df a0 fe df a0 fe 
039090  df a0 fe df a0 fe df a0 fe df a0 fe df a0 fe df 
0390a0  a0 fe df a0 fe df a0 fe df a0 fe df a0 fe df a0 
0390b0  fe df a0 fe df a0 fe df a0 fe df a0 fe df a0 fe 
0390c0  df a0 fe df a0 fe df a0 fe df a0 fe df a0 fe df 
0390d0  a0 fe df a0 fe df a0 fe df a0 fe df a0 fe df a0 
0390e0  fe df a0 fe df a0 fe df a0 fe df a0 fe df a0 fe 
0390f0  df a0 fe df a0 fe df a0 fe df a0 fe df a0 fe df 
039100  a0 fe df a0 fe df a0 fe df a0 fe df a0 fe df a0 
039110  fe df a0 fe df a0 fe df a0 fe df a0 fe df a0 fe 
039120  df a0 fe df a0 fe df a0 fe df a0 fe df a0 fe df 
039130  a0 fe df a0 fe df a0 fe df a0 fe df a0 fe df a0 
039140  fe df a0 fe df a0 fe df a0 fe df a0 fe df a0 fe 
039150  df a0 fe df a0 fe df a0 fe df a0 fe df a0 fe df 
039160  a0 fe df a0 fe df a0 fe df a0 fe df a0 fe df a0 
039170  fe df a0 fe df a0 fe df a0 fe df a0 fe df a0 fe 
039180  df a0 fe df a0 fe df a0 fe df a0 fe df a0 fe df 
039190  a0 fe df a0 fe df a0 fe df a0 fe df a0 fe df a0 
0391a0  fe df a0 fe df a0 fe df a0 fe df a0 fe df a0 fe 
0391b0  df a0 fe df a0 fe df a0 fe df a0 fe df a0 fe df 
0391c0  a0 fe df a0 fe df a0 fe df a0 fe df a0 fe df a0 
0391d0  fe df a0 fe df a0 fe df a0 fe df a0 fe df a0 fe 
0391e0  df a0 fe df a0 fe df a0 fe df a0 fe df a0 fe df 
0391f0  a0 fe df a0 fe df a0 fe df a0 fe df a0 fe df a0 
039200  fe df a0 fe df a0 fe df a0 fe df a0 fe df a0 fe 
039210  df a0 fe df a0 fe df a0 fe df a0 fe df a0 fe df 
039220  a0 fe df a0 fe df a0 fe df a0 fe df a0 fe df a0 
039230  fe df a0 fe df a0 fe df a0 fe df a0 fe df a0 fe 
039240  df a0 fe df a0 fe df a0 fe df a0 fe df a0 fe df 
039250  a0 fe df a0 fe df a0 fe df a0 fe df a0 fe df a0 
039260  fe df a0 fe df a0 fe df a0 fe df a0 fe df a0 fe 
039270  df a0 fe df a0 fe df a0 fe df a0 fe df a0 fe df 
039280  a0 fe df a0 fe df a0 fe df a0 fe df a0 fe df a0 
039290  fe df a0 fe df a0 fe df a0 fe df a0 fe df a0 fe 
0392a0  df a0 fe df a0 fe df a0 fe df a0 fe df a0 fe df 
0392b0  a0 fe df a0 fe df a0 fe df a0 fe df a0 fe df a0 
0392c0  fe df a0 fe df a0 fe df a0 fe df a0 fe df a0 fe 
0392d0  df a0 fe df a0 fe df a0 fe df a0 fe df a0 fe df 
0392e0  a0 fe df a0 fe df a0 fe df a0 fe df a0 fe df a0 
0392f0  fe df a0 fe df a0 fe df a0 fe df a0 fe df a0 fe 
039300  df a0 fe df a0 fe df a0 fe df a0 fe df a0 fe df 
039310  a0 fe df a0 fe df a0 fe df a0 fe df a0 fe df a0 
039320  fe df a0 fe df a0 fe df a0 fe df a0 fe df a0 fe 
039330  df a0 fe df a0 fe df a0 fe df a0 fe df a0 fe df 
039340  a0 fe df a0 fe df a0 fe df a0 fe df a0 fe df a0 
039350  fe df a0 fe df a0 fe df a0 fe df a0 fe df a0 fe 
039360  df a0 fe df a0 fe df a0 fe df a0 fe df a0 fe df 
039370  a0 fe df a0 fe df a0 fe df a0 fe df a0 fe df a0 
039380  fe df a0 fe df a0 fe df a0 fe df a0 fe df a0 fe 
039390  df a0 fe df a0 fe df a0 fe df a0 fe df a0 fe df 
0393a0  a0 fe df a0 fe df a0 fe df a0 fe df a0 fe df a0 
0393b0  fe df a0 fe df a0 fe df a0 fe df a0 fe df a0 fe 
0393c0  df a0 fe df a0 fe df a0 fe df a0 fe df a0 fe df 
0393d0  a0 fe df a0 fe df a0 fe df a0 fe df a0 fe df a0 
0393e0  fe df a0 fe df a0 fe df a0 fe df a0 fe df a0 fe 
0393f0  df a0 fe df a0 fe df a0 fe df a0 fe df a0 fe df 
039400  a0 fe df a0 fe df a0 fe df a0 fe df a0 fe df a0 
039410  fe df a0 fe df a0 fe df a0 fe df a0 fe df a0 fe 
039420  df a0 fe df a0 fe df a0 fe df a0 fe df a0 fe df 
039430  a0 fe df a0 fe df a0 fe df a0 fe df a0 fe df a0 
039440  fe df a0 fe df a0 fe df a0 fe df a0 fe df a0 fe 
039450  df a0 fe df a0 fe df a0 fe df a0 fe df a0 fe df 
039460  a0 fe df a0 fe df a0 fe df a0 fe df a0 fe df a0 
039470  fe df a0 fe df a0 fe df a0 fe df a0 fe df a0 fe 
039480  df a0 fe df a0 fe df a0 fe df a0 fe df a0 fe df 
039490  a0 fe df a0 fe df a0 fe df a0 fe df a0 fe df a0 
0394a0  fe df a0 fe df a0 fe df a0 fe df a0 fe df a0 fe 
0394b0  df a0 fe df a0 fe df a0 fe df a0 fe df a0 fe df 
0394c0  a0 fe df a0 fe df a0 fe df a0 fe df a0 fe df a0 
0394d0  fe df a0 fe df a0 fe df a0 fe df a0 fe df a0 fe 
0394e0  df a0 fe df a0 fe df a0 fe df a0 fe df a0 fe df 
0394f0  a0 fe df a0 fe df a0 fe df a0 fe df a0 fe df a0 
039500  fe df a0 fe df a0 fe df a0 fe df a0 fe df a0 fe 
039510  df a0 fe df a0 fe df a0 fe df a0 fe df a0 fe df 
039520  a0 fe df a0 fe df a0 fe df a0 fe df a0 fe df a0 
039530  fe df a0 fe df a0 fe df a0 fe df a0 fe df a0 fe 
039540  df a0 fe df a0 fe df a0 fe df a0 fe df a0 fe df 
039550  a0 fe df a0 fe df a0 fe df a0 fe df a0 fe df a0 
039560  fe df a0 fe df a0 fe df a0 fe df a0 fe df a0 fe 
039570  df a0 fe df a0 fe df a0 fe df a0 fe df a0 fe df 
039580  a0 fe df a0 fe df a0 fe df a0 fe df a0 fe df a0 
039590  fe df a0 fe df a0 fe df a0 fe df a0 fe df a0 fe 
0395a0  df a0 fe df a0 fe df a0 fe df a0 fe df a0 fe df 
0395b0  a0 fe df a0 fe df a0 fe df a0 fe df a0 fe df a0 
0395c0  fe df a0 fe df a0 fe df a0 fe df a0 fe df a0 fe 
0395d0  df a0 fe df a0 fe df a0 fe df a0 fe df a0 fe df 
0395e0  a0 fe df a0 fe df a0 fe df a0 fe df a0 fe df a0 
0395f0  fe df a0 fe df a0 fe df a0 fe df a0 fe df a0 fe 
039600  df a0 fe df a0 fe df a0 fe df a0 fe df a0 fe df 
039610  a0 fe df a0 fe df a0 fe df a0 fe df a0 fe df a0 
039620  fe df a0 fe df a0 fe df a0 fe df a0 fe df a0 fe 
039630  df a0 fe df a0 fe df a0 fe df a0 fe df a0 fe df 
039640  a0 fe df a0 fe df a0 fe df a0 fe df a0 fe df a0 
039650  fe df a0 fe df a0 fe df a0 fe df a0 fe df a0 fe 
039660  df a0 fe df a0 fe df a0 fe df a0 fe df a0 fe df 
039670  a0 fe df a0 fe df a0 fe df a0 fe df a0 fe df a0 
039680  fe df a0 fe df a0 fe df a0 fe df a0 fe df a0 fe 
039690  df a0 fe df a0 fe df a0 fe df a0 fe df a0 fe df 
0396a0  a0 fe df a0 fe df a0 fe df a0 fe df a0 fe df a0 
0396b0  fe df a0 fe df a0 fe df a0 fe df a0 fe df a0 fe 
0396c0  df a0 fe df a0 fe df a0 fe df a0 fe df a0 fe df 
0396d0  a0 fe df a0 fe df a0 fe df a0 fe df a0 fe df a0 
0396e0  fe df a0 fe df a0 fe df a0 fe df a0 fe df a0 fe 
0396f0  df a0 fe df a0 fe df a0 fe df a0 fe df a0 fe df 
039700  a0 fe df a0 fe df a0 fe df a0 fe df a0 fe df a0 
039710  fe df a0 fe df a0 fe df a0 fe df a0 fe df a0 fe 
039720  df a0 fe df a0 fe df a0 fe df a0 fe df a0 fe df 
039730  a0 fe df a0 fe df a0 fe df a0 fe df a0 fe df a0 
039740  fe df a0 fe df a0 fe df a0 fe df a0 fe df a0 fe 
039750  df a0 fe df a0 fe df a0 fe df a0 fe df a0 fe df 
039760  a0 fe df a0 fe df a0 fe df a0 fe df a0 fe df a0 
039770  fe df a0 fe df a0 fe df a0 fe df a0 fe df a0 fe 
039780  df a0 fe df a0 fe df a0 fe df a0 fe df a0 fe df 
039790  a0 fe df a0 fe df a0 fe df a0 fe df a0 fe df a0 
0397a0  fe df a0 fe df a0 fe df a0 fe df a0 fe df a0 fe 
0397b0  df a0 fe df a0 fe df a0 fe df a0 fe df a0 fe df 
0397c0  a0 fe df a0 fe df a0 fe df a0 fe df a0 fe df a0 
0397d0  fe df a0 fe df a0 fe df a0 fe df a0 fe df a0 fe 
0397e0  df a0 fe df a0 fe df a0 fe df a0 fe df a0 fe df 
0397f0  a0 fe df a0 fe df a0 fe df a0 fe df a0 fe df a0 
039800  fe df a0 fe df a0 fe df a0 fe df a0 fe df a0 fe 
039810  df a0 fe df a0 fe df a0 fe df a0 fe df a0 fe df 
039820  a0 fe df a0 fe df a0 fe df a0 fe df a0 fe df a0 
039830  fe df a0 fe df a0 fe df a0 fe df a0 fe df a0 fe 
039840  df a0 fe df a0 fe df a0 fe df a0 fe df a0 fe df 
039850  a0 fe df a0 fe df a0 fe df a0 fe df a0 fe df a0 
039860  fe df a0 fe df a0 fe df a0 fe df a0 fe df a0 fe 
039870  df a0 fe df a0 fe df a0 fe df a0 fe df a0 fe df 
039880  a0 fe df a0 fe df a0 fe df a0 fe df a0 fe df a0 
039890  fe df a0 fe df a0 fe df a0 fe df a0 fe df a0 fe 
0398a0  df a0 fe df a0 fe df a0 fe df a0 fe df a0 fe df 
0398b0  a0 fe df a0 fe df a0 fe df a0 fe df a0 fe df a0 
0398c0  fe df a0 fe df a0 fe df a0 fe df a0 fe df a0 fe 
0398d0  df a0 fe df a0 fe df a0 fe df a0 fe df a0 fe df 
0398e0  a0 fe df a0 fe df a0 fe df a0 fe df a0 fe df a0 
0398f0  fe df a0 fe df a0 fe df a0 fe df a0 fe df a0 fe 
039900  df a0 fe df a0 fe df a0 fe df a0 fe df a0 fe df 
039910  a0 fe df a0 fe df a0 fe df a0 fe df a0 fe df a0 
039920  fe df a0 fe df a0 fe df a0 fe df a0 fe df a0 fe 
039930  df a0 fe df a0 fe df a0 fe df a0 fe df a0 fe df 
039940  a0 fe df a0 fe df a0 fe df a0 fe df a0 fe df a0 
039950  fe df a0 fe df a0 fe df a0 fe df a0 fe df a0 fe 
039960  df a0 fe df a0 fe df a0 fe df a0 fe df a0 fe df 
039970  a0 fe df a0 fe df a0 fe df a0 fe df a0 fe df a0 
039980  fe df a0 fe df a0 fe df a0 fe df a0 fe df a0 fe 
039990  df a0 fe df a0 fe df a0 fe df a0 fe df a0 fe df 
0399a0  a0 fe df a0 fe df a0 fe df a0 fe df a0 fe df a0 
0399b0  fe df a0 fe df a0 fe df a0 fe df a0 fe df a0 fe 
0399c0  df a0 fe df a0 fe df a0 fe df a0 fe df a0 fe df 
0399d0  a0 fe df a0 fe df a0 fe df a0 fe df a0 fe df a0 
0399e0  fe df a0 fe df a0 fe df a0 fe df a0 fe df a0 fe 
0399f0  df a0 fe df a0 fe df a0 fe df a0 fe df a0 fe df 
039a00  a0 fe df a0 fe df a0 fe df a0 fe df a0 fe df a0 
039a10  fe df a0 fe df a0 fe df a0 fe df a0 fe df a0 fe 
039a20  df a0 fe df a0 fe df a0 fe df a0 fe df a0 fe df 
039a30  a0 fe df a0 fe df a0 fe df a0 fe df a0 fe df a0 
039a40  fe df a0 fe df a0 fe df a0 fe df a0 fe df a0 fe 
039a50  df a0 fe df a0 fe df a0 fe df a0 fe df a0 fe df 
039a60  a0 fe df a0 fe df a0 fe df a0 fe df a0 fe df a0 
039a70  fe df a0 fe df a0 fe df a0 fe df a0 fe df a0 fe 
039a80  df a0 fe df a0 fe df a0 fe df a0 fe df a0 fe df 
039a90  a0 fe df a0 fe df a0 fe df a0 fe df a0 fe df a0 
039aa0  fe df a0 fe df a0 fe df a0 fe df a0 fe df a0 fe 
039ab0  df a0 fe df a0 fe df a0 fe df a0 fe df a0 fe df 
039ac0  a0 fe df a0 fe df a0 fe df a0 fe df a0 fe df a0 
039ad0  fe df a0 fe df a0 fe df a0 fe df a0 fe df a0 fe 
039ae0  df a0 fe df a0 fe df a0 fe df a0 fe df a0 fe df 
039af0  a0 fe df a0 fe df a0 fe df a0 fe df a0 fe df a0 
039b00  fe df a0 fe df a0 fe df a0 fe df a0 fe df a0 fe 
039b10  df a0 fe df a0 fe df a0 fe df a0 fe df a0 fe df 
039b20  a0 fe df a0 fe df a0 fe df a0 fe df a0 fe df a0 
039b30  fe df a0 fe df a0 fe df a0 fe df a0 fe df a0 fe 
039b40  df a0 fe df a0 fe df a0 fe df a0 fe df a0 fe df 
039b50  a0 fe df a0 fe df a0 fe df a0 fe df a0 fe df a0 
039b60  fe df a0 fe df a0 fe df a0 fe df a0 fe df a0 fe 
039b70  df a0 fe df a0 fe df a0 fe df a0 fe df a0 fe df 
039b80  a0 fe df a0 fe df a0 fe df a0 fe df a0 fe df a0 
039b90  fe df a0 fe df a0 fe df a0 fe df a0 fe df a0 fe 
039ba0  df a0 fe df a0 fe df a0 fe df a0 fe df a0 fe df 
039bb0  a0 fe df a0 fe df a0 fe df a0 fe df a0 fe df a0 
039bc0  fe df a0 fe df a0 fe df a0 fe df a0 fe df a0 fe 
039bd0  df a0 fe df a0 fe df a0 fe df a0 fe df a0 fe df 
039be0  a0 fe df a0 fe df a0 fe df a0 fe df a0 fe df a0 
039bf0  fe df a0 fe df a0 fe df a0 fe df a0 fe df a0 fe 
039c00  df a0 fe df a0 fe df a0 fe df a0 fe df a0 fe df 
039c10  a0 fe df a0 fe df a0 fe df a0 fe df a0 fe df a0 
039c20  fe df a0 fe df a0 fe df a0 fe df a0 fe df a0 fe 
039c30  df a0 fe df a0 fe df a0 fe df a0 fe df a0 fe df 
039c40  a0 fe df a0 fe df a0 fe df a0 fe df a0 fe df a0 
039c50  fe df a0 fe df a0 fe df a0 fe df a0 fe df a0 fe 
039c60  df a0 fe df a0 fe df a0 fe df a0 fe df a0 fe df 
039c70  a0 fe df a0 fe df a0 fe df a0 fe df a0 fe df a0 
039c80  fe df a0 fe df a0 fe df a0 fe df a0 fe df a0 fe 
039c90  df a0 fe df a0 fe df a0 fe df a0 fe df a0 fe df 
039ca0  a0 fe df a0 fe df a0 fe df a0 fe df a0 fe df a0 
039cb0  fe df a0 fe df a0 fe df a0 fe df a0 fe df a0 fe 
039cc0  df a0 fe df a0 fe df a0 fe df a0 fe df a0 fe df 
039cd0  a0 fe df a0 fe df a0 fe df a0 fe df a0 fe df a0 
039ce0  fe df a0 fe df a0 fe df a0 fe df a0 fe df a0 fe 
039cf0  df a0 fe df a0 fe df a0 fe df a0 fe df a0 fe df 
039d00  a0 fe df a0 fe df a0 fe df a0 fe df a0 fe df a0 
039d10  fe df a0 fe df a0 fe df a0 fe df a0 fe df a0 fe 
039d20  df a0 fe df a0 fe df a0 fe df a0 fe df a0 fe df 
039d30  a0 fe df a0 fe df a0 fe df a0 fe df a0 fe df a0 
039d40  fe df a0 fe df a0 fe df a0 fe df a0 fe df a0 fe 
039d50  df a0 fe df a0 fe df a0 fe df a0 fe df a0 fe df 
039d60  a0 fe df a0 fe df a0 fe df a0 fe df a0 fe df a0 
039d70  fe df a0 fe df a0 fe df a0 fe df a0 fe df a0 fe 
039d80  df a0 fe df a0 fe df a0 fe df a0 fe df a0 fe df 
039d90  a0 fe df a0 fe df a0 fe df a0 fe df a0 fe df a0 
039da0  fe df a0 fe df a0 fe df a0 fe df a0 fe df a0 fe 
039db0  df a0 fe df a0 fe df a0 fe df a0 fe df a0 fe df 
039dc0  a0 fe df a0 fe df a0 fe df a0 fe df a0 fe df a0 
039dd0  fe df a0 fe df a0 fe df a0 fe df a0 fe df a0 fe 
039de0  df a0 fe df a0 fe df a0 fe df a0 fe df a0 fe df 
039df0  a0 fe df a0 fe df a0 fe df a0 fe df a0 fe df a0 
039e00  fe df a0 fe df a0 fe df a0 fe df a0 fe df a0 fe 
039e10  df a0 fe df a0 fe df a0 fe df a0 fe df a0 fe df 
039e20  a0 fe df a0 fe df a0 fe df a0 fe df a0 fe df a0 
039e30  fe df a0 fe df a0 fe df a0 fe df a0 fe df a0 fe 
039e40  df a0 fe df a0 fe df a0 fe df a0 fe df a0 fe df 
039e50  a0 fe df a0 fe df a0 fe df a0 fe df a0 fe df a0 
039e60  fe df a0 fe df a0 fe df a0 fe df a0 fe df a0 fe 
039e70  df a0 fe df a0 fe df a0 fe df a0 fe df a0 fe df 
039e80  a0 fe df a0 fe df a0 fe df a0 fe df a0 fe df a0 
039e90  fe df a0 fe df a0 fe df a0 fe df a0 fe df a0 fe 
039ea0  df a0 fe df a0 fe df a0 fe df a0 fe df a0 fe df 
039eb0  a0 fe df a0 fe df a0 fe df a0 fe df a0 fe df a0 
039ec0  fe df a0 fe df a0 fe df a0 fe df a0 fe df a0 fe 
039ed0  df a0 fe df a0 fe df a0 fe df a0 fe df a0 fe df 
039ee0  a0 fe df a0 fe df a0 fe df a0 fe df a0 fe df a0 
039ef0  fe df a0 fe df a0 fe df a0 fe df a0 fe df a0 fe 
039f00  df a0 fe df a0 fe df a0 fe df a0 fe df a0 fe df 
039f10  a0 fe df a0 fe df a0 fe df a0 fe df a0 fe df a0 
039f20  fe df a0 fe df a0 fe df a0 fe df a0 fe df a0 fe 
039f30  df a0 fe df a0 fe df a0 fe df a0 fe df a0 fe df 
039f40  a0 fe df a0 fe df a0 fe df a0 fe df a0 fe df a0 
039f50  fe df a0 fe df a0 fe df a0 fe df a0 fe df a0 fe 
039f60  df a0 fe df a0 fe df a0 fe df a0 fe df a0 fe df 
039f70  a0 fe df a0 fe df a0 fe df a0 fe df a0 fe df a0 
039f80  fe df a0 fe df a0 fe df a0 fe df a0 fe df a0 fe 
039f90  df a0 fe df a0 fe df a0 fe df a0 fe df a0 fe df 
039fa0  a0 fe df a0 fe df a0 fe df a0 fe df a0 fe df a0 
039fb0  fe df a0 fe df a0 fe df a0 fe df a0 fe df a0 fe 
039fc0  df a0 fe df a0 fe df a0 fe df a0 fe df a0 fe df 
039fd0  a0 fe df a0 fe df a0 fe df a0 fe df a0 fe df a0 
039fe0  fe df a0 fe df a0 fe df a0 fe df a0 fe df a0 fe 
039ff0  df a0 fe df a0 fe df a0 fe df a0 fe df a0 fe df 
03a000  a0 fe df a0 fe df a0 fe df a0 fe df a0 fe df a0 
03a010  fe df a0 fe df a0 fe df a0 fe df a0 fe df a0 fe 
03a020  df a0 fe df a0 fe df a0 fe df a0 fe df a0 fe df 
03a030  a0 fe df a0 fe df a0 fe df a0 fe df a0 fe df a0 
03a040  fe df a0 fe df a0 fe df a0 fe df a0 fe df a0 fe 
03a050  df a0 fe df a0 fe df a0 fe df a0 fe df a0 fe df 
03a060  a0 fe df a0 fe df a0 fe df a0 fe df a0 fe df a0 
03a070  fe df a0 fe df a0 fe df a0 fe df a0 fe df a0 fe 
03a080  df a0 fe df a0 fe df a0 fe df a0 fe df a0 fe df 
03a090  a0 fe df a0 fe df a0 fe df a0 fe df a0 fe df a0 
03a0a0  fe df a0 fe df a0 fe df a0 fe df a0 fe df a0 fe 
03a0b0  df a0 fe df a0 fe df a0 fe df a0 fe df a0 fe df 
03a0c0  a0 fe df a0 fe df a0 fe df a0 fe df a0 fe df a0 
03a0d0  fe df a0 fe df a0 fe df a0 fe df a0 fe df a0 fe 
03a0e0  df a0 fe df a0 fe df a0 fe df a0 fe df a0 fe df 
03a0f0  a0 fe df a0 fe df a0 fe df a0 fe df a0 fe df a0 
03a100  fe df a0 fe df a0 fe df a0 fe df a0 fe df a0 fe 
03a110  df a0 fe df a0 fe df a0 fe df a0 fe df a0 fe df 
03a120  a0 fe df a0 fe df a0 fe df a0 fe df a0 fe df a0 
03a130  fe df a0 fe df a0 fe df a0 fe df a0 fe df a0 fe 
03a140  df a0 fe df a0 fe df a0 fe df a0 fe df a0 fe df 
03a150  a0 fe df a0 fe df a0 fe df a0 fe df a0 fe df a0 
03a160  fe df a0 fe df a0 fe df a0 fe df a0 fe df a0 fe 
03a170  df a0 fe df a0 fe df a0 fe df a0 fe df a0 fe df 
03a180  a0 fe df a0 fe df a0 fe df a0 fe df a0 fe df a0 
03a190  fe df a0 fe df a0 fe df a0 fe df a0 fe df a0 fe 
03a1a0  df a0 fe df a0 fe df a0 fe df a0 fe df a0 fe df 
03a1b0  a0 fe df a0 fe df a0 fe df a0 fe df a0 fe df a0 
03a1c0  fe df a0 fe df a0 fe df a0 fe df a0 fe df a0 fe 
03a1d0  df a0 fe df a0 fe df a0 fe df a0 fe df a0 fe df 
03a1e0  a0 fe df a0 fe df a0 fe df a0 fe df a0 fe df a0 
03a1f0  fe df a0 fe df a0 fe df a0 fe df a0 fe df a0 fe 
03a200  df a0 fe df a0 fe df a0 fe df a0 fe df a0 fe df 
03a210  a0 fe df a0 fe df a0 fe df a0 fe df a0 fe df a0 
03a220  fe df a0 fe df a0 fe df a0 fe df a0 fe df a0 fe 
03a230  df a0 fe df a0 fe df a0 fe df a0 fe df a0 fe df 
03a240  a0 fe df a0 fe df a0 fe df a0 fe df a0 fe df a0 
03a250  fe df a0 fe df a0 fe df a0 fe df a0 fe df a0 fe 
03a260  df a0 fe df a0 fe df a0 fe df a0 fe df a0 fe df 
03a270  a0 fe df a0 fe df a0 fe df a0 fe df a0 fe df a0 
03a280  fe df a0 fe df a0 fe df a0 fe df a0 fe df a0 fe 
03a290  df a0 fe df a0 fe df a0 fe df a0 fe df a0 fe df 
03a2a0  a0 fe df a0 fe df a0 fe df a0 fe df a0 fe df a0 
03a2b0  fe df a0 fe df a0 fe df a0 fe df a0 fe df a0 fe 
03a2c0  df a0 fe df a0 fe df a0 fe df a0 fe df a0 fe df 
03a2d0  a0 fe df a0 fe df a0 fe df a0 fe df a0 fe df a0 
03a2e0  fe df a0 fe df a0 fe df a0 fe df a0 fe df a0 fe 
03a2f0  df a0 fe df a0 fe df a0 fe df a0 fe df a0 fe df 
03a300  a0 fe df a0 fe df a0 fe df a0 fe df a0 fe df a0 
03a310  fe df a0 fe df a0 fe df a0 fe df a0 fe df a0 fe 
03a320  df a0 fe df a0 fe df a0 fe df a0 fe df a0 fe df 
03a330  a0 fe df a0 fe df a0 fe df a0 fe df a0 fe df a0 
03a340  fe df a0 fe df a0 fe df a0 fe df a0 fe df a0 fe 
03a350  df a0 fe df a0 fe df a0 fe df a0 fe df a0 fe df 
03a360  a0 fe df a0 fe df a0 fe df a0 fe df a0 fe df a0 
03a370  fe df a0 fe df a0 fe df a0 fe df a0 fe df a0 fe 
03a380  df a0 fe df a0 fe df a0 fe df a0 fe df a0 fe df 
03a390  a0 fe df a0 fe df a0 fe df a0 fe df a0 fe df a0 
03a3a0  fe df a0 fe df a0 fe df a0 fe df a0 fe df a0 fe 
03a3b0  df a0 fe df a0 fe df a0 fe df a0 fe df a0 fe df 
03a3c0  a0 fe df a0 fe df a0 fe df a0 fe df a0 fe df a0 
03a3d0  fe df a0 fe df a0 fe df a0 fe df a0 fe df a0 fe 
03a3e0  df a0 fe df a0 fe df a0 fe df a0 fe df a0 fe df 
03a3f0  a0 fe df a0 fe df a0 fe df a0 fe df a0 fe df a0 
03a400  fe df a0 fe df a0 fe df a0 fe df a0 fe df a0 fe 
03a410  df a0 fe df a0 fe df a0 fe df a0 fe df a0 fe df 
03a420  a0 fe df a0 fe df a0 fe df a0 fe df a0 fe df a0 
03a430  fe df a0 fe df a0 fe df a0 fe df a0 fe df a0 fe 
03a440  df a0 fe df a0 fe df a0 fe df a0 fe df a0 fe df 
03a450  a0 fe df a0 fe df a0 fe df a0 fe df a0 fe df a0 
03a460  fe df a0 fe df a0 fe df a0 fe df a0 fe df a0 fe 
03a470  df a0 fe df a0 fe df a0 fe df a0 fe df a0 fe df 
03a480  a0 fe df a0 fe df a0 fe df a0 fe df a0 fe df a0 
03a490  fe df a0 fe df a0 fe df a0 fe df a0 fe df a0 fe 
03a4a0  df a0 fe df a0 fe df a0 fe df a0 fe df a0 fe df 
03a4b0  a0 fe df a0 fe df a0 fe df a0 fe df a0 fe df a0 
03a4c0  fe df a0 fe df a0 fe df a0 fe df a0 fe df a0 fe 
03a4d0  df a0 fe df a0 fe df a0 fe df a0 fe df a0 fe df 
03a4e0  a0 fe df a0 fe df a0 fe df a0 fe df a0 fe df a0 
03a4f0  fe df a0 fe df a0 fe df a0 fe df a0 fe df a0 fe 
03a500  df a0 fe df a0 fe df a0 fe df a0 fe df a0 fe df 
03a510  a0 fe df a0 fe df a0 fe df a0 fe df a0 fe df a0 
03a520  fe df a0 fe df a0 fe df a0 fe df a0 fe df a0 fe 
03a530  df a0 fe df a0 fe df a0 fe df a0 fe df a0 fe df 
03a540  a0 fe df a0 fe df a0 fe df a0 fe df a0 fe df a0 
03a550  fe df a0 fe df a0 fe df a0 fe df a0 fe df a0 fe 
03a560  df a0 fe df a0 fe df a0 fe df a0 fe df a0 fe df 
03a570  a0 fe df a0 fe df a0 fe df a0 fe df a0 fe df a0 
03a580  fe df a0 fe df a0 fe df a0 fe df a0 fe df a0 fe 
03a590  df a0 fe df a0 fe df a0 fe df a0 fe df a0 fe df 
03a5a0  a0 fe df a0 fe df a0 fe df a0 fe df a0 fe df a0 
03a5b0  fe df a0 fe df a0 fe df a0 fe df a0 fe df a0 fe 
03a5c0  df a0 fe df a0 fe df a0 fe df a0 fe df a0 fe df 
03a5d0  a0 fe df a0 fe df a0 fe df a0 fe df a0 fe df a0 
03a5e0  fe df a0 fe df a0 fe df a0 fe df a0 fe df a0 fe 
03a5f0  df a0 fe df a0 fe df a0 fe df a0 fe df a0 fe df 
03a600  a0 fe df a0 fe df a0 fe df a0 fe df a0 fe df a0 
03a610  fe df a0 fe df a0 fe df a0 fe df a0 fe df a0 fe 
03a620  df a0 fe df a0 fe df a0 fe df a0 fe df a0 fe df 
03a630  a0 fe df a0 fe df a0 fe df a0 fe df a0 fe df a0 
03a640  fe df a0 fe df a0 fe df a0 fe df a0 fe df a0 fe 
03a650  df a0 fe df a0 fe df a0 fe df a0 fe df a0 fe df 
03a660  a0 fe df a0 fe df a0 fe df a0 fe df a0 fe df a0 
03a670  fe df a0 fe df a0 fe df a0 fe df a0 fe df a0 fe 
03a680  df a0 fe df a0 fe df a0 fe df a0 fe df a0 fe df 
03a690  a0 fe df a0 fe df a0 fe df a0 fe df a0 fe df a0 
03a6a0  fe df a0 fe df a0 fe df a0 fe df a0 fe df a0 fe 
03a6b0  df a0 fe df a0 fe df a0 fe df a0 fe df a0 fe df 
03a6c0  a0 fe df a0 fe df a0 fe df a0 fe df a0 fe df a0 
03a6d0  fe df a0 fe df a0 fe df a0 fe df a0 fe df a0 fe 
03a6e0  df a0 fe df a0 fe df a0 fe df a0 fe df a0 fe df 
03a6f0  a0 fe df a0 fe df a0 fe df a0 fe df a0 fe df a0 
03a700  fe df a0 fe df a0 fe df a0 fe df a0 fe df a0 fe 
03a710  df a0 fe df a0 fe df a0 fe df a0 fe df a0 fe df 
03a720  a0 fe df a0 fe df a0 fe df a0 fe df a0 fe df a0 
03a730  fe df a0 fe df a0 fe df a0 fe df a0 fe df a0 fe 
03a740  df a0 fe df a0 fe df a0 fe df a0 fe df a0 fe df 
03a750  a0 fe df a0 fe df a0 fe df a0 fe df a0 fe df a0 
03a760  fe df a0 fe df a0 fe df a0 fe df a0 fe df a0 fe 
03a770  df a0 fe df a0 fe df a0 fe df a0 fe df a0 fe df 
03a780  a0 fe df a0 fe df a0 fe df a0 fe df a0 fe df a0 
03a790  fe df a0 fe df a0 fe df a0 fe df a0 fe df a0 fe 
03a7a0  df a0 fe df a0 fe df a0 fe df a0 fe df a0 fe df 
03a7b0  a0 fe df a0 fe df a0 fe df a0 fe df a0 fe df a0 
03a7c0  fe df a0 fe df a0 fe df a0 fe df a0 fe df a0 fe 
03a7d0  df a0 fe df a0 fe df a0 fe df a0 fe df a0 fe df 
03a7e0  a0 fe df a0 fe df a0 fe df a0 fe df a0 fe df a0 
03a7f0  fe df a0 fe df a0 fe df a0 fe df a0 fe df a0 fe 
03a800  df a0 fe df a0 fe df a0 fe df a0 fe df a0 fe df 
03a810  a0 fe df a0 fe df a0 fe df a0 fe df a0 fe df a0 
03a820  fe df a0 fe df a0 fe df a0 fe df a0 fe df a0 fe 
03a830  df a0 fe df a0 fe df a0 fe df a0 fe df a0 fe df 
03a840  a0 fe df a0 fe df a0 fe df a0 fe df a0 fe df a0 
03a850  fe df a0 fe df a0 fe df a0 fe df a0 fe df a0 fe 
03a860  df a0 fe df a0 fe df a0 fe df a0 fe df a0 fe df 
03a870  a0 fe df a0 fe df a0 fe df a0 fe df a0 fe df a0 
03a880  fe df a0 fe df a0 fe df a0 fe df a0 fe df a0 fe 
03a890  df a0 fe df a0 fe df a0 fe df a0 fe df a0 fe df 
03a8a0  a0 fe df a0 fe df a0 fe df a0 fe df a0 fe df a0 
03a8b0  fe df a0 fe df a0 fe df a0 fe df a0 fe df a0 fe 
03a8c0  df a0 fe df a0 fe df a0 fe df a0 fe df a0 fe df 
03a8d0  a0 fe df a0 fe df a0 fe df a0 fe df a0 fe df a0 
03a8e0  fe df a0 fe df a0 fe df a0 fe df a0 fe df a0 fe 
03a8f0  df a0 fe df a0 fe df a0 fe df a0 fe df a0 fe df 
03a900  a0 fe df a0 fe df a0 fe df a0 fe df a0 fe df a0 
03a910  fe df a0 fe df a0 fe df a0 fe df a0 fe df a0 fe 
03a920  df a0 fe df a0 fe df a0 fe df a0 fe df a0 fe df 
03a930  a0 fe df a0 fe df a0 fe df a0 fe df a0 fe df a0 
03a940  fe df a0 fe df a0 fe df a0 fe df a0 fe df a0 fe 
03a950  df a0 fe df a0 fe df a0 fe df a0 fe df a0 fe df 
03a960  a0 fe df a0 fe df a0 fe df a0 fe df a0 fe df a0 
03a970  fe df a0 fe df a0 fe df a0 fe df a0 fe df a0 fe 
03a980  df a0 fe df a0 fe df a0 fe df a0 fe df a0 fe df 
03a990  a0 fe df a0 fe df a0 fe df a0 fe df a0 fe df a0 
03a9a0  fe df a0 fe df a0 fe df a0 fe df a0 fe df a0 fe 
03a9b0  df a0 fe df a0 fe df a0 fe df a0 fe df a0 fe df 
03a9c0  a0 fe df a0 fe df a0 fe df a0 fe df a0 fe df a0 
03a9d0  fe df a0 fe df a0 fe df a0 fe df a0 fe df a0 fe 
03a9e0  df a0 fe df a0 fe df a0 fe df a0 fe df a0 fe df 
03a9f0  a0 fe df a0 fe df a0 fe df a0 fe df a0 fe df a0 
03aa00  fe df a0 fe df a0 fe df a0 fe df a0 fe df a0 fe 
03aa10  df a0 fe df a0 fe df a0 fe df a0 fe df a0 fe df 
03aa20  a0 fe df a0 fe df a0 fe df a0 fe df a0 fe df a0 
03aa30  fe df a0 fe df a0 fe df a0 fe df a0 fe df a0 fe 
03aa40  df a0 fe df a0 fe df a0 fe df a0 fe df a0 fe df 
03aa50  a0 fe df a0 fe df a0 fe df a0 fe df a0 fe df a0 
03aa60  fe df a0 fe df a0 fe df a0 fe df a0 fe df a0 fe 
03aa70  df a0 fe df a0 fe df a0 fe df a0 fe df a0 fe df 
03aa80  a0 fe df a0 fe df a0 fe df a0 fe df a0 fe df a0 
03aa90  fe df a0 fe df a0 fe df a0 fe df a0 fe df a0 fe 
03aaa0  df a0 fe df a0 fe df a0 fe df a0 fe df a0 fe df 
03aab0  a0 fe df a0 fe df a0 fe df a0 fe df a0 fe df a0 
03aac0  fe df a0 fe df a0 fe df a0 fe df a0 fe df a0 fe 
03aad0  df a0 fe df a0 fe df a0 fe df a0 fe df a0 fe df 
03aae0  a0 fe df a0 fe df a0 fe df a0 fe df a0 fe df a0 
03aaf0  fe df a0 fe df a0 fe df a0 fe df a0 fe df a0 fe 
03ab00  df a0 fe df a0 fe df a0 fe df a0 fe df a0 fe df 
03ab10  a0 fe df a0 fe df a0 fe df a0 fe df a0 fe df a0 
03ab20  fe df a0 fe df a0 fe df a0 fe df a0 fe df a0 fe 
03ab30  df a0 fe df a0 fe df a0 fe df a0 fe df a0 fe df 
03ab40  a0 fe df a0 fe df a0 fe df a0 fe df a0 fe df a0 
03ab50  fe df a0 fe df a0 fe df a0 fe df a0 fe df a0 fe 
03ab60  df a0 fe df a0 fe df a0 fe df a0 fe df a0 fe df 
03ab70  a0 fe df a0 fe df a0 fe df a0 fe df a0 fe df a0 
03ab80  fe df a0 fe df a0 fe df a0 fe df a0 fe df a0 fe 
03ab90  df a0 fe df a0 fe df a0 fe df a0 fe df a0 fe df 
03aba0  a0 fe df a0 fe df a0 fe df a0 fe df a0 fe df a0 
03abb0  fe df a0 fe df a0 fe df a0 fe df a0 fe df a0 fe 
03abc0  df a0 fe df a0 fe df a0 fe df a0 fe df a0 fe df 
03abd0  a0 fe df a0 fe df a0 fe df a0 fe df a0 fe df a0 
03abe0  fe df a0 fe df a0 fe df a0 fe df a0 fe df a0 fe 
03abf0  df a0 fe df a0 fe df a0 fe df a0 fe df a0 fe df 
03ac00  a0 fe df a0 fe df a0 fe df a0 fe df a0 fe df a0 
03ac10  fe df a0 fe df a0 fe df a0 fe df a0 fe df a0 fe 
03ac20  df a0 fe df a0 fe df a0 fe df a0 fe df a0 fe df 
03ac30  a0 fe df a0 fe df a0 fe df a0 fe df a0 fe df a0 
03ac40  fe df a0 fe df a0 fe df a0 fe df a0 fe df a0 fe 
03ac50  df a0 fe df a0 fe df a0 fe df a0 fe df a0 fe df 
03ac60  a0 fe df a0 fe df a0 fe df a0 fe df a0 fe df a0 
03ac70  fe df a0 fe df a0 fe df a0 fe df a0 fe df a0 fe 
03ac80  df a0 fe df a0 fe df a0 fe df a0 fe df a0 fe df 
03ac90  a0 fe df a0 fe df a0 fe df a0 fe df a0 fe df a0 
03aca0  fe df a0 fe df a0 fe df a0 fe df a0 fe df a0 fe 
03acb0  df a0 fe df a0 fe df a0 fe df a0 fe df a0 fe df 
03acc0  a0 fe df a0 fe df a0 fe df a0 fe df a0 fe df a0 
03acd0  fe df a0 fe df a0 fe df a0 fe df a0 fe df a0 fe 
03ace0  df a0 fe df a0 fe df a0 fe df a0 fe df a0 fe df 
03acf0  a0 fe df a0 fe df a0 fe df a0 fe df a0 fe df a0 
03ad00  fe df a0 fe df a0 fe df a0 fe df a0 fe df a0 fe 
03ad10  df a0 fe df a0 fe df a0 fe df a0 fe df a0 fe df 
03ad20  a0 fe df a0 fe df a0 fe df a0 fe df a0 fe df a0 
03ad30  fe df a0 fe df a0 fe df a0 fe df a0 fe df a0 fe 
03ad40  df a0 fe df a0 fe df a0 fe df a0 fe df a0 fe df 
03ad50  a0 fe df a0 fe df a0 fe df a0 fe df a0 fe df a0 
03ad60  fe df a0 fe df a0 fe df a0 fe df a0 fe df a0 fe 
03ad70  df a0 fe df a0 fe df a0 fe df a0 fe df a0 fe df 
03ad80  a0 fe df a0 fe df a0 fe df a0 fe df a0 fe df a0 
03ad90  fe df a0 fe df a0 fe df a0 fe df a0 fe df a0 fe 
03ada0  df a0 fe df a0 fe df a0 fe df a0 fe df a0 fe df 
03adb0  a0 fe df a0 fe df a0 fe df a0 fe df a0 fe df a0 
03adc0  fe df a0 fe df a0 fe df a0 fe df a0 fe df a0 fe 
03add0  df a0 fe df a0 fe df a0 fe df a0 fe df a0 fe df 
03ade0  a0 fe df a0 fe df a0 fe df a0 fe df a0 fe df a0 
03adf0  fe df a0 fe df a0 fe df a0 fe df a0 fe df a0 fe 
03ae00  df a0 fe df a0 fe df a0 fe df a0 fe df a0 fe df 
03ae10  a0 fe df a0 fe df a0 fe df a0 fe df a0 fe df a0 
03ae20  fe df a0 fe df a0 fe df a0 fe df a0 fe df a0 fe 
03ae30  df a0 fe df a0 fe df a0 fe df a0 fe df a0 fe df 
03ae40  a0 fe df a0 fe df a0 fe df a0 fe df a0 fe df a0 
03ae50  fe df a0 fe df a0 fe df a0 fe df a0 fe df a0 fe 
03ae60  df a0 fe df a0 fe df a0 fe df a0 fe df a0 fe df 
03ae70  a0 fe df a0 fe df a0 fe df a0 fe df a0 fe df a0 
03ae80  fe df a0 fe df a0 fe df a0 fe df a0 fe df a0 fe 
03ae90  df a0 fe df a0 fe df a0 fe df a0 fe df a0 fe df 
03aea0  a0 fe df a0 fe df a0 fe df a0 fe df a0 fe df a0 
03aeb0  fe df a0 fe df a0 fe df a0 fe df a0 fe df a0 fe 
03aec0  df a0 fe df a0 fe df a0 fe df a0 fe df a0 fe df 
03aed0  a0 fe df a0 fe df a0 fe df a0 fe df a0 fe df a0 
03aee0  fe df a0 fe df a0 fe df a0 fe df a0 fe df a0 fe 
03aef0  df a0 fe df a0 fe df a0 fe df a0 fe df a0 fe df 
03af00  a0 fe df a0 fe df a0 fe df a0 fe df a0 fe df a0 
03af10  fe df a0 fe df a0 fe df a0 fe df a0 fe df a0 fe 
03af20  df a0 fe df a0 fe df a0 fe df a0 fe df a0 fe df 
03af30  a0 fe df a0 fe df a0 fe df a0 fe df a0 fe df a0 
03af40  fe df a0 fe df a0 fe df a0 fe df a0 fe df a0 fe 
03af50  df a0 fe df a0 fe df a0 fe df a0 fe df a0 fe df 
03af60  a0 fe df a0 fe df a0 fe df a0 fe df a0 fe df a0 
03af70  fe df a0 fe df a0 fe df a0 fe df a0 fe df a0 fe 
03af80  df a0 fe df a0 fe df a0 fe df a0 fe df a0 fe df 
03af90  a0 fe df a0 fe df a0 fe df a0 fe df a0 fe df a0 
03afa0  fe df a0 fe df a0 fe df a0 fe df a0 fe df a0 fe 
03afb0  df a0 fe df a0 fe df a0 fe df a0 fe df a0 fe df 
03afc0  a0 fe df a0 fe df a0 fe df a0 fe df a0 fe df a0 
03afd0  fe df a0 fe df a0 fe df a0 fe df a0 fe df a0 fe 
03afe0  df a0 fe df a0 fe df a0 fe df a0 fe df a0 fe df 
03aff0  a0 fe df a0 fe df a0 fe df a0 fe df a0 fe df a0 
03b000  fe df a0 fe df a0 fe df a0 fe df a0 fe df a0 fe 
03b010  df a0 fe df a0 fe df a0 fe df a0 fe df a0 fe df 
03b020  a0 fe df a0 fe df a0 fe df a0 fe df a0 fe df a0 
03b030  fe df a0 fe df a0 fe df a0 fe df a0 fe df a0 fe 
03b040  df a0 fe df a0 fe df a0 fe df a0 fe df a0 fe df 
03b050  a0 fe df a0 fe df a0 fe df a0 fe df a0 fe df a0 
03b060  fe df a0 fe df a0 fe df a0 fe df a0 fe df a0 fe 
03b070  df a0 fe df a0 fe df a0 fe df a0 fe df a0 fe df 
03b080  a0 fe df a0 fe df a0 fe df a0 fe df a0 fe df a0 
03b090  fe df a0 fe df a0 fe df a0 fe df a0 fe df a0 fe 
03b0a0  df a0 fe df a0 fe df a0 fe df a0 fe df a0 fe df 
03b0b0  a0 fe df a0 fe df a0 fe df a0 fe df a0 fe df a0 
03b0c0  fe df a0 fe df a0 fe df a0 fe df a0 fe df a0 fe 
03b0d0  df a0 fe df a0 fe df a0 fe df a0 fe df a0 fe df 
03b0e0  a0 fe df a0 fe df a0 fe df a0 fe df a0 fe df a0 
03b0f0  fe df a0 fe df a0 fe df a0 fe df a0 fe df a0 fe 
03b100  df a0 fe df a0 fe df a0 fe df a0 fe df a0 fe df 
03b110  a0 fe df a0 fe df a0 fe df a0 fe df a0 fe df a0 
03b120  fe df a0 fe df a0 fe df a0 fe df a0 fe df a0 fe 
03b130  df a0 fe df a0 fe df a0 fe df a0 fe df a0 fe df 
03b140  a0 fe df a0 fe df a0 fe df a0 fe df a0 fe df a0 
03b150  fe df a0 fe df a0 fe df a0 fe df a0 fe df a0 fe 
03b160  df a0 fe df a0 fe df a0 fe df a0 fe df a0 fe df 
03b170  a0 fe df a0 fe df a0 fe df a0 fe df a0 fe df a0 
03b180  fe df a0 fe df a0 fe df a0 fe df a0 fe df a0 fe 
03b190  df a0 fe df a0 fe df a0 fe df a0 fe df a0 fe df 
03b1a0  a0 fe df a0 fe df a0 fe df a0 fe df a0 fe df a0 
03b1b0  fe df a0 fe df a0 fe df a0 fe df a0 fe df a0 fe 
03b1c0  df a0 fe df a0 fe df a0 fe df a0 fe df a0 fe df 
03b1d0  a0 fe df a0 fe df a0 fe df a0 fe df a0 fe df a0 
03b1e0  fe df a0 fe df a0 fe df a0 fe df a0 fe df a0 fe 
03b1f0  df a0 fe df a0 fe df a0 fe df a0 fe df a0 fe df 
03b200  a0 fe df a0 fe df a0 fe df a0 fe df a0 fe df a0 
03b210  fe df a0 fe df a0 fe df a0 fe df a0 fe df a0 fe 
03b220  df a0 fe df a0 fe df a0 fe df a0 fe df a0 fe df 
03b230  a0 fe df a0 fe df a0 fe df a0 fe df a0 fe df a0 
03b240  fe df a0 fe df a0 fe df a0 fe df a0 fe df a0 fe 
03b250  df a0 fe df a0 fe df a0 fe df a0 fe df a0 fe df 
03b260  a0 fe df a0 fe df a0 fe df a0 fe df a0 fe df a0 
03b270  fe df a0 fe df a0 fe df a0 fe df a0 fe df a0 fe 
03b280  df a0 fe df a0 fe df a0 fe df a0 fe df a0 fe df 
03b290  a0 fe df a0 fe df a0 fe df a0 fe df a0 fe df a0 
03b2a0  fe df a0 fe df a0 fe df a0 fe df a0 fe df a0 fe 
03b2b0  df a0 fe df a0 fe df a0 fe df a0 fe df a0 fe df 
03b2c0  a0 fe df a0 fe df a0 fe df a0 fe df a0 fe df a0 
03b2d0  fe df a0 fe df a0 fe df a0 fe df a0 fe df a0 fe 
03b2e0  df a0 fe df a0 fe df a0 fe df a0 fe df a0 fe df 
03b2f0  a0 fe df a0 fe df a0 fe df a0 fe df a0 fe df a0 
03b300  fe df a0 fe df a0 fe df a0 fe df a0 fe df a0 fe 
03b310  df a0 fe df a0 fe df a0 fe df a0 fe df a0 fe df 
03b320  a0 fe df a0 fe df a0 fe df a0 fe df a0 fe df a0 
03b330  fe df a0 fe df a0 fe df a0 fe df a0 fe df a0 fe 
03b340  df a0 fe df a0 fe df a0 fe df a0 fe df a0 fe df 
03b350  a0 fe df a0 fe df a0 fe df a0 fe df a0 fe df a0 
03b360  fe df a0 fe df a0 fe df a0 fe df a0 fe df a0 fe 
03b370  df a0 fe df a0 fe df a0 fe df a0 fe df a0 fe df 
03b380  a0 fe df a0 fe df a0 fe df a0 fe df a0 fe df a0 
03b390  fe df a0 fe df a0 fe df a0 fe df a0 fe df a0 fe 
03b3a0  df a0 fe df a0 fe df a0 fe df a0 fe df a0 fe df 
03b3b0  a0 fe df a0 fe df a0 fe df a0 fe df a0 fe df a0 
03b3c0  fe df a0 fe df a0 fe df a0 fe df a0 fe df a0 fe 
03b3d0  df a0 fe df a0 fe df a0 fe df a0 fe df a0 fe df 
03b3e0  a0 fe df a0 fe df a0 fe df a0 fe df a0 fe df a0 
03b3f0  fe df a0 fe df a0 fe df a0 fe df a0 fe df a0 fe 
03b400  df a0 fe df a0 fe df a0 fe df a0 fe df a0 fe df 
03b410  a0 fe df a0 fe df a0 fe df a0 fe df a0 fe df a0 
03b420  fe df a0 fe df a0 fe df a0 fe df a0 fe df a0 fe 
03b430  df a0 fe df a0 fe df a0 fe df a0 fe df a0 fe df 
03b440  a0 fe df a0 fe df a0 fe df a0 fe df a0 fe df a0 
03b450  fe df a0 fe df a0 fe df a0 fe df a0 fe df a0 fe 
03b460  df a0 fe df a0 fe df a0 fe df a0 fe df a0 fe df 
03b470  a0 fe df a0 fe df a0 fe df a0 fe df a0 fe df a0 
03b480  fe df a0 fe df a0 fe df a0 fe df a0 fe df a0 fe 
03b490  df a0 fe df a0 fe df a0 fe df a0 fe df a0 fe df 
03b4a0  a0 fe df a0 fe df a0 fe df a0 fe df a0 fe df a0 
03b4b0  fe df a0 fe df a0 fe df a0 fe df a0 fe df a0 fe 
03b4c0  df a0 fe df a0 fe df a0 fe df a0 fe df a0 fe df 
03b4d0  a0 fe df a0 fe df a0 fe df a0 fe df a0 fe df a0 
03b4e0  fe df a0 fe df a0 fe df a0 fe df a0 fe df a0 fe 
03b4f0  df a0 fe df a0 fe df a0 fe df a0 fe df a0 fe df 
03b500  a0 fe df a0 fe df a0 fe df a0 fe df a0 fe df a0 
03b510  fe df a0 fe df a0 fe df a0 fe df a0 fe df a0 fe 
03b520  df a0 fe df a0 fe df a0 fe df a0 fe df a0 fe df 
03b530  a0 fe df a0 fe df a0 fe df a0 fe df a0 fe df a0 
03b540  fe df a0 fe df a0 fe df a0 fe df a0 fe df a0 fe 
03b550  df a0 fe df a0 fe df a0 fe df a0 fe df a0 fe df 
03b560  a0 fe df a0 fe df a0 fe df a0 fe df a0 fe df a0 
03b570  fe df a0 fe df a0 fe df a0 fe df a0 fe df a0 fe 
03b580  df a0 fe df a0 fe df a0 fe df a0 fe df a0 fe df 
03b590  a0 fe df a0 fe df a0 fe df a0 fe df a0 fe df a0 
03b5a0  fe df a0 fe df a0 fe df a0 fe df a0 fe df a0 fe 
03b5b0  df a0 fe df a0 fe df a0 fe df a0 fe df a0 fe df 
03b5c0  a0 fe df a0 fe df a0 fe df a0 fe df a0 fe df a0 
03b5d0  fe df a0 fe df a0 fe df a0 fe df a0 fe df a0 fe 
03b5e0  df a0 fe df a0 fe df a0 fe df a0 fe df a0 fe df 
03b5f0  a0 fe df a0 fe df a0 fe df a0 fe df a0 fe df a0 
03b600  fe df a0 fe df a0 fe df a0 fe df a0 fe df a0 fe 
03b610  df a0 fe df a0 fe df a0 fe df a0 fe df a0 fe df 
03b620  a0 fe df a0 fe df a0 fe df a0 fe df a0 fe df a0 
03b630  fe df a0 fe df a0 fe df a0 fe df a0 fe df a0 fe 
03b640  df a0 fe df a0 fe df a0 fe df a0 fe df a0 fe df 
03b650  a0 fe df a0 fe df a0 fe df a0 fe df a0 fe df a0 
03b660  fe df a0 fe df a0 fe df a0 fe df a0 fe df a0 fe 
03b670  df a0 fe df a0 fe df a0 fe df a0 fe df a0 fe df 
03b680  a0 fe df a0 fe df a0 fe df a0 fe df a0 fe df a0 
03b690  fe df a0 fe df a0 fe df a0 fe df a0 fe df a0 fe 
03b6a0  df a0 fe df a0 fe df a0 fe df a0 fe df a0 fe df 
03b6b0  a0 fe df a0 fe df a0 fe df a0 fe df a0 fe df a0 
03b6c0  fe df a0 fe df a0 fe df a0 fe df a0 fe df a0 fe 
03b6d0  df a0 fe df a0 fe df a0 fe df a0 fe df a0 fe df 
03b6e0  a0 fe df a0 fe df a0 fe df a0 fe df a0 fe df a0 
03b6f0  fe df a0 fe df a0 fe df a0 fe df a0 fe df a0 fe 
03b700  df a0 fe df a0 fe df a0 fe df a0 fe df a0 fe df 
03b710  a0 fe df a0 fe df a0 fe df a0 fe df a0 fe df a0 
03b720  fe df a0 fe df a0 fe df a0 fe df a0 fe df a0 fe 
03b730  df a0 fe df a0 fe df a0 fe df a0 fe df a0 fe df 
03b740  a0 fe df a0 fe df a0 fe df a0 fe df a0 fe df a0 
03b750  fe df a0 fe df a0 fe df a0 fe df a0 fe df a0 fe 
03b760  df a0 fe df a0 fe df a0 fe df a0 fe df a0 fe df 
03b770  a0 fe df a0 fe df a0 fe df a0 fe df a0 fe df a0 
03b780  fe df a0 fe df a0 fe df a0 fe df a0 fe df a0 fe 
03b790  df a0 fe df a0 fe df a0 fe df a0 fe df a0 fe df 
03b7a0  a0 fe df a0 fe df a0 fe df a0 fe df a0 fe df a0 
03b7b0  fe df a0 fe df a0 fe df a0 fe df a0 fe df a0 fe 
03b7c0  df a0 fe df a0 fe df a0 fe df a0 fe df a0 fe df 
03b7d0  a0 fe df a0 fe df a0 fe df a0 fe df a0 fe df a0 
03b7e0  fe df a0 fe df a0 fe df a0 fe df a0 fe df a0 fe 
03b7f0  df a0 fe df a0 fe df a0 fe df a0 fe df a0 fe df 
03b800  a0 fe df a0 fe df a0 fe df a0 fe df a0 fe df a0 
03b810  fe df a0 fe df a0 fe df a0 fe df a0 fe df a0 fe 
03b820  df a0 fe df a0 fe df a0 fe df a0 fe df a0 fe df 
03b830  a0 fe df a0 fe df a0 fe df a0 fe df a0 fe df a0 
03b840  fe df a0 fe df a0 fe df a0 fe df a0 fe df a0 fe 
03b850  df a0 fe df a0 fe df a0 fe df a0 fe df a0 fe df 
03b860  a0 fe df a0 fe df a0 fe df a0 fe df a0 fe df a0 
03b870  fe df a0 fe df a0 fe df a0 fe df a0 fe df a0 fe 
03b880  df a0 fe df a0 fe df a0 fe df a0 fe df a0 fe df 
03b890  a0 fe df a0 fe df a0 fe df a0 fe df a0 fe df a0 
03b8a0  fe df a0 fe df a0 fe df a0 fe df a0 fe df a0 fe 
03b8b0  df a0 fe df a0 fe df a0 fe df a0 fe df a0 fe df 
03b8c0  a0 fe df a0 fe df a0 fe df a0 fe df a0 fe df a0 
03b8d0  fe df a0 fe df a0 fe df a0 fe df a0 fe df a0 fe 
03b8e0  df a0 fe df a0 fe df a0 fe df a0 fe df a0 fe df 
03b8f0  a0 fe df a0 fe df a0 fe df a0 fe df a0 fe df a0 
03b900  fe df a0 fe df a0 fe df a0 fe df a0 fe df a0 fe 
03b910  df a0 fe df a0 fe df a0 fe df a0 fe df a0 fe df 
03b920  a0 fe df a0 fe df a0 fe df a0 fe df a0 fe df a0 
03b930  fe df a0 fe df a0 fe df a0 fe df a0 fe df a0 fe 
03b940  df a0 fe df a0 fe df a0 fe df a0 fe df a0 fe df 
03b950  a0 fe df a0 fe df a0 fe df a0 fe df a0 fe df a0 
03b960  fe df a0 fe df a0 fe df a0 fe df a0 fe df a0 fe 
03b970  df a0 fe df a0 fe df a0 fe df a0 fe df a0 fe df 
03b980  a0 fe df a0 fe df a0 fe df a0 fe df a0 fe df a0 
03b990  fe df a0 fe df a0 fe df a0 fe df a0 fe df a0 fe 
03b9a0  df a0 fe df a0 fe df a0 fe df a0 fe df a0 fe df 
03b9b0  a0 fe df a0 fe df a0 fe df a0 fe df a0 fe df a0 
03b9c0  fe df a0 fe df a0 fe df a0 fe df a0 fe df a0 fe 
03b9d0  df a0 fe df a0 fe df a0 fe df a0 fe df a0 fe df 
03b9e0  a0 fe df a0 fe df a0 fe df a0 fe df a0 fe df a0 
03b9f0  fe df a0 fe df a0 fe df a0 fe df a0 fe df a0 fe 
03ba00  df a0 fe df a0 fe df a0 fe df a0 fe df a0 fe df 
03ba10  a0 fe df a0 fe df a0 fe df a0 fe df a0 fe df a0 
03ba20  fe df a0 fe df a0 fe df a0 fe df a0 fe df a0 fe 
03ba30  df a0 fe df a0 fe df a0 fe df a0 fe df a0 fe df 
03ba40  a0 fe df a0 fe df a0 fe df a0 fe df a0 fe df a0 
03ba50  fe df a0 fe df a0 fe df a0 fe df a0 fe df a0 fe 
03ba60  df a0 fe df a0 fe df a0 fe df a0 fe df a0 fe df 
03ba70  a0 fe df a0 fe df a0 fe df a0 fe df a0 fe df a0 
03ba80  fe df a0 fe df a0 fe df a0 fe df a0 fe df a0 fe 
03ba90  df a0 fe df a0 fe df a0 fe df a0 fe df a0 fe df 
03baa0  a0 fe df a0 fe df a0 fe df a0 fe df a0 fe df a0 
03bab0  fe df a0 fe df a0 fe df a0 fe df a0 fe df a0 fe 
03bac0  df a0 fe df a0 fe df a0 fe df a0 fe df a0 fe df 
03bad0  a0 fe df a0 fe df a0 fe df a0 fe df a0 fe df a0 
03bae0  fe df a0 fe df a0 fe df a0 fe df a0 fe df a0 fe 
03baf0  df a0 fe df a0 fe df a0 fe df a0 fe df a0 fe df 
03bb00  a0 fe df a0 fe df a0 fe df a0 fe df a0 fe df a0 
03bb10  fe df a0 fe df a0 fe df a0 fe df a0 fe df a0 fe 
03bb20  df a0 fe df a0 fe df a0 fe df a0 fe df a0 fe df 
03bb30  a0 fe df a0 fe df a0 fe df a0 fe df a0 fe df a0 
03bb40  fe df a0 fe df a0 fe df a0 fe df a0 fe df a0 fe 
03bb50  df a0 fe df a0 fe df a0 fe df a0 fe df a0 fe df 
03bb60  a0 fe df a0 fe df a0 fe df a0 fe df a0 fe df a0 
03bb70  fe df a0 fe df a0 fe df a0 fe df a0 fe df a0 fe 
03bb80  df a0 fe df a0 fe df a0 fe df a0 fe df a0 fe df 
03bb90  a0 fe df a0 fe df a0 fe df a0 fe df a0 fe df a0 
03bba0  fe df a0 fe df a0 fe df a0 fe df a0 fe df a0 fe 
03bbb0  df a0 fe df a0 fe df a0 fe df a0 fe df a0 fe df 
03bbc0  a0 fe df a0 fe df a0 fe df a0 fe df a0 fe df a0 
03bbd0  fe df a0 fe df a0 fe df a0 fe df a0 fe df a0 fe 
03bbe0  df a0 fe df a0 fe df a0 fe df a0 fe df a0 fe df 
03bbf0  a0 fe df a0 fe df a0 fe df a0 fe df a0 fe df a0 
03bc00  fe df a0 fe df a0 fe df a0 fe df a0 fe df a0 fe 
03bc10  df a0 fe df a0 fe df a0 fe df a0 fe df a0 fe df 
03bc20  a0 fe df a0 fe df a0 fe df a0 fe df a0 fe df a0 
03bc30  fe df a0 fe df a0 fe df a0 fe df a0 fe df a0 fe 
03bc40  df a0 fe df a0 fe df a0 fe df a0 fe df a0 fe df 
03bc50  a0 fe df a0 fe df a0 fe df a0 fe df a0 fe df a0 
03bc60  fe df a0 fe df a0 fe df a0 fe df a0 fe df a0 fe 
03bc70  df a0 fe df a0 fe df a0 fe df a0 fe df a0 fe df 
03bc80  a0 fe df a0 fe df a0 fe df a0 fe df a0 fe df a0 
03bc90  fe df a0 fe df a0 fe df a0 fe df a0 fe df a0 fe 
03bca0  df a0 fe df a0 fe df a0 fe df a0 fe df a0 fe df 
03bcb0  a0 fe df a0 fe df a0 fe df a0 fe df a0 fe df a0 
03bcc0  fe df a0 fe df a0 fe df a0 fe df a0 fe df a0 fe 
03bcd0  df a0 fe df a0 fe df a0 fe df a0 fe df a0 fe df 
03bce0  a0 fe df a0 fe df a0 fe df a0 fe df a0 fe df a0 
03bcf0  fe df a0 fe df a0 fe df a0 fe df a0 fe df a0 fe 
03bd00  df a0 fe df a0 fe df a0 fe df a0 fe df a0 fe df 
03bd10  a0 fe df a0 fe df a0 fe df a0 fe df a0 fe df a0 
03bd20  fe df a0 fe df a0 fe df a0 fe df a0 fe df a0 fe 
03bd30  df a0 fe df a0 fe df a0 fe df a0 fe df a0 fe df 
03bd40  a0 fe df a0 fe df a0 fe df a0 fe df a0 fe df a0 
03bd50  fe df a0 fe df a0 fe df a0 fe df a0 fe df a0 fe 
03bd60  df a0 fe df a0 fe df a0 fe df a0 fe df a0 fe df 
03bd70  a0 fe df a0 fe df a0 fe df a0 fe df a0 fe df a0 
03bd80  fe df a0 fe df a0 fe df a0 fe df a0 fe df a0 fe 
03bd90  df a0 fe df a0 fe df a0 fe df a0 fe df a0 fe df 
03bda0  a0 fe df a0 fe df a0 fe df a0 fe df a0 fe df a0 
03bdb0  fe df a0 fe df a0 fe df a0 fe df a0 fe df a0 fe 
03bdc0  df a0 fe df a0 fe df a0 fe df a0 fe df a0 fe df 
03bdd0  a0 fe df a0 fe df a0 fe df a0 fe df a0 fe df a0 
03bde0  fe df a0 fe df a0 fe df a0 fe df a0 fe df a0 fe 
03bdf0  df a0 fe df a0 fe df a0 fe df a0 fe df a0 fe df 
03be00  a0 fe df a0 fe df a0 fe df a0 fe df a0 fe df a0 
03be10  fe df a0 fe df a0 fe df a0 fe df a0 fe df a0 fe 
03be20  df a0 fe df a0 fe df a0 fe df a0 fe df a0 fe df 
03be30  a0 fe df a0 fe df a0 fe df a0 fe df a0 fe df a0 
03be40  fe df a0 fe df a0 fe df a0 fe df a0 fe df a0 fe 
03be50  df a0 fe df a0 fe df a0 fe df a0 fe df a0 fe df 
03be60  a0 fe df a0 fe df a0 fe df a0 fe df a0 fe df a0 
03be70  fe df a0 fe df a0 fe df a0 fe df a0 fe df a0 fe 
03be80  df a0 fe df a0 fe df a0 fe df a0 fe df a0 fe df 
03be90  a0 fe df a0 fe df a0 fe df a0 fe df a0 fe df a0 
03bea0  fe df a0 fe df a0 fe df a0 fe df a0 fe df a0 fe 
03beb0  df a0 fe df a0 fe df a0 fe df a0 fe df a0 fe df 
03bec0  a0 fe df a0 fe df a0 fe df a0 fe df a0 fe df a0 
03bed0  fe df a0 fe df a0 fe df a0 fe df a0 fe df a0 fe 
03bee0  df a0 fe df a0 fe df a0 fe df a0 fe df a0 fe df 
03bef0  a0 fe df a0 fe df a0 fe df a0 fe df a0 fe df a0 
03bf00  fe df a0 fe df a0 fe df a0 fe df a0 fe df a0 fe 
03bf10  df a0 fe df a0 fe df a0 fe df a0 fe df a0 fe df 
03bf20  a0 fe df a0 fe df a0 fe df a0 fe df a0 fe df a0 
03bf30  fe df a0 fe df a0 fe df a0 fe df a0 fe df a0 fe 
03bf40  df a0 fe df a0 fe df a0 fe df a0 fe df a0 fe df 
03bf50  a0 fe df a0 fe df a0 fe df a0 fe df a0 fe df a0 
03bf60  fe df a0 fe df a0 fe df a0 fe df a0 fe df a0 fe 
03bf70  df a0 fe df a0 fe df a0 fe df a0 fe df a0 fe df 
03bf80  a0 fe df a0 fe df a0 fe df a0 fe df a0 fe df a0 
03bf90  fe df a0 fe df a0 fe df a0 fe df a0 fe df a0 fe 
03bfa0  df a0 fe df a0 fe df a0 fe df a0 fe df a0 fe df 
03bfb0  a0 fe df a0 fe df a0 fe df a0 fe df a0 fe df a0 
03bfc0  fe df a0 fe df a0 fe df a0 fe df a0 fe df a0 fe 
03bfd0  df a0 fe df a0 fe df a0 fe df a0 fe df a0 fe df 
03bfe0  a0 fe df a0 fe df a0 fe df a0 fe df a0 fe df a0 
03bff0  fe df a0 fe df a0 fe df a0 fe df a0 fe df a0 fe 
03c000  df a0 fe df a0 fe df a0 fe df a0 fe df a0 fe df 
03c010  a0 fe df a0 fe df a0 fe df a0 fe df a0 fe df a0 
03c020  fe df a0 fe df a0 fe df a0 fe df a0 fe df a0 fe 
03c030  df a0 fe df a0 fe df a0 fe df a0 fe df a0 fe df 
03c040  a0 fe df a0 fe df a0 fe df a0 fe df a0 fe df a0 
03c050  fe df a0 fe df a0 fe df a0 fe df a0 fe df a0 fe 
03c060  df a0 fe df a0 fe df a0 fe df a0 fe df a0 fe df 
03c070  a0 fe df a0 fe df a0 fe df a0 fe df a0 fe df a0 
03c080  fe df a0 fe df a0 fe df a0 fe df a0 fe df a0 fe 
03c090  df a0 fe df a0 fe df a0 fe df a0 fe df a0 fe df 
03c0a0  a0 fe df a0 fe df a0 fe df a0 fe df a0 fe df a0 
03c0b0  fe df a0 fe df a0 fe df a0 fe df a0 fe df a0 fe 
03c0c0  df a0 fe df a0 fe df a0 fe df a0 fe df a0 fe df 
03c0d0  a0 fe df a0 fe df a0 fe df a0 fe df a0 fe df a0 
03c0e0  fe df a0 fe df a0 fe df a0 fe df a0 fe df a0 fe 
03c0f0  df a0 fe df a0 fe df a0 fe df a0 fe df a0 fe df 
03c100  a0 fe df a0 fe df a0 fe df a0 fe df a0 fe df a0 
03c110  fe df a0 fe df a0 fe df a0 fe df a0 fe df a0 fe 
03c120  df a0 fe df a0 fe df a0 fe df a0 fe df a0 fe df 
03c130  a0 fe df a0 fe df a0 fe df a0 fe df a0 fe df a0 
03c140  fe df a0 fe df a0 fe df a0 fe df a0 fe df a0 fe 
03c150  df a0 fe df a0 fe df a0 fe df a0 fe df a0 fe df 
03c160  a0 fe df a0 fe df a0 fe df a0 fe df a0 fe df a0 
03c170  fe df a0 fe df a0 fe df a0 fe df a0 fe df a0 fe 
03c180  df a0 fe df a0 fe df a0 fe df a0 fe df a0 fe df 
03c190  a0 fe df a0 fe df a0 fe df a0 fe df a0 fe df a0 
03c1a0  fe df a0 fe df a0 fe df a0 fe df a0 fe df a0 fe 
03c1b0  df a0 fe df a0 fe df a0 fe df a0 fe df a0 fe df 
03c1c0  a0 fe df a0 fe df a0 fe df a0 fe df a0 fe df a0 
03c1d0  fe df a0 fe df a0 fe df a0 fe df a0 fe df a0 fe 
03c1e0  df a0 fe df a0 fe df a0 fe df a0 fe df a0 fe df 
03c1f0  a0 fe df a0 fe df a0 fe df a0 fe df a0 fe df a0 
03c200  fe df a0 fe df a0 fe df a0 fe df a0 fe df a0 fe 
03c210  df a0 fe df a0 fe df a0 fe df a0 fe df a0 fe df 
03c220  a0 fe df a0 fe df a0 fe df a0 fe df a0 fe df a0 
03c230  fe df a0 fe df a0 fe df a0 fe df a0 fe df a0 fe 
03c240  df a0 fe df a0 fe df a0 fe df a0 fe df a0 fe df 
03c250  a0 fe df a0 fe df a0 fe df a0 fe df a0 fe df a0 
03c260  fe df a0 fe df a0 fe df a0 fe df a0 fe df a0 fe 
03c270  df a0 fe df a0 fe df a0 fe df a0 fe df a0 fe df 
03c280  a0 fe df a0 fe df a0 fe df a0 fe df a0 fe df a0 
03c290  fe df a0 fe df a0 fe df a0 fe df a0 fe df a0 fe 
03c2a0  df a0 fe df a0 fe df a0 fe df a0 fe df a0 fe df 
03c2b0  a0 fe df a0 fe df a0 fe df a0 fe df a0 fe df a0 
03c2c0  fe df a0 fe df a0 fe df a0 fe df a0 fe df a0 fe 
03c2d0  df a0 fe df a0 fe df a0 fe df a0 fe df a0 fe df 
03c2e0  a0 fe df a0 fe df a0 fe df a0 fe df a0 fe df a0 
03c2f0  fe df a0 fe df a0 fe df a0 fe df a0 fe df a0 fe 
03c300  df a0 fe df a0 fe df a0 fe df a0 fe df a0 fe df 
03c310  a0 fe df a0 fe df a0 fe df a0 fe df a0 fe df a0 
03c320  fe df a0 fe df a0 fe df a0 fe df a0 fe df a0 fe 
03c330  df a0 fe df a0 fe df a0 fe df a0 fe df a0 fe df 
03c340  a0 fe df a0 fe df a0 fe df a0 fe df a0 fe df a0 
03c350  fe df a0 fe df a0 fe df a0 fe df a0 fe df a0 fe 
03c360  df a0 fe df a0 fe df a0 fe df a0 fe df a0 fe df 
03c370  a0 fe df a0 fe df a0 fe df a0 fe df a0 fe df a0 
03c380  fe df a0 fe df a0 fe df a0 fe df a0 fe df a0 fe 
03c390  df a0 fe df a0 fe df a0 fe df a0 fe df a0 fe df 
03c3a0  a0 fe df a0 fe df a0 fe df a0 fe df a0 fe df a0 
03c3b0  fe df a0 fe df a0 fe df a0 fe df a0 fe df a0 fe 
03c3c0  df a0 fe df a0 fe df a0 fe df a0 fe df a0 fe df 
03c3d0  a0 fe df a0 fe df a0 fe df a0 fe df a0 fe df a0 
03c3e0  fe df a0 fe df a0 fe df a0 fe df a0 fe df a0 fe 
03c3f0  df a0 fe df a0 fe df a0 fe df a0 fe df a0 fe df 
03c400  a0 fe df a0 fe df a0 fe df a0 fe df a0 fe df a0 
03c410  fe df a0 fe df a0 fe df a0 fe df a0 fe df a0 fe 
03c420  df a0 fe df a0 fe df a0 fe df a0 fe df a0 fe df 
03c430  a0 fe df a0 fe df a0 fe df a0 fe df a0 fe df a0 
03c440  fe df a0 fe df a0 fe df a0 fe df a0 fe df a0 fe 
03c450  df a0 fe df a0 fe df a0 fe df a0 fe df a0 fe df 
03c460  a0 fe df a0 fe df a0 fe df a0 fe df a0 fe df a0 
03c470  fe df a0 fe df a0 fe df a0 fe df a0 fe df a0 fe 
03c480  df a0 fe df a0 fe df a0 fe df a0 fe df a0 fe df 
03c490  a0 fe df a0 fe df a0 fe df a0 fe df a0 fe df a0 
03c4a0  fe df a0 fe df a0 fe df a0 fe df a0 fe df a0 fe 
03c4b0  df a0 fe df a0 fe df a0 fe df a0 fe df a0 fe df 
03c4c0  a0 fe df a0 fe df a0 fe df a0 fe df a0 fe df a0 
03c4d0  fe df a0 fe df a0 fe df a0 fe df a0 fe df a0 fe 
03c4e0  df a0 fe df a0 fe df a0 fe df a0 fe df a0 fe df 
03c4f0  a0 fe df a0 fe df a0 fe df a0 fe df a0 fe df a0 
03c500  fe df a0 fe df a0 fe df a0 fe df a0 fe df a0 fe 
03c510  df a0 fe df a0 fe df a0 fe df a0 fe df a0 fe df 
03c520  a0 fe df a0 fe df a0 fe df a0 fe df a0 fe df a0 
03c530  fe df a0 fe df a0 fe df a0 fe df a0 fe df a0 fe 
03c540  df a0 fe df a0 fe df a0 fe df a0 fe df a0 fe df 
03c550  a0 fe df a0 fe df a0 fe df a0 fe df a0 fe df a0 
03c560  fe df a0 fe df a0 fe df a0 fe df a0 fe df a0 fe 
03c570  df a0 fe df a0 fe df a0 fe df a0 fe df a0 fe df 
03c580  a0 fe df a0 fe df a0 fe df a0 fe df a0 fe df a0 
03c590  fe df a0 fe df a0 fe df a0 fe df a0 fe df a0 fe 
03c5a0  df a0 fe df a0 fe df a0 fe df a0 fe df a0 fe df 
03c5b0  a0 fe df a0 fe df a0 fe df a0 fe df a0 fe df a0 
03c5c0  fe df a0 fe df a0 fe df a0 fe df a0 fe df a0 fe 
03c5d0  df a0 fe df a0 fe df a0 fe df a0 fe df a0 fe df 
03c5e0  a0 fe df a0 fe df a0 fe df a0 fe df a0 fe df a0 
03c5f0  fe df a0 fe df a0 fe df a0 fe df a0 fe df a0 fe 
03c600  df a0 fe df a0 fe df a0 fe df a0 fe df a0 fe df 
03c610  a0 fe df a0 fe df a0 fe df a0 fe df a0 fe df a0 
03c620  fe df a0 fe df a0 fe df a0 fe df a0 fe df a0 fe 
03c630  df a0 fe df a0 fe df a0 fe df a0 fe df a0 fe df 
03c640  a0 fe df a0 fe df a0 fe df a0 fe df a0 fe df a0 
03c650  fe df a0 fe df a0 fe df a0 fe df a0 fe df a0 fe 
03c660  df a0 fe df a0 fe df a0 fe df a0 fe df a0 fe df 
03c670  a0 fe df a0 fe df a0 fe df a0 fe df a0 fe df a0 
03c680  fe df a0 fe df a0 fe df a0 fe df a0 fe df a0 fe 
03c690  df a0 fe df a0 fe df a0 fe df a0 fe df a0 fe df 
03c6a0  a0 fe df a0 fe df a0 fe df a0 fe df a0 fe df a0 
03c6b0  fe df a0 fe df a0 fe df a0 fe df a0 fe df a0 fe 
03c6c0  df a0 fe df a0 fe df a0 fe df a0 fe df a0 fe df 
03c6d0  a0 fe df a0 fe df a0 fe df a0 fe df a0 fe df a0 
03c6e0  fe df a0 fe df a0 fe df a0 fe df a0 fe df a0 fe 
03c6f0  df a0 fe df a0 fe df a0 fe df a0 fe df a0 fe df 
03c700  a0 fe df a0 fe df a0 fe df a0 fe df a0 fe df a0 
03c710  fe df a0 fe df a0 fe df a0 fe df a0 fe df a0 fe 
03c720  df a0 fe df a0 fe df a0 fe df a0 fe df a0 fe df 
03c730  a0 fe df a0 fe df a0 fe df a0 fe df a0 fe df a0 
03c740  fe df a0 fe df a0 fe df a0 fe df a0 fe df a0 fe 
03c750  df a0 fe df a0 fe df a0 fe df a0 fe df a0 fe df 
03c760  a0 fe df a0 fe df a0 fe df a0 fe df a0 fe df a0 
03c770  fe df a0 fe df a0 fe df a0 fe df a0 fe df a0 fe 
03c780  df a0 fe df a0 fe df a0 fe df a0 fe df a0 fe df 
03c790  a0 fe df a0 fe df a0 fe df a0 fe df a0 fe df a0 
03c7a0  fe df a0 fe df a0 fe df a0 fe df a0 fe df a0 fe 
03c7b0  df a0 fe df a0 fe df a0 fe df a0 fe df a0 fe df 
03c7c0  a0 fe df a0 fe df a0 fe df a0 fe df a0 fe df a0 
03c7d0  fe df a0 fe df a0 fe df a0 fe df a0 fe df a0 fe 
03c7e0  df a0 fe df a0 fe df a0 fe df a0 fe df a0 fe df 
03c7f0  a0 fe df a0 fe df a0 fe df a0 fe df a0 fe df a0 
03c800  fe df a0 fe df a0 fe df a0 fe df a0 fe df a0 fe 
03c810  df a0 fe df a0 fe df a0 fe df a0 fe df a0 fe df 
03c820  a0 fe df a0 fe df a0 fe df a0 fe df a0 fe df a0 
03c830  fe df a0 fe df a0 fe df a0 fe df a0 fe df a0 fe 
03c840  df a0 fe df a0 fe df a0 fe df a0 fe df a0 fe df 
03c850  a0 fe df a0 fe df a0 fe df a0 fe df a0 fe df a0 
03c860  fe df a0 fe df a0 fe df a0 fe df a0 fe df a0 fe 
03c870  df a0 fe df a0 fe df a0 fe df a0 fe df a0 fe df 
03c880  a0 fe df a0 fe df a0 fe df a0 fe df a0 fe df a0 
03c890  fe df a0 fe df a0 fe df a0 fe df a0 fe df a0 fe 
03c8a0  df a0 fe df a0 fe df a0 fe df a0 fe df a0 fe df 
03c8b0  a0 fe df a0 fe df a0 fe df a0 fe df a0 fe df a0 
03c8c0  fe df a0 fe df a0 fe df a0 fe df a0 fe df a0 fe 
03c8d0  df a0 fe df a0 fe df a0 fe df a0 fe df a0 fe df 
03c8e0  a0 fe df a0 fe df a0 fe df a0 fe df a0 fe df a0 
03c8f0  fe df a0 fe df a0 fe df a0 fe df a0 fe df a0 fe 
03c900  df a0 fe df a0 fe df a0 fe df a0 fe df a0 fe df 
03c910  a0 fe df a0 fe df a0 fe df a0 fe df a0 fe df a0 
03c920  fe df a0 fe df a0 fe df a0 fe df a0 fe df a0 fe 
03c930  df a0 fe df a0 fe df a0 fe df a0 fe df a0 fe df 
03c940  a0 fe df a0 fe df a0 fe df a0 fe df a0 fe df a0 
03c950  fe df a0 fe df a0 fe df a0 fe df a0 fe df a0 fe 
03c960  df a0 fe df a0 fe df a0 fe df a0 fe df a0 fe df 
03c970  a0 fe df a0 fe df a0 fe df a0 fe df a0 fe df a0 
03c980  fe df a0 fe df a0 fe df a0 fe df a0 fe df a0 fe 
03c990  df a0 fe df a0 fe df a0 fe df a0 fe df a0 fe df 
03c9a0  a0 fe df a0 fe df a0 fe df a0 fe df a0 fe df a0 
03c9b0  fe df a0 fe df a0 fe df a0 fe df a0 fe df a0 fe 
03c9c0  df a0 fe df a0 fe df a0 fe df a0 fe df a0 fe df 
03c9d0  a0 fe df a0 fe df a0 fe df a0 fe df a0 fe df a0 
03c9e0  fe df a0 fe df a0 fe df a0 fe df a0 fe df a0 fe 
03c9f0  df a0 fe df a0 fe df a0 fe df a0 fe df a0 fe df 
03ca00  a0 fe df a0 fe df a0 fe df a0 fe df a0 fe df a0 
03ca10  fe df a0 fe df a0 fe df a0 fe df a0 fe df a0 fe 
03ca20  df a0 fe df a0 fe df a0 fe df a0 fe df a0 fe df 
03ca30  a0 fe df a0 fe df a0 fe df a0 fe df a0 fe df a0 
03ca40  fe df a0 fe df a0 fe df a0 fe df a0 fe df a0 fe 
03ca50  df a0 fe df a0 fe df a0 fe df a0 fe df a0 fe df 
03ca60  a0 fe df a0 fe df a0 fe df a0 fe df a0 fe df a0 
03ca70  fe df a0 fe df a0 fe df a0 fe df a0 fe df a0 fe 
03ca80  df a0 fe df a0 fe df a0 fe df a0 fe df a0 fe df 
03ca90  a0 fe df a0 fe df a0 fe df a0 fe df a0 fe df a0 
03caa0  fe df a0 fe df a0 fe df a0 fe df a0 fe df a0 fe 
03cab0  df a0 fe df a0 fe df a0 fe df a0 fe df a0 fe df 
03cac0  a0 fe df a0 fe df a0 fe df a0 fe df a0 fe df a0 
03cad0  fe df a0 fe df a0 fe df a0 fe df a0 fe df a0 fe 
03cae0  df a0 fe df a0 fe df a0 fe df a0 fe df a0 fe df 
03caf0  a0 fe df a0 fe df a0 fe df a0 fe df a0 fe df a0 
03cb00  fe df a0 fe df a0 fe df a0 fe df a0 fe df a0 fe 
03cb10  df a0 fe df a0 fe df a0 fe df a0 fe df a0 fe df 
03cb20  a0 fe df a0 fe df a0 fe df a0 fe df a0 fe df a0 
03cb30  fe df a0 fe df a0 fe df a0 fe df a0 fe df a0 fe 
03cb40  df a0 fe df a0 fe df a0 fe df a0 fe df a0 fe df 
03cb50  a0 fe df a0 fe df a0 fe df a0 fe df a0 fe df a0 
03cb60  fe df a0 fe df a0 fe df a0 fe df a0 fe df a0 fe 
03cb70  df a0 fe df a0 fe df a0 fe df a0 fe df a0 fe df 
03cb80  a0 fe df a0 fe df a0 fe df a0 fe df a0 fe df a0 
03cb90  fe df a0 fe df a0 fe df a0 fe df a0 fe df a0 fe 
03cba0  df a0 fe df a0 fe df a0 fe df a0 fe df a0 fe df 
03cbb0  a0 fe df a0 fe df a0 fe df a0 fe df a0 fe df a0 
03cbc0  fe df a0 fe df a0 fe df a0 fe df a0 fe df a0 fe 
03cbd0  df a0 fe df a0 fe df a0 fe df a0 fe df a0 fe df 
03cbe0  a0 fe df a0 fe df a0 fe df a0 fe df a0 fe df a0 
03cbf0  fe df a0 fe df a0 fe df a0 fe df a0 fe df a0 fe 
03cc00  df a0 fe df a0 fe df a0 fe df a0 fe df a0 fe df 
03cc10  a0 fe df a0 fe df a0 fe df a0 fe df a0 fe df a0 
03cc20  fe df a0 fe df a0 fe df a0 fe df a0 fe df a0 fe 
03cc30  df a0 fe df a0 fe df a0 fe df a0 fe df a0 fe df 
03cc40  a0 fe df a0 fe df a0 fe df a0 fe df a0 fe df a0 
03cc50  fe df a0 fe df a0 fe df a0 fe df a0 fe df a0 fe 
03cc60  df a0 fe df a0 fe df a0 fe df a0 fe df a0 fe df 
03cc70  a0 fe df a0 fe df a0 fe df a0 fe df a0 fe df a0 
03cc80  fe df a0 fe df a0 fe df a0 fe df a0 fe df a0 fe 
03cc90  df a0 fe df a0 fe df a0 fe df a0 fe df a0 fe df 
03cca0  a0 fe df a0 fe df a0 fe df a0 fe df a0 fe df a0 
03ccb0  fe df a0 fe df a0 fe df a0 fe df a0 fe df a0 fe 
03ccc0  df a0 fe df a0 fe df a0 fe df a0 fe df a0 fe df 
03ccd0  a0 fe df a0 fe df a0 fe df a0 fe df a0 fe df a0 
03cce0  fe df a0 fe df a0 fe df a0 fe df a0 fe df a0 fe 
03ccf0  df a0 fe df a0 fe df a0 fe df a0 fe df a0 fe df 
03cd00  a0 fe df a0 fe df a0 fe df a0 fe df a0 fe df a0 
03cd10  fe df a0 fe df a0 fe df a0 fe df a0 fe df a0 fe 
03cd20  df a0 fe df a0 fe df a0 fe df a0 fe df a0 fe df 
03cd30  a0 fe df a0 fe df a0 fe df a0 fe df a0 fe df a0 
03cd40  fe df a0 fe df a0 fe df a0 fe df a0 fe df a0 fe 
03cd50  df a0 fe df a0 fe df a0 fe df a0 fe df a0 fe df 
03cd60  a0 fe df a0 fe df a0 fe df a0 fe df a0 fe df a0 
03cd70  fe df a0 fe df a0 fe df a0 fe df a0 fe df a0 fe 
03cd80  df a0 fe df a0 fe df a0 fe df a0 fe df a0 fe df 
03cd90  a0 fe df a0 fe df a0 fe df a0 fe df a0 fe df a0 
03cda0  fe df a0 fe df a0 fe df a0 fe df a0 fe df a0 fe 
03cdb0  df a0 fe df a0 fe df a0 fe df a0 fe df a0 fe df 
03cdc0  a0 fe df a0 fe df a0 fe df a0 fe df a0 fe df a0 
03cdd0  fe df a0 fe df a0 fe df a0 fe df a0 fe df a0 fe 
03cde0  df a0 fe df a0 fe df a0 fe df a0 fe df a0 fe df 
03cdf0  a0 fe df a0 fe df a0 fe df a0 fe df a0 fe df a0 
03ce00  fe df a0 fe df a0 fe df a0 fe df a0 fe df a0 fe 
03ce10  df a0 fe df a0 fe df a0 fe df a0 fe df a0 fe df 
03ce20  a0 fe df a0 fe df a0 fe df a0 fe df a0 fe df a0 
03ce30  fe df a0 fe df a0 fe df a0 fe df a0 fe df a0 fe 
03ce40  df a0 fe df a0 fe df a0 fe df a0 fe df a0 fe df 
03ce50  a0 fe df a0 fe df a0 fe df a0 fe df a0 fe df a0 
03ce60  fe df a0 fe df a0 fe df a0 fe df a0 fe df a0 fe 
03ce70  df a0 fe df a0 fe df a0 fe df a0 fe df a0 fe df 
03ce80  a0 fe df a0 fe df a0 fe df a0 fe df a0 fe df a0 
03ce90  fe df a0 fe df a0 fe df a0 fe df a0 fe df a0 fe 
03cea0  df a0 fe df a0 fe df a0 fe df a0 fe df a0 fe df 
03ceb0  a0 fe df a0 fe df a0 fe df a0 fe df a0 fe df a0 
03cec0  fe df a0 fe df a0 fe df a0 fe df a0 fe df a0 fe 
03ced0  df a0 fe df a0 fe df a0 fe df a0 fe df a0 fe df 
03cee0  a0 fe df a0 fe df a0 fe df a0 fe df a0 fe df a0 
03cef0  fe df a0 fe df a0 fe df a0 fe df a0 fe df a0 fe 
03cf00  df a0 fe df a0 fe df a0 fe df a0 fe df a0 fe df 
03cf10  a0 fe df a0 fe df a0 fe df a0 fe df a0 fe df a0 
03cf20  fe df a0 fe df a0 fe df a0 fe df a0 fe df a0 fe 
03cf30  df a0 fe df a0 fe df a0 fe df a0 fe df a0 fe df 
03cf40  a0 fe df a0 fe df a0 fe df a0 fe df a0 fe df a0 
03cf50  fe df a0 fe df a0 fe df a0 fe df a0 fe df a0 fe 
03cf60  df a0 fe df a0 fe df a0 fe df a0 fe df a0 fe df 
03cf70  a0 fe df a0 fe df a0 fe df a0 fe df a0 fe df a0 
03cf80  fe df a0 fe df a0 fe df a0 fe df a0 fe df a0 fe 
03cf90  df a0 fe df a0 fe df a0 fe df a0 fe df a0 fe df 
03cfa0  a0 fe df a0 fe df a0 fe df a0 fe df a0 fe df a0 
03cfb0  fe df a0 fe df a0 fe df a0 fe df a0 fe df a0 fe 
03cfc0  df a0 fe df a0 fe df a0 fe df a0 fe df a0 fe df 
03cfd0  a0 fe df a0 fe df a0 fe df a0 fe df a0 fe df a0 
03cfe0  fe df a0 fe df a0 fe df a0 fe df a0 fe df a0 fe 
03cff0  df a0 fe df a0 fe df a0 fe df a0 fe df a0 fe df 
03d000  a0 fe df a0 fe df a0 fe df a0 fe df a0 fe df a0 
03d010  fe df a0 fe df a0 fe df a0 fe df a0 fe df a0 fe 
03d020  df a0 fe df a0 fe df a0 fe df a0 fe df a0 fe df 
03d030  a0 fe df a0 fe df a0 fe df a0 fe df a0 fe df a0 
03d040  fe df a0 fe df a0 fe df a0 fe df a0 fe df a0 fe 
03d050  df a0 fe df a0 fe df a0 fe df a0 fe df a0 fe df 
03d060  a0 fe df a0 fe df a0 fe df a0 fe df a0 fe df a0 
03d070  fe df a0 fe df a0 fe df a0 fe df a0 fe df a0 fe 
03d080  df a0 fe df a0 fe df a0 fe df a0 fe df a0 fe df 
03d090  a0 fe df a0 fe df a0 fe df a0 fe df a0 fe df a0 
03d0a0  fe df a0 fe df a0 fe df a0 fe df a0 fe df a0 fe 
03d0b0  df a0 fe df a0 fe df a0 fe df a0 fe df a0 fe df 
03d0c0  a0 fe df a0 fe df a0 fe df a0 fe df a0 fe df a0 
03d0d0  fe df a0 fe df a0 fe df a0 fe df a0 fe df a0 fe 
03d0e0  df a0 fe df a0 fe df a0 fe df a0 fe df a0 fe df 
03d0f0  a0 fe df a0 fe df a0 fe df a0 fe df a0 fe df a0 
03d100  fe df a0 fe df a0 fe df a0 fe df a0 fe df a0 fe 
03d110  df a0 fe df a0 fe df a0 fe df a0 fe df a0 fe df 
03d120  a0 fe df a0 fe df a0 fe df a0 fe df a0 fe df a0 
03d130  fe df a0 fe df a0 fe df a0 fe df a0 fe df a0 fe 
03d140  df a0 fe df a0 fe df a0 fe df a0 fe df a0 fe df 
03d150  a0 fe df a0 fe df a0 fe df a0 fe df a0 fe df a0 
03d160  fe df a0 fe df a0 fe df a0 fe df a0 fe df a0 fe 
03d170  df a0 fe df a0 fe df a0 fe df a0 fe df a0 fe df 
03d180  a0 fe df a0 fe df a0 fe df a0 fe df a0 fe df a0 
03d190  fe df a0 fe df a0 fe df a0 fe df a0 fe df a0 fe 
03d1a0  df a0 fe df a0 fe df a0 fe df a0 fe df a0 fe df 
03d1b0  a0 fe df a0 fe df a0 fe df a0 fe df a0 fe df a0 
03d1c0  fe df a0 fe df a0 fe df a0 fe df a0 fe df a0 fe 
03d1d0  df a0 fe df a0 fe df a0 fe df a0 fe df a0 fe df 
03d1e0  a0 fe df a0 fe df a0 fe df a0 fe df a0 fe df a0 
03d1f0  fe df a0 fe df a0 fe df a0 fe df a0 fe df a0 fe 
03d200  df a0 fe df a0 fe df a0 fe df a0 fe df a0 fe df 
03d210  a0 fe df a0 fe df a0 fe df a0 fe df a0 fe df a0 
03d220  fe df a0 fe df a0 fe df a0 fe df a0 fe df a0 fe 
03d230  df a0 fe df a0 fe df a0 fe df a0 fe df a0 fe df 
03d240  a0 fe df a0 fe df a0 fe df a0 fe df a0 fe df a0 
03d250  fe df a0 fe df a0 fe df a0 fe df a0 fe df a0 fe 
03d260  df a0 fe df a0 fe df a0 fe df a0 fe df a0 fe df 
03d270  a0 fe df a0 fe df a0 fe df a0 fe df a0 fe df a0 
03d280  fe df a0 fe df a0 fe df a0 fe df a0 fe df a0 fe 
03d290  df a0 fe df a0 fe df a0 fe df a0 fe df a0 fe df 
03d2a0  a0 fe df a0 fe df a0 fe df a0 fe df a0 fe df a0 
03d2b0  fe df a0 fe df a0 fe df a0 fe df a0 fe df a0 fe 
03d2c0  df a0 fe df a0 fe df a0 fe df a0 fe df a0 fe df 
03d2d0  a0 fe df a0 fe df a0 fe df a0 fe df a0 fe df a0 
03d2e0  fe df a0 fe df a0 fe df a0 fe df a0 fe df a0 fe 
03d2f0  df a0 fe df a0 fe df a0 fe df a0 fe df a0 fe df 
03d300  a0 fe df a0 fe df a0 fe df a0 fe df a0 fe df a0 
03d310  fe df a0 fe df a0 fe df a0 fe df a0 fe df a0 fe 
03d320  df a0 fe df a0 fe df a0 fe df a0 fe df a0 fe df 
03d330  a0 fe df a0 fe df a0 fe df a0 fe df a0 fe df a0 
03d340  fe df a0 fe df a0 fe df a0 fe df a0 fe df a0 fe 
03d350  df a0 fe df a0 fe df a0 fe df a0 fe df a0 fe df 
03d360  a0 fe df a0 fe df a0 fe df a0 fe df a0 fe df a0 
03d370  fe df a0 fe df a0 fe df a0 fe df a0 fe df a0 fe 
03d380  df a0 fe df a0 fe df a0 fe df a0 fe df a0 fe df 
03d390  a0 fe df a0 fe df a0 fe df a0 fe df a0 fe df a0 
03d3a0  fe df a0 fe df a0 fe df a0 fe df a0 fe df a0 fe 
03d3b0  df a0 fe df a0 fe df a0 fe df a0 fe df a0 fe df 
03d3c0  a0 fe df a0 fe df a0 fe df a0 fe df a0 fe df a0 
03d3d0  fe df a0 fe df a0 fe df a0 fe df a0 fe df a0 fe 
03d3e0  df a0 fe df a0 fe df a0 fe df a0 fe df a0 fe df 
03d3f0  a0 fe df a0 fe df a0 fe df a0 fe df a0 fe df a0 
03d400  fe df a0 fe df a0 fe df a0 fe df a0 fe df a0 fe 
03d410  df a0 fe df a0 fe df a0 fe df a0 fe df a0 fe df 
03d420  a0 fe df a0 fe df a0 fe df a0 fe df a0 fe df a0 
03d430  fe df a0 fe df a0 fe df a0 fe df a0 fe df a0 fe 
03d440  df a0 fe df a0 fe df a0 fe df a0 fe df a0 fe df 
03d450  a0 fe df a0 fe df a0 fe df a0 fe df a0 fe df a0 
03d460  fe df a0 fe df a0 fe df a0 fe df a0 fe df a0 fe 
03d470  df a0 fe df a0 fe df a0 fe df a0 fe df a0 fe df 
03d480  a0 fe df a0 fe df a0 fe df a0 fe df a0 fe df a0 
03d490  fe df a0 fe df a0 fe df a0 fe df a0 fe df a0 fe 
03d4a0  df a0 fe df a0 fe df a0 fe df a0 fe df a0 fe df 
03d4b0  a0 fe df a0 fe df a0 fe df a0 fe df a0 fe df a0 
03d4c0  fe df a0 fe df a0 fe df a0 fe df a0 fe df a0 fe 
03d4d0  df a0 fe df a0 fe df a0 fe df a0 fe df a0 fe df 
03d4e0  a0 fe df a0 fe df a0 fe df a0 fe df a0 fe df a0 
03d4f0  fe df a0 fe df a0 fe df a0 fe df a0 fe df a0 fe 
03d500  df a0 fe df a0 fe df a0 fe df a0 fe df a0 fe df 
03d510  a0 fe df a0 fe df a0 fe df a0 fe df a0 fe df a0 
03d520  fe df a0 fe df a0 fe df a0 fe df a0 fe df a0 fe 
03d530  df a0 fe df a0 fe df a0 fe df a0 fe df a0 fe df 
03d540  a0 fe df a0 fe df a0 fe df a0 fe df a0 fe df a0 
03d550  fe df a0 fe df a0 fe df a0 fe df a0 fe df a0 fe 
03d560  df a0 fe df a0 fe df a0 fe df a0 fe df a0 fe df 
03d570  a0 fe df a0 fe df a0 fe df a0 fe df a0 fe df a0 
03d580  fe df a0 fe df a0 fe df a0 fe df a0 fe df a0 fe 
03d590  df a0 fe df a0 fe df a0 fe df a0 fe df a0 fe df 
03d5a0  a0 fe df a0 fe df a0 fe df a0 fe df a0 fe df a0 
03d5b0  fe df a0 fe df a0 fe df a0 fe df a0 fe df a0 fe 
03d5c0  df a0 fe df a0 fe df a0 fe df a0 fe df a0 fe df 
03d5d0  a0 fe df a0 fe df a0 fe df a0 fe df a0 fe df a0 
03d5e0  fe df a0 fe df a0 fe df a0 fe df a0 fe df a0 fe 
03d5f0  df a0 fe df a0 fe df a0 fe df a0 fe df a0 fe df 
03d600  a0 fe df a0 fe df a0 fe df a0 fe df a0 fe df a0 
03d610  fe df a0 fe df a0 fe df a0 fe df a0 fe df a0 fe 
03d620  df a0 fe df a0 fe df a0 fe df a0 fe df a0 fe df 
03d630  a0 fe df a0 fe df a0 fe df a0 fe df a0 fe df a0 
03d640  fe df a0 fe df a0 fe df a0 fe df a0 fe df a0 fe 
03d650  df a0 fe df a0 fe df a0 fe df a0 fe df a0 fe df 
03d660  a0 fe df a0 fe df a0 fe df a0 fe df a0 fe df a0 
03d670  fe df a0 fe df a0 fe df a0 fe df a0 fe df a0 fe 
03d680  df a0 fe df a0 fe df a0 fe df a0 fe df a0 fe df 
03d690  a0 fe df a0 fe df a0 fe df a0 fe df a0 fe df a0 
03d6a0  fe df a0 fe df a0 fe df a0 fe df a0 fe df a0 fe 
03d6b0  df a0 fe df a0 fe df a0 fe df a0 fe df a0 fe df 
03d6c0  a0 fe df a0 fe df a0 fe df a0 fe df a0 fe df a0 
03d6d0  fe df a0 fe df a0 fe df a0 fe df a0 fe df a0 fe 
03d6e0  df a0 fe df a0 fe df a0 fe df a0 fe df a0 fe df 
03d6f0  a0 fe df a0 fe df a0 fe df a0 fe df a0 fe df a0 
03d700  fe df a0 fe df a0 fe df a0 fe df a0 fe df a0 fe 
03d710  df a0 fe df a0 fe df a0 fe df a0 fe df a0 fe df 
03d720  a0 fe df a0 fe df a0 fe df a0 fe df a0 fe df a0 
03d730  fe df a0 fe df a0 fe df a0 fe df a0 fe df a0 fe 
03d740  df a0 fe df a0 fe df a0 fe df a0 fe df a0 fe df 
03d750  a0 fe df a0 fe df a0 fe df a0 fe df a0 fe df a0 
03d760  fe df a0 fe df a0 fe df a0 fe df a0 fe df a0 fe 
03d770  df a0 fe df a0 fe df a0 fe df a0 fe df a0 fe df 
03d780  a0 fe df a0 fe df a0 fe df a0 fe df a0 fe df a0 
03d790  fe df a0 fe df a0 fe df a0 fe df a0 fe df a0 fe 
03d7a0  df a0 fe df a0 fe df a0 fe df a0 fe df a0 fe df 
03d7b0  a0 fe df a0 fe df a0 fe df a0 fe df a0 fe df a0 
03d7c0  fe df a0 fe df a0 fe df a0 fe df a0 fe df a0 fe 
03d7d0  df a0 fe df a0 fe df a0 fe df a0 fe df a0 fe df 
03d7e0  a0 fe df a0 fe df a0 fe df a0 fe df a0 fe df a0 
03d7f0  fe df a0 fe df a0 fe df a0 fe df a0 fe df a0 fe 
03d800  df a0 fe df a0 fe df a0 fe df a0 fe df a0 fe df 
03d810  a0 fe df a0 fe df a0 fe df a0 fe df a0 fe df a0 
03d820  fe df a0 fe df a0 fe df a0 fe df a0 fe df a0 fe 
03d830  df a0 fe df a0 fe df a0 fe df a0 fe df a0 fe df 
03d840  a0 fe df a0 fe df a0 fe df a0 fe df a0 fe df a0 
03d850  fe df a0 fe df a0 fe df a0 fe df a0 fe df a0 fe 
03d860  df a0 fe df a0 fe df a0 fe df a0 fe df a0 fe df 
03d870  a0 fe df a0 fe df a0 fe df a0 fe df a0 fe df a0 
03d880  fe df a0 fe df a0 fe df a0 fe df a0 fe df a0 fe 
03d890  df a0 fe df a0 fe df a0 fe df a0 fe df a0 fe df 
03d8a0  a0 fe df a0 fe df a0 fe df a0 fe df a0 fe df a0 
03d8b0  fe df a0 fe df a0 fe df a0 fe df a0 fe df a0 fe 
03d8c0  df a0 fe df a0 fe df a0 fe df a0 fe df a0 fe df 
03d8d0  a0 fe df a0 fe df a0 fe df a0 fe df a0 fe df a0 
03d8e0  fe df a0 fe df a0 fe df a0 fe df a0 fe df a0 fe 
03d8f0  df a0 fe df a0 fe df a0 fe df a0 fe df a0 fe df 
03d900  a0 fe df a0 fe df a0 fe df a0 fe df a0 fe df a0 
03d910  fe df a0 fe df a0 fe df a0 fe df a0 fe df a0 fe 
03d920  df a0 fe df a0 fe df a0 fe df a0 fe df a0 fe df 
03d930  a0 fe df a0 fe df a0 fe df a0 fe df a0 fe df a0 
03d940  fe df a0 fe df a0 fe df a0 fe df a0 fe df a0 fe 
03d950  df a0 fe df a0 fe df a0 fe df a0 fe df a0 fe df 
03d960  a0 fe df a0 fe df a0 fe df a0 fe df a0 fe df a0 
03d970  fe df a0 fe df a0 fe df a0 fe df a0 fe df a0 fe 
03d980  df a0 fe df a0 fe df a0 fe df a0 fe df a0 fe df 
03d990  a0 fe df a0 fe df a0 fe df a0 fe df a0 fe df a0 
03d9a0  fe df a0 fe df a0 fe df a0 fe df a0 fe df a0 fe 
03d9b0  df a0 fe df a0 fe df a0 fe df a0 fe df a0 fe df 
03d9c0  a0 fe df a0 fe df a0 fe df a0 fe df a0 fe df a0 
03d9d0  fe df a0 fe df a0 fe df a0 fe df a0 fe df a0 fe 
03d9e0  df a0 fe df a0 fe df a0 fe df a0 fe df a0 fe df 
03d9f0  a0 fe df a0 fe df a0 fe df a0 fe df a0 fe df a0 
03da00  fe df a0 fe df a0 fe df a0 fe df a0 fe df a0 fe 
03da10  df a0 fe df a0 fe df a0 fe df a0 fe df a0 fe df 
03da20  a0 fe df a0 fe df a0 fe df a0 fe df a0 fe df a0 
03da30  fe df a0 fe df a0 fe df a0 fe df a0 fe df a0 fe 
03da40  df a0 fe df a0 fe df a0 fe df a0 fe df a0 fe df 
03da50  a0 fe df a0 fe df a0 fe df a0 fe df a0 fe df a0 
03da60  fe df a0 fe df a0 fe df a0 fe df a0 fe df a0 fe 
03da70  df a0 fe df a0 fe df a0 fe df a0 fe df a0 fe df 
03da80  a0 fe df a0 fe df a0 fe df a0 fe df a0 fe df a0 
03da90  fe df a0 fe df a0 fe df a0 fe df a0 fe df a0 fe 
03daa0  df a0 fe df a0 fe df a0 fe df a0 fe df a0 fe df 
03dab0  a0 fe df a0 fe df a0 fe df a0 fe df a0 fe df a0 
03dac0  fe df a0 fe df a0 fe df a0 fe df a0 fe df a0 fe 
03dad0  df a0 fe df a0 fe df a0 fe df a0 fe df a0 fe df 
03dae0  a0 fe df a0 fe df a0 fe df a0 fe df a0 fe df a0 
03daf0  fe df a0 fe df a0 fe df a0 fe df a0 fe df a0 fe 
03db00  df a0 fe df a0 fe df a0 fe df a0 fe df a0 fe df 
03db10  a0 fe df a0 fe df a0 fe df a0 fe df a0 fe df a0 
03db20  fe df a0 fe df a0 fe df a0 fe df a0 fe df a0 fe 
03db30  df a0 fe df a0 fe df a0 fe df a0 fe df a0 fe df 
03db40  a0 fe df a0 fe df a0 fe df a0 fe df a0 fe df a0 
03db50  fe df a0 fe df a0 fe df a0 fe df a0 fe df a0 fe 
03db60  df a0 fe df a0 fe df a0 fe df a0 fe df a0 fe df 
03db70  a0 fe df a0 fe df a0 fe df a0 fe df a0 fe df a0 
03db80  fe df a0 fe df a0 fe df a0 fe df a0 fe df a0 fe 
03db90  df a0 fe df a0 fe df a0 fe df a0 fe df a0 fe df 
03dba0  a0 fe df a0 fe df a0 fe df a0 fe df a0 fe df a0 
03dbb0  fe df a0 fe df a0 fe df a0 fe df a0 fe df a0 fe 
03dbc0  df a0 fe df a0 fe df a0 fe df a0 fe df a0 fe df 
03dbd0  a0 fe df a0 fe df a0 fe df a0 fe df a0 fe df a0 
03dbe0  fe df a0 fe df a0 fe df a0 fe df a0 fe df a0 fe 
03dbf0  df a0 fe df a0 fe df a0 fe df a0 fe df a0 fe df 
03dc00  a0 fe df a0 fe df a0 fe df a0 fe df a0 fe df a0 
03dc10  fe df a0 fe df a0 fe df a0 fe df a0 fe df a0 fe 
03dc20  df a0 fe df a0 fe df a0 fe df a0 fe df a0 fe df 
03dc30  a0 fe df a0 fe df a0 fe df a0 fe df a0 fe df a0 
03dc40  fe df a0 fe df a0 fe df a0 fe df a0 fe df a0 fe 
03dc50  df a0 fe df a0 fe df a0 fe df a0 fe df a0 fe df 
03dc60  a0 fe df a0 fe df a0 fe df a0 fe df a0 fe df a0 
03dc70  fe df a0 fe df a0 fe df a0 fe df a0 fe df a0 fe 
03dc80  df a0 fe df a0 fe df a0 fe df a0 fe df a0 fe df 
03dc90  a0 fe df a0 fe df a0 fe df a0 fe df a0 fe df a0 
03dca0  fe df a0 fe df a0 fe df a0 fe df a0 fe df a0 fe 
03dcb0  df a0 fe df a0 fe df a0 fe df a0 fe df a0 fe df 
03dcc0  a0 fe df a0 fe df a0 fe df a0 fe df a0 fe df a0 
03dcd0  fe df a0 fe df a0 fe df a0 fe df a0 fe df a0 fe 
03dce0  df a0 fe df a0 fe df a0 fe df a0 fe df a0 fe df 
03dcf0  a0 fe df a0 fe df a0 fe df a0 fe df a0 fe df a0 
03dd00  fe df a0 fe df a0 fe df a0 fe df a0 fe df a0 fe 
03dd10  df a0 fe df a0 fe df a0 fe df a0 fe df a0 fe df 
03dd20  a0 fe df a0 fe df a0 fe df a0 fe df a0 fe df a0 
03dd30  fe df a0 fe df a0 fe df a0 fe df a0 fe df a0 fe 
03dd40  df a0 fe df a0 fe df a0 fe df a0 fe df a0 fe df 
03dd50  a0 fe df a0 fe df a0 fe df a0 fe df a0 fe df a0 
03dd60  fe df a0 fe df a0 fe df a0 fe df a0 fe df a0 fe 
03dd70  df a0 fe df a0 fe df a0 fe df a0 fe df a0 fe df 
03dd80  a0 fe df a0 fe df a0 fe df a0 fe df a0 fe df a0 
03dd90  fe df a0 fe df a0 fe df a0 fe df a0 fe df a0 fe 
03dda0  df a0 fe df a0 fe df a0 fe df a0 fe df a0 fe df 
03ddb0  a0 fe df a0 fe df a0 fe df a0 fe df a0 fe df a0 
03ddc0  fe df a0 fe df a0 fe df a0 fe df a0 fe df a0 fe 
03ddd0  df a0 fe df a0 fe df a0 fe df a0 fe df a0 fe df 
03dde0  a0 fe df a0 fe df a0 fe df a0 fe df a0 fe df a0 
03ddf0  fe df a0 fe df a0 fe df a0 fe df a0 fe df a0 fe 
03de00  df a0 fe df a0 fe df a0 fe df a0 fe df a0 fe df 
03de10  a0 fe df a0 fe df a0 fe df a0 fe df a0 fe df a0 
03de20  fe df a0 fe df a0 fe df a0 fe df a0 fe df a0 fe 
03de30  df a0 fe df a0 fe df a0 fe df a0 fe df a0 fe df 
03de40  a0 fe df a0 fe df a0 fe df a0 fe df a0 fe df a0 
03de50  fe df a0 fe df a0 fe df a0 fe df a0 fe df a0 fe 
03de60  df a0 fe df a0 fe df a0 fe df a0 fe df a0 fe df 
03de70  a0 fe df a0 fe df a0 fe df a0 fe df a0 fe df a0 
03de80  fe df a0 fe df a0 fe df a0 fe df a0 fe df a0 fe 
03de90  df a0 fe df a0 fe df a0 fe df a0 fe df a0 fe df 
03dea0  a0 fe df a0 fe df a0 fe df a0 fe df a0 fe df a0 
03deb0  fe df a0 fe df a0 fe df a0 fe df a0 fe df a0 fe 
03dec0  df a0 fe df a0 fe df a0 fe df a0 fe df a0 fe df 
03ded0  a0 fe df a0 fe df a0 fe df a0 fe df a0 fe df a0 
03dee0  fe df a0 fe df a0 fe df a0 fe df a0 fe df a0 fe 
03def0  df a0 fe df a0 fe df a0 fe df a0 fe df a0 fe df 
03df00  a0 fe df a0 fe df a0 fe df a0 fe df a0 fe df a0 
03df10  fe df a0 fe df a0 fe df a0 fe df a0 fe df a0 fe 
03df20  df a0 fe df a0 fe df a0 fe df a0 fe df a0 fe df 
03df30  a0 fe df a0 fe df a0 fe df a0 fe df a0 fe df a0 
03df40  fe df a0 fe df a0 fe df a0 fe df a0 fe df a0 fe 
03df50  df a0 fe df a0 fe df a0 fe df a0 fe df a0 fe df 
03df60  a0 fe df a0 fe df a0 fe df a0 fe df a0 fe df a0 
03df70  fe df a0 fe df a0 fe df a0 fe df a0 fe df a0 fe 
03df80  df a0 fe df a0 fe df a0 fe df a0 fe df a0 fe df 
03df90  a0 fe df a0 fe df a0 fe df a0 fe df a0 fe df a0 
03dfa0  fe df a0 fe df a0 fe df a0 fe df a0 fe df a0 fe 
03dfb0  df a0 fe df a0 fe df a0 fe df a0 fe df a0 fe df 
03dfc0  a0 fe df a0 fe df a0 fe df a0 fe df a0 fe df a0 
03dfd0  fe df a0 fe df a0 fe df a0 fe df a0 fe df a0 fe 
03dfe0  df a0 fe df a0 fe df a0 fe df a0 fe df a0 fe df 
03dff0  a0 fe df a0 fe df a0 fe df a0 fe df a0 fe df a0 
03e000  fe df a0 fe df a0 fe df a0 fe df a0 fe df a0 fe 
03e010  df a0 fe df a0 fe df a0 fe df a0 fe df a0 fe df 
03e020  a0 fe df a0 fe df a0 fe df a0 fe df a0 fe df a0 
03e030  fe df a0 fe df a0 fe df a0 fe df a0 fe df a0 fe 
03e040  df a0 fe df a0 fe df a0 fe df a0 fe df a0 fe df 
03e050  a0 fe df a0 fe df a0 fe df a0 fe df a0 fe df a0 
03e060  fe df a0 fe df a0 fe df a0 fe df a0 fe df a0 fe 
03e070  df a0 fe df a0 fe df a0 fe df a0 fe df a0 fe df 
03e080  a0 fe df a0 fe df a0 fe df a0 fe df a0 fe df a0 
03e090  fe df a0 fe df a0 fe df a0 fe df a0 fe df a0 fe 
03e0a0  df a0 fe df a0 fe df a0 fe df a0 fe df a0 fe df 
03e0b0  a0 fe df a0 fe df a0 fe df a0 fe df a0 fe df a0 
03e0c0  fe df a0 fe df a0 fe df a0 fe df a0 fe df a0 fe 
03e0d0  df a0 fe df a0 fe df a0 fe df a0 fe df a0 fe df 
03e0e0  a0 fe df a0 fe df a0 fe df a0 fe df a0 fe df a0 
03e0f0  fe df a0 fe df a0 fe df a0 fe df a0 fe df a0 fe 
03e100  df a0 fe df a0 fe df a0 fe df a0 fe df a0 fe df 
03e110  a0 fe df a0 fe df a0 fe df a0 fe df a0 fe df a0 
03e120  fe df a0 fe df a0 fe df a0 fe df a0 fe df a0 fe 
03e130  df a0 fe df a0 fe df a0 fe df a0 fe df a0 fe df 
03e140  a0 fe df a0 fe df a0 fe df a0 fe df a0 fe df a0 
03e150  fe df a0 fe df a0 fe df a0 fe df a0 fe df a0 fe 
03e160  df a0 fe df a0 fe df a0 fe df a0 fe df a0 fe df 
03e170  a0 fe df a0 fe df a0 fe df a0 fe df a0 fe df a0 
03e180  fe df a0 fe df a0 fe df a0 fe df a0 fe df a0 fe 
03e190  df a0 fe df a0 fe df a0 fe df a0 fe df a0 fe df 
03e1a0  a0 fe df a0 fe df a0 fe df a0 fe df a0 fe df a0 
03e1b0  fe df a0 fe df a0 fe df a0 fe df a0 fe df a0 fe 
03e1c0  df a0 fe df a0 fe df a0 fe df a0 fe df a0 fe df 
03e1d0  a0 fe df a0 fe df a0 fe df a0 fe df a0 fe df a0 
03e1e0  fe df a0 fe df a0 fe df a0 fe df a0 fe df a0 fe 
03e1f0  df a0 fe df a0 fe df a0 fe df a0 fe df a0 fe df 
03e200  a0 fe df a0 fe df a0 fe df a0 fe df a0 fe df a0 
03e210  fe df a0 fe df a0 fe df a0 fe df a0 fe df a0 fe 
03e220  df a0 fe df a0 fe df a0 fe df a0 fe df a0 fe df 
03e230  a0 fe df a0 fe df a0 fe df a0 fe df a0 fe df a0 
03e240  fe df a0 fe df a0 fe df a0 fe df a0 fe df a0 fe 
03e250  df a0 fe df a0 fe df a0 fe df a0 fe df a0 fe df 
03e260  a0 fe df a0 fe df a0 fe df a0 fe df a0 fe df a0 
03e270  fe df a0 fe df a0 fe df a0 fe df a0 fe df a0 fe 
03e280  df a0 fe df a0 fe df a0 fe df a0 fe df a0 fe df 
03e290  a0 fe df a0 fe df a0 fe df a0 fe df a0 fe df a0 
03e2a0  fe df a0 fe df a0 fe df a0 fe df a0 fe df a0 fe 
03e2b0  df a0 fe df a0 fe df a0 fe df a0 fe df a0 fe df 
03e2c0  a0 fe df a0 fe df a0 fe df a0 fe df a0 fe df a0 
03e2d0  fe df a0 fe df a0 fe df a0 fe df a0 fe df a0 fe 
03e2e0  df a0 fe df a0 fe df a0 fe df a0 fe df a0 fe df 
03e2f0  a0 fe df a0 fe df a0 fe df a0 fe df a0 fe df a0 
03e300  fe df a0 fe df a0 fe df a0 fe df a0 fe df a0 fe 
03e310  df a0 fe df a0 fe df a0 fe df a0 fe df a0 fe df 
03e320  a0 fe df a0 fe df a0 fe df a0 fe df a0 fe df a0 
03e330  fe df a0 fe df a0 fe df a0 fe df a0 fe df a0 fe 
03e340  df a0 fe df a0 fe df a0 fe df a0 fe df a0 fe df 
03e350  a0 fe df a0 fe df a0 fe df a0 fe df a0 fe df a0 
03e360  fe df a0 fe df a0 fe df a0 fe df a0 fe df a0 fe 
03e370  df a0 fe df a0 fe df a0 fe df a0 fe df a0 fe df 
03e380  a0 fe df a0 fe df a0 fe df a0 fe df a0 fe df a0 
03e390  fe df a0 fe df a0 fe df a0 fe df a0 fe df a0 fe 
03e3a0  df a0 fe df a0 fe df a0 fe df a0 fe df a0 fe df 
03e3b0  a0 fe df a0 fe df a0 fe df a0 fe df a0 fe df a0 
03e3c0  fe df a0 fe df a0 fe df a0 fe df a0 fe df a0 fe 
03e3d0  df a0 fe df a0 fe df a0 fe df a0 fe df a0 fe df 
03e3e0  a0 fe df a0 fe df a0 fe df a0 fe df a0 fe df a0 
03e3f0  fe df a0 fe df a0 fe df a0 fe df a0 fe df a0 fe 
03e400  df a0 fe df a0 fe df a0 fe df a0 fe df a0 fe df 
03e410  a0 fe df a0 fe df a0 fe df a0 fe df a0 fe df a0 
03e420  fe df a0 fe df a0 fe df a0 fe df a0 fe df a0 fe 
03e430  df a0 fe df a0 fe df a0 fe df a0 fe df a0 fe df 
03e440  a0 fe df a0 fe df a0 fe df a0 fe df a0 fe df a0 
03e450  fe df a0 fe df a0 fe df a0 fe df a0 fe df a0 fe 
03e460  df a0 fe df a0 fe df a0 fe df a0 fe df a0 fe df 
03e470  a0 fe df a0 fe df a0 fe df a0 fe df a0 fe df a0 
03e480  fe df a0 fe df a0 fe df a0 fe df a0 fe df a0 fe 
03e490  df a0 fe df a0 fe df a0 fe df a0 fe df a0 fe df 
03e4a0  a0 fe df a0 fe df a0 fe df a0 fe df a0 fe df a0 
03e4b0  fe df a0 fe df a0 fe df a0 fe df a0 fe df a0 fe 
03e4c0  df a0 fe df a0 fe df a0 fe df a0 fe df a0 fe df 
03e4d0  a0 fe df a0 fe df a0 fe df a0 fe df a0 fe df a0 
03e4e0  fe df a0 fe df a0 fe df a0 fe df a0 fe df a0 fe 
03e4f0  df a0 fe df a0 fe df a0 fe df a0 fe df a0 fe df 
03e500  a0 fe df a0 fe df a0 fe df a0 fe df a0 fe df a0 
03e510  fe df a0 fe df a0 fe df a0 fe df a0 fe df a0 fe 
03e520  df a0 fe df a0 fe df a0 fe df a0 fe df a0 fe df 
03e530  a0 fe df a0 fe df a0 fe df a0 fe df a0 fe df a0 
03e540  fe df a0 fe df a0 fe df a0 fe df a0 fe df a0 fe 
03e550  df a0 fe df a0 fe df a0 fe df a0 fe df a0 fe df 
03e560  a0 fe df a0 fe df a0 fe df a0 fe df a0 fe df a0 
03e570  fe df a0 fe df a0 fe df a0 fe df a0 fe df a0 fe 
03e580  df a0 fe df a0 fe df a0 fe df a0 fe df a0 fe df 
03e590  a0 fe df a0 fe df a0 fe df a0 fe df a0 fe df a0 
03e5a0  fe df a0 fe df a0 fe df a0 fe df a0 fe df a0 fe 
03e5b0  df a0 fe df a0 fe df a0 fe df a0 fe df a0 fe df 
03e5c0  a0 fe df a0 fe df a0 fe df a0 fe df a0 fe df a0 
03e5d0  fe df a0 fe df a0 fe df a0 fe df a0 fe df a0 fe 
03e5e0  df a0 fe df a0 fe df a0 fe df a0 fe df a0 fe df 
03e5f0  a0 fe df a0 fe df a0 fe df a0 fe df a0 fe df a0 
03e600  fe df a0 fe df a0 fe df a0 fe df a0 fe df a0 fe 
03e610  df a0 fe df a0 fe df a0 fe df a0 fe df a0 fe df 
03e620  a0 fe df a0 fe df a0 fe df a0 fe df a0 fe df a0 
03e630  fe df a0 fe df a0 fe df a0 fe df a0 fe df a0 fe 
03e640  df a0 fe df a0 fe df a0 fe df a0 fe df a0 fe df 
03e650  a0 fe df a0 fe df a0 fe df a0 fe df a0 fe df a0 
03e660  fe df a0 fe df a0 fe df a0 fe df a0 fe df a0 fe 
03e670  df a0 fe df a0 fe df a0 fe df a0 fe df a0 fe df 
03e680  a0 fe df a0 fe df a0 fe df a0 fe df a0 fe df a0 
03e690  fe df a0 fe df a0 fe df a0 fe df a0 fe df a0 fe 
03e6a0  df a0 fe df a0 fe df a0 fe df a0 fe df a0 fe df 
03e6b0  a0 fe df a0 fe df a0 fe df a0 fe df a0 fe df a0 
03e6c0  fe df a0 fe df a0 fe df a0 fe df a0 fe df a0 fe 
03e6d0  df a0 fe df a0 fe df a0 fe df a0 fe df a0 fe df 
03e6e0  a0 fe df a0 fe df a0 fe df a0 fe df a0 fe df a0 
03e6f0  fe df a0 fe df a0 fe df a0 fe df a0 fe df a0 fe 
03e700  df a0 fe df a0 fe df a0 fe df a0 fe df a0 fe df 
03e710  a0 fe df a0 fe df a0 fe df a0 fe df a0 fe df a0 
03e720  fe df a0 fe df a0 fe df a0 fe df a0 fe df a0 fe 
03e730  df a0 fe df a0 fe df a0 fe df a0 fe df a0 fe df 
03e740  a0 fe df a0 fe df a0 fe df a0 fe df a0 fe df a0 
03e750  fe df a0 fe df a0 fe df a0 fe df a0 fe df a0 fe 
03e760  df a0 fe df a0 fe df a0 fe df a0 fe df a0 fe df 
03e770  a0 fe df a0 fe df a0 fe df a0 fe df a0 fe df a0 
03e780  fe df a0 fe df a0 fe df a0 fe df a0 fe df a0 fe 
03e790  df a0 fe df a0 fe df a0 fe df a0 fe df a0 fe df 
03e7a0  a0 fe df a0 fe df a0 fe df a0 fe df a0 fe df a0 
03e7b0  fe df a0 fe df a0 fe df a0 fe df a0 fe df a0 fe 
03e7c0  df a0 fe df a0 fe df a0 fe df a0 fe df a0 fe df 
03e7d0  a0 fe df a0 fe df a0 fe df a0 fe df a0 fe df a0 
03e7e0  fe df a0 fe df a0 fe df a0 fe df a0 fe df a0 fe 
03e7f0  df a0 fe df a0 fe df a0 fe df a0 fe df a0 fe df 
03e800  a0 fe df a0 fe df a0 fe df a0 fe df a0 fe df a0 
03e810  fe df a0 fe df a0 fe df a0 fe df a0 fe df a0 fe 
03e820  df a0 fe df a0 fe df a0 fe df a0 fe df a0 fe df 
03e830  a0 fe df a0 fe df a0 fe df a0 fe df a0 fe df a0 
03e840  fe df a0 fe df a0 fe df a0 fe df a0 fe df a0 fe 
03e850  df a0 fe df a0 fe df a0 fe df a0 fe df a0 fe df 
03e860  a0 fe df a0 fe df a0 fe df a0 fe df a0 fe df a0 
03e870  fe df a0 fe df a0 fe df a0 fe df a0 fe df a0 fe 
03e880  df a0 fe df a0 fe df a0 fe df a0 fe df a0 fe df 
03e890  a0 fe df a0 fe df a0 fe df a0 fe df a0 fe df a0 
03e8a0  fe df a0 fe df a0 fe df a0 fe df a0 fe df a0 fe 
03e8b0  df a0 fe df a0 fe df a0 fe df a0 fe df a0 fe df 
03e8c0  a0 fe df a0 fe df a0 fe df a0 fe df a0 fe df a0 
03e8d0  fe df a0 fe df a0 fe df a0 fe df a0 fe df a0 fe 
03e8e0  df a0 fe df a0 fe df a0 fe df a0 fe df a0 fe df 
03e8f0  a0 fe df a0 fe df a0 fe df a0 fe df a0 fe df a0 
03e900  fe df a0 fe df a0 fe df a0 fe df a0 fe df a0 fe 
03e910  df a0 fe df a0 fe df a0 fe df a0 fe df a0 fe df 
03e920  a0 fe df a0 fe df a0 fe df a0 fe df a0 fe df a0 
03e930  fe df a0 fe df a0 fe df a0 fe df a0 fe df a0 fe 
03e940  df a0 fe df a0 fe df a0 fe df a0 fe df a0 fe df 
03e950  a0 fe df a0 fe df a0 fe df a0 fe df a0 fe df a0 
03e960  fe df a0 fe df a0 fe df a0 fe df a0 fe df a0 fe 
03e970  df a0 fe df a0 fe df a0 fe df a0 fe df a0 fe df 
03e980  a0 fe df a0 fe df a0 fe df a0 fe df a0 fe df a0 
03e990  fe df a0 fe df a0 fe df a0 fe df a0 fe df a0 fe 
03e9a0  df a0 fe df a0 fe df a0 fe df a0 fe df a0 fe df 
03e9b0  a0 fe df a0 fe df a0 fe df a0 fe df a0 fe df a0 
03e9c0  fe df a0 fe df a0 fe df a0 fe df a0 fe df a0 fe 
03e9d0  df a0 fe df a0 fe df a0 fe df a0 fe df a0 fe df 
03e9e0  a0 fe df a0 fe df a0 fe df a0 fe df a0 fe df a0 
03e9f0  fe df a0 fe df a0 fe df a0 fe df a0 fe df a0 fe 
03ea00  df a0 fe df a0 fe df a0 fe df a0 fe df a0 fe df 
03ea10  a0 fe df a0 fe df a0 fe df a0 fe df a0 fe df a0 
03ea20  fe df a0 fe df a0 fe df a0 fe df a0 fe df a0 fe 
03ea30  df a0 fe df a0 fe df a0 fe df a0 fe df a0 fe df 
03ea40  a0 fe df a0 fe df a0 fe df a0 fe df a0 fe df a0 
03ea50  fe df a0 fe df a0 fe df a0 fe df a0 fe df a0 fe 
03ea60  df a0 fe df a0 fe df a0 fe df a0 fe df a0 fe df 
03ea70  a0 fe df a0 fe df a0 fe df a0 fe df a0 fe df a0 
03ea80  fe df a0 fe df a0 fe df a0 fe df a0 fe df a0 fe 
03ea90  df a0 fe df a0 fe df a0 fe df a0 fe df a0 fe df 
03eaa0  a0 fe df a0 fe df a0 fe df a0 fe df a0 fe df a0 
03eab0  fe df a0 fe df a0 fe df a0 fe df a0 fe df a0 fe 
03eac0  df a0 fe df a0 fe df a0 fe df a0 fe df a0 fe df 
03ead0  a0 fe df a0 fe df a0 fe df a0 fe df a0 fe df a0 
03eae0  fe df a0 fe df a0 fe df a0 fe df a0 fe df a0 fe 
03eaf0  df a0 fe df a0 fe df a0 fe df a0 fe df a0 fe df 
03eb00  a0 fe df a0 fe df a0 fe df a0 fe df a0 fe df a0 
03eb10  fe df a0 fe df a0 fe df a0 fe df a0 fe df a0 fe 
03eb20  df a0 fe df a0 fe df a0 fe df a0 fe df a0 fe df 
03eb30  a0 fe df a0 fe df a0 fe df a0 fe df a0 fe df a0 
03eb40  fe df a0 fe df a0 fe df a0 fe df a0 fe df a0 fe 
03eb50  df a0 fe df a0 fe df a0 fe df a0 fe df a0 fe df 
03eb60  a0 fe df a0 fe df a0 fe df a0 fe df a0 fe df a0 
03eb70  fe df a0 fe df a0 fe df a0 fe df a0 fe df a0 fe 
03eb80  df a0 fe df a0 fe df a0 fe df a0 fe df a0 fe df 
03eb90  a0 fe df a0 fe df a0 fe df a0 fe df a0 fe df a0 
03eba0  fe df a0 fe df a0 fe df a0 fe df a0 fe df a0 fe 
03ebb0  df a0 fe df a0 fe df a0 fe df a0 fe df a0 fe df 
03ebc0  a0 fe df a0 fe df a0 fe df a0 fe df a0 fe df a0 
03ebd0  fe df a0 fe df a0 fe df a0 fe df a0 fe df a0 fe 
03ebe0  df a0 fe df a0 fe df a0 fe df a0 fe df a0 fe df 
03ebf0  a0 fe df a0 fe df a0 fe df a0 fe df a0 fe df a0 
03ec00  fe df a0 fe df a0 fe df a0 fe df a0 fe df a0 fe 
03ec10  df a0 fe df a0 fe df a0 fe df a0 fe df a0 fe df 
03ec20  a0 fe df a0 fe df a0 fe df a0 fe df a0 fe df a0 
03ec30  fe df a0 fe df a0 fe df a0 fe df a0 fe df a0 fe 
03ec40  df a0 fe df a0 fe df a0 fe df a0 fe df a0 fe df 
03ec50  a0 fe df a0 fe df a0 fe df a0 fe df a0 fe df a0 
03ec60  fe df a0 fe df a0 fe df a0 fe df a0 fe df a0 fe 
03ec70  df a0 fe df a0 fe df a0 fe df a0 fe df a0 fe df 
03ec80  a0 fe df a0 fe df a0 fe df a0 fe df a0 fe df a0 
03ec90  fe df a0 fe df a0 fe df a0 fe df a0 fe df a0 fe 
03eca0  df a0 fe df a0 fe df a0 fe df a0 fe df a0 fe df 
03ecb0  a0 fe df a0 fe df a0 fe df a0 fe df a0 fe df a0 
03ecc0  fe df a0 fe df a0 fe df a0 fe df a0 fe df a0 fe 
03ecd0  df a0 fe df a0 fe df a0 fe df a0 fe df a0 fe df 
03ece0  a0 fe df a0 fe df a0 fe df a0 fe df a0 fe df a0 
03ecf0  fe df a0 fe df a0 fe df a0 fe df a0 fe df a0 fe 
03ed00  df a0 fe df a0 fe df a0 fe df a0 fe df a0 fe df 
03ed10  a0 fe df a0 fe df a0 fe df a0 fe df a0 fe df a0 
03ed20  fe df a0 fe df a0 fe df a0 fe df a0 fe df a0 fe 
03ed30  df a0 fe df a0 fe df a0 fe df a0 fe df a0 fe df 
03ed40  a0 fe df a0 fe df a0 fe df a0 fe df a0 fe df a0 
03ed50  fe df a0 fe df a0 fe df a0 fe df a0 fe df a0 fe 
03ed60  df a0 fe df a0 fe df a0 fe df a0 fe df a0 fe df 
03ed70  a0 fe df a0 fe df a0 fe df a0 fe df a0 fe df a0 
03ed80  fe df a0 fe df a0 fe df a0 fe df a0 fe df a0 fe 
03ed90  df a0 fe df a0 fe df a0 fe df a0 fe df a0 fe df 
03eda0  a0 fe df a0 fe df a0 fe df a0 fe df a0 fe df a0 
03edb0  fe df a0 fe df a0 fe df a0 fe df a0 fe df a0 fe 
03edc0  df a0 fe df a0 fe df a0 fe df a0 fe df a0 fe df 
03edd0  a0 fe df a0 fe df a0 fe df a0 fe df a0 fe df a0 
03ede0  fe df a0 fe df a0 fe df a0 fe df a0 fe df a0 fe 
03edf0  df a0 fe df a0 fe df a0 fe df a0 fe df a0 fe df 
03ee00  a0 fe df a0 fe df a0 fe df a0 fe df a0 fe df a0 
03ee10  fe df a0 fe df a0 fe df a0 fe df a0 fe df a0 fe 
03ee20  df a0 fe df a0 fe df a0 fe df a0 fe df a0 fe df 
03ee30  a0 fe df a0 fe df a0 fe df a0 fe df a0 fe df a0 
03ee40  fe df a0 fe df a0 fe df a0 fe df a0 fe df a0 fe 
03ee50  df a0 fe df a0 fe df a0 fe df a0 fe df a0 fe df 
03ee60  a0 fe df a0 fe df a0 fe df a0 fe df a0 fe df a0 
03ee70  fe df a0 fe df a0 fe df a0 fe df a0 fe df a0 fe 
03ee80  df a0 fe df a0 fe df a0 fe df a0 fe df a0 fe df 
03ee90  a0 fe df a0 fe df a0 fe df a0 fe df a0 fe df a0 
03eea0  fe df a0 fe df a0 fe df a0 fe df a0 fe df a0 fe 
03eeb0  df a0 fe df a0 fe df a0 fe df a0 fe df a0 fe df 
03eec0  a0 fe df a0 fe df a0 fe df a0 fe df a0 fe df a0 
03eed0  fe df a0 fe df a0 fe df a0 fe df a0 fe df a0 fe 
03eee0  df a0 fe df a0 fe df a0 fe df a0 fe df a0 fe df 
03eef0  a0 fe df a0 fe df a0 fe df a0 fe df a0 fe df a0 
03ef00  fe df a0 fe df a0 fe df a0 fe df a0 fe df a0 fe 
03ef10  df a0 fe df a0 fe df a0 fe df a0 fe df a0 fe df 
03ef20  a0 fe df a0 fe df a0 fe df a0 fe df a0 fe df a0 
03ef30  fe df a0 fe df a0 fe df a0 fe df a0 fe df a0 fe 
03ef40  df a0 fe df a0 fe df a0 fe df a0 fe df a0 fe df 
03ef50  a0 fe df a0 fe df a0 fe df a0 fe df a0 fe df a0 
03ef60  fe df a0 fe df a0 fe df a0 fe df a0 fe df a0 fe 
03ef70  df a0 fe df a0 fe df a0 fe df a0 fe df a0 fe df 
03ef80  a0 fe df a0 fe df a0 fe df a0 fe df a0 fe df a0 
03ef90  fe df a0 fe df a0 fe df a0 fe df a0 fe df a0 fe 
03efa0  df a0 fe df a0 fe df a0 fe df a0 fe df a0 fe df 
03efb0  a0 fe df a0 fe df a0 fe df a0 fe df a0 fe df a0 
03efc0  fe df a0 fe df a0 fe df a0 fe df a0 fe df a0 fe 
03efd0  df a0 fe df a0 fe df a0 fe df a0 fe df a0 fe df 
03efe0  a0 fe df a0 fe df a0 fe df a0 fe df a0 fe df a0 
03eff0  fe df a0 fe df a0 fe df a0 fe df a0 fe df a0 fe 
03f000  df a0 fe df a0 fe df a0 fe df a0 fe df a0 fe df 
03f010  a0 fe df a0 fe df a0 fe df a0 fe df a0 fe df a0 
03f020  fe df a0 fe df a0 fe df a0 fe df a0 fe df a0 fe 
03f030  df a0 fe df a0 fe df a0 fe df a0 fe df a0 fe df 
03f040  a0 fe df a0 fe df a0 fe df a0 fe df a0 fe df a0 
03f050  fe df a0 fe df a0 fe df a0 fe df a0 fe df a0 fe 
03f060  df a0 fe df a0 fe df a0 fe df a0 fe df a0 fe df 
03f070  a0 fe df a0 fe df a0 fe df a0 fe df a0 fe df a0 
03f080  fe df a0 fe df a0 fe df a0 fe df a0 fe df a0 fe 
03f090  df a0 fe df a0 fe df a0 fe df a0 fe df a0 fe df 
03f0a0  a0 fe df a0 fe df a0 fe df a0 fe df a0 fe df a0 
03f0b0  fe df a0 fe df a0 fe df a0 fe df a0 fe df a0 fe 
03f0c0  df a0 fe df a0 fe df a0 fe df a0 fe df a0 fe df 
03f0d0  a0 fe df a0 fe df a0 fe df a0 fe df a0 fe df a0 
03f0e0  fe df a0 fe df a0 fe df a0 fe df a0 fe df a0 fe 
03f0f0  df a0 fe df a0 fe df a0 fe df a0 fe df a0 fe df 
03f100  a0 fe df a0 fe df a0 fe df a0 fe df a0 fe df a0 
03f110  fe df a0 fe df a0 fe df a0 fe df a0 fe df a0 fe 
03f120  df a0 fe df a0 fe df a0 fe df a0 fe df a0 fe df 
03f130  a0 fe df a0 fe df a0 fe df a0 fe df a0 fe df a0 
03f140  fe df a0 fe df a0 fe df a0 fe df a0 fe df a0 fe 
03f150  df a0 fe df a0 fe df a0 fe df a0 fe df a0 fe df 
03f160  a0 fe df a0 fe df a0 fe df a0 fe df a0 fe df a0 
03f170  fe df a0 fe df a0 fe df a0 fe df a0 fe df a0 fe 
03f180  df a0 fe df a0 fe df a0 fe df a0 fe df a0 fe df 
03f190  a0 fe df a0 fe df a0 fe df a0 fe df a0 fe df a0 
03f1a0  fe df a0 fe df a0 fe df a0 fe df a0 fe df a0 fe 
03f1b0  df a0 fe df a0 fe df a0 fe df a0 fe df a0 fe df 
03f1c0  a0 fe df a0 fe df a0 fe df a0 fe df a0 fe df a0 
03f1d0  fe df a0 fe df a0 fe df a0 fe df a0 fe df a0 fe 
03f1e0  df a0 fe df a0 fe df a0 fe df a0 fe df a0 fe df 
03f1f0  a0 fe df a0 fe df a0 fe df a0 fe df a0 fe df a0 
03f200  fe df a0 fe df a0 fe df a0 fe df a0 fe df a0 fe 
03f210  df a0 fe df a0 fe df a0 fe df a0 fe df a0 fe df 
03f220  a0 fe df a0 fe df a0 fe df a0 fe df a0 fe df a0 
03f230  fe df a0 fe df a0 fe df a0 fe df a0 fe df a0 fe 
03f240  df a0 fe df a0 fe df a0 fe df a0 fe df a0 fe df 
03f250  a0 fe df a0 fe df a0 fe df a0 fe df a0 fe df a0 
03f260  fe df a0 fe df a0 fe df a0 fe df a0 fe df a0 fe 
03f270  df a0 fe df a0 fe df a0 fe df a0 fe df a0 fe df 
03f280  a0 fe df a0 fe df a0 fe df a0 fe df a0 fe df a0 
03f290  fe df a0 fe df a0 fe df a0 fe df a0 fe df a0 fe 
03f2a0  df a0 fe df a0 fe df a0 fe df a0 fe df a0 fe df 
03f2b0  a0 fe df a0 fe df a0 fe df a0 fe df a0 fe df a0 
03f2c0  fe df a0 fe df a0 fe df a0 fe df a0 fe df a0 fe 
03f2d0  df a0 fe df a0 fe df a0 fe df a0 fe df a0 fe df 
03f2e0  a0 fe df a0 fe df a0 fe df a0 fe df a0 fe df a0 
03f2f0  fe df a0 fe df a0 fe df a0 fe df a0 fe df a0 fe 
03f300  df a0 fe df a0 fe df a0 fe df a0 fe df a0 fe df 
03f310  a0 fe df a0 fe df a0 fe df a0 fe df a0 fe df a0 
03f320  fe df a0 fe df a0 fe df a0 fe df a0 fe df a0 fe 
03f330  df a0 fe df a0 fe df a0 fe df a0 fe df a0 fe df 
03f340  a0 fe df a0 fe df a0 fe df a0 fe df a0 fe df a0 
03f350  fe df a0 fe df a0 fe df a0 fe df a0 fe df a0 fe 
03f360  df a0 fe df a0 fe df a0 fe df a0 fe df a0 fe df 
03f370  a0 fe df a0 fe df a0 fe df a0 fe df a0 fe df a0 
03f380  fe df a0 fe df a0 fe df a0 fe df a0 fe df a0 fe 
03f390  df a0 fe df a0 fe df a0 fe df a0 fe df a0 fe df 
03f3a0  a0 fe df a0 fe df a0 fe df a0 fe df a0 fe df a0 
03f3b0  fe df a0 fe df a0 fe df a0 fe df a0 fe df a0 fe 
03f3c0  df a0 fe df a0 fe df a0 fe df a0 fe df a0 fe df 
03f3d0  a0 fe df a0 fe df a0 fe df a0 fe df a0 fe df a0 
03f3e0  fe df a0 fe df a0 fe df a0 fe df a0 fe df a0 fe 
03f3f0  df a0 fe df a0 fe df a0 fe df a0 fe df a0 fe df 
03f400  a0 fe df a0 fe df a0 fe df a0 fe df a0 fe df a0 
03f410  fe df a0 fe df a0 fe df a0 fe df a0 fe df a0 fe 
03f420  df a0 fe df a0 fe df a0 fe df a0 fe df a0 fe df 
03f430  a0 fe df a0 fe df a0 fe df a0 fe df a0 fe df a0 
03f440  fe df a0 fe df a0 fe df a0 fe df a0 fe df a0 fe 
03f450  df a0 fe df a0 fe df a0 fe df a0 fe df a0 fe df 
03f460  a0 fe df a0 fe df a0 fe df a0 fe df a0 fe df a0 
03f470  fe df a0 fe df a0 fe df a0 fe df a0 fe df a0 fe 
03f480  df a0 fe df a0 fe df a0 fe df a0 fe df a0 fe df 
03f490  a0 fe df a0 fe df a0 fe df a0 fe df a0 fe df a0 
03f4a0  fe df a0 fe df a0 fe df a0 fe df a0 fe df a0 fe 
03f4b0  df a0 fe df a0 fe df a0 fe df a0 fe df a0 fe df 
03f4c0  a0 fe df a0 fe df a0 fe df a0 fe df a0 fe df a0 
03f4d0  fe df a0 fe df a0 fe df a0 fe df a0 fe df a0 fe 
03f4e0  df a0 fe df a0 fe df a0 fe df a0 fe df a0 fe df 
03f4f0  a0 fe df a0 fe df a0 fe df a0 fe df a0 fe df a0 
03f500  fe df a0 fe df a0 fe df a0 fe df a0 fe df a0 fe 
03f510  df a0 fe df a0 fe df a0 fe df a0 fe df a0 fe df 
03f520  a0 fe df a0 fe df a0 fe df a0 fe df a0 fe df a0 
03f530  fe df a0 fe df a0 fe df a0 fe df a0 fe df a0 fe 
03f540  df a0 fe df a0 fe df a0 fe df a0 fe df a0 fe df 
03f550  a0 fe df a0 fe df a0 fe df a0 fe df a0 fe df a0 
03f560  fe df a0 fe df a0 fe df a0 fe df a0 fe df a0 fe 
03f570  df a0 fe df a0 fe df a0 fe df a0 fe df a0 fe df 
03f580  a0 fe df a0 fe df a0 fe df a0 fe df a0 fe df a0 
03f590  fe df a0 fe df a0 fe df a0 fe df a0 fe df a0 fe 
03f5a0  df a0 fe df a0 fe df a0 fe df a0 fe df a0 fe df 
03f5b0  a0 fe df a0 fe df a0 fe df a0 fe df a0 fe df a0 
03f5c0  fe df a0 fe df a0 fe df a0 fe df a0 fe df a0 fe 
03f5d0  df a0 fe df a0 fe df a0 fe df a0 fe df a0 fe df 
03f5e0  a0 fe df a0 fe df a0 fe df a0 fe df a0 fe df a0 
03f5f0  fe df a0 fe df a0 fe df a0 fe df a0 fe df a0 fe 
03f600  df a0 fe df a0 fe df a0 fe df a0 fe df a0 fe df 
03f610  a0 fe df a0 fe df a0 fe df a0 fe df a0 fe df a0 
03f620  fe df a0 fe df a0 fe df a0 fe df a0 fe df a0 fe 
03f630  df a0 fe df a0 fe df a0 fe df a0 fe df a0 fe df 
03f640  a0 fe df a0 fe df a0 fe df a0 fe df a0 fe df a0 
03f650  fe df a0 fe df a0 fe df a0 fe df a0 fe df a0 fe 
03f660  df a0 fe df a0 fe df a0 fe df a0 fe df a0 fe df 
03f670  a0 fe df a0 fe df a0 fe df a0 fe df a0 fe df a0 
03f680  fe df a0 fe df a0 fe df a0 fe df a0 fe df a0 fe 
03f690  df a0 fe df a0 fe df a0 fe df a0 fe df a0 fe df 
03f6a0  a0 fe df a0 fe df a0 fe df a0 fe df a0 fe df a0 
03f6b0  fe df a0 fe df a0 fe df a0 fe df a0 fe df a0 fe 
03f6c0  df a0 fe df a0 fe df a0 fe df a0 fe df a0 fe df 
03f6d0  a0 fe df a0 fe df a0 fe df a0 fe df a0 fe df a0 
03f6e0  fe df a0 fe df a0 fe df a0 fe df a0 fe df a0 fe 
03f6f0  df a0 fe df a0 fe df a0 fe df a0 fe df a0 fe df 
03f700  a0 fe df a0 fe df a0 fe df a0 fe df a0 fe df a0 
03f710  fe df a0 fe df a0 fe df a0 fe df a0 fe df a0 fe 
03f720  df a0 fe df a0 fe df a0 fe df a0 fe df a0 fe df 
03f730  a0 fe df a0 fe df a0 fe df a0 fe df a0 fe df a0 
03f740  fe df a0 fe df a0 fe df a0 fe df a0 fe df a0 fe 
03f750  df a0 fe df a0 fe df a0 fe df a0 fe df a0 fe df 
03f760  a0 fe df a0 fe df a0 fe df a0 fe df a0 fe df a0 
03f770  fe df a0 fe df a0 fe df a0 fe df a0 fe df a0 fe 
03f780  df a0 fe df a0 fe df a0 fe df a0 fe df a0 fe df 
03f790  a0 fe df a0 fe df a0 fe df a0 fe df a0 fe df a0 
03f7a0  fe df a0 fe df a0 fe df a0 fe df a0 fe df a0 fe 
03f7b0  df a0 fe df a0 fe df a0 fe df a0 fe df a0 fe df 
03f7c0  a0 fe df a0 fe df a0 fe df a0 fe df a0 fe df a0 
03f7d0  fe df a0 fe df a0 fe df a0 fe df a0 fe df a0 fe 
03f7e0  df a0 fe df a0 fe df a0 fe df a0 fe df a0 fe df 
03f7f0  a0 fe df a0 fe df a0 fe df a0 fe df a0 fe df a0 
03f800  fe df a0 fe df a0 fe df a0 fe df a0 fe df a0 fe 
03f810  df a0 fe df a0 fe df a0 fe df a0 fe df a0 fe df 
03f820  a0 fe df a0 fe df a0 fe df a0 fe df a0 fe df a0 
03f830  fe df a0 fe df a0 fe df a0 fe df a0 fe df a0 fe 
03f840  df a0 fe df a0 fe df a0 fe df a0 fe df a0 fe df 
03f850  a0 fe df a0 fe df a0 fe df a0 fe df a0 fe df a0 
03f860  fe df a0 fe df a0 fe df a0 fe df a0 fe df a0 fe 
03f870  df a0 fe df a0 fe df a0 fe df a0 fe df a0 fe df 
03f880  a0 fe df a0 fe df a0 fe df a0 fe df a0 fe df a0 
03f890  fe df a0 fe df a0 fe df a0 fe df a0 fe df a0 fe 
03f8a0  df a0 fe df a0 fe df a0 fe df a0 fe df a0 fe df 
03f8b0  a0 fe df a0 fe df a0 fe df a0 fe df a0 fe df a0 
03f8c0  fe df a0 fe df a0 fe df a0 fe df a0 fe df a0 fe 
03f8d0  df a0 fe df a0 fe df a0 fe df a0 fe df a0 fe df 
03f8e0  a0 fe df a0 fe df a0 fe df a0 fe df a0 fe df a0 
03f8f0  fe df a0 fe df a0 fe df a0 fe df a0 fe df a0 fe 
03f900  df a0 fe df a0 fe df a0 fe df a0 fe df a0 fe df 
03f910  a0 fe df a0 fe df a0 fe df a0 fe df a0 fe df a0 
03f920  fe df a0 fe df a0 fe df a0 fe df a0 fe df a0 fe 
03f930  df a0 fe df a0 fe df a0 fe df a0 fe df a0 fe df 
03f940  a0 fe df a0 fe df a0 fe df a0 fe df a0 fe df a0 
03f950  fe df a0 fe df a0 fe df a0 fe df a0 fe df a0 fe 
03f960  df a0 fe df a0 fe df a0 fe df a0 fe df a0 fe df 
03f970  a0 fe df a0 fe df a0 fe df a0 fe df a0 fe df a0 
03f980  fe df a0 fe df a0 fe df a0 fe df a0 fe df a0 fe 
03f990  df a0 fe df a0 fe df a0 fe df a0 fe df a0 fe df 
03f9a0  a0 fe df a0 fe df a0 fe df a0 fe df a0 fe df a0 
03f9b0  fe df a0 fe df a0 fe df a0 fe df a0 fe df a0 fe 
03f9c0  df a0 fe df a0 fe df a0 fe df a0 fe df a0 fe df 
03f9d0  a0 fe df a0 fe df a0 fe df a0 fe df a0 fe df a0 
03f9e0  fe df a0 fe df a0 fe df a0 fe df a0 fe df a0 fe 
03f9f0  df a0 fe df a0 fe df a0 fe df a0 fe df a0 fe df 
03fa00  a0 fe df a0 fe df a0 fe df a0 fe df a0 fe df a0 
03fa10  fe df a0 fe df a0 fe df a0 fe df a0 fe df a0 fe 
03fa20  df a0 fe df a0 fe df a0 fe df a0 fe df a0 fe df 
03fa30  a0 fe df a0 fe df a0 fe df a0 fe df a0 fe df a0 
03fa40  fe df a0 fe df a0 fe df a0 fe df a0 fe df a0 fe 
03fa50  df a0 fe df a0 fe df a0 fe df a0 fe df a0 fe df 
03fa60  a0 fe df a0 fe df a0 fe df a0 fe df a0 fe df a0 
03fa70  fe df a0 fe df a0 fe df a0 fe df a0 fe df a0 fe 
03fa80  df a0 fe df a0 fe df a0 fe df a0 fe df a0 fe df 
03fa90  a0 fe df a0 fe df a0 fe df a0 fe df a0 fe df a0 
03faa0  fe df a0 fe df a0 fe df a0 fe df a0 fe df a0 fe 
03fab0  df a0 fe df a0 fe df a0 fe df a0 fe df a0 fe df 
03fac0  a0 fe df a0 fe df a0 fe df a0 fe df a0 fe df a0 
03fad0  fe df a0 fe df a0 fe df a0 fe df a0 fe df a0 fe 
03fae0  df a0 fe df a0 fe df a0 fe df a0 fe df a0 fe df 
03faf0  a0 fe df a0 fe df a0 fe df a0 fe df a0 fe df a0 
03fb00  fe df a0 fe df a0 fe df a0 fe df a0 fe df a0 fe 
03fb10  df a0 fe df a0 fe df a0 fe df a0 fe df a0 fe df 
03fb20  a0 fe df a0 fe df a0 fe df a0 fe df a0 fe df a0 
03fb30  fe df a0 fe df a0 fe df a0 fe df a0 fe df a0 fe 
03fb40  df a0 fe df a0 fe df a0 fe df a0 fe df a0 fe df 
03fb50  a0 fe df a0 fe df a0 fe df a0 fe df a0 fe df a0 
03fb60  fe df a0 fe df a0 fe df a0 fe df a0 fe df a0 fe 
03fb70  df a0 fe df a0 fe df a0 fe df a0 fe df a0 fe df 
03fb80  a0 fe df a0 fe df a0 fe df a0 fe df a0 fe df a0 
03fb90  fe df a0 fe df a0 fe df a0 fe df a0 fe df a0 fe 
03fba0  df a0 fe df a0 fe df a0 fe df a0 fe df a0 fe df 
03fbb0  a0 fe df a0 fe df a0 fe df a0 fe df a0 fe df a0 
03fbc0  fe df a0 fe df a0 fe df a0 fe df a0 fe df a0 fe 
03fbd0  df a0 fe df a0 fe df a0 fe df a0 fe df a0 fe df 
03fbe0  a0 fe df a0 fe df a0 fe df a0 fe df a0 fe df a0 
03fbf0  fe df a0 fe df a0 fe df a0 fe df a0 fe df a0 fe 
03fc00  df a0 fe df a0 fe df a0 fe df a0 fe df a0 fe df 
03fc10  a0 fe df a0 fe df a0 fe df a0 fe df a0 fe df a0 
03fc20  fe df a0 fe df a0 fe df a0 fe df a0 fe df a0 fe 
03fc30  df a0 fe df a0 fe df a0 fe df a0 fe df a0 fe df 
03fc40  a0 fe df a0 fe df a0 fe df a0 fe df a0 fe df a0 
03fc50  fe df a0 fe df a0 fe df a0 fe df a0 fe df a0 fe 
03fc60  df a0 fe df a0 fe df a0 fe df a0 fe df a0 fe df 
03fc70  a0 fe df a0 fe df a0 fe df a0 fe df a0 fe df a0 
03fc80  fe df a0 fe df a0 fe df a0 fe df a0 fe df a0 fe 
03fc90  df a0 fe df a0 fe df a0 fe df a0 fe df a0 fe df 
03fca0  a0 fe df a0 fe df a0 fe df a0 fe df a0 fe df a0 
03fcb0  fe df a0 fe df a0 fe df a0 fe df a0 fe df a0 fe 
03fcc0  df a0 fe df a0 fe df a0 fe df a0 fe df a0 fe df 
03fcd0  a0 fe df a0 fe df a0 fe df a0 fe df a0 fe df a0 
03fce0  fe df a0 fe df a0 fe df a0 fe df a0 fe df a0 fe 
03fcf0  df a0 fe df a0 fe df a0 fe df a0 fe df a0 fe df 
03fd00  a0 fe df a0 fe df a0 fe df a0 fe df a0 fe df a0 
03fd10  fe df a0 fe df a0 fe df a0 fe df a0 fe df a0 fe 
03fd20  df a0 fe df a0 fe df a0 fe df a0 fe df a0 fe df 
03fd30  a0 fe df a0 fe df a0 fe df a0 fe df a0 fe df a0 
03fd40  fe df a0 fe df a0 fe df a0 fe df a0 fe df a0 fe 
03fd50  df a0 fe df a0 fe df a0 fe df a0 fe df a0 fe df 
03fd60  a0 fe df a0 fe df a0 fe df a0 fe df a0 fe df a0 
03fd70  fe df a0 fe df a0 fe df a0 fe df a0 fe df a0 fe 
03fd80  df a0 fe df a0 fe df a0 fe df a0 fe df a0 fe df 
03fd90  a0 fe df a0 fe df a0 fe df a0 fe df a0 fe df a0 
03fda0  fe df a0 fe df a0 fe df a0 fe df a0 fe df a0 fe 
03fdb0  df a0 fe df a0 fe df a0 fe df a0 fe df a0 fe df 
03fdc0  a0 fe df a0 fe df a0 fe df a0 fe df a0 fe df a0 
03fdd0  fe df a0 fe df a0 fe df a0 fe df a0 fe df a0 fe 
03fde0  df a0 fe df a0 fe df a0 fe df a0 fe df a0 fe df 
03fdf0  a0 fe df a0 fe df a0 fe df a0 fe df a0 fe df a0 
03fe00  fe df a0 fe df a0 fe df a0 fe df a0 fe df a0 fe 
03fe10  df a0 fe df a0 fe df a0 fe df a0 fe df a0 fe df 
03fe20  a0 fe df a0 fe df a0 fe df a0 fe df a0 fe df a0 
03fe30  fe df a0 fe df a0 fe df a0 fe df a0 fe df a0 fe 
03fe40  df a0 fe df a0 fe df a0 fe df a0 fe df a0 fe df 
03fe50  a0 fe df a0 fe df a0 fe df a0 fe df a0 fe df a0 
03fe60  fe df a0 fe df a0 fe df a0 fe df a0 fe df a0 fe 
03fe70  df a0 fe df a0 fe df a0 fe df a0 fe df a0 fe df 
03fe80  a0 fe df a0 fe df a0 fe df a0 fe df a0 fe df a0 
03fe90  fe df a0 fe df a0 fe df a0 fe df a0 fe df a0 fe 
03fea0  df a0 fe df a0 fe df a0 fe df a0 fe df a0 fe df 
03feb0  a0 fe df a0 fe df a0 fe df a0 fe df a0 fe df a0 
03fec0  fe df a0 fe df a0 fe df a0 fe df a0 fe df a0 fe 
03fed0  df a0 fe df a0 fe df a0 fe df a0 fe df a0 fe df 
03fee0  a0 fe df a0 fe df a0 fe df a0 fe df a0 fe df a0 
03fef0  fe df a0 fe df a0 fe df a0 fe df a0 fe df a0 fe 
03ff00  df a0 fe df a0 fe df a0 fe df a0 fe df a0 fe df 
03ff10  a0 fe df a0 fe df a0 fe df a0 fe df a0 fe df a0 
03ff20  fe df a0 fe df a0 fe df a0 fe df a0 fe df a0 fe 
03ff30  df a0 fe df a0 fe df a0 fe df a0 fe df a0 fe df 
03ff40  a0 fe df a0 fe df a0 fe df a0 fe df a0 fe df a0 
03ff50  fe df a0 fe df a0 fe df a0 fe df a0 fe df a0 fe 
03ff60  df a0 fe df a0 fe df a0 fe df a0 fe df a0 fe df 
03ff70  a0 fe df a0 fe df a0 fe df a0 fe df a0 fe df a0 
03ff80  fe df a0 fe df a0 fe df a0 fe df a0 fe df a0 fe 
03ff90  df a0 fe df a0 fe df a0 fe df a0 fe df a0 fe df 
03ffa0  a0 fe df a0 fe df a0 fe df a0 fe df a0 fe df a0 
03ffb0  fe df a0 fe df a0 fe df a0 fe df a0 fe df a0 fe 
03ffc0  df a0 fe df a0 fe df a0 fe df a0 fe df a0 fe df 
03ffd0  a0 fe df a0 fe df a0 fe df a0 fe df a0 fe df a0 
03ffe0  fe df a0 fe df a0 fe df a0 fe df a0 fe df a0 fe 
03fff0  df a0 fe df a0 fe df a0 fe df a0 fe df a0 fe df 
040000  a0 fe df a0 fe df a0 fe df a0 fe df a0 fe df a0 
040010  fe df a0 fe df a0 fe df a0 fe df a0 fe df a0 fe 
040020  df a0 fe df a0 fe df a0 fe df a0 fe df a0 fe df 
040030  a0 fe df a0 fe df a0 fe df a0 fe df a0 fe df a0 
040040  fe df a0 fe df a0 fe df a0 fe df a0 fe df a0 fe 
040050  df a0 fe df a0 fe df a0 fe df a0 fe df a0 fe df 
040060  a0 fe df a0 fe df a0 fe df a0 fe df a0 fe df a0 
040070  fe df a0 fe df a0 fe df a0 fe df a0 fe df a0 fe 
040080  df a0 fe df a0 fe df a0 fe df a0 fe df a0 fe df 
040090  a0 fe df a0 fe df a0 fe df a0 fe df a0 fe df a0 
0400a0  fe df a0 fe df a0 fe df a0 fe df a0 fe df a0 fe 
0400b0  df a0 fe df a0 fe df a0 fe df a0 fe df a0 fe df 
0400c0  a0 fe df a0 fe df a0 fe df a0 fe df a0 fe df a0 
0400d0  fe df a0 fe df a0 fe df a0 fe df a0 fe df a0 fe 
0400e0  df a0 fe df a0 fe df a0 fe df a0 fe df a0 fe df 
0400f0  a0 fe df a0 fe df a0 fe df a0 fe df a0 fe df a0 
040100  fe df a0 fe df a0 fe df a0 fe df a0 fe df a0 fe 
040110  df a0 fe df a0 fe df a0 fe df a0 fe df a0 fe df 
040120  a0 fe df a0 fe df a0 fe df a0 fe df a0 fe df a0 
040130  fe df a0 fe df a0 fe df a0 fe df a0 fe df a0 fe 
040140  df a0 fe df a0 fe df a0 fe df a0 fe df a0 fe df 
040150  a0 fe df a0 fe df a0 fe df a0 fe df a0 fe df a0 
040160  fe df a0 fe df a0 fe df a0 fe df a0 fe df a0 fe 
040170  df a0 fe df a0 fe df a0 fe df a0 fe df a0 fe df 
040180  a0 fe df a0 fe df a0 fe df a0 fe df a0 fe df a0 
040190  fe df a0 fe df a0 fe df a0 fe df a0 fe df a0 fe 
0401a0  df a0 fe df a0 fe df a0 fe df a0 fe df a0 fe df 
0401b0  a0 fe df a0 fe df a0 fe df a0 fe df a0 fe df a0 
0401c0  fe df a0 fe df a0 fe df a0 fe df a0 fe df a0 fe 
0401d0  df a0 fe df a0 fe df a0 fe df a0 fe df a0 fe df 
0401e0  a0 fe df a0 fe df a0 fe df a0 fe df a0 fe df a0 
0401f0  fe df a0 fe df a0 fe df a0 fe df a0 fe df a0 fe 
040200  df a0 fe df a0 fe df a0 fe df a0 fe df a0 fe df 
040210  a0 fe df a0 fe df a0 fe df a0 fe df a0 fe df a0 
040220  fe df a0 fe df a0 fe df a0 fe df a0 fe df a0 fe 
040230  df a0 fe df a0 fe df a0 fe df a0 fe df a0 fe df 
040240  a0 fe df a0 fe df a0 fe df a0 fe df a0 fe df a0 
040250  fe df a0 fe df a0 fe df a0 fe df a0 fe df a0 fe 
040260  df a0 fe df a0 fe df a0 fe df a0 fe df a0 fe df 
040270  a0 fe df a0 fe df a0 fe df a0 fe df a0 fe df a0 
040280  fe df a0 fe df a0 fe df a0 fe df a0 fe df a0 fe 
040290  df a0 fe df a0 fe df a0 fe df a0 fe df a0 fe df 
0402a0  a0 fe df a0 fe df a0 fe df a0 fe df a0 fe df a0 
0402b0  fe df a0 fe df a0 fe df a0 fe df a0 fe df a0 fe 
0402c0  df a0 fe df a0 fe df a0 fe df a0 fe df a0 fe df 
0402d0  a0 fe df a0 fe df a0 fe df a0 fe df a0 fe df a0 
0402e0  fe df a0 fe df a0 fe df a0 fe df a0 fe df a0 fe 
0402f0  df a0 fe df a0 fe df a0 fe df a0 fe df a0 fe df 
040300  a0 fe df a0 fe df a0 fe df a0 fe df a0 fe df a0 
040310  fe df a0 fe df a0 fe df a0 fe df a0 fe df a0 fe 
040320  df a0 fe df a0 fe df a0 fe df a0 fe df a0 fe df 
040330  a0 fe df a0 fe df a0 fe df a0 fe df a0 fe df a0 
040340  fe df a0 fe df a0 fe df a0 fe df a0 fe df a0 fe 
040350  df a0 fe df a0 fe df a0 fe df a0 fe df a0 fe df 
040360  a0 fe df a0 fe df a0 fe df a0 fe df a0 fe df a0 
040370  fe df a0 fe df a0 fe df a0 fe df a0 fe df a0 fe 
040380  df a0 fe df a0 fe df a0 fe df a0 fe df a0 fe df 
040390  a0 fe df a0 fe df a0 fe df a0 fe df a0 fe df a0 
0403a0  fe df a0 fe df a0 fe df a0 fe df a0 fe df a0 fe 
0403b0  df a0 fe df a0 fe df a0 fe df a0 fe df a0 fe df 
0403c0  a0 fe df a0 fe df a0 fe df a0 fe df a0 fe df a0 
0403d0  fe df a0 fe df a0 fe df a0 fe df a0 fe df a0 fe 
0403e0  df a0 fe df a0 fe df a0 fe df a0 fe df a0 fe df 
0403f0  a0 fe df a0 fe df a0 fe df a0 fe df a0 fe df a0 
040400  fe df a0 fe df a0 fe df a0 fe df a0 fe df a0 fe 
040410  df a0 fe df a0 fe df a0 fe df a0 fe df a0 fe df 
040420  a0 fe df a0 fe df a0 fe df a0 fe df a0 fe df a0 
040430  fe df a0 fe df a0 fe df a0 fe df a0 fe df a0 fe 
040440  df a0 fe df a0 fe df a0 fe df a0 fe df a0 fe df 
040450  a0 fe df a0 fe df a0 fe df a0 fe df a0 fe df a0 
040460  fe df a0 fe df a0 fe df a0 fe df a0 fe df a0 fe 
040470  df a0 fe df a0 fe df a0 fe df a0 fe df a0 fe df 
040480  a0 fe df a0 fe df a0 fe df a0 fe df a0 fe df a0 
040490  fe df a0 fe df a0 fe df a0 fe df a0 fe df a0 fe 
0404a0  df a0 fe df a0 fe df a0 fe df a0 fe df a0 fe df 
0404b0  a0 fe df a0 fe df a0 fe df a0 fe df a0 fe df a0 
0404c0  fe df a0 fe df a0 fe df a0 fe df a0 fe df a0 fe 
0404d0  df a0 fe df a0 fe df a0 fe df a0 fe df a0 fe df 
0404e0  a0 fe df a0 fe df a0 fe df a0 fe df a0 fe df a0 
0404f0  fe df a0 fe df a0 fe df a0 fe df a0 fe df a0 fe 
040500  df a0 fe df a0 fe df a0 fe df a0 fe df a0 fe df 
040510  a0 fe df a0 fe df a0 fe df a0 fe df a0 fe df a0 
040520  fe df a0 fe df a0 fe df a0 fe df a0 fe df a0 fe 
040530  df a0 fe df a0 fe df a0 fe df a0 fe df a0 fe df 
040540  a0 fe df a0 fe df a0 fe df a0 fe df a0 fe df a0 
040550  fe df a0 fe df a0 fe df a0 fe df a0 fe df a0 fe 
040560  df a0 fe df a0 fe df a0 fe df a0 fe df a0 fe df 
040570  a0 fe df a0 fe df a0 fe df a0 fe df a0 fe df a0 
040580  fe df a0 fe df a0 fe df a0 fe df a0 fe df a0 fe 
040590  df a0 fe df a0 fe df a0 fe df a0 fe df a0 fe df 
0405a0  a0 fe df a0 fe df a0 fe df a0 fe df a0 fe df a0 
0405b0  fe df a0 fe df a0 fe df a0 fe df a0 fe df a0 fe 
0405c0  df a0 fe df a0 fe df a0 fe df a0 fe df a0 fe df 
0405d0  a0 fe df a0 fe df a0 fe df a0 fe df a0 fe df a0 
0405e0  fe df a0 fe df a0 fe df a0 fe df a0 fe df a0 fe 
0405f0  df a0 fe df a0 fe df a0 fe df a0 fe df a0 fe df 
040600  a0 fe df a0 fe df a0 fe df a0 fe df a0 fe df a0 
040610  fe df a0 fe df a0 fe df a0 fe df a0 fe df a0 fe 
040620  df a0 fe df a0 fe df a0 fe df a0 fe df a0 fe df 
040630  a0 fe df a0 fe df a0 fe df a0 fe df a0 fe df a0 
040640  fe df a0 fe df a0 fe df a0 fe df a0 fe df a0 fe 
040650  df a0 fe df a0 fe df a0 fe df a0 fe df a0 fe df 
040660  a0 fe df a0 fe df a0 fe df a0 fe df a0 fe df a0 
040670  fe df a0 fe df a0 fe df a0 fe df a0 fe df a0 fe 
040680  df a0 fe df a0 fe df a0 fe df a0 fe df a0 fe df 
040690  a0 fe df a0 fe df a0 fe df a0 fe df a0 fe df a0 
0406a0  fe df a0 fe df a0 fe df a0 fe df a0 fe df a0 fe 
0406b0  df a0 fe df a0 fe df a0 fe df a0 fe df a0 fe df 
0406c0  a0 fe df a0 fe df a0 fe df a0 fe df a0 fe df a0 
0406d0  fe df a0 fe df a0 fe df a0 fe df a0 fe df a0 fe 
0406e0  df a0 fe df a0 fe df a0 fe df a0 fe df a0 fe df 
0406f0  a0 fe df a0 fe df a0 fe df a0 fe df a0 fe df a0 
040700  fe df a0 fe df a0 fe df a0 fe df a0 fe df a0 fe 
040710  df a0 fe df a0 fe df a0 fe df a0 fe df a0 fe df 
040720  a0 fe df a0 fe df a0 fe df a0 fe df a0 fe df a0 
040730  fe df a0 fe df a0 fe df a0 fe df a0 fe df a0 fe 
040740  df a0 fe df a0 fe df a0 fe df a0 fe df a0 fe df 
040750  a0 fe df a0 fe df a0 fe df a0 fe df a0 fe df a0 
040760  fe df a0 fe df a0 fe df a0 fe df a0 fe df a0 fe 
040770  df a0 fe df a0 fe df a0 fe df a0 fe df a0 fe df 
040780  a0 fe df a0 fe df a0 fe df a0 fe df a0 fe df a0 
040790  fe df a0 fe df a0 fe df a0 fe df a0 fe df a0 fe 
0407a0  df a0 fe df a0 fe df a0 fe df a0 fe df a0 fe df 
0407b0  a0 fe df a0 fe df a0 fe df a0 fe df a0 fe df a0 
0407c0  fe df a0 fe df a0 fe df a0 fe df a0 fe df a0 fe 
0407d0  df a0 fe df a0 fe df a0 fe df a0 fe df a0 fe df 
0407e0  a0 fe df a0 fe df a0 fe df a0 fe df a0 fe df a0 
0407f0  fe df a0 fe df a0 fe df a0 fe df a0 fe df a0 fe 
040800  df a0 fe df a0 fe df a0 fe df a0 fe df a0 fe df 
040810  a0 fe df a0 fe df a0 fe df a0 fe df a0 fe df a0 
040820  fe df a0 fe df a0 fe df a0 fe df a0 fe df a0 fe 
040830  df a0 fe df a0 fe df a0 fe df a0 fe df a0 fe df 
040840  a0 fe df a0 fe df a0 fe df a0 fe df a0 fe df a0 
040850  fe df a0 fe df a0 fe df a0 fe df a0 fe df a0 fe 
040860  df a0 fe df a0 fe df a0 fe df a0 fe df a0 fe df 
040870  a0 fe df a0 fe df a0 fe df a0 fe df a0 fe df a0 
040880  fe df a0 fe df a0 fe df a0 fe df a0 fe df a0 fe 
040890  df a0 fe df a0 fe df a0 fe df a0 fe df a0 fe df 
0408a0  a0 fe df a0 fe df a0 fe df a0 fe df a0 fe df a0 
0408b0  fe df a0 fe df a0 fe df a0 fe df a0 fe df a0 fe 
0408c0  df a0 fe df a0 fe df a0 fe df a0 fe df a0 fe df 
0408d0  a0 fe df a0 fe df a0 fe df a0 fe df a0 fe df a0 
0408e0  fe df a0 fe df a0 fe df a0 fe df a0 fe df a0 fe 
0408f0  df a0 fe df a0 fe df a0 fe df a0 fe df a0 fe df 
040900  a0 fe df a0 fe df a0 fe df a0 fe df a0 fe df a0 
040910  fe df a0 fe df a0 fe df a0 fe df a0 fe df a0 fe 
040920  df a0 fe df a0 fe df a0 fe df a0 fe df a0 fe df 
040930  a0 fe df a0 fe df a0 fe df a0 fe df a0 fe df a0 
040940  fe df a0 fe df a0 fe df a0 fe df a0 fe df a0 fe 
040950  df a0 fe df a0 fe df a0 fe df a0 fe df a0 fe df 
040960  a0 fe df a0 fe df a0 fe df a0 fe df a0 fe df a0 
040970  fe df a0 fe df a0 fe df a0 fe df a0 fe df a0 fe 
040980  df a0 fe df a0 fe df a0 fe df a0 fe df a0 fe df 
040990  a0 fe df a0 fe df a0 fe df a0 fe df a0 fe df a0 
0409a0  fe df a0 fe df a0 fe df a0 fe df a0 fe df a0 fe 
0409b0  df a0 fe df a0 fe df a0 fe df a0 fe df a0 fe df 
0409c0  a0 fe df a0 fe df a0 fe df a0 fe df a0 fe df a0 
0409d0  fe df a0 fe df a0 fe df a0 fe df a0 fe df a0 fe 
0409e0  df a0 fe df a0 fe df a0 fe df a0 fe df a0 fe df 
0409f0  a0 fe df a0 fe df a0 fe df a0 fe df a0 fe df a0 
040a00  fe df a0 fe df a0 fe df a0 fe df a0 fe df a0 fe 
040a10  df a0 fe df a0 fe df a0 fe df a0 fe df a0 fe df 
040a20  a0 fe df a0 fe df a0 fe df a0 fe df a0 fe df a0 
040a30  fe df a0 fe df a0 fe df a0 fe df a0 fe df a0 fe 
040a40  df a0 fe df a0 fe df a0 fe df a0 fe df a0 fe df 
040a50  a0 fe df a0 fe df a0 fe df a0 fe df a0 fe df a0 
040a60  fe df a0 fe df a0 fe df a0 fe df a0 fe df a0 fe 
040a70  df a0 fe df a0 fe df a0 fe df a0 fe df a0 fe df 
040a80  a0 fe df a0 fe df a0 fe df a0 fe df a0 fe df a0 
040a90  fe df a0 fe df a0 fe df a0 fe df a0 fe df a0 fe 
040aa0  df a0 fe df a0 fe df a0 fe df a0 fe df a0 fe df 
040ab0  a0 fe df a0 fe df a0 fe df a0 fe df a0 fe df a0 
040ac0  fe df a0 fe df a0 fe df a0 fe df a0 fe df a0 fe 
040ad0  df a0 fe df a0 fe df a0 fe df a0 fe df a0 fe df 
040ae0  a0 fe df a0 fe df a0 fe df a0 fe df a0 fe df a0 
040af0  fe df a0 fe df a0 fe df a0 fe df a0 fe df a0 fe 
040b00  df a0 fe df a0 fe df a0 fe df a0 fe df a0 fe df 
040b10  a0 fe df a0 fe df a0 fe df a0 fe df a0 fe df a0 
040b20  fe df a0 fe df a0 fe df a0 fe df a0 fe df a0 fe 
040b30  df a0 fe df a0 fe df a0 fe df a0 fe df a0 fe df 
040b40  a0 fe df a0 fe df a0 fe df a0 fe df a0 fe df a0 
040b50  fe df a0 fe df a0 fe df a0 fe df a0 fe df a0 fe 
040b60  df a0 fe df a0 fe df a0 fe df a0 fe df a0 fe df 
040b70  a0 fe df a0 fe df a0 fe df a0 fe df a0 fe df a0 
040b80  fe df a0 fe df a0 fe df a0 fe df a0 fe df a0 fe 
040b90  df a0 fe df a0 fe df a0 fe df a0 fe df a0 fe df 
040ba0  a0 fe df a0 fe df a0 fe df a0 fe df a0 fe df a0 
040bb0  fe df a0 fe df a0 fe df a0 fe df a0 fe df a0 fe 
040bc0  df a0 fe df a0 fe df a0 fe df a0 fe df a0 fe df 
040bd0  a0 fe df a0 fe df a0 fe df a0 fe df a0 fe df a0 
040be0  fe df a0 fe df a0 fe df a0 fe df a0 fe df a0 fe 
040bf0  df a0 fe df a0 fe df a0 fe df a0 fe df a0 fe df 
040c00  a0 fe df a0 fe df a0 fe df a0 fe df a0 fe df a0 
040c10  fe df a0 fe df a0 fe df a0 fe df a0 fe df a0 fe 
040c20  df a0 fe df a0 fe df a0 fe df a0 fe df a0 fe df 
040c30  a0 fe df a0 fe df a0 fe df a0 fe df a0 fe df a0 
040c40  fe df a0 fe df a0 fe df a0 fe df a0 fe df a0 fe 
040c50  df a0 fe df a0 fe df a0 fe df a0 fe df a0 fe df 
040c60  a0 fe df a0 fe df a0 fe df a0 fe df a0 fe df a0 
040c70  fe df a0 fe df a0 fe df a0 fe df a0 fe df a0 fe 
040c80  df a0 fe df a0 fe df a0 fe df a0 fe df a0 fe df 
040c90  a0 fe df a0 fe df a0 fe df a0 fe df a0 fe df a0 
040ca0  fe df a0 fe df a0 fe df a0 fe df a0 fe df a0 fe 
040cb0  df a0 fe df a0 fe df a0 fe df a0 fe df a0 fe df 
040cc0  a0 fe df a0 fe df a0 fe df a0 fe df a0 fe df a0 
040cd0  fe df a0 fe df a0 fe df a0 fe df a0 fe df a0 fe 
040ce0  df a0 fe df a0 fe df a0 fe df a0 fe df a0 fe df 
040cf0  a0 fe df a0 fe df a0 fe df a0 fe df a0 fe df a0 
040d00  fe df a0 fe df a0 fe df a0 fe df a0 fe df a0 fe 
040d10  df a0 fe df a0 fe df a0 fe df a0 fe df a0 fe df 
040d20  a0 fe df a0 fe df a0 fe df a0 fe df a0 fe df a0 
040d30  fe df a0 fe df a0 fe df a0 fe df a0 fe df a0 fe 
040d40  df a0 fe df a0 fe df a0 fe df a0 fe df a0 fe df 
040d50  a0 fe df a0 fe df a0 fe df a0 fe df a0 fe df a0 
040d60  fe df a0 fe df a0 fe df a0 fe df a0 fe df a0 fe 
040d70  df a0 fe df a0 fe df a0 fe df a0 fe df a0 fe df 
040d80  a0 fe df a0 fe df a0 fe df a0 fe df a0 fe df a0 
040d90  fe df a0 fe df a0 fe df a0 fe df a0 fe df a0 fe 
040da0  df a0 fe df a0 fe df a0 fe df a0 fe df a0 fe df 
040db0  a0 fe df a0 fe df a0 fe df a0 fe df a0 fe df a0 
040dc0  fe df a0 fe df a0 fe df a0 fe df a0 fe df a0 fe 
040dd0  df a0 fe df a0 fe df a0 fe df a0 fe df a0 fe df 
040de0  a0 fe df a0 fe df a0 fe df a0 fe df a0 fe df a0 
040df0  fe df a0 fe df a0 fe df a0 fe df a0 fe df a0 fe 
040e00  df a0 fe df a0 fe df a0 fe df a0 fe df a0 fe df 
040e10  a0 fe df a0 fe df a0 fe df a0 fe df a0 fe df a0 
040e20  fe df a0 fe df a0 fe df a0 fe df a0 fe df a0 fe 
040e30  df a0 fe df a0 fe df a0 fe df a0 fe df a0 fe df 
040e40  a0 fe df a0 fe df a0 fe df a0 fe df a0 fe df a0 
040e50  fe df a0 fe df a0 fe df a0 fe df a0 fe df a0 fe 
040e60  df a0 fe df a0 fe df a0 fe df a0 fe df a0 fe df 
040e70  a0 fe df a0 fe df a0 fe df a0 fe df a0 fe df a0 
040e80  fe df a0 fe df a0 fe df a0 fe df a0 fe df a0 fe 
040e90  df a0 fe df a0 fe df a0 fe df a0 fe df a0 fe df 
040ea0  a0 fe df a0 fe df a0 fe df a0 fe df a0 fe df a0 
040eb0  fe df a0 fe df a0 fe df a0 fe df a0 fe df a0 fe 
040ec0  df a0 fe df a0 fe df a0 fe df a0 fe df a0 fe df 
040ed0  a0 fe df a0 fe df a0 fe df a0 fe df a0 fe df a0 
040ee0  fe df a0 fe df a0 fe df a0 fe df a0 fe df a0 fe 
040ef0  df a0 fe df a0 fe df a0 fe df a0 fe df a0 fe df 
040f00  a0 fe df a0 fe df a0 fe df a0 fe df a0 fe df a0 
040f10  fe df a0 fe df a0 fe df a0 fe df a0 fe df a0 fe 
040f20  df a0 fe df a0 fe df a0 fe df a0 fe df a0 fe df 
040f30  a0 fe df a0 fe df a0 fe df a0 fe df a0 fe df a0 
040f40  fe df a0 fe df a0 fe df a0 fe df a0 fe df a0 fe 
040f50  df a0 fe df a0 fe df a0 fe df a0 fe df a0 fe df 
040f60  a0 fe df a0 fe df a0 fe df a0 fe df a0 fe df a0 
040f70  fe df a0 fe df a0 fe df a0 fe df a0 fe df a0 fe 
040f80  df a0 fe df a0 fe df a0 fe df a0 fe df a0 fe df 
040f90  a0 fe df a0 fe df a0 fe df a0 fe df a0 fe df a0 
040fa0  fe df a0 fe df a0 fe df a0 fe df a0 fe df a0 fe 
040fb0  df a0 fe df a0 fe df a0 fe df a0 fe df a0 fe df 
040fc0  a0 fe df a0 fe df a0 fe df a0 fe df a0 fe df a0 
040fd0  fe df a0 fe df a0 fe df a0 fe df a0 fe df a0 fe 
040fe0  df a0 fe df a0 fe df a0 fe df a0 fe df a0 fe df 
040ff0  a0 fe df a0 fe df a0 fe df a0 fe df a0 fe df a0 
041000  fe df a0 fe df a0 fe df a0 fe df a0 fe df a0 fe 
041010  df a0 fe df a0 fe df a0 fe df a0 fe df a0 fe df 
041020  a0 fe df a0 fe df a0 fe df a0 fe df a0 fe df a0 
041030  fe df a0 fe df a0 fe df a0 fe df a0 fe df a0 fe 
041040  df a0 fe df a0 fe df a0 fe df a0 fe df a0 fe df 
041050  a0 fe df a0 fe df a0 fe df a0 fe df a0 fe df a0 
041060  fe df a0 fe df a0 fe df a0 fe df a0 fe df a0 fe 
041070  df a0 fe df a0 fe df a0 fe df a0 fe df a0 fe df 
041080  a0 fe df a0 fe df a0 fe df a0 fe df a0 fe df a0 
041090  fe df a0 fe df a0 fe df a0 fe df a0 fe df a0 fe 
0410a0  df a0 fe df a0 fe df a0 fe df a0 fe df a0 fe df 
0410b0  a0 fe df a0 fe df a0 fe df a0 fe df a0 fe df a0 
0410c0  fe df a0 fe df a0 fe df a0 fe df a0 fe df a0 fe 
0410d0  df a0 fe df a0 fe df a0 fe df a0 fe df a0 fe df 
0410e0  a0 fe df a0 fe df a0 fe df a0 fe df a0 fe df a0 
0410f0  fe df a0 fe df a0 fe df a0 fe df a0 fe df a0 fe 
041100  df a0 fe df a0 fe df a0 fe df a0 fe df a0 fe df 
041110  a0 fe df a0 fe df a0 fe df a0 fe df a0 fe df a0 
041120  fe df a0 fe df a0 fe df a0 fe df a0 fe df a0 fe 
041130  df a0 fe df a0 fe df a0 fe df a0 fe df a0 fe df 
041140  a0 fe df a0 fe df a0 fe df a0 fe df a0 fe df a0 
041150  fe df a0 fe df a0 fe df a0 fe df a0 fe df a0 fe 
041160  df a0 fe df a0 fe df a0 fe df a0 fe df a0 fe df 
041170  a0 fe df a0 fe df a0 fe df a0 fe df a0 fe df a0 
041180  fe df a0 fe df a0 fe df a0 fe df a0 fe df a0 fe 
041190  df a0 fe df a0 fe df a0 fe df a0 fe df a0 fe df 
0411a0  a0 fe df a0 fe df a0 fe df a0 fe df a0 fe df a0 
0411b0  fe df a0 fe df a0 fe df a0 fe df a0 fe df a0 fe 
0411c0  df a0 fe df a0 fe df a0 fe df a0 fe df a0 fe df 
0411d0  a0 fe df a0 fe df a0 fe df a0 fe df a0 fe df a0 
0411e0  fe df a0 fe df a0 fe df a0 fe df a0 fe df a0 fe 
0411f0  df a0 fe df a0 fe df a0 fe df a0 fe df a0 fe df 
041200  a0 fe df a0 fe df a0 fe df a0 fe df a0 fe df a0 
041210  fe df a0 fe df a0 fe df a0 fe df a0 fe df a0 fe 
041220  df a0 fe df a0 fe df a0 fe df a0 fe df a0 fe df 
041230  a0 fe df a0 fe df a0 fe df a0 fe df a0 fe df a0 
041240  fe df a0 fe df a0 fe df a0 fe df a0 fe df a0 fe 
041250  df a0 fe df a0 fe df a0 fe df a0 fe df a0 fe df 
041260  a0 fe df a0 fe df a0 fe df a0 fe df a0 fe df a0 
041270  fe df a0 fe df a0 fe df a0 fe df a0 fe df a0 fe 
041280  df a0 fe df a0 fe df a0 fe df a0 fe df a0 fe df 
041290  a0 fe df a0 fe df a0 fe df a0 fe df a0 fe df a0 
0412a0  fe df a0 fe df a0 fe df a0 fe df a0 fe df a0 fe 
0412b0  df a0 fe df a0 fe df a0 fe df a0 fe df a0 fe df 
0412c0  a0 fe df a0 fe df a0 fe df a0 fe df a0 fe df a0 
0412d0  fe df a0 fe df a0 fe df a0 fe df a0 fe df a0 fe 
0412e0  df a0 fe df a0 fe df a0 fe df a0 fe df a0 fe df 
0412f0  a0 fe df a0 fe df a0 fe df a0 fe df a0 fe df a0 
041300  fe df a0 fe df a0 fe df a0 fe df a0 fe df a0 fe 
041310  df a0 fe df a0 fe df a0 fe df a0 fe df a0 fe df 
041320  a0 fe df a0 fe df a0 fe df a0 fe df a0 fe df a0 
041330  fe df a0 fe df a0 fe df a0 fe df a0 fe df a0 fe 
041340  df a0 fe df a0 fe df a0 fe df a0 fe df a0 fe df 
041350  a0 fe df a0 fe df a0 fe df a0 fe df a0 fe df a0 
041360  fe df a0 fe df a0 fe df a0 fe df a0 fe df a0 fe 
041370  df a0 fe df a0 fe df a0 fe df a0 fe df a0 fe df 
041380  a0 fe df a0 fe df a0 fe df a0 fe df a0 fe df a0 
041390  fe df a0 fe df a0 fe df a0 fe df a0 fe df a0 fe 
0413a0  df a0 fe df a0 fe df a0 fe df a0 fe df a0 fe df 
0413b0  a0 fe df a0 fe df a0 fe df a0 fe df a0 fe df a0 
0413c0  fe df a0 fe df a0 fe df a0 fe df a0 fe df a0 fe 
0413d0  df a0 fe df a0 fe df a0 fe df a0 fe df a0 fe df 
0413e0  a0 fe df a0 fe df a0 fe df a0 fe df a0 fe df a0 
0413f0  fe df a0 fe df a0 fe df a0 fe df a0 fe df a0 fe 
041400  df a0 fe df a0 fe df a0 fe df a0 fe df a0 fe df 
041410  a0 fe df a0 fe df a0 fe df a0 fe df a0 fe df a0 
041420  fe df a0 fe df a0 fe df a0 fe df a0 fe df a0 fe 
041430  df a0 fe df a0 fe df a0 fe df a0 fe df a0 fe df 
041440  a0 fe df a0 fe df a0 fe df a0 fe df a0 fe df a0 
041450  fe df a0 fe df a0 fe df a0 fe df a0 fe df a0 fe 
041460  df a0 fe df a0 fe df a0 fe df a0 fe df a0 fe df 
041470  a0 fe df a0 fe df a0 fe df a0 fe df a0 fe df a0 
041480  fe df a0 fe df a0 fe df a0 fe df a0 fe df a0 fe 
041490  df a0 fe df a0 fe df a0 fe df a0 fe df a0 fe df 
0414a0  a0 fe df a0 fe df a0 fe df a0 fe df a0 fe df a0 
0414b0  fe df a0 fe df a0 fe df a0 fe df a0 fe df a0 fe 
0414c0  df a0 fe df a0 fe df a0 fe df a0 fe df a0 fe df 
0414d0  a0 fe df a0 fe df a0 fe df a0 fe df a0 fe df a0 
0414e0  fe df a0 fe df a0 fe df a0 fe df a0 fe df a0 fe 
0414f0  df a0 fe df a0 fe df a0 fe df a0 fe df a0 fe df 
041500  a0 fe df a0 fe df a0 fe df a0 fe df a0 fe df a0 
041510  fe df a0 fe df a0 fe df a0 fe df a0 fe df a0 fe 
041520  df a0 fe df a0 fe df a0 fe df a0 fe df a0 fe df 
041530  a0 fe df a0 fe df a0 fe df a0 fe df a0 fe df a0 
041540  fe df a0 fe df a0 fe df a0 fe df a0 fe df a0 fe 
041550  df a0 fe df a0 fe df a0 fe df a0 fe df a0 fe df 
041560  a0 fe df a0 fe df a0 fe df a0 fe df a0 fe df a0 
041570  fe df a0 fe df a0 fe df a0 fe df a0 fe df a0 fe 
041580  df a0 fe df a0 fe df a0 fe df a0 fe df a0 fe df 
041590  a0 fe df a0 fe df a0 fe df a0 fe df a0 fe df a0 
0415a0  fe df a0 fe df a0 fe df a0 fe df a0 fe df a0 fe 
0415b0  df a0 fe df a0 fe df a0 fe df a0 fe df a0 fe df 
0415c0  a0 fe df a0 fe df a0 fe df a0 fe df a0 fe df a0 
0415d0  fe df a0 fe df a0 fe df a0 fe df a0 fe df a0 fe 
0415e0  df a0 fe df a0 fe df a0 fe df a0 fe df a0 fe df 
0415f0  a0 fe df a0 fe df a0 fe df a0 fe df a0 fe df a0 
041600  fe df a0 fe df a0 fe df a0 fe df a0 fe df a0 fe 
041610  df a0 fe df a0 fe df a0 fe df a0 fe df a0 fe df 
041620  a0 fe df a0 fe df a0 fe df a0 fe df a0 fe df a0 
041630  fe df a0 fe df a0 fe df a0 fe df a0 fe df a0 fe 
041640  df a0 fe df a0 fe df a0 fe df a0 fe df a0 fe df 
041650  a0 fe df a0 fe df a0 fe df a0 fe df a0 fe df a0 
041660  fe df a0 fe df a0 fe df a0 fe df a0 fe df a0 fe 
041670  df a0 fe df a0 fe df a0 fe df a0 fe df a0 fe df 
041680  a0 fe df a0 fe df a0 fe df a0 fe df a0 fe df a0 
041690  fe df a0 fe df a0 fe df a0 fe df a0 fe df a0 fe 
0416a0  df a0 fe df a0 fe df a0 fe df a0 fe df a0 fe df 
0416b0  a0 fe df a0 fe df a0 fe df a0 fe df a0 fe df a0 
0416c0  fe df a0 fe df a0 fe df a0 fe df a0 fe df a0 fe 
0416d0  df a0 fe df a0 fe df a0 fe df a0 fe df a0 fe df 
0416e0  a0 fe df a0 fe df a0 fe df a0 fe df a0 fe df a0 
0416f0  fe df a0 fe df a0 fe df a0 fe df a0 fe df a0 fe 
041700  df a0 fe df a0 fe df a0 fe df a0 fe df a0 fe df 
041710  a0 fe df a0 fe df a0 fe df a0 fe df a0 fe df a0 
041720  fe df a0 fe df a0 fe df a0 fe df a0 fe df a0 fe 
041730  df a0 fe df a0 fe df a0 fe df a0 fe df a0 fe df 
041740  a0 fe df a0 fe df a0 fe df a0 fe df a0 fe df a0 
041750  fe df a0 fe df a0 fe df a0 fe df a0 fe df a0 fe 
041760  df a0 fe df a0 fe df a0 fe df a0 fe df a0 fe df 
041770  a0 fe df a0 fe df a0 fe df a0 fe df a0 fe df a0 
041780  fe df a0 fe df a0 fe df a0 fe df a0 fe df a0 fe 
041790  df a0 fe df a0 fe df a0 fe df a0 fe df a0 fe df 
0417a0  a0 fe df a0 fe df a0 fe df a0 fe df a0 fe df a0 
0417b0  fe df a0 fe df a0 fe df a0 fe df a0 fe df a0 fe 
0417c0  df a0 fe df a0 fe df a0 fe df a0 fe df a0 fe df 
0417d0  a0 fe df a0 fe df a0 fe df a0 fe df a0 fe df a0 
0417e0  fe df a0 fe df a0 fe df a0 fe df a0 fe df a0 fe 
0417f0  df a0 fe df a0 fe df a0 fe df a0 fe df a0 fe df 
041800  a0 fe df a0 fe df a0 fe df a0 fe df a0 fe df a0 
041810  fe df a0 fe df a0 fe df a0 fe df a0 fe df a0 fe 
041820  df a0 fe df a0 fe df a0 fe df a0 fe df a0 fe df 
041830  a0 fe df a0 fe df a0 fe df a0 fe df a0 fe df a0 
041840  fe df a0 fe df a0 fe df a0 fe df a0 fe df a0 fe 
041850  df a0 fe df a0 fe df a0 fe df a0 fe df a0 fe df 
041860  a0 fe df a0 fe df a0 fe df a0 fe df a0 fe df a0 
041870  fe df a0 fe df a0 fe df a0 fe df a0 fe df a0 fe 
041880  df a0 fe df a0 fe df a0 fe df a0 fe df a0 fe df 
041890  a0 fe df a0 fe df a0 fe df a0 fe df a0 fe df a0 
0418a0  fe df a0 fe df a0 fe df a0 fe df a0 fe df a0 fe 
0418b0  df a0 fe df a0 fe df a0 fe df a0 fe df a0 fe df 
0418c0  a0 fe df a0 fe df a0 fe df a0 fe df a0 fe df a0 
0418d0  fe df a0 fe df a0 fe df a0 fe df a0 fe df a0 fe 
0418e0  df a0 fe df a0 fe df a0 fe df a0 fe df a0 fe df 
0418f0  a0 fe df a0 fe df a0 fe df a0 fe df a0 fe df a0 
041900  fe df a0 fe df a0 fe df a0 fe df a0 fe df a0 fe 
041910  df a0 fe df a0 fe df a0 fe df a0 fe df a0 fe df 
041920  a0 fe df a0 fe df a0 fe df a0 fe df a0 fe df a0 
041930  fe df a0 fe df a0 fe df a0 fe df a0 fe df a0 fe 
041940  df a0 fe df a0 fe df a0 fe df a0 fe df a0 fe df 
041950  a0 fe df a0 fe df a0 fe df a0 fe df a0 fe df a0 
041960  fe df a0 fe df a0 fe df a0 fe df a0 fe df a0 fe 
041970  df a0 fe df a0 fe df a0 fe df a0 fe df a0 fe df 
041980  a0 fe df a0 fe df a0 fe df a0 fe df a0 fe df a0 
041990  fe df a0 fe df a0 fe df a0 fe df a0 fe df a0 fe 
0419a0  df a0 fe df a0 fe df a0 fe df a0 fe df a0 fe df 
0419b0  a0 fe df a0 fe df a0 fe df a0 fe df a0 fe df a0 
0419c0  fe df a0 fe df a0 fe df a0 fe df a0 fe df a0 fe 
0419d0  df a0 fe df a0 fe df a0 fe df a0 fe df a0 fe df 
0419e0  a0 fe df a0 fe df a0 fe df a0 fe df a0 fe df a0 
0419f0  fe df a0 fe df a0 fe df a0 fe df a0 fe df a0 fe 
041a00  df a0 fe df a0 fe df a0 fe df a0 fe df a0 fe df 
041a10  a0 fe df a0 fe df a0 fe df a0 fe df a0 fe df a0 
041a20  fe df a0 fe df a0 fe df a0 fe df a0 fe df a0 fe 
041a30  df a0 fe df a0 fe df a0 fe df a0 fe df a0 fe df 
041a40  a0 fe df a0 fe df a0 fe df a0 fe df a0 fe df a0 
041a50  fe df a0 fe df a0 fe df a0 fe df a0 fe df a0 fe 
041a60  df a0 fe df a0 fe df a0 fe df a0 fe df a0 fe df 
041a70  a0 fe df a0 fe df a0 fe df a0 fe df a0 fe df a0 
041a80  fe df a0 fe df a0 fe df a0 fe df a0 fe df a0 fe 
041a90  df a0 fe df a0 fe df a0 fe df a0 fe df a0 fe df 
041aa0  a0 fe df a0 fe df a0 fe df a0 fe df a0 fe df a0 
041ab0  fe df a0 fe df a0 fe df a0 fe df a0 fe df a0 fe 
041ac0  df a0 fe df a0 fe df a0 fe df a0 fe df a0 fe df 
041ad0  a0 fe df a0 fe df a0 fe df a0 fe df a0 fe df a0 
041ae0  fe df a0 fe df a0 fe df a0 fe df a0 fe df a0 fe 
041af0  df a0 fe df a0 fe df a0 fe df a0 fe df a0 fe df 
041b00  a0 fe df a0 fe df a0 fe df a0 fe df a0 fe df a0 
041b10  fe df a0 fe df a0 fe df a0 fe df a0 fe df a0 fe 
041b20  df a0 fe df a0 fe df a0 fe df a0 fe df a0 fe df 
041b30  a0 fe df a0 fe df a0 fe df a0 fe df a0 fe df a0 
041b40  fe df a0 fe df a0 fe df a0 fe df a0 fe df a0 fe 
041b50  df a0 fe df a0 fe df a0 fe df a0 fe df a0 fe df 
041b60  a0 fe df a0 fe df a0 fe df a0 fe df a0 fe df a0 
041b70  fe df a0 fe df a0 fe df a0 fe df a0 fe df a0 fe 
041b80  df a0 fe df a0 fe df a0 fe df a0 fe df a0 fe df 
041b90  a0 fe df a0 fe df a0 fe df a0 fe df a0 fe df a0 
041ba0  fe df a0 fe df a0 fe df a0 fe df a0 fe df a0 fe 
041bb0  df a0 fe df a0 fe df a0 fe df a0 fe df a0 fe df 
041bc0  a0 fe df a0 fe df a0 fe df a0 fe df a0 fe df a0 
041bd0  fe df a0 fe df a0 fe df a0 fe df a0 fe df a0 fe 
041be0  df a0 fe df a0 fe df a0 fe df a0 fe df a0 fe df 
041bf0  a0 fe df a0 fe df a0 fe df a0 fe df a0 fe df a0 
041c00  fe df a0 fe df a0 fe df a0 fe df a0 fe df a0 fe 
041c10  df a0 fe df a0 fe df a0 fe df a0 fe df a0 fe df 
041c20  a0 fe df a0 fe df a0 fe df a0 fe df a0 fe df a0 
041c30  fe df a0 fe df a0 fe df a0 fe df a0 fe df a0 fe 
041c40  df a0 fe df a0 fe df a0 fe df a0 fe df a0 fe df 
041c50  a0 fe df a0 fe df a0 fe df a0 fe df a0 fe df a0 
041c60  fe df a0 fe df a0 fe df a0 fe df a0 fe df a0 fe 
041c70  df a0 fe df a0 fe df a0 fe df a0 fe df a0 fe df 
041c80  a0 fe df a0 fe df a0 fe df a0 fe df a0 fe df a0 
041c90  fe df a0 fe df a0 fe df a0 fe df a0 fe df a0 fe 
041ca0  df a0 fe df a0 fe df a0 fe df a0 fe df a0 fe df 
041cb0  a0 fe df a0 fe df a0 fe df a0 fe df a0 fe df a0 
041cc0  fe df a0 fe df a0 fe df a0 fe df a0 fe df a0 fe 
041cd0  df a0 fe df a0 fe df a0 fe df a0 fe df a0 fe df 
041ce0  a0 fe df a0 fe df a0 fe df a0 fe df a0 fe df a0 
041cf0  fe df a0 fe df a0 fe df a0 fe df a0 fe df a0 fe 
041d00  df a0 fe df a0 fe df a0 fe df a0 fe df a0 fe df 
041d10  a0 fe df a0 fe df a0 fe df a0 fe df a0 fe df a0 
041d20  fe df a0 fe df a0 fe df a0 fe df a0 fe df a0 fe 
041d30  df a0 fe df a0 fe df a0 fe df a0 fe df a0 fe df 
041d40  a0 fe df a0 fe df a0 fe df a0 fe df a0 fe df a0 
041d50  fe df a0 fe df a0 fe df a0 fe df a0 fe df a0 fe 
041d60  df a0 fe df a0 fe df a0 fe df a0 fe df a0 fe df 
041d70  a0 fe df a0 fe df a0 fe df a0 fe df a0 fe df a0 
041d80  fe df a0 fe df a0 fe df a0 fe df a0 fe df a0 fe 
041d90  df a0 fe df a0 fe df a0 fe df a0 fe df a0 fe df 
041da0  a0 fe df a0 fe df a0 fe df a0 fe df a0 fe df a0 
041db0  fe df a0 fe df a0 fe df a0 fe df a0 fe df a0 fe 
041dc0  df a0 fe df a0 fe df a0 fe df a0 fe df a0 fe df 
041dd0  a0 fe df a0 fe df a0 fe df a0 fe df a0 fe df a0 
041de0  fe df a0 fe df a0 fe df a0 fe df a0 fe df a0 fe 
041df0  df a0 fe df a0 fe df a0 fe df a0 fe df a0 fe df 
041e00  a0 fe df a0 fe df a0 fe df a0 fe df a0 fe df a0 
041e10  fe df a0 fe df a0 fe df a0 fe df a0 fe df a0 fe 
041e20  df a0 fe df a0 fe df a0 fe df a0 fe df a0 fe df 
041e30  a0 fe df a0 fe df a0 fe df a0 fe df a0 fe df a0 
041e40  fe df a0 fe df a0 fe df a0 fe df a0 fe df a0 fe 
041e50  df a0 fe df a0 fe df a0 fe df a0 fe df a0 fe df 
041e60  a0 fe df a0 fe df a0 fe df a0 fe df a0 fe df a0 
041e70  fe df a0 fe df a0 fe df a0 fe df a0 fe df a0 fe 
041e80  df a0 fe df a0 fe df a0 fe df a0 fe df a0 fe df 
041e90  a0 fe df a0 fe df a0 fe df a0 fe df a0 fe df a0 
041ea0  fe df a0 fe df a0 fe df a0 fe df a0 fe df a0 fe 
041eb0  df a0 fe df a0 fe df a0 fe df a0 fe df a0 fe df 
041ec0  a0 fe df a0 fe df a0 fe df a0 fe df a0 fe df a0 
041ed0  fe df a0 fe df a0 fe df a0 fe df a0 fe df a0 fe 
041ee0  df a0 fe df a0 fe df a0 fe df a0 fe df a0 fe df 
041ef0  a0 fe df a0 fe df a0 fe df a0 fe df a0 fe df a0 
041f00  fe df a0 fe df a0 fe df a0 fe df a0 fe df a0 fe 
041f10  df a0 fe df a0 fe df a0 fe df a0 fe df a0 fe df 
041f20  a0 fe df a0 fe df a0 fe df a0 fe df a0 fe df a0 
041f30  fe df a0 fe df a0 fe df a0 fe df a0 fe df a0 fe 
041f40  df a0 fe df a0 fe df a0 fe df a0 fe df a0 fe df 
041f50  a0 fe df a0 fe df a0 fe df a0 fe df a0 fe df a0 
041f60  fe df a0 fe df a0 fe df a0 fe df a0 fe df a0 fe 
041f70  df a0 fe df a0 fe df a0 fe df a0 fe df a0 fe df 
041f80  a0 fe df a0 fe df a0 fe df a0 fe df a0 fe df a0 
041f90  fe df a0 fe df a0 fe df a0 fe df a0 fe df a0 fe 
041fa0  df a0 fe df a0 fe df a0 fe df a0 fe df a0 fe df 
041fb0  a0 fe df a0 fe df a0 fe df a0 fe df a0 fe df a0 
041fc0  fe df a0 fe df a0 fe df a0 fe df a0 fe df a0 fe 
041fd0  df a0 fe df a0 fe df a0 fe df a0 fe df a0 fe df 
041fe0  a0 fe df a0 fe df a0 fe df a0 fe df a0 fe df a0 
041ff0  fe df a0 fe df a0 fe df a0 fe df a0 fe df a0 fe 
042000  df a0 fe df a0 fe df a0 fe df a0 fe df a0 fe df 
042010  a0 fe df a0 fe df a0 fe df a0 fe df a0 fe df a0 
042020  fe df a0 fe df a0 fe df a0 fe df a0 fe df a0 fe 
042030  df a0 fe df a0 fe df a0 fe df a0 fe df a0 fe df 
042040  a0 fe df a0 fe df a0 fe df a0 fe df a0 fe df a0 
042050  fe df a0 fe df a0 fe df a0 fe df a0 fe df a0 fe 
042060  df a0 fe df a0 fe df a0 fe df a0 fe df a0 fe df 
042070  a0 fe df a0 fe df a0 fe df a0 fe df a0 fe df a0 
042080  fe df a0 fe df a0 fe df a0 fe df a0 fe df a0 fe 
042090  df a0 fe df a0 fe df a0 fe df a0 fe df a0 fe df 
0420a0  a0 fe df a0 fe df a0 fe df a0 fe df a0 fe df a0 
0420b0  fe df a0 fe df a0 fe df a0 fe df a0 fe df a0 fe 
0420c0  df a0 fe df a0 fe df a0 fe df a0 fe df a0 fe df 
0420d0  a0 fe df a0 fe df a0 fe df a0 fe df a0 fe df a0 
0420e0  fe df a0 fe df a0 fe df a0 fe df a0 fe df a0 fe 
0420f0  df a0 fe df a0 fe df a0 fe df a0 fe df a0 fe df 
042100  a0 fe df a0 fe df a0 fe df a0 fe df a0 fe df a0 
042110  fe df a0 fe df a0 fe df a0 fe df a0 fe df a0 fe 
042120  df a0 fe df a0 fe df a0 fe df a0 fe df a0 fe df 
042130  a0 fe df a0 fe df a0 fe df a0 fe df a0 fe df a0 
042140  fe df a0 fe df a0 fe df a0 fe df a0 fe df a0 fe 
042150  df a0 fe df a0 fe df a0 fe df a0 fe df a0 fe df 
042160  a0 fe df a0 fe df a0 fe df a0 fe df a0 fe df a0 
042170  fe df a0 fe df a0 fe df a0 fe df a0 fe df a0 fe 
042180  df a0 fe df a0 fe df a0 fe df a0 fe df a0 fe df 
042190  a0 fe df a0 fe df a0 fe df a0 fe df a0 fe df a0 
0421a0  fe df a0 fe df a0 fe df a0 fe df a0 fe df a0 fe 
0421b0  df a0 fe df a0 fe df a0 fe df a0 fe df a0 fe df 
0421c0  a0 fe df a0 fe df a0 fe df a0 fe df a0 fe df a0 
0421d0  fe df a0 fe df a0 fe df a0 fe df a0 fe df a0 fe 
0421e0  df a0 fe df a0 fe df a0 fe df a0 fe df a0 fe df 
0421f0  a0 fe df a0 fe df a0 fe df a0 fe df a0 fe df a0 
042200  fe df a0 fe df a0 fe df a0 fe df a0 fe df a0 fe 
042210  df a0 fe df a0 fe df a0 fe df a0 fe df a0 fe df 
042220  a0 fe df a0 fe df a0 fe df a0 fe df a0 fe df a0 
042230  fe df a0 fe df a0 fe df a0 fe df a0 fe df a0 fe 
042240  df a0 fe df a0 fe df a0 fe df a0 fe df a0 fe df 
042250  a0 fe df a0 fe df a0 fe df a0 fe df a0 fe df a0 
042260  fe df a0 fe df a0 fe df a0 fe df a0 fe df a0 fe 
042270  df a0 fe df a0 fe df a0 fe df a0 fe df a0 fe df 
042280  a0 fe df a0 fe df a0 fe df a0 fe df a0 fe df a0 
042290  fe df a0 fe df a0 fe df a0 fe df a0 fe df a0 fe 
0422a0  df a0 fe df a0 fe df a0 fe df a0 fe df a0 fe df 
0422b0  a0 fe df a0 fe df a0 fe df a0 fe df a0 fe df a0 
0422c0  fe df a0 fe df a0 fe df a0 fe df a0 fe df a0 fe 
0422d0  df a0 fe df a0 fe df a0 fe df a0 fe df a0 fe df 
0422e0  a0 fe df a0 fe df a0 fe df a0 fe df a0 fe df a0 
0422f0  fe df a0 fe df a0 fe df a0 fe df a0 fe df a0 fe 
042300  df a0 fe df a0 fe df a0 fe df a0 fe df a0 fe df 
042310  a0 fe df a0 fe df a0 fe df a0 fe df a0 fe df a0 
042320  fe df a0 fe df a0 fe df a0 fe df a0 fe df a0 fe 
042330  df a0 fe df a0 fe df a0 fe df a0 fe df a0 fe df 
042340  a0 fe df a0 fe df a0 fe df a0 fe df a0 fe df a0 
042350  fe df a0 fe df a0 fe df a0 fe df a0 fe df a0 fe 
042360  df a0 fe df a0 fe df a0 fe df a0 fe df a0 fe df 
042370  a0 fe df a0 fe df a0 fe df a0 fe df a0 fe df a0 
042380  fe df a0 fe df a0 fe df a0 fe df a0 fe df a0 fe 
042390  df a0 fe df a0 fe df a0 fe df a0 fe df a0 fe df 
0423a0  a0 fe df a0 fe df a0 fe df a0 fe df a0 fe df a0 
0423b0  fe df a0 fe df a0 fe df a0 fe df a0 fe df a0 fe 
0423c0  df a0 fe df a0 fe df a0 fe df a0 fe df a0 fe df 
0423d0  a0 fe df a0 fe df a0 fe df a0 fe df a0 fe df a0 
0423e0  fe df a0 fe df a0 fe df a0 fe df a0 fe df a0 fe 
0423f0  df a0 fe df a0 fe df a0 fe df a0 fe df a0 fe df 
042400  a0 fe df a0 fe df a0 fe df a0 fe df a0 fe df a0 
042410  fe df a0 fe df a0 fe df a0 fe df a0 fe df a0 fe 
042420  df a0 fe df a0 fe df a0 fe df a0 fe df a0 fe df 
042430  a0 fe df a0 fe df a0 fe df a0 fe df a0 fe df a0 
042440  fe df a0 fe df a0 fe df a0 fe df a0 fe df a0 fe 
042450  df a0 fe df a0 fe df a0 fe df a0 fe df a0 fe df 
042460  a0 fe df a0 fe df a0 fe df a0 fe df a0 fe df a0 
042470  fe df a0 fe df a0 fe df a0 fe df a0 fe df a0 fe 
042480  df a0 fe df a0 fe df a0 fe df a0 fe df a0 fe df 
042490  a0 fe df a0 fe df a0 fe df a0 fe df a0 fe df a0 
0424a0  fe df a0 fe df a0 fe df a0 fe df a0 fe df a0 fe 
0424b0  df a0 fe df a0 fe df a0 fe df a0 fe df a0 fe df 
0424c0  a0 fe df a0 fe df a0 fe df a0 fe df a0 fe df a0 
0424d0  fe df a0 fe df a0 fe df a0 fe df a0 fe df a0 fe 
0424e0  df a0 fe df a0 fe df a0 fe df a0 fe df a0 fe df 
0424f0  a0 fe df a0 fe df a0 fe df a0 fe df a0 fe df a0 
042500  fe df a0 fe df a0 fe df a0 fe df a0 fe df a0 fe 
042510  df a0 fe df a0 fe df a0 fe df a0 fe df a0 fe df 
042520  a0 fe df a0 fe df a0 fe df a0 fe df a0 fe df a0 
042530  fe df a0 fe df a0 fe df a0 fe df a0 fe df a0 fe 
042540  df a0 fe df a0 fe df a0 fe df a0 fe df a0 fe df 
042550  a0 fe df a0 fe df a0 fe df a0 fe df a0 fe df a0 
042560  fe df a0 fe df a0 fe df a0 fe df a0 fe df a0 fe 
042570  df a0 fe df a0 fe df a0 fe df a0 fe df a0 fe df 
042580  a0 fe df a0 fe df a0 fe df a0 fe df a0 fe df a0 
042590  fe df a0 fe df a0 fe df a0 fe df a0 fe df a0 fe 
0425a0  df a0 fe df a0 fe df a0 fe df a0 fe df a0 fe df 
0425b0  a0 fe df a0 fe df a0 fe df a0 fe df a0 fe df a0 
0425c0  fe df a0 fe df a0 fe df a0 fe df a0 fe df a0 fe 
0425d0  df a0 fe df a0 fe df a0 fe df a0 fe df a0 fe df 
0425e0  a0 fe df a0 fe df a0 fe df a0 fe df a0 fe df a0 
0425f0  fe df a0 fe df a0 fe df a0 fe df a0 fe df a0 fe 
042600  df a0 fe df a0 fe df a0 fe df a0 fe df a0 fe df 
042610  a0 fe df a0 fe df a0 fe df a0 fe df a0 fe df a0 
042620  fe df a0 fe df a0 fe df a0 fe df a0 fe df a0 fe 
042630  df a0 fe df a0 fe df a0 fe df a0 fe df a0 fe df 
042640  a0 fe df a0 fe df a0 fe df a0 fe df a0 fe df a0 
042650  fe df a0 fe df a0 fe df a0 fe df a0 fe df a0 fe 
042660  df a0 fe df a0 fe df a0 fe df a0 fe df a0 fe df 
042670  a0 fe df a0 fe df a0 fe df a0 fe df a0 fe df a0 
042680  fe df a0 fe df a0 fe df a0 fe df a0 fe df a0 fe 
042690  df a0 fe df a0 fe df a0 fe df a0 fe df a0 fe df 
0426a0  a0 fe df a0 fe df a0 fe df a0 fe df a0 fe df a0 
0426b0  fe df a0 fe df a0 fe df a0 fe df a0 fe df a0 fe 
0426c0  df a0 fe df a0 fe df a0 fe df a0 fe df a0 fe df 
0426d0  a0 fe df a0 fe df a0 fe df a0 fe df a0 fe df a0 
0426e0  fe df a0 fe df a0 fe df a0 fe df a0 fe df a0 fe 
0426f0  df a0 fe df a0 fe df a0 fe df a0 fe df a0 fe df 
042700  a0 fe df a0 fe df a0 fe df a0 fe df a0 fe df a0 
042710  fe df a0 fe df a0 fe df a0 fe df a0 fe df a0 fe 
042720  df a0 fe df a0 fe df a0 fe df a0 fe df a0 fe df 
042730  a0 fe df a0 fe df a0 fe df a0 fe df a0 fe df a0 
042740  fe df a0 fe df a0 fe df a0 fe df a0 fe df a0 fe 
042750  df a0 fe df a0 fe df a0 fe df a0 fe df a0 fe df 
042760  a0 fe df a0 fe df a0 fe df a0 fe df a0 fe df a0 
042770  fe df a0 fe df a0 fe df a0 fe df a0 fe df a0 fe 
042780  df a0 fe df a0 fe df a0 fe df a0 fe df a0 fe df 
042790  a0 fe df a0 fe df a0 fe df a0 fe df a0 fe df a0 
0427a0  fe df a0 fe df a0 fe df a0 fe df a0 fe df a0 fe 
0427b0  df a0 fe df a0 fe df a0 fe df a0 fe df a0 fe df 
0427c0  a0 fe df a0 fe df a0 fe df a0 fe df a0 fe df a0 
0427d0  fe df a0 fe df a0 fe df a0 fe df a0 fe df a0 fe 
0427e0  df a0 fe df a0 fe df a0 fe df a0 fe df a0 fe df 
0427f0  a0 fe df a0 fe df a0 fe df a0 fe df a0 fe df a0 
042800  fe df a0 fe df a0 fe df a0 fe df a0 fe df a0 fe 
042810  df a0 fe df a0 fe df a0 fe df a0 fe df a0 fe df 
042820  a0 fe df a0 fe df a0 fe df a0 fe df a0 fe df a0 
042830  fe df a0 fe df a0 fe df a0 fe df a0 fe df a0 fe 
042840  df a0 fe df a0 fe df a0 fe df a0 fe df a0 fe df 
042850  a0 fe df a0 fe df a0 fe df a0 fe df a0 fe df a0 
042860  fe df a0 fe df a0 fe df a0 fe df a0 fe df a0 fe 
042870  df a0 fe df a0 fe df a0 fe df a0 fe df a0 fe df 
042880  a0 fe df a0 fe df a0 fe df a0 fe df a0 fe df a0 
042890  fe df a0 fe df a0 fe df a0 fe df a0 fe df a0 fe 
0428a0  df a0 fe df a0 fe df a0 fe df a0 fe df a0 fe df 
0428b0  a0 fe df a0 fe df a0 fe df a0 fe df a0 fe df a0 
0428c0  fe df a0 fe df a0 fe df a0 fe df a0 fe df a0 fe 
0428d0  df a0 fe df a0 fe df a0 fe df a0 fe df a0 fe df 
0428e0  a0 fe df a0 fe df a0 fe df a0 fe df a0 fe df a0 
0428f0  fe df a0 fe df a0 fe df a0 fe df a0 fe df a0 fe 
042900  df a0 fe df a0 fe df a0 fe df a0 fe df a0 fe df 
042910  a0 fe df a0 fe df a0 fe df a0 fe df a0 fe df a0 
042920  fe df a0 fe df a0 fe df a0 fe df a0 fe df a0 fe 
042930  df a0 fe df a0 fe df a0 fe df a0 fe df a0 fe df 
042940  a0 fe df a0 fe df a0 fe df a0 fe df a0 fe df a0 
042950  fe df a0 fe df a0 fe df a0 fe df a0 fe df a0 fe 
042960  df a0 fe df a0 fe df a0 fe df a0 fe df a0 fe df 
042970  a0 fe df a0 fe df a0 fe df a0 fe df a0 fe df a0 
042980  fe df a0 fe df a0 fe df a0 fe df a0 fe df a0 fe 
042990  df a0 fe df a0 fe df a0 fe df a0 fe df a0 fe df 
0429a0  a0 fe df a0 fe df a0 fe df a0 fe df a0 fe df a0 
0429b0  fe df a0 fe df a0 fe df a0 fe df a0 fe df a0 fe 
0429c0  df a0 fe df a0 fe df a0 fe df a0 fe df a0 fe df 
0429d0  a0 fe df a0 fe df a0 fe df a0 fe df a0 fe df a0 
0429e0  fe df a0 fe df a0 fe df a0 fe df a0 fe df a0 fe 
0429f0  df a0 fe df a0 fe df a0 fe df a0 fe df a0 fe df 
042a00  a0 fe df a0 fe df a0 fe df a0 fe df a0 fe df a0 
042a10  fe df a0 fe df a0 fe df a0 fe df a0 fe df a0 fe 
042a20  df a0 fe df a0 fe df a0 fe df a0 fe df a0 fe df 
042a30  a0 fe df a0 fe df a0 fe df a0 fe df a0 fe df a0 
042a40  fe df a0 fe df a0 fe df a0 fe df a0 fe df a0 fe 
042a50  df a0 fe df a0 fe df a0 fe df a0 fe df a0 fe df 
042a60  a0 fe df a0 fe df a0 fe df a0 fe df a0 fe df a0 
042a70  fe df a0 fe df a0 fe df a0 fe df a0 fe df a0 fe 
042a80  df a0 fe df a0 fe df a0 fe df a0 fe df a0 fe df 
042a90  a0 fe df a0 fe df a0 fe df a0 fe df a0 fe df a0 
042aa0  fe df a0 fe df a0 fe df a0 fe df a0 fe df a0 fe 
042ab0  df a0 fe df a0 fe df a0 fe df a0 fe df a0 fe df 
042ac0  a0 fe df a0 fe df a0 fe df a0 fe df a0 fe df a0 
042ad0  fe df a0 fe df a0 fe df a0 fe df a0 fe df a0 fe 
042ae0  df a0 fe df a0 fe df a0 fe df a0 fe df a0 fe df 
042af0  a0 fe df a0 fe df a0 fe df a0 fe df a0 fe df a0 
042b00  fe df a0 fe df a0 fe df a0 fe df a0 fe df a0 fe 
042b10  df a0 fe df a0 fe df a0 fe df a0 fe df a0 fe df 
042b20  a0 fe df a0 fe df a0 fe df a0 fe df a0 fe df a0 
042b30  fe df a0 fe df a0 fe df a0 fe df a0 fe df a0 fe 
042b40  df a0 fe df a0 fe df a0 fe df a0 fe df a0 fe df 
042b50  a0 fe df a0 fe df a0 fe df a0 fe df a0 fe df a0 
042b60  fe df a0 fe df a0 fe df a0 fe df a0 fe df a0 fe 
042b70  df a0 fe df a0 fe df a0 fe df a0 fe df a0 fe df 
042b80  a0 fe df a0 fe df a0 fe df a0 fe df a0 fe df a0 
042b90  fe df a0 fe df a0 fe df a0 fe df a0 fe df a0 fe 
042ba0  df a0 fe df a0 fe df a0 fe df a0 fe df a0 fe df 
042bb0  a0 fe df a0 fe df a0 fe df a0 fe df a0 fe df a0 
042bc0  fe df a0 fe df a0 fe df a0 fe df a0 fe df a0 fe 
042bd0  df a0 fe df a0 fe df a0 fe df a0 fe df a0 fe df 
042be0  a0 fe df a0 fe df a0 fe df a0 fe df a0 fe df a0 
042bf0  fe df a0 fe df a0 fe df a0 fe df a0 fe df a0 fe 
042c00  df a0 fe df a0 fe df a0 fe df a0 fe df a0 fe df 
042c10  a0 fe df a0 fe df a0 fe df a0 fe df a0 fe df a0 
042c20  fe df a0 fe df a0 fe df a0 fe df a0 fe df a0 fe 
042c30  df a0 fe df a0 fe df a0 fe df a0 fe df a0 fe df 
042c40  a0 fe df a0 fe df a0 fe df a0 fe df a0 fe df a0 
042c50  fe df a0 fe df a0 fe df a0 fe df a0 fe df a0 fe 
042c60  df a0 fe df a0 fe df a0 fe df a0 fe df a0 fe df 
042c70  a0 fe df a0 fe df a0 fe df a0 fe df a0 fe df a0 
042c80  fe df a0 fe df a0 fe df a0 fe df a0 fe df a0 fe 
042c90  df a0 fe df a0 fe df a0 fe df a0 fe df a0 fe df 
042ca0  a0 fe df a0 fe df a0 fe df a0 fe df a0 fe df a0 
042cb0  fe df a0 fe df a0 fe df a0 fe df a0 fe df a0 fe 
042cc0  df a0 fe df a0 fe df a0 fe df a0 fe df a0 fe df 
042cd0  a0 fe df a0 fe df a0 fe df a0 fe df a0 fe df a0 
042ce0  fe df a0 fe df a0 fe df a0 fe df a0 fe df a0 fe 
042cf0  df a0 fe df a0 fe df a0 fe df a0 fe df a0 fe df 
042d00  a0 fe df a0 fe df a0 fe df a0 fe df a0 fe df a0 
042d10  fe df a0 fe df a0 fe df a0 fe df a0 fe df a0 fe 
042d20  df a0 fe df a0 fe df a0 fe df a0 fe df a0 fe df 
042d30  a0 fe df a0 fe df a0 fe df a0 fe df a0 fe df a0 
042d40  fe df a0 fe df a0 fe df a0 fe df a0 fe df a0 fe 
042d50  df a0 fe df a0 fe df a0 fe df a0 fe df a0 fe df 
042d60  a0 fe df a0 fe df a0 fe df a0 fe df a0 fe df a0 
042d70  fe df a0 fe df a0 fe df a0 fe df a0 fe df a0 fe 
042d80  df a0 fe df a0 fe df a0 fe df a0 fe df a0 fe df 
042d90  a0 fe df a0 fe df a0 fe df a0 fe df a0 fe df a0 
042da0  fe df a0 fe df a0 fe df a0 fe df a0 fe df a0 fe 
042db0  df a0 fe df a0 fe df a0 fe df a0 fe df a0 fe df 
042dc0  a0 fe df a0 fe df a0 fe df a0 fe df a0 fe df a0 
042dd0  fe df a0 fe df a0 fe df a0 fe df a0 fe df a0 fe 
042de0  df a0 fe df a0 fe df a0 fe df a0 fe df a0 fe df 
042df0  a0 fe df a0 fe df a0 fe df a0 fe df a0 fe df a0 
042e00  fe df a0 fe df a0 fe df a0 fe df a0 fe df a0 fe 
042e10  df a0 fe df a0 fe df a0 fe df a0 fe df a0 fe df 
042e20  a0 fe df a0 fe df a0 fe df a0 fe df a0 fe df a0 
042e30  fe df a0 fe df a0 fe df a0 fe df a0 fe df a0 fe 
042e40  df a0 fe df a0 fe df a0 fe df a0 fe df a0 fe df 
042e50  a0 fe df a0 fe df a0 fe df a0 fe df a0 fe df a0 
042e60  fe df a0 fe df a0 fe df a0 fe df a0 fe df a0 fe 
042e70  df a0 fe df a0 fe df a0 fe df a0 fe df a0 fe df 
042e80  a0 fe df a0 fe df a0 fe df a0 fe df a0 fe df a0 
042e90  fe df a0 fe df a0 fe df a0 fe df a0 fe df a0 fe 
042ea0  df a0 fe df a0 fe df a0 fe df a0 fe df a0 fe df 
042eb0  a0 fe df a0 fe df a0 fe df a0 fe df a0 fe df a0 
042ec0  fe df a0 fe df a0 fe df a0 fe df a0 fe df a0 fe 
042ed0  df a0 fe df a0 fe df a0 fe df a0 fe df a0 fe df 
042ee0  a0 fe df a0 fe df a0 fe df a0 fe df a0 fe df a0 
042ef0  fe df a0 fe df a0 fe df a0 fe df a0 fe df a0 fe 
042f00  df a0 fe df a0 fe df a0 fe df a0 fe df a0 fe df 
042f10  a0 fe df a0 fe df a0 fe df a0 fe df a0 fe df a0 
042f20  fe df a0 fe df a0 fe df a0 fe df a0 fe df a0 fe 
042f30  df a0 fe df a0 fe df a0 fe df a0 fe df a0 fe df 
042f40  a0 fe df a0 fe df a0 fe df a0 fe df a0 fe df a0 
042f50  fe df a0 fe df a0 fe df a0 fe df a0 fe df a0 fe 
042f60  df a0 fe df a0 fe df a0 fe df a0 fe df a0 fe df 
042f70  a0 fe df a0 fe df a0 fe df a0 fe df a0 fe df a0 
042f80  fe df a0 fe df a0 fe df a0 fe df a0 fe df a0 fe 
042f90  df a0 fe df a0 fe df a0 fe df a0 fe df a0 fe df 
042fa0  a0 fe df a0 fe df a0 fe df a0 fe df a0 fe df a0 
042fb0  fe df a0 fe df a0 fe df a0 fe df a0 fe df a0 fe 
042fc0  df a0 fe df a0 fe df a0 fe df a0 fe df a0 fe df 
042fd0  a0 fe df a0 fe df a0 fe df a0 fe df a0 fe df a0 
042fe0  fe df a0 fe df a0 fe df a0 fe df a0 fe df a0 fe 
042ff0  df a0 fe df a0 fe df a0 fe df a0 fe df a0 fe df 
043000  a0 fe df a0 fe df a0 fe df a0 fe df a0 fe df a0 
043010  fe df a0 fe df a0 fe df a0 fe df a0 fe df a0 fe 
043020  df a0 fe df a0 fe df a0 fe df a0 fe df a0 fe df 
043030  a0 fe df a0 fe df a0 fe df a0 fe df a0 fe df a0 
043040  fe df a0 fe df a0 fe df a0 fe df a0 fe df a0 fe 
043050  df a0 fe df a0 fe df a0 fe df a0 fe df a0 fe df 
043060  a0 fe df a0 fe df a0 fe df a0 fe df a0 fe df a0 
043070  fe df a0 fe df a0 fe df a0 fe df a0 fe df a0 fe 
043080  df a0 fe df a0 fe df a0 fe df a0 fe df a0 fe df 
043090  a0 fe df a0 fe df a0 fe df a0 fe df a0 fe df a0 
0430a0  fe df a0 fe df a0 fe df a0 fe df a0 fe df a0 fe 
0430b0  df a0 fe df a0 fe df a0 fe df a0 fe df a0 fe df 
0430c0  a0 fe df a0 fe df a0 fe df a0 fe df a0 fe df a0 
0430d0  fe df a0 fe df a0 fe df a0 fe df a0 fe df a0 fe 
0430e0  df a0 fe df a0 fe df a0 fe df a0 fe df a0 fe df 
0430f0  a0 fe df a0 fe df a0 fe df a0 fe df a0 fe df a0 
043100  fe df a0 fe df a0 fe df a0 fe df a0 fe df a0 fe 
043110  df a0 fe df a0 fe df a0 fe df a0 fe df a0 fe df 
043120  a0 fe df a0 fe df a0 fe df a0 fe df a0 fe df a0 
043130  fe df a0 fe df a0 fe df a0 fe df a0 fe df a0 fe 
043140  df a0 fe df a0 fe df a0 fe df a0 fe df a0 fe df 
043150  a0 fe df a0 fe df a0 fe df a0 fe df a0 fe df a0 
043160  fe df a0 fe df a0 fe df a0 fe df a0 fe df a0 fe 
043170  df a0 fe df a0 fe df a0 fe df a0 fe df a0 fe df 
043180  a0 fe df a0 fe df a0 fe df a0 fe df a0 fe df a0 
043190  fe df a0 fe df a0 fe df a0 fe df a0 fe df a0 fe 
0431a0  df a0 fe df a0 fe df a0 fe df a0 fe df a0 fe df 
0431b0  a0 fe df a0 fe df a0 fe df a0 fe df a0 fe df a0 
0431c0  fe df a0 fe df a0 fe df a0 fe df a0 fe df a0 fe 
0431d0  df a0 fe df a0 fe df a0 fe df a0 fe df a0 fe df 
0431e0  a0 fe df a0 fe df a0 fe df a0 fe df a0 fe df a0 
0431f0  fe df a0 fe df a0 fe df a0 fe df a0 fe df a0 fe 
043200  df a0 fe df a0 fe df a0 fe df a0 fe df a0 fe df 
043210  a0 fe df a0 fe df a0 fe df a0 fe df a0 fe df a0 
043220  fe df a0 fe df a0 fe df a0 fe df a0 fe df a0 fe 
043230  df a0 fe df a0 fe df a0 fe df a0 fe df a0 fe df 
043240  a0 fe df a0 fe df a0 fe df a0 fe df a0 fe df a0 
043250  fe df a0 fe df a0 fe df a0 fe df a0 fe df a0 fe 
043260  df a0 fe df a0 fe df a0 fe df a0 fe df a0 fe df 
043270  a0 fe df a0 fe df a0 fe df a0 fe df a0 fe df a0 
043280  fe df a0 fe df a0 fe df a0 fe df a0 fe df a0 fe 
043290  df a0 fe df a0 fe df a0 fe df a0 fe df a0 fe df 
0432a0  a0 fe df a0 fe df a0 fe df a0 fe df a0 fe df a0 
0432b0  fe df a0 fe df a0 fe df a0 fe df a0 fe df a0 fe 
0432c0  df a0 fe df a0 fe df a0 fe df a0 fe df a0 fe df 
0432d0  a0 fe df a0 fe df a0 fe df a0 fe df a0 fe df a0 
0432e0  fe df a0 fe df a0 fe df a0 fe df a0 fe df a0 fe 
0432f0  df a0 fe df a0 fe df a0 fe df a0 fe df a0 fe df 
043300  a0 fe df a0 fe df a0 fe df a0 fe df a0 fe df a0 
043310  fe df a0 fe df a0 fe df a0 fe df a0 fe df a0 fe 
043320  df a0 fe df a0 fe df a0 fe df a0 fe df a0 fe df 
043330  a0 fe df a0 fe df a0 fe df a0 fe df a0 fe df a0 
043340  fe df a0 fe df a0 fe df a0 fe df a0 fe df a0 fe 
043350  df a0 fe df a0 fe df a0 fe df a0 fe df a0 fe df 
043360  a0 fe df a0 fe df a0 fe df a0 fe df a0 fe df a0 
043370  fe df a0 fe df a0 fe df a0 fe df a0 fe df a0 fe 
043380  df a0 fe df a0 fe df a0 fe df a0 fe df a0 fe df 
043390  a0 fe df a0 fe df a0 fe df a0 fe df a0 fe df a0 
0433a0  fe df a0 fe df a0 fe df a0 fe df a0 fe df a0 fe 
0433b0  df a0 fe df a0 fe df a0 fe df a0 fe df a0 fe df 
0433c0  a0 fe df a0 fe df a0 fe df a0 fe df a0 fe df a0 
0433d0  fe df a0 fe df a0 fe df a0 fe df a0 fe df a0 fe 
0433e0  df a0 fe df a0 fe df a0 fe df a0 fe df a0 fe df 
0433f0  a0 fe df a0 fe df a0 fe df a0 fe df a0 fe df a0 
043400  fe df a0 fe df a0 fe df a0 fe df a0 fe df a0 fe 
043410  df a0 fe df a0 fe df a0 fe df a0 fe df a0 fe df 
043420  a0 fe df a0 fe df a0 fe df a0 fe df a0 fe df a0 
043430  fe df a0 fe df a0 fe df a0 fe df a0 fe df a0 fe 
043440  df a0 fe df a0 fe df a0 fe df a0 fe df a0 fe df 
043450  a0 fe df a0 fe df a0 fe df a0 fe df a0 fe df a0 
043460  fe df a0 fe df a0 fe df a0 fe df a0 fe df a0 fe 
043470  df a0 fe df a0 fe df a0 fe df a0 fe df a0 fe df 
043480  a0 fe df a0 fe df a0 fe df a0 fe df a0 fe df a0 
043490  fe df a0 fe df a0 fe df a0 fe df a0 fe df a0 fe 
0434a0  df a0 fe df a0 fe df a0 fe df a0 fe df a0 fe df 
0434b0  a0 fe df a0 fe df a0 fe df a0 fe df a0 fe df a0 
0434c0  fe df a0 fe df a0 fe df a0 fe df a0 fe df a0 fe 
0434d0  df a0 fe df a0 fe df a0 fe df a0 fe df a0 fe df 
0434e0  a0 fe df a0 fe df a0 fe df a0 fe df a0 fe df a0 
0434f0  fe df a0 fe df a0 fe df a0 fe df a0 fe df a0 fe 
043500  df a0 fe df a0 fe df a0 fe df a0 fe df a0 fe df 
043510  a0 fe df a0 fe df a0 fe df a0 fe df a0 fe df a0 
043520  fe df a0 fe df a0 fe df a0 fe df a0 fe df a0 fe 
043530  df a0 fe df a0 fe df a0 fe df a0 fe df a0 fe df 
043540  a0 fe df a0 fe df a0 fe df a0 fe df a0 fe df a0 
043550  fe df a0 fe df a0 fe df a0 fe df a0 fe df a0 fe 
043560  df a0 fe df a0 fe df a0 fe df a0 fe df a0 fe df 
043570  a0 fe df a0 fe df a0 fe df a0 fe df a0 fe df a0 
043580  fe df a0 fe df a0 fe df a0 fe df a0 fe df a0 fe 
043590  df a0 fe df a0 fe df a0 fe df a0 fe df a0 fe df 
0435a0  a0 fe df a0 fe df a0 fe df a0 fe df a0 fe df a0 
0435b0  fe df a0 fe df a0 fe df a0 fe df a0 fe df a0 fe 
0435c0  df a0 fe df a0 fe df a0 fe df a0 fe df a0 fe df 
0435d0  a0 fe df a0 fe df a0 fe df a0 fe df a0 fe df a0 
0435e0  fe df a0 fe df a0 fe df a0 fe df a0 fe df a0 fe 
0435f0  df a0 fe df a0 fe df a0 fe df a0 fe df a0 fe df 
043600  a0 fe df a0 fe df a0 fe df a0 fe df a0 fe df a0 
043610  fe df a0 fe df a0 fe df a0 fe df a0 fe df a0 fe 
043620  df a0 fe df a0 fe df a0 fe df a0 fe df a0 fe df 
043630  a0 fe df a0 fe df a0 fe df a0 fe df a0 fe df a0 
043640  fe df a0 fe df a0 fe df a0 fe df a0 fe df a0 fe 
043650  df a0 fe df a0 fe df a0 fe df a0 fe df a0 fe df 
043660  a0 fe df a0 fe df a0 fe df a0 fe df a0 fe df a0 
043670  fe df a0 fe df a0 fe df a0 fe df a0 fe df a0 fe 
043680  df a0 fe df a0 fe df a0 fe df a0 fe df a0 fe df 
043690  a0 fe df a0 fe df a0 fe df a0 fe df a0 fe df a0 
0436a0  fe df a0 fe df a0 fe df a0 fe df a0 fe df a0 fe 
0436b0  df a0 fe df a0 fe df a0 fe df a0 fe df a0 fe df 
0436c0  a0 fe df a0 fe df a0 fe df a0 fe df a0 fe df a0 
0436d0  fe df a0 fe df a0 fe df a0 fe df a0 fe df a0 fe 
0436e0  df a0 fe df a0 fe df a0 fe df a0 fe df a0 fe df 
0436f0  a0 fe df a0 fe df a0 fe df a0 fe df a0 fe df a0 
043700  fe df a0 fe df a0 fe df a0 fe df a0 fe df a0 fe 
043710  df a0 fe df a0 fe df a0 fe df a0 fe df a0 fe df 
043720  a0 fe df a0 fe df a0 fe df a0 fe df a0 fe df a0 
043730  fe df a0 fe df a0 fe df a0 fe df a0 fe df a0 fe 
043740  df a0 fe df a0 fe df a0 fe df a0 fe df a0 fe df 
043750  a0 fe df a0 fe df a0 fe df a0 fe df a0 fe df a0 
043760  fe df a0 fe df a0 fe df a0 fe df a0 fe df a0 fe 
043770  df a0 fe df a0 fe df a0 fe df a0 fe df a0 fe df 
043780  a0 fe df a0 fe df a0 fe df a0 fe df a0 fe df a0 
043790  fe df a0 fe df a0 fe df a0 fe df a0 fe df a0 fe 
0437a0  df a0 fe df a0 fe df a0 fe df a0 fe df a0 fe df 
0437b0  a0 fe df a0 fe df a0 fe df a0 fe df a0 fe df a0 
0437c0  fe df a0 fe df a0 fe df a0 fe df a0 fe df a0 fe 
0437d0  df a0 fe df a0 fe df a0 fe df a0 fe df a0 fe df 
0437e0  a0 fe df a0 fe df a0 fe df a0 fe df a0 fe df a0 
0437f0  fe df a0 fe df a0 fe df a0 fe df a0 fe df a0 fe 
043800  df a0 fe df a0 fe df a0 fe df a0 fe df a0 fe df 
043810  a0 fe df a0 fe df a0 fe df a0 fe df a0 fe df a0 
043820  fe df a0 fe df a0 fe df a0 fe df a0 fe df a0 fe 
043830  df a0 fe df a0 fe df a0 fe df a0 fe df a0 fe df 
043840  a0 fe df a0 fe df a0 fe df a0 fe df a0 fe df a0 
043850  fe df a0 fe df a0 fe df a0 fe df a0 fe df a0 fe 
043860  df a0 fe df a0 fe df a0 fe df a0 fe df a0 fe df 
043870  a0 fe df a0 fe df a0 fe df a0 fe df a0 fe df a0 
043880  fe df a0 fe df a0 fe df a0 fe df a0 fe df a0 fe 
043890  df a0 fe df a0 fe df a0 fe df a0 fe df a0 fe df 
0438a0  a0 fe df a0 fe df a0 fe df a0 fe df a0 fe df a0 
0438b0  fe df a0 fe df a0 fe df a0 fe df a0 fe df a0 fe 
0438c0  df a0 fe df a0 fe df a0 fe df a0 fe df a0 fe df 
0438d0  a0 fe df a0 fe df a0 fe df a0 fe df a0 fe df a0 
0438e0  fe df a0 fe df a0 fe df a0 fe df a0 fe df a0 fe 
0438f0  df a0 fe df a0 fe df a0 fe df a0 fe df a0 fe df 
043900  a0 fe df a0 fe df a0 fe df a0 fe df a0 fe df a0 
043910  fe df a0 fe df a0 fe df a0 fe df a0 fe df a0 fe 
043920  df a0 fe df a0 fe df a0 fe df a0 fe df a0 fe df 
043930  a0 fe df a0 fe df a0 fe df a0 fe df a0 fe df a0 
043940  fe df a0 fe df a0 fe df a0 fe df a0 fe df a0 fe 
043950  df a0 fe df a0 fe df a0 fe df a0 fe df a0 fe df 
043960  a0 fe df a0 fe df a0 fe df a0 fe df a0 fe df a0 
043970  fe df a0 fe df a0 fe df a0 fe df a0 fe df a0 fe 
043980  df a0 fe df a0 fe df a0 fe df a0 fe df a0 fe df 
043990  a0 fe df a0 fe df a0 fe df a0 fe df a0 fe df a0 
0439a0  fe df a0 fe df a0 fe df a0 fe df a0 fe df a0 fe 
0439b0  df a0 fe df a0 fe df a0 fe df a0 fe df a0 fe df 
0439c0  a0 fe df a0 fe df a0 fe df a0 fe df a0 fe df a0 
0439d0  fe df a0 fe df a0 fe df a0 fe df a0 fe df a0 fe 
0439e0  df a0 fe df a0 fe df a0 fe df a0 fe df a0 fe df 
0439f0  a0 fe df a0 fe df a0 fe df a0 fe df a0 fe df a0 
043a00  fe df a0 fe df a0 fe df a0 fe df a0 fe df a0 fe 
043a10  df a0 fe df a0 fe df a0 fe df a0 fe df a0 fe df 
043a20  a0 fe df a0 fe df a0 fe df a0 fe df a0 fe df a0 
043a30  fe df a0 fe df a0 fe df a0 fe df a0 fe df a0 fe 
043a40  df a0 fe df a0 fe df a0 fe df a0 fe df a0 fe df 
043a50  a0 fe df a0 fe df a0 fe df a0 fe df a0 fe df a0 
043a60  fe df a0 fe df a0 fe df a0 fe df a0 fe df a0 fe 
043a70  df a0 fe df a0 fe df a0 fe df a0 fe df a0 fe df 
043a80  a0 fe df a0 fe df a0 fe df a0 fe df a0 fe df a0 
043a90  fe df a0 fe df a0 fe df a0 fe df a0 fe df a0 fe 
043aa0  df a0 fe df a0 fe df a0 fe df a0 fe df a0 fe df 
043ab0  a0 fe df a0 fe df a0 fe df a0 fe df a0 fe df a0 
043ac0  fe df a0 fe df a0 fe df a0 fe df a0 fe df a0 fe 
043ad0  df a0 fe df a0 fe df a0 fe df a0 fe df a0 fe df 
043ae0  a0 fe df a0 fe df a0 fe df a0 fe df a0 fe df a0 
043af0  fe df a0 fe df a0 fe df a0 fe df a0 fe df a0 fe 
043b00  df a0 fe df a0 fe df a0 fe df a0 fe df a0 fe df 
043b10  a0 fe df a0 fe df a0 fe df a0 fe df a0 fe df a0 
043b20  fe df a0 fe df a0 fe df a0 fe df a0 fe df a0 fe 
043b30  df a0 fe df a0 fe df a0 fe df a0 fe df a0 fe df 
043b40  a0 fe df a0 fe df a0 fe df a0 fe df a0 fe df a0 
043b50  fe df a0 fe df a0 fe df a0 fe df a0 fe df a0 fe 
043b60  df a0 fe df a0 fe df a0 fe df a0 fe df a0 fe df 
043b70  a0 fe df a0 fe df a0 fe df a0 fe df a0 fe df a0 
043b80  fe df a0 fe df a0 fe df a0 fe df a0 fe df a0 fe 
043b90  df a0 fe df a0 fe df a0 fe df a0 fe df a0 fe df 
043ba0  a0 fe df a0 fe df a0 fe df a0 fe df a0 fe df a0 
043bb0  fe df a0 fe df a0 fe df a0 fe df a0 fe df a0 fe 
043bc0  df a0 fe df a0 fe df a0 fe df a0 fe df a0 fe df 
043bd0  a0 fe df a0 fe df a0 fe df a0 fe df a0 fe df a0 
043be0  fe df a0 fe df a0 fe df a0 fe df a0 fe df a0 fe 
043bf0  df a0 fe df a0 fe df a0 fe df a0 fe df a0 fe df 
043c00  a0 fe df a0 fe df a0 fe df a0 fe df a0 fe df a0 
043c10  fe df a0 fe df a0 fe df a0 fe df a0 fe df a0 fe 
043c20  df a0 fe df a0 fe df a0 fe df a0 fe df a0 fe df 
043c30  a0 fe df a0 fe df a0 fe df a0 fe df a0 fe df a0 
043c40  fe df a0 fe df a0 fe df a0 fe df a0 fe df a0 fe 
043c50  df a0 fe df a0 fe df a0 fe df a0 fe df a0 fe df 
043c60  a0 fe df a0 fe df a0 fe df a0 fe df a0 fe df a0 
043c70  fe df a0 fe df a0 fe df a0 fe df a0 fe df a0 fe 
043c80  df a0 fe df a0 fe df a0 fe df a0 fe df a0 fe df 
043c90  a0 fe df a0 fe df a0 fe df a0 fe df a0 fe df a0 
043ca0  fe df a0 fe df a0 fe df a0 fe df a0 fe df a0 fe 
043cb0  df a0 fe df a0 fe df a0 fe df a0 fe df a0 fe df 
043cc0  a0 fe df a0 fe df a0 fe df a0 fe df a0 fe df a0 
043cd0  fe df a0 fe df a0 fe df a0 fe df a0 fe df a0 fe 
043ce0  df a0 fe df a0 fe df a0 fe df a0 fe df a0 fe df 
043cf0  a0 fe df a0 fe df a0 fe df a0 fe df a0 fe df a0 
043d00  fe df a0 fe df a0 fe df a0 fe df a0 fe df a0 fe 
043d10  df a0 fe df a0 fe df a0 fe df a0 fe df a0 fe df 
043d20  a0 fe df a0 fe df a0 fe df a0 fe df a0 fe df a0 
043d30  fe df a0 fe df a0 fe df a0 fe df a0 fe df a0 fe 
043d40  df a0 fe df a0 fe df a0 fe df a0 fe df a0 fe df 
043d50  a0 fe df a0 fe df a0 fe df a0 fe df a0 fe df a0 
043d60  fe df a0 fe df a0 fe df a0 fe df a0 fe df a0 fe 
043d70  df a0 fe df a0 fe df a0 fe df a0 fe df a0 fe df 
043d80  a0 fe df a0 fe df a0 fe df a0 fe df a0 fe df a0 
043d90  fe df a0 fe df a0 fe df a0 fe df a0 fe df a0 fe 
043da0  df a0 fe df a0 fe df a0 fe df a0 fe df a0 fe df 
043db0  a0 fe df a0 fe df a0 fe df a0 fe df a0 fe df a0 
043dc0  fe df a0 fe df a0 fe df a0 fe df a0 fe df a0 fe 
043dd0  df a0 fe df a0 fe df a0 fe df a0 fe df a0 fe df 
043de0  a0 fe df a0 fe df a0 fe df a0 fe df a0 fe df a0 
043df0  fe df a0 fe df a0 fe df a0 fe df a0 fe df a0 fe 
043e00  df a0 fe df a0 fe df a0 fe df a0 fe df a0 fe df 
043e10  a0 fe df a0 fe df a0 fe df a0 fe df a0 fe df a0 
043e20  fe df a0 fe df a0 fe df a0 fe df a0 fe df a0 fe 
043e30  df a0 fe df a0 fe df a0 fe df a0 fe df a0 fe df 
043e40  a0 fe df a0 fe df a0 fe df a0 fe df a0 fe df a0 
043e50  fe df a0 fe df a0 fe df a0 fe df a0 fe df a0 fe 
043e60  df a0 fe df a0 fe df a0 fe df a0 fe df a0 fe df 
043e70  a0 fe df a0 fe df a0 fe df a0 fe df a0 fe df a0 
043e80  fe df a0 fe df a0 fe df a0 fe df a0 fe df a0 fe 
043e90  df a0 fe df a0 fe df a0 fe df a0 fe df a0 fe df 
043ea0  a0 fe df a0 fe df a0 fe df a0 fe df a0 fe df a0 
043eb0  fe df a0 fe df a0 fe df a0 fe df a0 fe df a0 fe 
043ec0  df a0 fe df a0 fe df a0 fe df a0 fe df a0 fe df 
043ed0  a0 fe df a0 fe df a0 fe df a0 fe df a0 fe df a0 
043ee0  fe df a0 fe df a0 fe df a0 fe df a0 fe df a0 fe 
043ef0  df a0 fe df a0 fe df a0 fe df a0 fe df a0 fe df 
043f00  a0 fe df a0 fe df a0 fe df a0 fe df a0 fe df a0 
043f10  fe df a0 fe df a0 fe df a0 fe df a0 fe df a0 fe 
043f20  df a0 fe df a0 fe df a0 fe df a0 fe df a0 fe df 
043f30  a0 fe df a0 fe df a0 fe df a0 fe df a0 fe df a0 
043f40  fe df a0 fe df a0 fe df a0 fe df a0 fe df a0 fe 
043f50  df a0 fe df a0 fe df a0 fe df a0 fe df a0 fe df 
043f60  a0 fe df a0 fe df a0 fe df a0 fe df a0 fe df a0 
043f70  fe df a0 fe df a0 fe df a0 fe df a0 fe df a0 fe 
043f80  df a0 fe df a0 fe df a0 fe df a0 fe df a0 fe df 
043f90  a0 fe df a0 fe df a0 fe df a0 fe df a0 fe df a0 
043fa0  fe df a0 fe df a0 fe df a0 fe df a0 fe df a0 fe 
043fb0  df a0 fe df a0 fe df a0 fe df a0 fe df a0 fe df 
043fc0  a0 fe df a0 fe df a0 fe df a0 fe df a0 fe df a0 
043fd0  fe df a0 fe df a0 fe df a0 fe df a0 fe df a0 fe 
043fe0  df a0 fe df a0 fe df a0 fe df a0 fe df a0 fe df 
043ff0  a0 fe df a0 fe df a0 fe df a0 fe df a0 fe df a0 
044000  fe df a0 fe df a0 fe df a0 fe df a0 fe df a0 fe 
044010  df a0 fe df a0 fe df a0 fe df a0 fe df a0 fe df 
044020  a0 fe df a0 fe df a0 fe df a0 fe df a0 fe df a0 
044030  fe df a0 fe df a0 fe df a0 fe df a0 fe df a0 fe 
044040  df a0 fe df a0 fe df a0 fe df a0 fe df a0 fe df 
044050  a0 fe df a0 fe df a0 fe df a0 fe df a0 fe df a0 
044060  fe df a0 fe df a0 fe df a0 fe df a0 fe df a0 fe 
044070  df a0 fe df a0 fe df a0 fe df a0 fe df a0 fe df 
044080  a0 fe df a0 fe df a0 fe df a0 fe df a0 fe df a0 
044090  fe df a0 fe df a0 fe df a0 fe df a0 fe df a0 fe 
0440a0  df a0 fe df a0 fe df a0 fe df a0 fe df a0 fe df 
0440b0  a0 fe df a0 fe df a0 fe df a0 fe df a0 fe df a0 
0440c0  fe df a0 fe df a0 fe df a0 fe df a0 fe df a0 fe 
0440d0  df a0 fe df a0 fe df a0 fe df a0 fe df a0 fe df 
0440e0  a0 fe df a0 fe df a0 fe df a0 fe df a0 fe df a0 
0440f0  fe df a0 fe df a0 fe df a0 fe df a0 fe df a0 fe 
044100  df a0 fe df a0 fe df a0 fe df a0 fe df a0 fe df 
044110  a0 fe df a0 fe df a0 fe df a0 fe df a0 fe df a0 
044120  fe df a0 fe df a0 fe df a0 fe df a0 fe df a0 fe 
044130  df a0 fe df a0 fe df a0 fe df a0 fe df a0 fe df 
044140  a0 fe df a0 fe df a0 fe df a0 fe df a0 fe df a0 
044150  fe df a0 fe df a0 fe df a0 fe df a0 fe df a0 fe 
044160  df a0 fe df a0 fe df a0 fe df a0 fe df a0 fe df 
044170  a0 fe df a0 fe df a0 fe df a0 fe df a0 fe df a0 
044180  fe df a0 fe df a0 fe df a0 fe df a0 fe df a0 fe 
044190  df a0 fe df a0 fe df a0 fe df a0 fe df a0 fe df 
0441a0  a0 fe df a0 fe df a0 fe df a0 fe df a0 fe df a0 
0441b0  fe df a0 fe df a0 fe df a0 fe df a0 fe df a0 fe 
0441c0  df a0 fe df a0 fe df a0 fe df a0 fe df a0 fe df 
0441d0  a0 fe df a0 fe df a0 fe df a0 fe df a0 fe df a0 
0441e0  fe df a0 fe df a0 fe df a0 fe df a0 fe df a0 fe 
0441f0  df a0 fe df a0 fe df a0 fe df a0 fe df a0 fe df 
044200  a0 fe df a0 fe df a0 fe df a0 fe df a0 fe df a0 
044210  fe df a0 fe df a0 fe df a0 fe df a0 fe df a0 fe 
044220  df a0 fe df a0 fe df a0 fe df a0 fe df a0 fe df 
044230  a0 fe df a0 fe df a0 fe df a0 fe df a0 fe df a0 
044240  fe df a0 fe df a0 fe df a0 fe df a0 fe df a0 fe 
044250  df a0 fe df a0 fe df a0 fe df a0 fe df a0 fe df 
044260  a0 fe df a0 fe df a0 fe df a0 fe df a0 fe df a0 
044270  fe df a0 fe df a0 fe df a0 fe df a0 fe df a0 fe 
044280  df a0 fe df a0 fe df a0 fe df a0 fe df a0 fe df 
044290  a0 fe df a0 fe df a0 fe df a0 fe df a0 fe df a0 
0442a0  fe df a0 fe df a0 fe df a0 fe df a0 fe df a0 fe 
0442b0  df a0 fe df a0 fe df a0 fe df a0 fe df a0 fe df 
0442c0  a0 fe df a0 fe df a0 fe df a0 fe df a0 fe df a0 
0442d0  fe df a0 fe df a0 fe df a0 fe df a0 fe df a0 fe 
0442e0  df a0 fe df a0 fe df a0 fe df a0 fe df a0 fe df 
0442f0  a0 fe df a0 fe df a0 fe df a0 fe df a0 fe df a0 
044300  fe df a0 fe df a0 fe df a0 fe df a0 fe df a0 fe 
044310  df a0 fe df a0 fe df a0 fe df a0 fe df a0 fe df 
044320  a0 fe df a0 fe df a0 fe df a0 fe df a0 fe df a0 
044330  fe df a0 fe df a0 fe df a0 fe df a0 fe df a0 fe 
044340  df a0 fe df a0 fe df a0 fe df a0 fe df a0 fe df 
044350  a0 fe df a0 fe df a0 fe df a0 fe df a0 fe df a0 
044360  fe df a0 fe df a0 fe df a0 fe df a0 fe df a0 fe 
044370  df a0 fe df a0 fe df a0 fe df a0 fe df a0 fe df 
044380  a0 fe df a0 fe df a0 fe df a0 fe df a0 fe df a0 
044390  fe df a0 fe df a0 fe df a0 fe df a0 fe df a0 fe 
0443a0  df a0 fe df a0 fe df a0 fe df a0 fe df a0 fe df 
0443b0  a0 fe df a0 fe df a0 fe df a0 fe df a0 fe df a0 
0443c0  fe df a0 fe df a0 fe df a0 fe df a0 fe df a0 fe 
0443d0  df a0 fe df a0 fe df a0 fe df a0 fe df a0 fe df 
0443e0  a0 fe df a0 fe df a0 fe df a0 fe df a0 fe df a0 
0443f0  fe df a0 fe df a0 fe df a0 fe df a0 fe df a0 fe 
044400  df a0 fe df a0 fe df a0 fe df a0 fe df a0 fe df 
044410  a0 fe df a0 fe df a0 fe df a0 fe df a0 fe df a0 
044420  fe df a0 fe df a0 fe df a0 fe df a0 fe df a0 fe 
044430  df a0 fe df a0 fe df a0 fe df a0 fe df a0 fe df 
044440  a0 fe df a0 fe df a0 fe df a0 fe df a0 fe df a0 
044450  fe df a0 fe df a0 fe df a0 fe df a0 fe df a0 fe 
044460  df a0 fe df a0 fe df a0 fe df a0 fe df a0 fe df 
044470  a0 fe df a0 fe df a0 fe df a0 fe df a0 fe df a0 
044480  fe df a0 fe df a0 fe df a0 fe df a0 fe df a0 fe 
044490  df a0 fe df a0 fe df a0 fe df a0 fe df a0 fe df 
0444a0  a0 fe df a0 fe df a0 fe df a0 fe df a0 fe df a0 
0444b0  fe df a0 fe df a0 fe df a0 fe df a0 fe df a0 fe 
0444c0  df a0 fe df a0 fe df a0 fe df a0 fe df a0 fe df 
0444d0  a0 fe df a0 fe df a0 fe df a0 fe df a0 fe df a0 
0444e0  fe df a0 fe df a0 fe df a0 fe df a0 fe df a0 fe 
0444f0  df a0 fe df a0 fe df a0 fe df a0 fe df a0 fe df 
044500  a0 fe df a0 fe df a0 fe df a0 fe df a0 fe df a0 
044510  fe df a0 fe df a0 fe df a0 fe df a0 fe df a0 fe 
044520  df a0 fe df a0 fe df a0 fe df a0 fe df a0 fe df 
044530  a0 fe df a0 fe df a0 fe df a0 fe df a0 fe df a0 
044540  fe df a0 fe df a0 fe df a0 fe df a0 fe df a0 fe 
044550  df a0 fe df a0 fe df a0 fe df a0 fe df a0 fe df 
044560  a0 fe df a0 fe df a0 fe df a0 fe df a0 fe df a0 
044570  fe df a0 fe df a0 fe df a0 fe df a0 fe df a0 fe 
044580  df a0 fe df a0 fe df a0 fe df a0 fe df a0 fe df 
044590  a0 fe df a0 fe df a0 fe df a0 fe df a0 fe df a0 
0445a0  fe df a0 fe df a0 fe df a0 fe df a0 fe df a0 fe 
0445b0  df a0 fe df a0 fe df a0 fe df a0 fe df a0 fe df 
0445c0  a0 fe df a0 fe df a0 fe df a0 fe df a0 fe df a0 
0445d0  fe df a0 fe df a0 fe df a0 fe df a0 fe df a0 fe 
0445e0  df a0 fe df a0 fe df a0 fe df a0 fe df a0 fe df 
0445f0  a0 fe df a0 fe df a0 fe df a0 fe df a0 fe df a0 
044600  fe df a0 fe df a0 fe df a0 fe df a0 fe df a0 fe 
044610  df a0 fe df a0 fe df a0 fe df a0 fe df a0 fe df 
044620  a0 fe df a0 fe df a0 fe df a0 fe df a0 fe df a0 
044630  fe df a0 fe df a0 fe df a0 fe df a0 fe df a0 fe 
044640  df a0 fe df a0 fe df a0 fe df a0 fe df a0 fe df 
044650  a0 fe df a0 fe df a0 fe df a0 fe df a0 fe df a0 
044660  fe df a0 fe df a0 fe df a0 fe df a0 fe df a0 fe 
044670  df a0 fe df a0 fe df a0 fe df a0 fe df a0 fe df 
044680  a0 fe df a0 fe df a0 fe df a0 fe df a0 fe df a0 
044690  fe df a0 fe df a0 fe df a0 fe df a0 fe df a0 fe 
0446a0  df a0 fe df a0 fe df a0 fe df a0 fe df a0 fe df 
0446b0  a0 fe df a0 fe df a0 fe df a0 fe df a0 fe df a0 
0446c0  fe df a0 fe df a0 fe df a0 fe df a0 fe df a0 fe 
0446d0  df a0 fe df a0 fe df a0 fe df a0 fe df a0 fe df 
0446e0  a0 fe df a0 fe df a0 fe df a0 fe df a0 fe df a0 
0446f0  fe df a0 fe df a0 fe df a0 fe df a0 fe df a0 fe 
044700  df a0 fe df a0 fe df a0 fe df a0 fe df a0 fe df 
044710  a0 fe df a0 fe df a0 fe df a0 fe df a0 fe df a0 
044720  fe df a0 fe df a0 fe df a0 fe df a0 fe df a0 fe 
044730  df a0 fe df a0 fe df a0 fe df a0 fe df a0 fe df 
044740  a0 fe df a0 fe df a0 fe df a0 fe df a0 fe df a0 
044750  fe df a0 fe df a0 fe df a0 fe df a0 fe df a0 fe 
044760  df a0 fe df a0 fe df a0 fe df a0 fe df a0 fe df 
044770  a0 fe df a0 fe df a0 fe df a0 fe df a0 fe df a0 
044780  fe df a0 fe df a0 fe df a0 fe df a0 fe df a0 fe 
044790  df a0 fe df a0 fe df a0 fe df a0 fe df a0 fe df 
0447a0  a0 fe df a0 fe df a0 fe df a0 fe df a0 fe df a0 
0447b0  fe df a0 fe df a0 fe df a0 fe df a0 fe df a0 fe 
0447c0  df a0 fe df a0 fe df a0 fe df a0 fe df a0 fe df 
0447d0  a0 fe df a0 fe df a0 fe df a0 fe df a0 fe df a0 
0447e0  fe df a0 fe df a0 fe df a0 fe df a0 fe df a0 fe 
0447f0  df a0 fe df a0 fe df a0 fe df a0 fe df a0 fe df 
044800  a0 fe df a0 fe df a0 fe df a0 fe df a0 fe df a0 
044810  fe df a0 fe df a0 fe df a0 fe df a0 fe df a0 fe 
044820  df a0 fe df a0 fe df a0 fe df a0 fe df a0 fe df 
044830  a0 fe df a0 fe df a0 fe df a0 fe df a0 fe df a0 
044840  fe df a0 fe df a0 fe df a0 fe df a0 fe df a0 fe 
044850  df a0 fe df a0 fe df a0 fe df a0 fe df a0 fe df 
044860  a0 fe df a0 fe df a0 fe df a0 fe df a0 fe df a0 
044870  fe df a0 fe df a0 fe df a0 fe df a0 fe df a0 fe 
044880  df a0 fe df a0 fe df a0 fe df a0 fe df a0 fe df 
044890  a0 fe df a0 fe df a0 fe df a0 fe df a0 fe df a0 
0448a0  fe df a0 fe df a0 fe df a0 fe df a0 fe df a0 fe 
0448b0  df a0 fe df a0 fe df a0 fe df a0 fe df a0 fe df 
0448c0  a0 fe df a0 fe df a0 fe df a0 fe df a0 fe df a0 
0448d0  fe df a0 fe df a0 fe df a0 fe df a0 fe df a0 fe 
0448e0  df a0 fe df a0 fe df a0 fe df a0 fe df a0 fe df 
0448f0  a0 fe df a0 fe df a0 fe df a0 fe df a0 fe df a0 
044900  fe df a0 fe df a0 fe df a0 fe df a0 fe df a0 fe 
044910  df a0 fe df a0 fe df a0 fe df a0 fe df a0 fe df 
044920  a0 fe df a0 fe df a0 fe df a0 fe df a0 fe df a0 
044930  fe df a0 fe df a0 fe df a0 fe df a0 fe df a0 fe 
044940  df a0 fe df a0 fe df a0 fe df a0 fe df a0 fe df 
044950  a0 fe df a0 fe df a0 fe df a0 fe df a0 fe df a0 
044960  fe df a0 fe df a0 fe df a0 fe df a0 fe df a0 fe 
044970  df a0 fe df a0 fe df a0 fe df a0 fe df a0 fe df 
044980  a0 fe df a0 fe df a0 fe df a0 fe df a0 fe df a0 
044990  fe df a0 fe df a0 fe df a0 fe df a0 fe df a0 fe 
0449a0  df a0 fe df a0 fe df a0 fe df a0 fe df a0 fe df 
0449b0  a0 fe df a0 fe df a0 fe df a0 fe df a0 fe df a0 
0449c0  fe df a0 fe df a0 fe df a0 fe df a0 fe df a0 fe 
0449d0  df a0 fe df a0 fe df a0 fe df a0 fe df a0 fe df 
0449e0  a0 fe df a0 fe df a0 fe df a0 fe df a0 fe df a0 
0449f0  fe df a0 fe df a0 fe df a0 fe df a0 fe df a0 fe 
044a00  df a0 fe df a0 fe df a0 fe df a0 fe df a0 fe df 
044a10  a0 fe df a0 fe df a0 fe df a0 fe df a0 fe df a0 
044a20  fe df a0 fe df a0 fe df a0 fe df a0 fe df a0 fe 
044a30  df a0 fe df a0 fe df a0 fe df a0 fe df a0 fe df 
044a40  a0 fe df a0 fe df a0 fe df a0 fe df a0 fe df a0 
044a50  fe df a0 fe df a0 fe df a0 fe df a0 fe df a0 fe 
044a60  df a0 fe df a0 fe df a0 fe df a0 fe df a0 fe df 
044a70  a0 fe df a0 fe df a0 fe df a0 fe df a0 fe df a0 
044a80  fe df a0 fe df a0 fe df a0 fe df a0 fe df a0 fe 
044a90  df a0 fe df a0 fe df a0 fe df a0 fe df a0 fe df 
044aa0  a0 fe df a0 fe df a0 fe df a0 fe df a0 fe df a0 
044ab0  fe df a0 fe df a0 fe df a0 fe df a0 fe df a0 fe 
044ac0  df a0 fe df a0 fe df a0 fe df a0 fe df a0 fe df 
044ad0  a0 fe df a0 fe df a0 fe df a0 fe df a0 fe df a0 
044ae0  fe df a0 fe df a0 fe df a0 fe df a0 fe df a0 fe 
044af0  df a0 fe df a0 fe df a0 fe df a0 fe df a0 fe df 
044b00  a0 fe df a0 fe df a0 fe df a0 fe df a0 fe df a0 
044b10  fe df a0 fe df a0 fe df a0 fe df a0 fe df a0 fe 
044b20  df a0 fe df a0 fe df a0 fe df a0 fe df a0 fe df 
044b30  a0 fe df a0 fe df a0 fe df a0 fe df a0 fe df a0 
044b40  fe df a0 fe df a0 fe df a0 fe df a0 fe df a0 fe 
044b50  df a0 fe df a0 fe df a0 fe df a0 fe df a0 fe df 
044b60  a0 fe df a0 fe df a0 fe df a0 fe df a0 fe df a0 
044b70  fe df a0 fe df a0 fe df a0 fe df a0 fe df a0 fe 
044b80  df a0 fe df a0 fe df a0 fe df a0 fe df a0 fe df 
044b90  a0 fe df a0 fe df a0 fe df a0 fe df a0 fe df a0 
044ba0  fe df a0 fe df a0 fe df a0 fe df a0 fe df a0 fe 
044bb0  df a0 fe df a0 fe df a0 fe df a0 fe df a0 fe df 
044bc0  a0 fe df a0 fe df a0 fe df a0 fe df a0 fe df a0 
044bd0  fe df a0 fe df a0 fe df a0 fe df a0 fe df a0 fe 
044be0  df a0 fe df a0 fe df a0 fe df a0 fe df a0 fe df 
044bf0  a0 fe df a0 fe df a0 fe df a0 fe df a0 fe df a0 
044c00  fe df a0 fe df a0 fe df a0 fe df a0 fe df a0 fe 
044c10  df a0 fe df a0 fe df a0 fe df a0 fe df a0 fe df 
044c20  a0 fe df a0 fe df a0 fe df a0 fe df a0 fe df a0 
044c30  fe df a0 fe df a0 fe df a0 fe df a0 fe df a0 fe 
044c40  df a0 fe df a0 fe df a0 fe df a0 fe df a0 fe df 
044c50  a0 fe df a0 fe df a0 fe df a0 fe df a0 fe df a0 
044c60  fe df a0 fe df a0 fe df a0 fe df a0 fe df a0 fe 
044c70  df a0 fe df a0 fe df a0 fe df a0 fe df a0 fe df 
044c80  a0 fe df a0 fe df a0 fe df a0 fe df a0 fe df a0 
044c90  fe df a0 fe df a0 fe df a0 fe df a0 fe df a0 fe 
044ca0  df a0 fe df a0 fe df a0 fe df a0 fe df a0 fe df 
044cb0  a0 fe df a0 fe df a0 fe df a0 fe df a0 fe df a0 
044cc0  fe df a0 fe df a0 fe df a0 fe df a0 fe df a0 fe 
044cd0  df a0 fe df a0 fe df a0 fe df a0 fe df a0 fe df 
044ce0  a0 fe df a0 fe df a0 fe df a0 fe df a0 fe df a0 
044cf0  fe df a0 fe df a0 fe df a0 fe df a0 fe df a0 fe 
044d00  df a0 fe df a0 fe df a0 fe df a0 fe df a0 fe df 
044d10  a0 fe df a0 fe df a0 fe df a0 fe df a0 fe df a0 
044d20  fe df a0 fe df a0 fe df a0 fe df a0 fe df a0 fe 
044d30  df a0 fe df a0 fe df a0 fe df a0 fe df a0 fe df 
044d40  a0 fe df a0 fe df a0 fe df a0 fe df a0 fe df a0 
044d50  fe df a0 fe df a0 fe df a0 fe df a0 fe df a0 fe 
044d60  df a0 fe df a0 fe df a0 fe df a0 fe df a0 fe df 
044d70  a0 fe df a0 fe df a0 fe df a0 fe df a0 fe df a0 
044d80  fe df a0 fe df a0 fe df a0 fe df a0 fe df a0 fe 
044d90  df a0 fe df a0 fe df a0 fe df a0 fe df a0 fe df 
044da0  a0 fe df a0 fe df a0 fe df a0 fe df a0 fe df a0 
044db0  fe df a0 fe df a0 fe df a0 fe df a0 fe df a0 fe 
044dc0  df a0 fe df a0 fe df a0 fe df a0 fe df a0 fe df 
044dd0  a0 fe df a0 fe df a0 fe df a0 fe df a0 fe df a0 
044de0  fe df a0 fe df a0 fe df a0 fe df a0 fe df a0 fe 
044df0  df a0 fe df a0 fe df a0 fe df a0 fe df a0 fe df 
044e00  a0 fe df a0 fe df a0 fe df a0 fe df a0 fe df a0 
044e10  fe df a0 fe df a0 fe df a0 fe df a0 fe df a0 fe 
044e20  df a0 fe df a0 fe df a0 fe df a0 fe df a0 fe df 
044e30  a0 fe df a0 fe df a0 fe df a0 fe df a0 fe df a0 
044e40  fe df a0 fe df a0 fe df a0 fe df a0 fe df a0 fe 
044e50  df a0 fe df a0 fe df a0 fe df a0 fe df a0 fe df 
044e60  a0 fe df a0 fe df a0 fe df a0 fe df a0 fe df a0 
044e70  fe df a0 fe df a0 fe df a0 fe df a0 fe df a0 fe 
044e80  df a0 fe df a0 fe df a0 fe df a0 fe df a0 fe df 
044e90  a0 fe df a0 fe df a0 fe df a0 fe df a0 fe df a0 
044ea0  fe df a0 fe df a0 fe df a0 fe df a0 fe df a0 fe 
044eb0  df a0 fe df a0 fe df a0 fe df a0 fe df a0 fe df 
044ec0  a0 fe df a0 fe df a0 fe df a0 fe df a0 fe df a0 
044ed0  fe df a0 fe df a0 fe df a0 fe df a0 fe df a0 fe 
044ee0  df a0 fe df a0 fe df a0 fe df a0 fe df a0 fe df 
044ef0  a0 fe df a0 fe df a0 fe df a0 fe df a0 fe df a0 
044f00  fe df a0 fe df a0 fe df a0 fe df a0 fe df a0 fe 
044f10  df a0 fe df a0 fe df a0 fe df a0 fe df a0 fe df 
044f20  a0 fe df a0 fe df a0 fe df a0 fe df a0 fe df a0 
044f30  fe df a0 fe df a0 fe df a0 fe df a0 fe df a0 fe 
044f40  df a0 fe df a0 fe df a0 fe df a0 fe df a0 fe df 
044f50  a0 fe df a0 fe df a0 fe df a0 fe df a0 fe df a0 
044f60  fe df a0 fe df a0 fe df a0 fe df a0 fe df a0 fe 
044f70  df a0 fe df a0 fe df a0 fe df a0 fe df a0 fe df 
044f80  a0 fe df a0 fe df a0 fe df a0 fe df a0 fe df a0 
044f90  fe df a0 fe df a0 fe df a0 fe df a0 fe df a0 fe 
044fa0  df a0 fe df a0 fe df a0 fe df a0 fe df a0 fe df 
044fb0  a0 fe df a0 fe df a0 fe df a0 fe df a0 fe df a0 
044fc0  fe df a0 fe df a0 fe df a0 fe df a0 fe df a0 fe 
044fd0  df a0 fe df a0 fe df a0 fe df a0 fe df a0 fe df 
044fe0  a0 fe df a0 fe df a0 fe df a0 fe df a0 fe df a0 
044ff0  fe df a0 fe df a0 fe df a0 fe df a0 fe df a0 fe 
045000  df a0 fe df a0 fe df a0 fe df a0 fe df a0 fe df 
045010  a0 fe df a0 fe df a0 fe df a0 fe df a0 fe df a0 
045020  fe df a0 fe df a0 fe df a0 fe df a0 fe df a0 fe 
045030  df a0 fe df a0 fe df a0 fe df a0 fe df a0 fe df 
045040  a0 fe df a0 fe df a0 fe df a0 fe df a0 fe df a0 
045050  fe df a0 fe df a0 fe df a0 fe df a0 fe df a0 fe 
045060  df a0 fe df a0 fe df a0 fe df a0 fe df a0 fe df 
045070  a0 fe df a0 fe df a0 fe df a0 fe df a0 fe df a0 
045080  fe df a0 fe df a0 fe df a0 fe df a0 fe df a0 fe 
045090  df a0 fe df a0 fe df a0 fe df a0 fe df a0 fe df 
0450a0  a0 fe df a0 fe df a0 fe df a0 fe df a0 fe df a0 
0450b0  fe df a0 fe df a0 fe df a0 fe df a0 fe df a0 fe 
0450c0  df a0 fe df a0 fe df a0 fe df a0 fe df a0 fe df 
0450d0  a0 fe df a0 fe df a0 fe df a0 fe df a0 fe df a0 
0450e0  fe df a0 fe df a0 fe df a0 fe df a0 fe df a0 fe 
0450f0  df a0 fe df a0 fe df a0 fe df a0 fe df a0 fe df 
045100  a0 fe df a0 fe df a0 fe df a0 fe df a0 fe df a0 
045110  fe df a0 fe df a0 fe df a0 fe df a0 fe df a0 fe 
045120  df a0 fe df a0 fe df a0 fe df a0 fe df a0 fe df 
045130  a0 fe df a0 fe df a0 fe df a0 fe df a0 fe df a0 
045140  fe df a0 fe df a0 fe df a0 fe df a0 fe df a0 fe 
045150  df a0 fe df a0 fe df a0 fe df a0 fe df a0 fe df 
045160  a0 fe df a0 fe df a0 fe df a0 fe df a0 fe df a0 
045170  fe df a0 fe df a0 fe df a0 fe df a0 fe df a0 fe 
045180  df a0 fe df a0 fe df a0 fe df a0 fe df a0 fe df 
045190  a0 fe df a0 fe df a0 fe df a0 fe df a0 fe df a0 
0451a0  fe df a0 fe df a0 fe df a0 fe df a0 fe df a0 fe 
0451b0  df a0 fe df a0 fe df a0 fe df a0 fe df a0 fe df 
0451c0  a0 fe df a0 fe df a0 fe df a0 fe df a0 fe df a0 
0451d0  fe df a0 fe df a0 fe df a0 fe df a0 fe df a0 fe 
0451e0  df a0 fe df a0 fe df a0 fe df a0 fe df a0 fe df 
0451f0  a0 fe df a0 fe df a0 fe df a0 fe df a0 fe df a0 
045200  fe df a0 fe df a0 fe df a0 fe df a0 fe df a0 fe 
045210  df a0 fe df a0 fe df a0 fe df a0 fe df a0 fe df 
045220  a0 fe df a0 fe df a0 fe df a0 fe df a0 fe df a0 
045230  fe df a0 fe df a0 fe df a0 fe df a0 fe df a0 fe 
045240  df a0 fe df a0 fe df a0 fe df a0 fe df a0 fe df 
045250  a0 fe df a0 fe df a0 fe df a0 fe df a0 fe df a0 
045260  fe df a0 fe df a0 fe df a0 fe df a0 fe df a0 fe 
045270  df a0 fe df a0 fe df a0 fe df a0 fe df a0 fe df 
045280  a0 fe df a0 fe df a0 fe df a0 fe df a0 fe df a0 
045290  fe df a0 fe df a0 fe df a0 fe df a0 fe df a0 fe 
0452a0  df a0 fe df a0 fe df a0 fe df a0 fe df a0 fe df 
0452b0  a0 fe df a0 fe df a0 fe df a0 fe df a0 fe df a0 
0452c0  fe df a0 fe df a0 fe df a0 fe df a0 fe df a0 fe 
0452d0  df a0 fe df a0 fe df a0 fe df a0 fe df a0 fe df 
0452e0  a0 fe df a0 fe df a0 fe df a0 fe df a0 fe df a0 
0452f0  fe df a0 fe df a0 fe df a0 fe df a0 fe df a0 fe 
045300  df a0 fe df a0 fe df a0 fe df a0 fe df a0 fe df 
045310  a0 fe df a0 fe df a0 fe df a0 fe df a0 fe df a0 
045320  fe df a0 fe df a0 fe df a0 fe df a0 fe df a0 fe 
045330  df a0 fe df a0 fe df a0 fe df a0 fe df a0 fe df 
045340  a0 fe df a0 fe df a0 fe df a0 fe df a0 fe df a0 
045350  fe df a0 fe df a0 fe df a0 fe df a0 fe df a0 fe 
045360  df a0 fe df a0 fe df a0 fe df a0 fe df a0 fe df 
045370  a0 fe df a0 fe df a0 fe df a0 fe df a0 fe df a0 
045380  fe df a0 fe df a0 fe df a0 fe df a0 fe df a0 fe 
045390  df a0 fe df a0 fe df a0 fe df a0 fe df a0 fe df 
0453a0  a0 fe df a0 fe df a0 fe df a0 fe df a0 fe df a0 
0453b0  fe df a0 fe df a0 fe df a0 fe df a0 fe df a0 fe 
0453c0  df a0 fe df a0 fe df a0 fe df a0 fe df a0 fe df 
0453d0  a0 fe df a0 fe df a0 fe df a0 fe df a0 fe df a0 
0453e0  fe df a0 fe df a0 fe df a0 fe df a0 fe df a0 fe 
0453f0  df a0 fe df a0 fe df a0 fe df a0 fe df a0 fe df 
045400  a0 fe df a0 fe df a0 fe df a0 fe df a0 fe df a0 
045410  fe df a0 fe df a0 fe df a0 fe df a0 fe df a0 fe 
045420  df a0 fe df a0 fe df a0 fe df a0 fe df a0 fe df 
045430  a0 fe df a0 fe df a0 fe df a0 fe df a0 fe df a0 
045440  fe df a0 fe df a0 fe df a0 fe df a0 fe df a0 fe 
045450  df a0 fe df a0 fe df a0 fe df a0 fe df a0 fe df 
045460  a0 fe df a0 fe df a0 fe df a0 fe df a0 fe df a0 
045470  fe df a0 fe df a0 fe df a0 fe df a0 fe df a0 fe 
045480  df a0 fe df a0 fe df a0 fe df a0 fe df a0 fe df 
045490  a0 fe df a0 fe df a0 fe df a0 fe df a0 fe df a0 
0454a0  fe df a0 fe df a0 fe df a0 fe df a0 fe df a0 fe 
0454b0  df a0 fe df a0 fe df a0 fe df a0 fe df a0 fe df 
0454c0  a0 fe df a0 fe df a0 fe df a0 fe df a0 fe df a0 
0454d0  fe df a0 fe df a0 fe df a0 fe df a0 fe df a0 fe 
0454e0  df a0 fe df a0 fe df a0 fe df a0 fe df a0 fe df 
0454f0  a0 fe df a0 fe df a0 fe df a0 fe df a0 fe df a0 
045500  fe df a0 fe df a0 fe df a0 fe df a0 fe df a0 fe 
045510  df a0 fe df a0 fe df a0 fe df a0 fe df a0 fe df 
045520  a0 fe df a0 fe df a0 fe df a0 fe df a0 fe df a0 
045530  fe df a0 fe df a0 fe df a0 fe df a0 fe df a0 fe 
045540  df a0 fe df a0 fe df a0 fe df a0 fe df a0 fe df 
045550  a0 fe df a0 fe df a0 fe df a0 fe df a0 fe df a0 
045560  fe df a0 fe df a0 fe df a0 fe df a0 fe df a0 fe 
045570  df a0 fe df a0 fe df a0 fe df a0 fe df a0 fe df 
045580  a0 fe df a0 fe df a0 fe df a0 fe df a0 fe df a0 
045590  fe df a0 fe df a0 fe df a0 fe df a0 fe df a0 fe 
0455a0  df a0 fe df a0 fe df a0 fe df a0 fe df a0 fe df 
0455b0  a0 fe df a0 fe df a0 fe df a0 fe df a0 fe df a0 
0455c0  fe df a0 fe df a0 fe df a0 fe df a0 fe df a0 fe 
0455d0  df a0 fe df a0 fe df a0 fe df a0 fe df a0 fe df 
0455e0  a0 fe df a0 fe df a0 fe df a0 fe df a0 fe df a0 
0455f0  fe df a0 fe df a0 fe df a0 fe df a0 fe df a0 fe 
045600  df a0 fe df a0 fe df a0 fe df a0 fe df a0 fe df 
045610  a0 fe df a0 fe df a0 fe df a0 fe df a0 fe df a0 
045620  fe df a0 fe df a0 fe df a0 fe df a0 fe df a0 fe 
045630  df a0 fe df a0 fe df a0 fe df a0 fe df a0 fe df 
045640  a0 fe df a0 fe df a0 fe df a0 fe df a0 fe df a0 
045650  fe df a0 fe df a0 fe df a0 fe df a0 fe df a0 fe 
045660  df a0 fe df a0 fe df a0 fe df a0 fe df a0 fe df 
045670  a0 fe df a0 fe df a0 fe df a0 fe df a0 fe df a0 
045680  fe df a0 fe df a0 fe df a0 fe df a0 fe df a0 fe 
045690  df a0 fe df a0 fe df a0 fe df a0 fe df a0 fe df 
0456a0  a0 fe df a0 fe df a0 fe df a0 fe df a0 fe df a0 
0456b0  fe df a0 fe df a0 fe df a0 fe df a0 fe df a0 fe 
0456c0  df a0 fe df a0 fe df a0 fe df a0 fe df a0 fe df 
0456d0  a0 fe df a0 fe df a0 fe df a0 fe df a0 fe df a0 
0456e0  fe df a0 fe df a0 fe df a0 fe df a0 fe df a0 fe 
0456f0  df a0 fe df a0 fe df a0 fe df a0 fe df a0 fe df 
045700  a0 fe df a0 fe df a0 fe df a0 fe df a0 fe df a0 
045710  fe df a0 fe df a0 fe df a0 fe df a0 fe df a0 fe 
045720  df a0 fe df a0 fe df a0 fe df a0 fe df a0 fe df 
045730  a0 fe df a0 fe df a0 fe df a0 fe df a0 fe df a0 
045740  fe df a0 fe df a0 fe df a0 fe df a0 fe df a0 fe 
045750  df a0 fe df a0 fe df a0 fe df a0 fe df a0 fe df 
045760  a0 fe df a0 fe df a0 fe df a0 fe df a0 fe df a0 
045770  fe df a0 fe df a0 fe df a0 fe df a0 fe df a0 fe 
045780  df a0 fe df a0 fe df a0 fe df a0 fe df a0 fe df 
045790  a0 fe df a0 fe df a0 fe df a0 fe df a0 fe df a0 
0457a0  fe df a0 fe df a0 fe df a0 fe df a0 fe df a0 fe 
0457b0  df a0 fe df a0 fe df a0 fe df a0 fe df a0 fe df 
0457c0  a0 fe df a0 fe df a0 fe df a0 fe df a0 fe df a0 
0457d0  fe df a0 fe df a0 fe df a0 fe df a0 fe df a0 fe 
0457e0  df a0 fe df a0 fe df a0 fe df a0 fe df a0 fe df 
0457f0  a0 fe df a0 fe df a0 fe df a0 fe df a0 fe df a0 
045800  fe df a0 fe df a0 fe df a0 fe df a0 fe df a0 fe 
045810  df a0 fe df a0 fe df a0 fe df a0 fe df a0 fe df 
045820  a0 fe df a0 fe df a0 fe df a0 fe df a0 fe df a0 
045830  fe df a0 fe df a0 fe df a0 fe df a0 fe df a0 fe 
045840  df a0 fe df a0 fe df a0 fe df a0 fe df a0 fe df 
045850  a0 fe df a0 fe df a0 fe df a0 fe df a0 fe df a0 
045860  fe df a0 fe df a0 fe df a0 fe df a0 fe df a0 fe 
045870  df a0 fe df a0 fe df a0 fe df a0 fe df a0 fe df 
045880  a0 fe df a0 fe df a0 fe df a0 fe df a0 fe df a0 
045890  fe df a0 fe df a0 fe df a0 fe df a0 fe df a0 fe 
0458a0  df a0 fe df a0 fe df a0 fe df a0 fe df a0 fe df 
0458b0  a0 fe df a0 fe df a0 fe df a0 fe df a0 fe df a0 
0458c0  fe df a0 fe df a0 fe df a0 fe df a0 fe df a0 fe 
0458d0  df a0 fe df a0 fe df a0 fe df a0 fe df a0 fe df 
0458e0  a0 fe df a0 fe df a0 fe df a0 fe df a0 fe df a0 
0458f0  fe df a0 fe df a0 fe df a0 fe df a0 fe df a0 fe 
045900  df a0 fe df a0 fe df a0 fe df a0 fe df a0 fe df 
045910  a0 fe df a0 fe df a0 fe df a0 fe df a0 fe df a0 
045920  fe df a0 fe df a0 fe df a0 fe df a0 fe df a0 fe 
045930  df a0 fe df a0 fe df a0 fe df a0 fe df a0 fe df 
045940  a0 fe df a0 fe df a0 fe df a0 fe df a0 fe df a0 
045950  fe df a0 fe df a0 fe df a0 fe df a0 fe df a0 fe 
045960  df a0 fe df a0 fe df a0 fe df a0 fe df a0 fe df 
045970  a0 fe df a0 fe df a0 fe df a0 fe df a0 fe df a0 
045980  fe df a0 fe df a0 fe df a0 fe df a0 fe df a0 fe 
045990  df a0 fe df a0 fe df a0 fe df a0 fe df a0 fe df 
0459a0  a0 fe df a0 fe df a0 fe df a0 fe df a0 fe df a0 
0459b0  fe df a0 fe df a0 fe df a0 fe df a0 fe df a0 fe 
0459c0  df a0 fe df a0 fe df a0 fe df a0 fe df a0 fe df 
0459d0  a0 fe df a0 fe df a0 fe df a0 fe df a0 fe df a0 
0459e0  fe df a0 fe df a0 fe df a0 fe df a0 fe df a0 fe 
0459f0  df a0 fe df a0 fe df a0 fe df a0 fe df a0 fe df 
045a00  a0 fe df a0 fe df a0 fe df a0 fe df a0 fe df a0 
045a10  fe df a0 fe df a0 fe df a0 fe df a0 fe df a0 fe 
045a20  df a0 fe df a0 fe df a0 fe df a0 fe df a0 fe df 
045a30  a0 fe df a0 fe df a0 fe df a0 fe df a0 fe df a0 
045a40  fe df a0 fe df a0 fe df a0 fe df a0 fe df a0 fe 
045a50  df a0 fe df a0 fe df a0 fe df a0 fe df a0 fe df 
045a60  a0 fe df a0 fe df a0 fe df a0 fe df a0 fe df a0 
045a70  fe df a0 fe df a0 fe df a0 fe df a0 fe df a0 fe 
045a80  df a0 fe df a0 fe df a0 fe df a0 fe df a0 fe df 
045a90  a0 fe df a0 fe df a0 fe df a0 fe df a0 fe df a0 
045aa0  fe df a0 fe df a0 fe df a0 fe df a0 fe df a0 fe 
045ab0  df a0 fe df a0 fe df a0 fe df a0 fe df a0 fe df 
045ac0  a0 fe df a0 fe df a0 fe df a0 fe df a0 fe df a0 
045ad0  fe df a0 fe df a0 fe df a0 fe df a0 fe df a0 fe 
045ae0  df a0 fe df a0 fe df a0 fe df a0 fe df a0 fe df 
045af0  a0 fe df a0 fe df a0 fe df a0 fe df a0 fe df a0 
045b00  fe df a0 fe df a0 fe df a0 fe df a0 fe df a0 fe 
045b10  df a0 fe df a0 fe df a0 fe df a0 fe df a0 fe df 
045b20  a0 fe df a0 fe df a0 fe df a0 fe df a0 fe df a0 
045b30  fe df a0 fe df a0 fe df a0 fe df a0 fe df a0 fe 
045b40  df a0 fe df a0 fe df a0 fe df a0 fe df a0 fe df 
045b50  a0 fe df a0 fe df a0 fe df a0 fe df a0 fe df a0 
045b60  fe df a0 fe df a0 fe df a0 fe df a0 fe df a0 fe 
045b70  df a0 fe df a0 fe df a0 fe df a0 fe df a0 fe df 
045b80  a0 fe df a0 fe df a0 fe df a0 fe df a0 fe df a0 
045b90  fe df a0 fe df a0 fe df a0 fe df a0 fe df a0 fe 
045ba0  df a0 fe df a0 fe df a0 fe df a0 fe df a0 fe df 
045bb0  a0 fe df a0 fe df a0 fe df a0 fe df a0 fe df a0 
045bc0  fe df a0 fe df a0 fe df a0 fe df a0 fe df a0 fe 
045bd0  df a0 fe df a0 fe df a0 fe df a0 fe df a0 fe df 
045be0  a0 fe df a0 fe df a0 fe df a0 fe df a0 fe df a0 
045bf0  fe df a0 fe df a0 fe df a0 fe df a0 fe df a0 fe 
045c00  df a0 fe df a0 fe df a0 fe df a0 fe df a0 fe df 
045c10  a0 fe df a0 fe df a0 fe df a0 fe df a0 fe df a0 
045c20  fe df a0 fe df a0 fe df a0 fe df a0 fe df a0 fe 
045c30  df a0 fe df a0 fe df a0 fe df a0 fe df a0 fe df 
045c40  a0 fe df a0 fe df a0 fe df a0 fe df a0 fe df a0 
045c50  fe df a0 fe df a0 fe df a0 fe df a0 fe df a0 fe 
045c60  df a0 fe df a0 fe df a0 fe df a0 fe df a0 fe df 
045c70  a0 fe df a0 fe df a0 fe df a0 fe df a0 fe df a0 
045c80  fe df a0 fe df a0 fe df a0 fe df a0 fe df a0 fe 
045c90  df a0 fe df a0 fe df a0 fe df a0 fe df a0 fe df 
045ca0  a0 fe df a0 fe df a0 fe df a0 fe df a0 fe df a0 
045cb0  fe df a0 fe df a0 fe df a0 fe df a0 fe df a0 fe 
045cc0  df a0 fe df a0 fe df a0 fe df a0 fe df a0 fe df 
045cd0  a0 fe df a0 fe df a0 fe df a0 fe df a0 fe df a0 
045ce0  fe df a0 fe df a0 fe df a0 fe df a0 fe df a0 fe 
045cf0  df a0 fe df a0 fe df a0 fe df a0 fe df a0 fe df 
045d00  a0 fe df a0 fe df a0 fe df a0 fe df a0 fe df a0 
045d10  fe df a0 fe df a0 fe df a0 fe df a0 fe df a0 fe 
045d20  df a0 fe df a0 fe df a0 fe df a0 fe df a0 fe df 
045d30  a0 fe df a0 fe df a0 fe df a0 fe df a0 fe df a0 
045d40  fe df a0 fe df a0 fe df a0 fe df a0 fe df a0 fe 
045d50  df a0 fe df a0 fe df a0 fe df a0 fe df a0 fe df 
045d60  a0 fe df a0 fe df a0 fe df a0 fe df a0 fe df a0 
045d70  fe df a0 fe df a0 fe df a0 fe df a0 fe df a0 fe 
045d80  df a0 fe df a0 fe df a0 fe df a0 fe df a0 fe df 
045d90  a0 fe df a0 fe df a0 fe df a0 fe df a0 fe df a0 
045da0  fe df a0 fe df a0 fe df a0 fe df a0 fe df a0 fe 
045db0  df a0 fe df a0 fe df a0 fe df a0 fe df a0 fe df 
045dc0  a0 fe df a0 fe df a0 fe df a0 fe df a0 fe df a0 
045dd0  fe df a0 fe df a0 fe df a0 fe df a0 fe df a0 fe 
045de0  df a0 fe df a0 fe df a0 fe df a0 fe df a0 fe df 
045df0  a0 fe df a0 fe df a0 fe df a0 fe df a0 fe df a0 
045e00  fe df a0 fe df a0 fe df a0 fe df a0 fe df a0 fe 
045e10  df a0 fe df a0 fe df a0 fe df a0 fe df a0 fe df 
045e20  a0 fe df a0 fe df a0 fe df a0 fe df a0 fe df a0 
045e30  fe df a0 fe df a0 fe df a0 fe df a0 fe df a0 fe 
045e40  df a0 fe df a0 fe df a0 fe df a0 fe df a0 fe df 
045e50  a0 fe df a0 fe df a0 fe df a0 fe df a0 fe df a0 
045e60  fe df a0 fe df a0 fe df a0 fe df a0 fe df a0 fe 
045e70  df a0 fe df a0 fe df a0 fe df a0 fe df a0 fe df 
045e80  a0 fe df a0 fe df a0 fe df a0 fe df a0 fe df a0 
045e90  fe df a0 fe df a0 fe df a0 fe df a0 fe df a0 fe 
045ea0  df a0 fe df a0 fe df a0 fe df a0 fe df a0 fe df 
045eb0  a0 fe df a0 fe df a0 fe df a0 fe df a0 fe df a0 
045ec0  fe df a0 fe df a0 fe df a0 fe df a0 fe df a0 fe 
045ed0  df a0 fe df a0 fe df a0 fe df a0 fe df a0 fe df 
045ee0  a0 fe df a0 fe df a0 fe df a0 fe df a0 fe df a0 
045ef0  fe df a0 fe df a0 fe df a0 fe df a0 fe df a0 fe 
045f00  df a0 fe df a0 fe df a0 fe df a0 fe df a0 fe df 
045f10  a0 fe df a0 fe df a0 fe df a0 fe df a0 fe df a0 
045f20  fe df a0 fe df a0 fe df a0 fe df a0 fe df a0 fe 
045f30  df a0 fe df a0 fe df a0 fe df a0 fe df a0 fe df 
045f40  a0 fe df a0 fe df a0 fe df a0 fe df a0 fe df a0 
045f50  fe df a0 fe df a0 fe df a0 fe df a0 fe df a0 fe 
045f60  df a0 fe df a0 fe df a0 fe df a0 fe df a0 fe df 
045f70  a0 fe df a0 fe df a0 fe df a0 fe df a0 fe df a0 
045f80  fe df a0 fe df a0 fe df a0 fe df a0 fe df a0 fe 
045f90  df a0 fe df a0 fe df a0 fe df a0 fe df a0 fe df 
045fa0  a0 fe df a0 fe df a0 fe df a0 fe df a0 fe df a0 
045fb0  fe df a0 fe df a0 fe df a0 fe df a0 fe df a0 fe 
045fc0  df a0 fe df a0 fe df a0 fe df a0 fe df a0 fe df 
045fd0  a0 fe df a0 fe df a0 fe df a0 fe df a0 fe df a0 
045fe0  fe df a0 fe df a0 fe df a0 fe df a0 fe df a0 fe 
045ff0  df a0 fe df a0 fe df a0 fe df a0 fe df a0 fe df 
046000  a0 fe df a0 fe df a0 fe df a0 fe df a0 fe df a0 
046010  fe df a0 fe df a0 fe df a0 fe df a0 fe df a0 fe 
046020  df a0 fe df a0 fe df a0 fe df a0 fe df a0 fe df 
046030  a0 fe df a0 fe df a0 fe df a0 fe df a0 fe df a0 
046040  fe df a0 fe df a0 fe df a0 fe df a0 fe df a0 fe 
046050  df a0 fe df a0 fe df a0 fe df a0 fe df a0 fe df 
046060  a0 fe df a0 fe df a0 fe df a0 fe df a0 fe df a0 
046070  fe df a0 fe df a0 fe df a0 fe df a0 fe df a0 fe 
046080  df a0 fe df a0 fe df a0 fe df a0 fe df a0 fe df 
046090  a0 fe df a0 fe df a0 fe df a0 fe df a0 fe df a0 
0460a0  fe df a0 fe df a0 fe df a0 fe df a0 fe df a0 fe 
0460b0  df a0 fe df a0 fe df a0 fe df a0 fe df a0 fe df 
0460c0  a0 fe df a0 fe df a0 fe df a0 fe df a0 fe df a0 
0460d0  fe df a0 fe df a0 fe df a0 fe df a0 fe df a0 fe 
0460e0  df a0 fe df a0 fe df a0 fe df a0 fe df a0 fe df 
0460f0  a0 fe df a0 fe df a0 fe df a0 fe df a0 fe df a0 
046100  fe df a0 fe df a0 fe df a0 fe df a0 fe df a0 fe 
046110  df a0 fe df a0 fe df a0 fe df a0 fe df a0 fe df 
046120  a0 fe df a0 fe df a0 fe df a0 fe df a0 fe df a0 
046130  fe df a0 fe df a0 fe df a0 fe df a0 fe df a0 fe 
046140  df a0 fe df a0 fe df a0 fe df a0 fe df a0 fe df 
046150  a0 fe df a0 fe df a0 fe df a0 fe df a0 fe df a0 
046160  fe df a0 fe df a0 fe df a0 fe df a0 fe df a0 fe 
046170  df a0 fe df a0 fe df a0 fe df a0 fe df a0 fe df 
046180  a0 fe df a0 fe df a0 fe df a0 fe df a0 fe df a0 
046190  fe df a0 fe df a0 fe df a0 fe df a0 fe df a0 fe 
0461a0  df a0 fe df a0 fe df a0 fe df a0 fe df a0 fe df 
0461b0  a0 fe df a0 fe df a0 fe df a0 fe df a0 fe df a0 
0461c0  fe df a0 fe df a0 fe df a0 fe df a0 fe df a0 fe 
0461d0  df a0 fe df a0 fe df a0 fe df a0 fe df a0 fe df 
0461e0  a0 fe df a0 fe df a0 fe df a0 fe df a0 fe df a0 
0461f0  fe df a0 fe df a0 fe df a0 fe df a0 fe df a0 fe 
046200  df a0 fe df a0 fe df a0 fe df a0 fe df a0 fe df 
046210  a0 fe df a0 fe df a0 fe df a0 fe df a0 fe df a0 
046220  fe df a0 fe df a0 fe df a0 fe df a0 fe df a0 fe 
046230  df a0 fe df a0 fe df a0 fe df a0 fe df a0 fe df 
046240  a0 fe df a0 fe df a0 fe df a0 fe df a0 fe df a0 
046250  fe df a0 fe df a0 fe df a0 fe df a0 fe df a0 fe 
046260  df a0 fe df a0 fe df a0 fe df a0 fe df a0 fe df 
046270  a0 fe df a0 fe df a0 fe df a0 fe df a0 fe df a0 
046280  fe df a0 fe df a0 fe df a0 fe df a0 fe df a0 fe 
046290  df a0 fe df a0 fe df a0 fe df a0 fe df a0 fe df 
0462a0  a0 fe df a0 fe df a0 fe df a0 fe df a0 fe df a0 
0462b0  fe df a0 fe df a0 fe df a0 fe df a0 fe df a0 fe 
0462c0  df a0 fe df a0 fe df a0 fe df a0 fe df a0 fe df 
0462d0  a0 fe df a0 fe df a0 fe df a0 fe df a0 fe df a0 
0462e0  fe df a0 fe df a0 fe df a0 fe df a0 fe df a0 fe 
0462f0  df a0 fe df a0 fe df a0 fe df a0 fe df a0 fe df 
046300  a0 fe df a0 fe df a0 fe df a0 fe df a0 fe df a0 
046310  fe df a0 fe df a0 fe df a0 fe df a0 fe df a0 fe 
046320  df a0 fe df a0 fe df a0 fe df a0 fe df a0 fe df 
046330  a0 fe df a0 fe df a0 fe df a0 fe df a0 fe df a0 
046340  fe df a0 fe df a0 fe df a0 fe df a0 fe df a0 fe 
046350  df a0 fe df a0 fe df a0 fe df a0 fe df a0 fe df 
046360  a0 fe df a0 fe df a0 fe df a0 fe df a0 fe df a0 
046370  fe df a0 fe df a0 fe df a0 fe df a0 fe df a0 fe 
046380  df a0 fe df a0 fe df a0 fe df a0 fe df a0 fe df 
046390  a0 fe df a0 fe df a0 fe df a0 fe df a0 fe df a0 
0463a0  fe df a0 fe df a0 fe df a0 fe df a0 fe df a0 fe 
0463b0  df a0 fe df a0 fe df a0 fe df a0 fe df a0 fe df 
0463c0  a0 fe df a0 fe df a0 fe df a0 fe df a0 fe df a0 
0463d0  fe df a0 fe df a0 fe df a0 fe df a0 fe df a0 fe 
0463e0  df a0 fe df a0 fe df a0 fe df a0 fe df a0 fe df 
0463f0  a0 fe df a0 fe df a0 fe df a0 fe df a0 fe df a0 
046400  fe df a0 fe df a0 fe df a0 fe df a0 fe df a0 fe 
046410  df a0 fe df a0 fe df a0 fe df a0 fe df a0 fe df 
046420  a0 fe df a0 fe df a0 fe df a0 fe df a0 fe df a0 
046430  fe df a0 fe df a0 fe df a0 fe df a0 fe df a0 fe 
046440  df a0 fe df a0 fe df a0 fe df a0 fe df a0 fe df 
046450  a0 fe df a0 fe df a0 fe df a0 fe df a0 fe df a0 
046460  fe df a0 fe df a0 fe df a0 fe df a0 fe df a0 fe 
046470  df a0 fe df a0 fe df a0 fe df a0 fe df a0 fe df 
046480  a0 fe df a0 fe df a0 fe df a0 fe df a0 fe df a0 
046490  fe df a0 fe df a0 fe df a0 fe df a0 fe df a0 fe 
0464a0  df a0 fe df a0 fe df a0 fe df a0 fe df a0 fe df 
0464b0  a0 fe df a0 fe df a0 fe df a0 fe df a0 fe df a0 
0464c0  fe df a0 fe df a0 fe df a0 fe df a0 fe df a0 fe 
0464d0  df a0 fe df a0 fe df a0 fe df a0 fe df a0 fe df 
0464e0  a0 fe df a0 fe df a0 fe df a0 fe df a0 fe df a0 
0464f0  fe df a0 fe df a0 fe df a0 fe df a0 fe df a0 fe 
046500  df a0 fe df a0 fe df a0 fe df a0 fe df a0 fe df 
046510  a0 fe df a0 fe df a0 fe df a0 fe df a0 fe df a0 
046520  fe df a0 fe df a0 fe df a0 fe df a0 fe df a0 fe 
046530  df a0 fe df a0 fe df a0 fe df a0 fe df a0 fe df 
046540  a0 fe df a0 fe df a0 fe df a0 fe df a0 fe df a0 
046550  fe df a0 fe df a0 fe df a0 fe df a0 fe df a0 fe 
046560  df a0 fe df a0 fe df a0 fe df a0 fe df a0 fe df 
046570  a0 fe df a0 fe df a0 fe df a0 fe df a0 fe df a0 
046580  fe df a0 fe df a0 fe df a0 fe df a0 fe df a0 fe 
046590  df a0 fe df a0 fe df a0 fe df a0 fe df a0 fe df 
0465a0  a0 fe df a0 fe df a0 fe df a0 fe df a0 fe df a0 
0465b0  fe df a0 fe df a0 fe df a0 fe df a0 fe df a0 fe 
0465c0  df a0 fe df a0 fe df a0 fe df a0 fe df a0 fe df 
0465d0  a0 fe df a0 fe df a0 fe df a0 fe df a0 fe df a0 
0465e0  fe df a0 fe df a0 fe df a0 fe df a0 fe df a0 fe 
0465f0  df a0 fe df a0 fe df a0 fe df a0 fe df a0 fe df 
046600  a0 fe df a0 fe df a0 fe df a0 fe df a0 fe df a0 
046610  fe df a0 fe df a0 fe df a0 fe df a0 fe df a0 fe 
046620  df a0 fe df a0 fe df a0 fe df a0 fe df a0 fe df 
046630  a0 fe df a0 fe df a0 fe df a0 fe df a0 fe df a0 
046640  fe df a0 fe df a0 fe df a0 fe df a0 fe df a0 fe 
046650  df a0 fe df a0 fe df a0 fe df a0 fe df a0 fe df 
046660  a0 fe df a0 fe df a0 fe df a0 fe df a0 fe df a0 
046670  fe df a0 fe df a0 fe df a0 fe df a0 fe df a0 fe 
046680  df a0 fe df a0 fe df a0 fe df a0 fe df a0 fe df 
046690  a0 fe df a0 fe df a0 fe df a0 fe df a0 fe df a0 
0466a0  fe df a0 fe df a0 fe df a0 fe df a0 fe df a0 fe 
0466b0  df a0 fe df a0 fe df a0 fe df a0 fe df a0 fe df 
0466c0  a0 fe df a0 fe df a0 fe df a0 fe df a0 fe df a0 
0466d0  fe df a0 fe df a0 fe df a0 fe df a0 fe df a0 fe 
0466e0  df a0 fe df a0 fe df a0 fe df a0 fe df a0 fe df 
0466f0  a0 fe df a0 fe df a0 fe df a0 fe df a0 fe df a0 
046700  fe df a0 fe df a0 fe df a0 fe df a0 fe df a0 fe 
046710  df a0 fe df a0 fe df a0 fe df a0 fe df a0 fe df 
046720  a0 fe df a0 fe df a0 fe df a0 fe df a0 fe df a0 
046730  fe df a0 fe df a0 fe df a0 fe df a0 fe df a0 fe 
046740  df a0 fe df a0 fe df a0 fe df a0 fe df a0 fe df 
046750  a0 fe df a0 fe df a0 fe df a0 fe df a0 fe df a0 
046760  fe df a0 fe df a0 fe df a0 fe df a0 fe df a0 fe 
046770  df a0 fe df a0 fe df a0 fe df a0 fe df a0 fe df 
046780  a0 fe df a0 fe df a0 fe df a0 fe df a0 fe df a0 
046790  fe df a0 fe df a0 fe df a0 fe df a0 fe df a0 fe 
0467a0  df a0 fe df a0 fe df a0 fe df a0 fe df a0 fe df 
0467b0  a0 fe df a0 fe df a0 fe df a0 fe df a0 fe df a0 
0467c0  fe df a0 fe df a0 fe df a0 fe df a0 fe df a0 fe 
0467d0  df a0 fe df a0 fe df a0 fe df a0 fe df a0 fe df 
0467e0  a0 fe df a0 fe df a0 fe df a0 fe df a0 fe df a0 
0467f0  fe df a0 fe df a0 fe df a0 fe df a0 fe df a0 fe 
046800  df a0 fe df a0 fe df a0 fe df a0 fe df a0 fe df 
046810  a0 fe df a0 fe df a0 fe df a0 fe df a0 fe df a0 
046820  fe df a0 fe df a0 fe df a0 fe df a0 fe df a0 fe 
046830  df a0 fe df a0 fe df a0 fe df a0 fe df a0 fe df 
046840  a0 fe df a0 fe df a0 fe df a0 fe df a0 fe df a0 
046850  fe df a0 fe df a0 fe df a0 fe df a0 fe df a0 fe 
046860  df a0 fe df a0 fe df a0 fe df a0 fe df a0 fe df 
046870  a0 fe df a0 fe df a0 fe df a0 fe df a0 fe df a0 
046880  fe df a0 fe df a0 fe df a0 fe df a0 fe df a0 fe 
046890  df a0 fe df a0 fe df a0 fe df a0 fe df a0 fe df 
0468a0  a0 fe df a0 fe df a0 fe df a0 fe df a0 fe df a0 
0468b0  fe df a0 fe df a0 fe df a0 fe df a0 fe df a0 fe 
0468c0  df a0 fe df a0 fe df a0 fe df a0 fe df a0 fe df 
0468d0  a0 fe df a0 fe df a0 fe df a0 fe df a0 fe df a0 
0468e0  fe df a0 fe df a0 fe df a0 fe df a0 fe df a0 fe 
0468f0  df a0 fe df a0 fe df a0 fe df a0 fe df a0 fe df 
046900  a0 fe df a0 fe df a0 fe df a0 fe df a0 fe df a0 
046910  fe df a0 fe df a0 fe df a0 fe df a0 fe df a0 fe 
046920  df a0 fe df a0 fe df a0 fe df a0 fe df a0 fe df 
046930  a0 fe df a0 fe df a0 fe df a0 fe df a0 fe df a0 
046940  fe df a0 fe df a0 fe df a0 fe df a0 fe df a0 fe 
046950  df a0 fe df a0 fe df a0 fe df a0 fe df a0 fe df 
046960  a0 fe df a0 fe df a0 fe df a0 fe df a0 fe df a0 
046970  fe df a0 fe df a0 fe df a0 fe df a0 fe df a0 fe 
046980  df a0 fe df a0 fe df a0 fe df a0 fe df a0 fe df 
046990  a0 fe df a0 fe df a0 fe df a0 fe df a0 fe df a0 
0469a0  fe df a0 fe df a0 fe df a0 fe df a0 fe df a0 fe 
0469b0  df a0 fe df a0 fe df a0 fe df a0 fe df a0 fe df 
0469c0  a0 fe df a0 fe df a0 fe df a0 fe df a0 fe df a0 
0469d0  fe df a0 fe df a0 fe df a0 fe df a0 fe df a0 fe 
0469e0  df a0 fe df a0 fe df a0 fe df a0 fe df a0 fe df 
0469f0  a0 fe df a0 fe df a0 fe df a0 fe df a0 fe df a0 
046a00  fe df a0 fe df a0 fe df a0 fe df a0 fe df a0 fe 
046a10  df a0 fe df a0 fe df a0 fe df a0 fe df a0 fe df 
046a20  a0 fe df a0 fe df a0 fe df a0 fe df a0 fe df a0 
046a30  fe df a0 fe df a0 fe df a0 fe df a0 fe df a0 fe 
046a40  df a0 fe df a0 fe df a0 fe df a0 fe df a0 fe df 
046a50  a0 fe df a0 fe df a0 fe df a0 fe df a0 fe df a0 
046a60  fe df a0 fe df a0 fe df a0 fe df a0 fe df a0 fe 
046a70  df a0 fe df a0 fe df a0 fe df a0 fe df a0 fe df 
046a80  a0 fe df a0 fe df a0 fe df a0 fe df a0 fe df a0 
046a90  fe df a0 fe df a0 fe df a0 fe df a0 fe df a0 fe 
046aa0  df a0 fe df a0 fe df a0 fe df a0 fe df a0 fe df 
046ab0  a0 fe df a0 fe df a0 fe df a0 fe df a0 fe df a0 
046ac0  fe df a0 fe df a0 fe df a0 fe df a0 fe df a0 fe 
046ad0  df a0 fe df a0 fe df a0 fe df a0 fe df a0 fe df 
046ae0  a0 fe df a0 fe df a0 fe df a0 fe df a0 fe df a0 
046af0  fe df a0 fe df a0 fe df a0 fe df a0 fe df a0 fe 
046b00  df a0 fe df a0 fe df a0 fe df a0 fe df a0 fe df 
046b10  a0 fe df a0 fe df a0 fe df a0 fe df a0 fe df a0 
046b20  fe df a0 fe df a0 fe df a0 fe df a0 fe df a0 fe 
046b30  df a0 fe df a0 fe df a0 fe df a0 fe df a0 fe df 
046b40  a0 fe df a0 fe df a0 fe df a0 fe df a0 fe df a0 
046b50  fe df a0 fe df a0 fe df a0 fe df a0 fe df a0 fe 
046b60  df a0 fe df a0 fe df a0 fe df a0 fe df a0 fe df 
046b70  a0 fe df a0 fe df a0 fe df a0 fe df a0 fe df a0 
046b80  fe df a0 fe df a0 fe df a0 fe df a0 fe df a0 fe 
046b90  df a0 fe df a0 fe df a0 fe df a0 fe df a0 fe df 
046ba0  a0 fe df a0 fe df a0 fe df a0 fe df a0 fe df a0 
046bb0  fe df a0 fe df a0 fe df a0 fe df a0 fe df a0 fe 
046bc0  df a0 fe df a0 fe df a0 fe df a0 fe df a0 fe df 
046bd0  a0 fe df a0 fe df a0 fe df a0 fe df a0 fe df a0 
046be0  fe df a0 fe df a0 fe df a0 fe df a0 fe df a0 fe 
046bf0  df a0 fe df a0 fe df a0 fe df a0 fe df a0 fe df 
046c00  a0 fe df a0 fe df a0 fe df a0 fe df a0 fe df a0 
046c10  fe df a0 fe df a0 fe df a0 fe df a0 fe df a0 fe 
046c20  df a0 fe df a0 fe df a0 fe df a0 fe df a0 fe df 
046c30  a0 fe df a0 fe df a0 fe df a0 fe df a0 fe df a0 
046c40  fe df a0 fe df a0 fe df a0 fe df a0 fe df a0 fe 
046c50  df a0 fe df a0 fe df a0 fe df a0 fe df a0 fe df 
046c60  a0 fe df a0 fe df a0 fe df a0 fe df a0 fe df a0 
046c70  fe df a0 fe df a0 fe df a0 fe df a0 fe df a0 fe 
046c80  df a0 fe df a0 fe df a0 fe df a0 fe df a0 fe df 
046c90  a0 fe df a0 fe df a0 fe df a0 fe df a0 fe df a0 
046ca0  fe df a0 fe df a0 fe df a0 fe df a0 fe df a0 fe 
046cb0  df a0 fe df a0 fe df a0 fe df a0 fe df a0 fe df 
046cc0  a0 fe df a0 fe df a0 fe df a0 fe df a0 fe df a0 
046cd0  fe df a0 fe df a0 fe df a0 fe df a0 fe df a0 fe 
046ce0  df a0 fe df a0 fe df a0 fe df a0 fe df a0 fe df 
046cf0  a0 fe df a0 fe df a0 fe df a0 fe df a0 fe df a0 
046d00  fe df a0 fe df a0 fe df a0 fe df a0 fe df a0 fe 
046d10  df a0 fe df a0 fe df a0 fe df a0 fe df a0 fe df 
046d20  a0 fe df a0 fe df a0 fe df a0 fe df a0 fe df a0 
046d30  fe df a0 fe df a0 fe df a0 fe df a0 fe df a0 fe 
046d40  df a0 fe df a0 fe df a0 fe df a0 fe df a0 fe df 
046d50  a0 fe df a0 fe df a0 fe df a0 fe df a0 fe df a0 
046d60  fe df a0 fe df a0 fe df a0 fe df a0 fe df a0 fe 
046d70  df a0 fe df a0 fe df a0 fe df a0 fe df a0 fe df 
046d80  a0 fe df a0 fe df a0 fe df a0 fe df a0 fe df a0 
046d90  fe df a0 fe df a0 fe df a0 fe df a0 fe df a0 fe 
046da0  df a0 fe df a0 fe df a0 fe df a0 fe df a0 fe df 
046db0  a0 fe df a0 fe df a0 fe df a0 fe df a0 fe df a0 
046dc0  fe df a0 fe df a0 fe df a0 fe df a0 fe df a0 fe 
046dd0  df a0 fe df a0 fe df a0 fe df a0 fe df a0 fe df 
046de0  a0 fe df a0 fe df a0 fe df a0 fe df a0 fe df a0 
046df0  fe df a0 fe df a0 fe df a0 fe df a0 fe df a0 fe 
046e00  df a0 fe df a0 fe df a0 fe df a0 fe df a0 fe df 
046e10  a0 fe df a0 fe df a0 fe df a0 fe df a0 fe df a0 
046e20  fe df a0 fe df a0 fe df a0 fe df a0 fe df a0 fe 
046e30  df a0 fe df a0 fe df a0 fe df a0 fe df a0 fe df 
046e40  a0 fe df a0 fe df a0 fe df a0 fe df a0 fe df a0 
046e50  fe df a0 fe df a0 fe df a0 fe df a0 fe df a0 fe 
046e60  df a0 fe df a0 fe df a0 fe df a0 fe df a0 fe df 
046e70  a0 fe df a0 fe df a0 fe df a0 fe df a0 fe df a0 
046e80  fe df a0 fe df a0 fe df a0 fe df a0 fe df a0 fe 
046e90  df a0 fe df a0 fe df a0 fe df a0 fe df a0 fe df 
046ea0  a0 fe df a0 fe df a0 fe df a0 fe df a0 fe df a0 
046eb0  fe df a0 fe df a0 fe df a0 fe df a0 fe df a0 fe 
046ec0  df a0 fe df a0 fe df a0 fe df a0 fe df a0 fe df 
046ed0  a0 fe df a0 fe df a0 fe df a0 fe df a0 fe df a0 
046ee0  fe df a0 fe df a0 fe df a0 fe df a0 fe df a0 fe 
046ef0  df a0 fe df a0 fe df a0 fe df a0 fe df a0 fe df 
046f00  a0 fe df a0 fe df a0 fe df a0 fe df a0 fe df a0 
046f10  fe df a0 fe df a0 fe df a0 fe df a0 fe df a0 fe 
046f20  df a0 fe df a0 fe df a0 fe df a0 fe df a0 fe df 
046f30  a0 fe df a0 fe df a0 fe df a0 fe df a0 fe df a0 
046f40  fe df a0 fe df a0 fe df a0 fe df a0 fe df a0 fe 
046f50  df a0 fe df a0 fe df a0 fe df a0 fe df a0 fe df 
046f60  a0 fe df a0 fe df a0 fe df a0 fe df a0 fe df a0 
046f70  fe df a0 fe df a0 fe df a0 fe df a0 fe df a0 fe 
046f80  df a0 fe df a0 fe df a0 fe df a0 fe df a0 fe df 
046f90  a0 fe df a0 fe df a0 fe df a0 fe df a0 fe df a0 
046fa0  fe df a0 fe df a0 fe df a0 fe df a0 fe df a0 fe 
046fb0  df a0 fe df a0 fe df a0 fe df a0 fe df a0 fe df 
046fc0  a0 fe df a0 fe df a0 fe df a0 fe df a0 fe df a0 
046fd0  fe df a0 fe df a0 fe df a0 fe df a0 fe df a0 fe 
046fe0  df a0 fe df a0 fe df a0 fe df a0 fe df a0 fe df 
046ff0  a0 fe df a0 fe df a0 fe df a0 fe df a0 fe df a0 
047000  fe df a0 fe df a0 fe df a0 fe df a0 fe df a0 fe 
047010  df a0 fe df a0 fe df a0 fe df a0 fe df a0 fe df 
047020  a0 fe df a0 fe df a0 fe df a0 fe df a0 fe df a0 
047030  fe df a0 fe df a0 fe df a0 fe df a0 fe df a0 fe 
047040  df a0 fe df a0 fe df a0 fe df a0 fe df a0 fe df 
047050  a0 fe df a0 fe df a0 fe df a0 fe df a0 fe df a0 
047060  fe df a0 fe df a0 fe df a0 fe df a0 fe df a0 fe 
047070  df a0 fe df a0 fe df a0 fe df a0 fe df a0 fe df 
047080  a0 fe df a0 fe df a0 fe df a0 fe df a0 fe df a0 
047090  fe df a0 fe df a0 fe df a0 fe df a0 fe df a0 fe 
0470a0  df a0 fe df a0 fe df a0 fe df a0 fe df a0 fe df 
0470b0  a0 fe df a0 fe df a0 fe df a0 fe df a0 fe df a0 
0470c0  fe df a0 fe df a0 fe df a0 fe df a0 fe df a0 fe 
0470d0  df a0 fe df a0 fe df a0 fe df a0 fe df a0 fe df 
0470e0  a0 fe df a0 fe df a0 fe df a0 fe df a0 fe df a0 
0470f0  fe df a0 fe df a0 fe df a0 fe df a0 fe df a0 fe 
047100  df a0 fe df a0 fe df a0 fe df a0 fe df a0 fe df 
047110  a0 fe df a0 fe df a0 fe df a0 fe df a0 fe df a0 
047120  fe df a0 fe df a0 fe df a0 fe df a0 fe df a0 fe 
047130  df a0 fe df a0 fe df a0 fe df a0 fe df a0 fe df 
047140  a0 fe df a0 fe df a0 fe df a0 fe df a0 fe df a0 
047150  fe df a0 fe df a0 fe df a0 fe df a0 fe df a0 fe 
047160  df a0 fe df a0 fe df a0 fe df a0 fe df a0 fe df 
047170  a0 fe df a0 fe df a0 fe df a0 fe df a0 fe df a0 
047180  fe df a0 fe df a0 fe df a0 fe df a0 fe df a0 fe 
047190  df a0 fe df a0 fe df a0 fe df a0 fe df a0 fe df 
0471a0  a0 fe df a0 fe df a0 fe df a0 fe df a0 fe df a0 
0471b0  fe df a0 fe df a0 fe df a0 fe df a0 fe df a0 fe 
0471c0  df a0 fe df a0 fe df a0 fe df a0 fe df a0 fe df 
0471d0  a0 fe df a0 fe df a0 fe df a0 fe df a0 fe df a0 
0471e0  fe df a0 fe df a0 fe df a0 fe df a0 fe df a0 fe 
0471f0  df a0 fe df a0 fe df a0 fe df a0 fe df a0 fe df 
047200  a0 fe df a0 fe df a0 fe df a0 fe df a0 fe df a0 
047210  fe df a0 fe df a0 fe df a0 fe df a0 fe df a0 fe 
047220  df a0 fe df a0 fe df a0 fe df a0 fe df a0 fe df 
047230  a0 fe df a0 fe df a0 fe df a0 fe df a0 fe df a0 
047240  fe df a0 fe df a0 fe df a0 fe df a0 fe df a0 fe 
047250  df a0 fe df a0 fe df a0 fe df a0 fe df a0 fe df 
047260  a0 fe df a0 fe df a0 fe df a0 fe df a0 fe df a0 
047270  fe df a0 fe df a0 fe df a0 fe df a0 fe df a0 fe 
047280  df a0 fe df a0 fe df a0 fe df a0 fe df a0 fe df 
047290  a0 fe df a0 fe df a0 fe df a0 fe df a0 fe df a0 
0472a0  fe df a0 fe df a0 fe df a0 fe df a0 fe df a0 fe 
0472b0  df a0 fe df a0 fe df a0 fe df a0 fe df a0 fe df 
0472c0  a0 fe df a0 fe df a0 fe df a0 fe df a0 fe df a0 
0472d0  fe df a0 fe df a0 fe df a0 fe df a0 fe df a0 fe 
0472e0  df a0 fe df a0 fe df a0 fe df a0 fe df a0 fe df 
0472f0  a0 fe df a0 fe df a0 fe df a0 fe df a0 fe df a0 
047300  fe df a0 fe df a0 fe df a0 fe df a0 fe df a0 fe 
047310  df a0 fe df a0 fe df a0 fe df a0 fe df a0 fe df 
047320  a0 fe df a0 fe df a0 fe df a0 fe df a0 fe df a0 
047330  fe df a0 fe df a0 fe df a0 fe df a0 fe df a0 fe 
047340  df a0 fe df a0 fe df a0 fe df a0 fe df a0 fe df 
047350  a0 fe df a0 fe df a0 fe df a0 fe df a0 fe df a0 
047360  fe df a0 fe df a0 fe df a0 fe df a0 fe df a0 fe 
047370  df a0 fe df a0 fe df a0 fe df a0 fe df a0 fe df 
047380  a0 fe df a0 fe df a0 fe df a0 fe df a0 fe df a0 
047390  fe df a0 fe df a0 fe df a0 fe df a0 fe df a0 fe 
0473a0  df a0 fe df a0 fe df a0 fe df a0 fe df a0 fe df 
0473b0  a0 fe df a0 fe df a0 fe df a0 fe df a0 fe df a0 
0473c0  fe df a0 fe df a0 fe df a0 fe df a0 fe df a0 fe 
0473d0  df a0 fe df a0 fe df a0 fe df a0 fe df a0 fe df 
0473e0  a0 fe df a0 fe df a0 fe df a0 fe df a0 fe df a0 
0473f0  fe df a0 fe df a0 fe df a0 fe df a0 fe df a0 fe 
047400  df a0 fe df a0 fe df a0 fe df a0 fe df a0 fe df 
047410  a0 fe df a0 fe df a0 fe df a0 fe df a0 fe df a0 
047420  fe df a0 fe df a0 fe df a0 fe df a0 fe df a0 fe 
047430  df a0 fe df a0 fe df a0 fe df a0 fe df a0 fe df 
047440  a0 fe df a0 fe df a0 fe df a0 fe df a0 fe df a0 
047450  fe df a0 fe df a0 fe df a0 fe df a0 fe df a0 fe 
047460  df a0 fe df a0 fe df a0 fe df a0 fe df a0 fe df 
047470  a0 fe df a0 fe df a0 fe df a0 fe df a0 fe df a0 
047480  fe df a0 fe df a0 fe df a0 fe df a0 fe df a0 fe 
047490  df a0 fe df a0 fe df a0 fe df a0 fe df a0 fe df 
0474a0  a0 fe df a0 fe df a0 fe df a0 fe df a0 fe df a0 
0474b0  fe df a0 fe df a0 fe df a0 fe df a0 fe df a0 fe 
0474c0  df a0 fe df a0 fe df a0 fe df a0 fe df a0 fe df 
0474d0  a0 fe df a0 fe df a0 fe df a0 fe df a0 fe df a0 
0474e0  fe df a0 fe df a0 fe df a0 fe df a0 fe df a0 fe 
0474f0  df a0 fe df a0 fe df a0 fe df a0 fe df a0 fe df 
047500  a0 fe df a0 fe df a0 fe df a0 fe df a0 fe df a0 
047510  fe df a0 fe df a0 fe df a0 fe df a0 fe df a0 fe 
047520  df a0 fe df a0 fe df a0 fe df a0 fe df a0 fe df 
047530  a0 fe df a0 fe df a0 fe df a0 fe df a0 fe df a0 
047540  fe df a0 fe df a0 fe df a0 fe df a0 fe df a0 fe 
047550  df a0 fe df a0 fe df a0 fe df a0 fe df a0 fe df 
047560  a0 fe df a0 fe df a0 fe df a0 fe df a0 fe df a0 
047570  fe df a0 fe df a0 fe df a0 fe df a0 fe df a0 fe 
047580  df a0 fe df a0 fe df a0 fe df a0 fe df a0 fe df 
047590  a0 fe df a0 fe df a0 fe df a0 fe df a0 fe df a0 
0475a0  fe df a0 fe df a0 fe df a0 fe df a0 fe df a0 fe 
0475b0  df a0 fe df a0 fe df a0 fe df a0 fe df a0 fe df 
0475c0  a0 fe df a0 fe df a0 fe df a0 fe df a0 fe df a0 
0475d0  fe df a0 fe df a0 fe df a0 fe df a0 fe df a0 fe 
0475e0  df a0 fe df a0 fe df a0 fe df a0 fe df a0 fe df 
0475f0  a0 fe df a0 fe df a0 fe df a0 fe df a0 fe df a0 
047600  fe df a0 fe df a0 fe df a0 fe df a0 fe df a0 fe 
047610  df a0 fe df a0 fe df a0 fe df a0 fe df a0 fe df 
047620  a0 fe df a0 fe df a0 fe df a0 fe df a0 fe df a0 
047630  fe df a0 fe df a0 fe df a0 fe df a0 fe df a0 fe 
047640  df a0 fe df a0 fe df a0 fe df a0 fe df a0 fe df 
047650  a0 fe df a0 fe df a0 fe df a0 fe df a0 fe df a0 
047660  fe df a0 fe df a0 fe df a0 fe df a0 fe df a0 fe 
047670  df a0 fe df a0 fe df a0 fe df a0 fe df a0 fe df 
047680  a0 fe df a0 fe df a0 fe df a0 fe df a0 fe df a0 
047690  fe df a0 fe df a0 fe df a0 fe df a0 fe df a0 fe 
0476a0  df a0 fe df a0 fe df a0 fe df a0 fe df a0 fe df 
0476b0  a0 fe df a0 fe df a0 fe df a0 fe df a0 fe df a0 
0476c0  fe df a0 fe df a0 fe df a0 fe df a0 fe df a0 fe 
0476d0  df a0 fe df a0 fe df a0 fe df a0 fe df a0 fe df 
0476e0  a0 fe df a0 fe df a0 fe df a0 fe df a0 fe df a0 
0476f0  fe df a0 fe df a0 fe df a0 fe df a0 fe df a0 fe 
047700  df a0 fe df a0 fe df a0 fe df a0 fe df a0 fe df 
047710  a0 fe df a0 fe df a0 fe df a0 fe df a0 fe df a0 
047720  fe df a0 fe df a0 fe df a0 fe df a0 fe df a0 fe 
047730  df a0 fe df a0 fe df a0 fe df a0 fe df a0 fe df 
047740  a0 fe df a0 fe df a0 fe df a0 fe df a0 fe df a0 
047750  fe df a0 fe df a0 fe df a0 fe df a0 fe df a0 fe 
047760  df a0 fe df a0 fe df a0 fe df a0 fe df a0 fe df 
047770  a0 fe df a0 fe df a0 fe df a0 fe df a0 fe df a0 
047780  fe df a0 fe df a0 fe df a0 fe df a0 fe df a0 fe 
047790  df a0 fe df a0 fe df a0 fe df a0 fe df a0 fe df 
0477a0  a0 fe df a0 fe df a0 fe df a0 fe df a0 fe df a0 
0477b0  fe df a0 fe df a0 fe df a0 fe df a0 fe df a0 fe 
0477c0  df a0 fe df a0 fe df a0 fe df a0 fe df a0 fe df 
0477d0  a0 fe df a0 fe df a0 fe df a0 fe df a0 fe df a0 
0477e0  fe df a0 fe df a0 fe df a0 fe df a0 fe df a0 fe 
0477f0  df a0 fe df a0 fe df a0 fe df a0 fe df a0 fe df 
047800  a0 fe df a0 fe df a0 fe df a0 fe df a0 fe df a0 
047810  fe df a0 fe df a0 fe df a0 fe df a0 fe df a0 fe 
047820  df a0 fe df a0 fe df a0 fe df a0 fe df a0 fe df 
047830  a0 fe df a0 fe df a0 fe df a0 fe df a0 fe df a0 
047840  fe df a0 fe df a0 fe df a0 fe df a0 fe df a0 fe 
047850  df a0 fe df a0 fe df a0 fe df a0 fe df a0 fe df 
047860  a0 fe df a0 fe df a0 fe df a0 fe df a0 fe df a0 
047870  fe df a0 fe df a0 fe df a0 fe df a0 fe df a0 fe 
047880  df a0 fe df a0 fe df a0 fe df a0 fe df a0 fe df 
047890  a0 fe df a0 fe df a0 fe df a0 fe df a0 fe df a0 
0478a0  fe df a0 fe df a0 fe df a0 fe df a0 fe df a0 fe 
0478b0  df a0 fe df a0 fe df a0 fe df a0 fe df a0 fe df 
0478c0  a0 fe df a0 fe df a0 fe df a0 fe df a0 fe df a0 
0478d0  fe df a0 fe df a0 fe df a0 fe df a0 fe df a0 fe 
0478e0  df a0 fe df a0 fe df a0 fe df a0 fe df a0 fe df 
0478f0  a0 fe df a0 fe df a0 fe df a0 fe df a0 fe df a0 
047900  fe df a0 fe df a0 fe df a0 fe df a0 fe df a0 fe 
047910  df a0 fe df a0 fe df a0 fe df a0 fe df a0 fe df 
047920  a0 fe df a0 fe df a0 fe df a0 fe df a0 fe df a0 
047930  fe df a0 fe df a0 fe df a0 fe df a0 fe df a0 fe 
047940  df a0 fe df a0 fe df a0 fe df a0 fe df a0 fe df 
047950  a0 fe df a0 fe df a0 fe df a0 fe df a0 fe df a0 
047960  fe df a0 fe df a0 fe df a0 fe df a0 fe df a0 fe 
047970  df a0 fe df a0 fe df a0 fe df a0 fe df a0 fe df 
047980  a0 fe df a0 fe df a0 fe df a0 fe df a0 fe df a0 
047990  fe df a0 fe df a0 fe df a0 fe df a0 fe df a0 fe 
0479a0  df a0 fe df a0 fe df a0 fe df a0 fe df a0 fe df 
0479b0  a0 fe df a0 fe df a0 fe df a0 fe df a0 fe df a0 
0479c0  fe df a0 fe df a0 fe df a0 fe df a0 fe df a0 fe 
0479d0  df a0 fe df a0 fe df a0 fe df a0 fe df a0 fe df 
0479e0  a0 fe df a0 fe df a0 fe df a0 fe df a0 fe df a0 
0479f0  fe df a0 fe df a0 fe df a0 fe df a0 fe df a0 fe 
047a00  df a0 fe df a0 fe df a0 fe df a0 fe df a0 fe df 
047a10  a0 fe df a0 fe df a0 fe df a0 fe df a0 fe df a0 
047a20  fe df a0 fe df a0 fe df a0 fe df a0 fe df a0 fe 
047a30  df a0 fe df a0 fe df a0 fe df a0 fe df a0 fe df 
047a40  a0 fe df a0 fe df a0 fe df a0 fe df a0 fe df a0 
047a50  fe df a0 fe df a0 fe df a0 fe df a0 fe df a0 fe 
047a60  df a0 fe df a0 fe df a0 fe df a0 fe df a0 fe df 
047a70  a0 fe df a0 fe df a0 fe df a0 fe df a0 fe df a0 
047a80  fe df a0 fe df a0 fe df a0 fe df a0 fe df a0 fe 
047a90  df a0 fe df a0 fe df a0 fe df a0 fe df a0 fe df 
047aa0  a0 fe df a0 fe df a0 fe df a0 fe df a0 fe df a0 
047ab0  fe df a0 fe df a0 fe df a0 fe df a0 fe df a0 fe 
047ac0  df a0 fe df a0 fe df a0 fe df a0 fe df a0 fe df 
047ad0  a0 fe df a0 fe df a0 fe df a0 fe df a0 fe df a0 
047ae0  fe df a0 fe df a0 fe df a0 fe df a0 fe df a0 fe 
047af0  df a0 fe df a0 fe df a0 fe df a0 fe df a0 fe df 
047b00  a0 fe df a0 fe df a0 fe df a0 fe df a0 fe df a0 
047b10  fe df a0 fe df a0 fe df a0 fe df a0 fe df a0 fe 
047b20  df a0 fe df a0 fe df a0 fe df a0 fe df a0 fe df 
047b30  a0 fe df a0 fe df a0 fe df a0 fe df a0 fe df a0 
047b40  fe df a0 fe df a0 fe df a0 fe df a0 fe df a0 fe 
047b50  df a0 fe df a0 fe df a0 fe df a0 fe df a0 fe df 
047b60  a0 fe df a0 fe df a0 fe df a0 fe df a0 fe df a0 
047b70  fe df a0 fe df a0 fe df a0 fe df a0 fe df a0 fe 
047b80  df a0 fe df a0 fe df a0 fe df a0 fe df a0 fe df 
047b90  a0 fe df a0 fe df a0 fe df a0 fe df a0 fe df a0 
047ba0  fe df a0 fe df a0 fe df a0 fe df a0 fe df a0 fe 
047bb0  df a0 fe df a0 fe df a0 fe df a0 fe df a0 fe df 
047bc0  a0 fe df a0 fe df a0 fe df a0 fe df a0 fe df a0 
047bd0  fe df a0 fe df a0 fe df a0 fe df a0 fe df a0 fe 
047be0  df a0 fe df a0 fe df a0 fe df a0 fe df a0 fe df 
047bf0  a0 fe df a0 fe df a0 fe df a0 fe df a0 fe df a0 
047c00  fe df a0 fe df a0 fe df a0 fe df a0 fe df a0 fe 
047c10  df a0 fe df a0 fe df a0 fe df a0 fe df a0 fe df 
047c20  a0 fe df a0 fe df a0 fe df a0 fe df a0 fe df a0 
047c30  fe df a0 fe df a0 fe df a0 fe df a0 fe df a0 fe 
047c40  df a0 fe df a0 fe df a0 fe df a0 fe df a0 fe df 
047c50  a0 fe df a0 fe df a0 fe df a0 fe df a0 fe df a0 
047c60  fe df a0 fe df a0 fe df a0 fe df a0 fe df a0 fe 
047c70  df a0 fe df a0 fe df a0 fe df a0 fe df a0 fe df 
047c80  a0 fe df a0 fe df a0 fe df a0 fe df a0 fe df a0 
047c90  fe df a0 fe df a0 fe df a0 fe df a0 fe df a0 fe 
047ca0  df a0 fe df a0 fe df a0 fe df a0 fe df a0 fe df 
047cb0  a0 fe df a0 fe df a0 fe df a0 fe df a0 fe df a0 
047cc0  fe df a0 fe df a0 fe df a0 fe df a0 fe df a0 fe 
047cd0  df a0 fe df a0 fe df a0 fe df a0 fe df a0 fe df 
047ce0  a0 fe df a0 fe df a0 fe df a0 fe df a0 fe df a0 
047cf0  fe df a0 fe df a0 fe df a0 fe df a0 fe df a0 fe 
047d00  df a0 fe df a0 fe df a0 fe df a0 fe df a0 fe df 
047d10  a0 fe df a0 fe df a0 fe df a0 fe df a0 fe df a0 
047d20  fe df a0 fe df a0 fe df a0 fe df a0 fe df a0 fe 
047d30  df a0 fe df a0 fe df a0 fe df a0 fe df a0 fe df 
047d40  a0 fe df a0 fe df a0 fe df a0 fe df a0 fe df a0 
047d50  fe df a0 fe df a0 fe df a0 fe df a0 fe df a0 fe 
047d60  df a0 fe df a0 fe df a0 fe df a0 fe df a0 fe df 
047d70  a0 fe df a0 fe df a0 fe df a0 fe df a0 fe df a0 
047d80  fe df a0 fe df a0 fe df a0 fe df a0 fe df a0 fe 
047d90  df a0 fe df a0 fe df a0 fe df a0 fe df a0 fe df 
047da0  a0 fe df a0 fe df a0 fe df a0 fe df a0 fe df a0 
047db0  fe df a0 fe df a0 fe df a0 fe df a0 fe df a0 fe 
047dc0  df a0 fe df a0 fe df a0 fe df a0 fe df a0 fe df 
047dd0  a0 fe df a0 fe df a0 fe df a0 fe df a0 fe df a0 
047de0  fe df a0 fe df a0 fe df a0 fe df a0 fe df a0 fe 
047df0  df a0 fe df a0 fe df a0 fe df a0 fe df a0 fe df 
047e00  a0 fe df a0 fe df a0 fe df a0 fe df a0 fe df a0 
047e10  fe df a0 fe df a0 fe df a0 fe df a0 fe df a0 fe 
047e20  df a0 fe df a0 fe df a0 fe df a0 fe df a0 fe df 
047e30  a0 fe df a0 fe df a0 fe df a0 fe df a0 fe df a0 
047e40  fe df a0 fe df a0 fe df a0 fe df a0 fe df a0 fe 
047e50  df a0 fe df a0 fe df a0 fe df a0 fe df a0 fe df 
047e60  a0 fe df a0 fe df a0 fe df a0 fe df a0 fe df a0 
047e70  fe df a0 fe df a0 fe df a0 fe df a0 fe df a0 fe 
047e80  df a0 fe df a0 fe df a0 fe df a0 fe df a0 fe df 
047e90  a0 fe df a0 fe df a0 fe df a0 fe df a0 fe df a0 
047ea0  fe df a0 fe df a0 fe df a0 fe df a0 fe df a0 fe 
047eb0  df a0 fe df a0 fe df a0 fe df a0 fe df a0 fe df 
047ec0  a0 fe df a0 fe df a0 fe df a0 fe df a0 fe df a0 
047ed0  fe df a0 fe df a0 fe df a0 fe df a0 fe df a0 fe 
047ee0  df a0 fe df a0 fe df a0 fe df a0 fe df a0 fe df 
047ef0  a0 fe df a0 fe df a0 fe df a0 fe df a0 fe df a0 
047f00  fe df a0 fe df a0 fe df a0 fe df a0 fe df a0 fe 
047f10  df a0 fe df a0 fe df a0 fe df a0 fe df a0 fe df 
047f20  a0 fe df a0 fe df a0 fe df a0 fe df a0 fe df a0 
047f30  fe df a0 fe df a0 fe df a0 fe df a0 fe df a0 fe 
047f40  df a0 fe df a0 fe df a0 fe df a0 fe df a0 fe df 
047f50  a0 fe df a0 fe df a0 fe df a0 fe df a0 fe df a0 
047f60  fe df a0 fe df a0 fe df a0 fe df a0 fe df a0 fe 
047f70  df a0 fe df a0 fe df a0 fe df a0 fe df a0 fe df 
047f80  a0 fe df a0 fe df a0 fe df a0 fe df a0 fe df a0 
047f90  fe df a0 fe df a0 fe df a0 fe df a0 fe df a0 fe 
047fa0  df a0 fe df a0 fe df a0 fe df a0 fe df a0 fe df 
047fb0  a0 fe df a0 fe df a0 fe df a0 fe df a0 fe df a0 
047fc0  fe df a0 fe df a0 fe df a0 fe df a0 fe df a0 fe 
047fd0  df a0 fe df a0 fe df a0 fe df a0 fe df a0 fe df 
047fe0  a0 fe df a0 fe df a0 fe df a0 fe df a0 fe df a0 
047ff0  fe df a0 fe df a0 fe df a0 fe df a0 fe df a0 fe 
048000  df a0 fe df a0 fe df a0 fe df a0 fe df a0 fe df 
048010  a0 fe df a0 fe df a0 fe df a0 fe df a0 fe df a0 
048020  fe df a0 fe df a0 fe df a0 fe df a0 fe df a0 fe 
048030  df a0 fe df a0 fe df a0 fe df a0 fe df a0 fe df 
048040  a0 fe df a0 fe df a0 fe df a0 fe df a0 fe df a0 
048050  fe df a0 fe df a0 fe df a0 fe df a0 fe df a0 fe 
048060  df a0 fe df a0 fe df a0 fe df a0 fe df a0 fe df 
048070  a0 fe df a0 fe df a0 fe df a0 fe df a0 fe df a0 
048080  fe df a0 fe df a0 fe df a0 fe df a0 fe df a0 fe 
048090  df a0 fe df a0 fe df a0 fe df a0 fe df a0 fe df 
0480a0  a0 fe df a0 fe df a0 fe df a0 fe df a0 fe df a0 
0480b0  fe df a0 fe df a0 fe df a0 fe df a0 fe df a0 fe 
0480c0  df a0 fe df a0 fe df a0 fe df a0 fe df a0 fe df 
0480d0  a0 fe df a0 fe df a0 fe df a0 fe df a0 fe df a0 
0480e0  fe df a0 fe df a0 fe df a0 fe df a0 fe df a0 fe 
0480f0  df a0 fe df a0 fe df a0 fe df a0 fe df a0 fe df 
048100  a0 fe df a0 fe df a0 fe df a0 fe df a0 fe df a0 
048110  fe df a0 fe df a0 fe df a0 fe df a0 fe df a0 fe 
048120  df a0 fe df a0 fe df a0 fe df a0 fe df a0 fe df 
048130  a0 fe df a0 fe df a0 fe df a0 fe df a0 fe df a0 
048140  fe df a0 fe df a0 fe df a0 fe df a0 fe df a0 fe 
048150  df a0 fe df a0 fe df a0 fe df a0 fe df a0 fe df 
048160  a0 fe df a0 fe df a0 fe df a0 fe df a0 fe df a0 
048170  fe df a0 fe df a0 fe df a0 fe df a0 fe df a0 fe 
048180  df a0 fe df a0 fe df a0 fe df a0 fe df a0 fe df 
048190  a0 fe df a0 fe df a0 fe df a0 fe df a0 fe df a0 
0481a0  fe df a0 fe df a0 fe df a0 fe df a0 fe df a0 fe 
0481b0  df a0 fe df a0 fe df a0 fe df a0 fe df a0 fe df 
0481c0  a0 fe df a0 fe df a0 fe df a0 fe df a0 fe df a0 
0481d0  fe df a0 fe df a0 fe df a0 fe df a0 fe df a0 fe 
0481e0  df a0 fe df a0 fe df a0 fe df a0 fe df a0 fe df 
0481f0  a0 fe df a0 fe df a0 fe df a0 fe df a0 fe df a0 
048200  fe df a0 fe df a0 fe df a0 fe df a0 fe df a0 fe 
048210  df a0 fe df a0 fe df a0 fe df a0 fe df a0 fe df 
048220  a0 fe df a0 fe df a0 fe df a0 fe df a0 fe df a0 
048230  fe df a0 fe df a0 fe df a0 fe df a0 fe df a0 fe 
048240  df a0 fe df a0 fe df a0 fe df a0 fe df a0 fe df 
048250  a0 fe df a0 fe df a0 fe df a0 fe df a0 fe df a0 
048260  fe df a0 fe df a0 fe df a0 fe df a0 fe df a0 fe 
048270  df a0 fe df a0 fe df a0 fe df a0 fe df a0 fe df 
048280  a0 fe df a0 fe df a0 fe df a0 fe df a0 fe df a0 
048290  fe df a0 fe df a0 fe df a0 fe df a0 fe df a0 fe 
0482a0  df a0 fe df a0 fe df a0 fe df a0 fe df a0 fe df 
0482b0  a0 fe df a0 fe df a0 fe df a0 fe df a0 fe df a0 
0482c0  fe df a0 fe df a0 fe df a0 fe df a0 fe df a0 fe 
0482d0  df a0 fe df a0 fe df a0 fe df a0 fe df a0 fe df 
0482e0  a0 fe df a0 fe df a0 fe df a0 fe df a0 fe df a0 
0482f0  fe df a0 fe df a0 fe df a0 fe df a0 fe df a0 fe 
048300  df a0 fe df a0 fe df a0 fe df a0 fe df a0 fe df 
048310  a0 fe df a0 fe df a0 fe df a0 fe df a0 fe df a0 
048320  fe df a0 fe df a0 fe df a0 fe df a0 fe df a0 fe 
048330  df a0 fe df a0 fe df a0 fe df a0 fe df a0 fe df 
048340  a0 fe df a0 fe df a0 fe df a0 fe df a0 fe df a0 
048350  fe df a0 fe df a0 fe df a0 fe df a0 fe df a0 fe 
048360  df a0 fe df a0 fe df a0 fe df a0 fe df a0 fe df 
048370  a0 fe df a0 fe df a0 fe df a0 fe df a0 fe df a0 
048380  fe df a0 fe df a0 fe df a0 fe df a0 fe df a0 fe 
048390  df a0 fe df a0 fe df a0 fe df a0 fe df a0 fe df 
0483a0  a0 fe df a0 fe df a0 fe df a0 fe df a0 fe df a0 
0483b0  fe df a0 fe df a0 fe df a0 fe df a0 fe df a0 fe 
0483c0  df a0 fe df a0 fe df a0 fe df a0 fe df a0 fe df 
0483d0  a0 fe df a0 fe df a0 fe df a0 fe df a0 fe df a0 
0483e0  fe df a0 fe df a0 fe df a0 fe df a0 fe df a0 fe 
0483f0  df a0 fe df a0 fe df a0 fe df a0 fe df a0 fe df 
048400  a0 fe df a0 fe df a0 fe df a0 fe df a0 fe df a0 
048410  fe df a0 fe df a0 fe df a0 fe df a0 fe df a0 fe 
048420  df a0 fe df a0 fe df a0 fe df a0 fe df a0 fe df 
048430  a0 fe df a0 fe df a0 fe df a0 fe df a0 fe df a0 
048440  fe df a0 fe df a0 fe df a0 fe df a0 fe df a0 fe 
048450  df a0 fe df a0 fe df a0 fe df a0 fe df a0 fe df 
048460  a0 fe df a0 fe df a0 fe df a0 fe df a0 fe df a0 
048470  fe df a0 fe df a0 fe df a0 fe df a0 fe df a0 fe 
048480  df a0 fe df a0 fe df a0 fe df a0 fe df a0 fe df 
048490  a0 fe df a0 fe df a0 fe df a0 fe df a0 fe df a0 
0484a0  fe df a0 fe df a0 fe df a0 fe df a0 fe df a0 fe 
0484b0  df a0 fe df a0 fe df a0 fe df a0 fe df a0 fe df 
0484c0  a0 fe df a0 fe df a0 fe df a0 fe df a0 fe df a0 
0484d0  fe df a0 fe df a0 fe df a0 fe df a0 fe df a0 fe 
0484e0  df a0 fe df a0 fe df a0 fe df a0 fe df a0 fe df 
0484f0  a0 fe df a0 fe df a0 fe df a0 fe df a0 fe df a0 
048500  fe df a0 fe df a0 fe df a0 fe df a0 fe df a0 fe 
048510  df a0 fe df a0 fe df a0 fe df a0 fe df a0 fe df 
048520  a0 fe df a0 fe df a0 fe df a0 fe df a0 fe df a0 
048530  fe df a0 fe df a0 fe df a0 fe df a0 fe df a0 fe 
048540  df a0 fe df a0 fe df a0 fe df a0 fe df a0 fe df 
048550  a0 fe df a0 fe df a0 fe df a0 fe df a0 fe df a0 
048560  fe df a0 fe df a0 fe df a0 fe df a0 fe df a0 fe 
048570  df a0 fe df a0 fe df a0 fe df a0 fe df a0 fe df 
048580  a0 fe df a0 fe df a0 fe df a0 fe df a0 fe df a0 
048590  fe df a0 fe df a0 fe df a0 fe df a0 fe df a0 fe 
0485a0  df a0 fe df a0 fe df a0 fe df a0 fe df a0 fe df 
0485b0  a0 fe df a0 fe df a0 fe df a0 fe df a0 fe df a0 
0485c0  fe df a0 fe df a0 fe df a0 fe df a0 fe df a0 fe 
0485d0  df a0 fe df a0 fe df a0 fe df a0 fe df a0 fe df 
0485e0  a0 fe df a0 fe df a0 fe df a0 fe df a0 fe df a0 
0485f0  fe df a0 fe df a0 fe df a0 fe df a0 fe df a0 fe 
048600  df a0 fe df a0 fe df a0 fe df a0 fe df a0 fe df 
048610  a0 fe df a0 fe df a0 fe df a0 fe df a0 fe df a0 
048620  fe df a0 fe df a0 fe df a0 fe df a0 fe df a0 fe 
048630  df a0 fe df a0 fe df a0 fe df a0 fe df a0 fe df 
048640  a0 fe df a0 fe df a0 fe df a0 fe df a0 fe df a0 
048650  fe df a0 fe df a0 fe df a0 fe df a0 fe df a0 fe 
048660  df a0 fe df a0 fe df a0 fe df a0 fe df a0 fe df 
048670  a0 fe df a0 fe df a0 fe df a0 fe df a0 fe df a0 
048680  fe df a0 fe df a0 fe df a0 fe df a0 fe df a0 fe 
048690  df a0 fe df a0 fe df a0 fe df a0 fe df a0 fe df 
0486a0  a0 fe df a0 fe df a0 fe df a0 fe df a0 fe df a0 
0486b0  fe df a0 fe df a0 fe df a0 fe df a0 fe df a0 fe 
0486c0  df a0 fe df a0 fe df a0 fe df a0 fe df a0 fe df 
0486d0  a0 fe df a0 fe df a0 fe df a0 fe df a0 fe df a0 
0486e0  fe df a0 fe df a0 fe df a0 fe df a0 fe df a0 fe 
0486f0  df a0 fe df a0 fe df a0 fe df a0 fe df a0 fe df 
048700  a0 fe df a0 fe df a0 fe df a0 fe df a0 fe df a0 
048710  fe df a0 fe df a0 fe df a0 fe df a0 fe df a0 fe 
048720  df a0 fe df a0 fe df a0 fe df a0 fe df a0 fe df 
048730  a0 fe df a0 fe df a0 fe df a0 fe df a0 fe df a0 
048740  fe df a0 fe df a0 fe df a0 fe df a0 fe df a0 fe 
048750  df a0 fe df a0 fe df a0 fe df a0 fe df a0 fe df 
048760  a0 fe df a0 fe df a0 fe df a0 fe df a0 fe df a0 
048770  fe df a0 fe df a0 fe df a0 fe df a0 fe df a0 fe 
048780  df a0 fe df a0 fe df a0 fe df a0 fe df a0 fe df 
048790  a0 fe df a0 fe df a0 fe df a0 fe df a0 fe df a0 
0487a0  fe df a0 fe df a0 fe df a0 fe df a0 fe df a0 fe 
0487b0  df a0 fe df a0 fe df a0 fe df a0 fe df a0 fe df 
0487c0  a0 fe df a0 fe df a0 fe df a0 fe df a0 fe df a0 
0487d0  fe df a0 fe df a0 fe df a0 fe df a0 fe df a0 fe 
0487e0  df a0 fe df a0 fe df a0 fe df a0 fe df a0 fe df 
0487f0  a0 fe df a0 fe df a0 fe df a0 fe df a0 fe df a0 
048800  fe df a0 fe df a0 fe df a0 fe df a0 fe df a0 fe 
048810  df a0 fe df a0 fe df a0 fe df a0 fe df a0 fe df 
048820  a0 fe df a0 fe df a0 fe df a0 fe df a0 fe df a0 
048830  fe df a0 fe df a0 fe df a0 fe df a0 fe df a0 fe 
048840  df a0 fe df a0 fe df a0 fe df a0 fe df a0 fe df 
048850  a0 fe df a0 fe df a0 fe df a0 fe df a0 fe df a0 
048860  fe df a0 fe df a0 fe df a0 fe df a0 fe df a0 fe 
048870  df a0 fe df a0 fe df a0 fe df a0 fe df a0 fe df 
048880  a0 fe df a0 fe df a0 fe df a0 fe df a0 fe df a0 
048890  fe df a0 fe df a0 fe df a0 fe df a0 fe df a0 fe 
0488a0  df a0 fe df a0 fe df a0 fe df a0 fe df a0 fe df 
0488b0  a0 fe df a0 fe df a0 fe df a0 fe df a0 fe df a0 
0488c0  fe df a0 fe df a0 fe df a0 fe df a0 fe df a0 fe 
0488d0  df a0 fe df a0 fe df a0 fe df a0 fe df a0 fe df 
0488e0  a0 fe df a0 fe df a0 fe df a0 fe df a0 fe df a0 
0488f0  fe df a0 fe df a0 fe df a0 fe df a0 fe df a0 fe 
048900  df a0 fe df a0 fe df a0 fe df a0 fe df a0 fe df 
048910  a0 fe df a0 fe df a0 fe df a0 fe df a0 fe df a0 
048920  fe df a0 fe df a0 fe df a0 fe df a0 fe df a0 fe 
048930  df a0 fe df a0 fe df a0 fe df a0 fe df a0 fe df 
048940  a0 fe df a0 fe df a0 fe df a0 fe df a0 fe df a0 
048950  fe df a0 fe df a0 fe df a0 fe df a0 fe df a0 fe 
048960  df a0 fe df a0 fe df a0 fe df a0 fe df a0 fe df 
048970  a0 fe df a0 fe df a0 fe df a0 fe df a0 fe df a0 
048980  fe df a0 fe df a0 fe df a0 fe df a0 fe df a0 fe 
048990  df a0 fe df a0 fe df a0 fe df a0 fe df a0 fe df 
0489a0  a0 fe df a0 fe df a0 fe df a0 fe df a0 fe df a0 
0489b0  fe df a0 fe df a0 fe df a0 fe df a0 fe df a0 fe 
0489c0  df a0 fe df a0 fe df a0 fe df a0 fe df a0 fe df 
0489d0  a0 fe df a0 fe df a0 fe df a0 fe df a0 fe df a0 
0489e0  fe df a0 fe df a0 fe df a0 fe df a0 fe df a0 fe 
0489f0  df a0 fe df a0 fe df a0 fe df a0 fe df a0 fe df 
048a00  a0 fe df a0 fe df a0 fe df a0 fe df a0 fe df a0 
048a10  fe df a0 fe df a0 fe df a0 fe df a0 fe df a0 fe 
048a20  df a0 fe df a0 fe df a0 fe df a0 fe df a0 fe df 
048a30  a0 fe df a0 fe df a0 fe df a0 fe df a0 fe df a0 
048a40  fe df a0 fe df a0 fe df a0 fe df a0 fe df a0 fe 
048a50  df a0 fe df a0 fe df a0 fe df a0 fe df a0 fe df 
048a60  a0 fe df a0 fe df a0 fe df a0 fe df a0 fe df a0 
048a70  fe df a0 fe df a0 fe df a0 fe df a0 fe df a0 fe 
048a80  df a0 fe df a0 fe df a0 fe df a0 fe df a0 fe df 
048a90  a0 fe df a0 fe df a0 fe df a0 fe df a0 fe df a0 
048aa0  fe df a0 fe df a0 fe df a0 fe df a0 fe df a0 fe 
048ab0  df a0 fe df a0 fe df a0 fe df a0 fe df a0 fe df 
048ac0  a0 fe df a0 fe df a0 fe df a0 fe df a0 fe df a0 
048ad0  fe df a0 fe df a0 fe df a0 fe df a0 fe df a0 fe 
048ae0  df a0 fe df a0 fe df a0 fe df a0 fe df a0 fe df 
048af0  a0 fe df a0 fe df a0 fe df a0 fe df a0 fe df a0 
048b00  fe df a0 fe df a0 fe df a0 fe df a0 fe df a0 fe 
048b10  df a0 fe df a0 fe df a0 fe df a0 fe df a0 fe df 
048b20  a0 fe df a0 fe df a0 fe df a0 fe df a0 fe df a0 
048b30  fe df a0 fe df a0 fe df a0 fe df a0 fe df a0 fe 
048b40  df a0 fe df a0 fe df a0 fe df a0 fe df a0 fe df 
048b50  a0 fe df a0 fe df a0 fe df a0 fe df a0 fe df a0 
048b60  fe df a0 fe df a0 fe df a0 fe df a0 fe df a0 fe 
048b70  df a0 fe df a0 fe df a0 fe df a0 fe df a0 fe df 
048b80  a0 fe df a0 fe df a0 fe df a0 fe df a0 fe df a0 
048b90  fe df a0 fe df a0 fe df a0 fe df a0 fe df a0 fe 
048ba0  df a0 fe df a0 fe df a0 fe df a0 fe df a0 fe df 
048bb0  a0 fe df a0 fe df a0 fe df a0 fe df a0 fe df a0 
048bc0  fe df a0 fe df a0 fe df a0 fe df a0 fe df a0 fe 
048bd0  df a0 fe df a0 fe df a0 fe df a0 fe df a0 fe df 
048be0  a0 fe df a0 fe df a0 fe df a0 fe df a0 fe df a0 
048bf0  fe df a0 fe df a0 fe df a0 fe df a0 fe df a0 fe 
048c00  df a0 fe df a0 fe df a0 fe df a0 fe df a0 fe df 
048c10  a0 fe df a0 fe df a0 fe df a0 fe df a0 fe df a0 
048c20  fe df a0 fe df a0 fe df a0 fe df a0 fe df a0 fe 
048c30  df a0 fe df a0 fe df a0 fe df a0 fe df a0 fe df 
048c40  a0 fe df a0 fe df a0 fe df a0 fe df a0 fe df a0 
048c50  fe df a0 fe df a0 fe df a0 fe df a0 fe df a0 fe 
048c60  df a0 fe df a0 fe df a0 fe df a0 fe df a0 fe df 
048c70  a0 fe df a0 fe df a0 fe df a0 fe df a0 fe df a0 
048c80  fe df a0 fe df a0 fe df a0 fe df a0 fe df a0 fe 
048c90  df a0 fe df a0 fe df a0 fe df a0 fe df a0 fe df 
048ca0  a0 fe df a0 fe df a0 fe df a0 fe df a0 fe df a0 
048cb0  fe df a0 fe df a0 fe df a0 fe df a0 fe df a0 fe 
048cc0  df a0 fe df a0 fe df a0 fe df a0 fe df a0 fe df 
048cd0  a0 fe df a0 fe df a0 fe df a0 fe df a0 fe df a0 
048ce0  fe df a0 fe df a0 fe df a0 fe df a0 fe df a0 fe 
048cf0  df a0 fe df a0 fe df a0 fe df a0 fe df a0 fe df 
048d00  a0 fe df a0 fe df a0 fe df a0 fe df a0 fe df a0 
048d10  fe df a0 fe df a0 fe df a0 fe df a0 fe df a0 fe 
048d20  df a0 fe df a0 fe df a0 fe df a0 fe df a0 fe df 
048d30  a0 fe df a0 fe df a0 fe df a0 fe df a0 fe df a0 
048d40  fe df a0 fe df a0 fe df a0 fe df a0 fe df a0 fe 
048d50  df a0 fe df a0 fe df a0 fe df a0 fe df a0 fe df 
048d60  a0 fe df a0 fe df a0 fe df a0 fe df a0 fe df a0 
048d70  fe df a0 fe df a0 fe df a0 fe df a0 fe df a0 fe 
048d80  df a0 fe df a0 fe df a0 fe df a0 fe df a0 fe df 
048d90  a0 fe df a0 fe df a0 fe df a0 fe df a0 fe df a0 
048da0  fe df a0 fe df a0 fe df a0 fe df a0 fe df a0 fe 
048db0  df a0 fe df a0 fe df a0 fe df a0 fe df a0 fe df 
048dc0  a0 fe df a0 fe df a0 fe df a0 fe df a0 fe df a0 
048dd0  fe df a0 fe df a0 fe df a0 fe df a0 fe df a0 fe 
048de0  df a0 fe df a0 fe df a0 fe df a0 fe df a0 fe df 
048df0  a0 fe df a0 fe df a0 fe df a0 fe df a0 fe df a0 
048e00  fe df a0 fe df a0 fe df a0 fe df a0 fe df a0 fe 
048e10  df a0 fe df a0 fe df a0 fe df a0 fe df a0 fe df 
048e20  a0 fe df a0 fe df a0 fe df a0 fe df a0 fe df a0 
048e30  fe df a0 fe df a0 fe df a0 fe df a0 fe df a0 fe 
048e40  df a0 fe df a0 fe df a0 fe df a0 fe df a0 fe df 
048e50  a0 fe df a0 fe df a0 fe df a0 fe df a0 fe df a0 
048e60  fe df a0 fe df a0 fe df a0 fe df a0 fe df a0 fe 
048e70  df a0 fe df a0 fe df a0 fe df a0 fe df a0 fe df 
048e80  a0 fe df a0 fe df a0 fe df a0 fe df a0 fe df a0 
048e90  fe df a0 fe df a0 fe df a0 fe df a0 fe df a0 fe 
048ea0  df a0 fe df a0 fe df a0 fe df a0 fe df a0 fe df 
048eb0  a0 fe df a0 fe df a0 fe df a0 fe df a0 fe df a0 
048ec0  fe df a0 fe df a0 fe df a0 fe df a0 fe df a0 fe 
048ed0  df a0 fe df a0 fe df a0 fe df a0 fe df a0 fe df 
048ee0  a0 fe df a0 fe df a0 fe df a0 fe df a0 fe df a0 
048ef0  fe df a0 fe df a0 fe df a0 fe df a0 fe df a0 fe 
048f00  df a0 fe df a0 fe df a0 fe df a0 fe df a0 fe df 
048f10  a0 fe df a0 fe df a0 fe df a0 fe df a0 fe df a0 
048f20  fe df a0 fe df a0 fe df a0 fe df a0 fe df a0 fe 
048f30  df a0 fe df a0 fe df a0 fe df a0 fe df a0 fe df 
048f40  a0 fe df a0 fe df a0 fe df a0 fe df a0 fe df a0 
048f50  fe df a0 fe df a0 fe df a0 fe df a0 fe df a0 fe 
048f60  df a0 fe df a0 fe df a0 fe df a0 fe df a0 fe df 
048f70  a0 fe df a0 fe df a0 fe df a0 fe df a0 fe df a0 
048f80  fe df a0 fe df a0 fe df a0 fe df a0 fe df a0 fe 
048f90  df a0 fe df a0 fe df a0 fe df a0 fe df a0 fe df 
048fa0  a0 fe df a0 fe df a0 fe df a0 fe df a0 fe df a0 
048fb0  fe df a0 fe df a0 fe df a0 fe df a0 fe df a0 fe 
048fc0  df a0 fe df a0 fe df a0 fe df a0 fe df a0 fe df 
048fd0  a0 fe df a0 fe df a0 fe df a0 fe df a0 fe df a0 
048fe0  fe df a0 fe df a0 fe df a0 fe df a0 fe df a0 fe 
048ff0  df a0 fe df a0 fe df a0 fe df a0 fe df a0 fe df 
049000  a0 fe df a0 fe df a0 fe df a0 fe df a0 fe df a0 
049010  fe df a0 fe df a0 fe df a0 fe df a0 fe df a0 fe 
049020  df a0 fe df a0 fe df a0 fe df a0 fe df a0 fe df 
049030  a0 fe df a0 fe df a0 fe df a0 fe df a0 fe df a0 
049040  fe df a0 fe df a0 fe df a0 fe df a0 fe df a0 fe 
049050  df a0 fe df a0 fe df a0 fe df a0 fe df a0 fe df 
049060  a0 fe df a0 fe df a0 fe df a0 fe df a0 fe df a0 
049070  fe df a0 fe df a0 fe df a0 fe df a0 fe df a0 fe 
049080  df a0 fe df a0 fe df a0 fe df a0 fe df a0 fe df 
049090  a0 fe df a0 fe df a0 fe df a0 fe df a0 fe df a0 
0490a0  fe df a0 fe df a0 fe df a0 fe df a0 fe df a0 fe 
0490b0  df a0 fe df a0 fe df a0 fe df a0 fe df a0 fe df 
0490c0  a0 fe df a0 fe df a0 fe df a0 fe df a0 fe df a0 
0490d0  fe df a0 fe df a0 fe df a0 fe df a0 fe df a0 fe 
0490e0  df a0 fe df a0 fe df a0 fe df a0 fe df a0 fe df 
0490f0  a0 fe df a0 fe df a0 fe df a0 fe df a0 fe df a0 
049100  fe df a0 fe df a0 fe df a0 fe df a0 fe df a0 fe 
049110  df a0 fe df a0 fe df a0 fe df a0 fe df a0 fe df 
049120  a0 fe df a0 fe df a0 fe df a0 fe df a0 fe df a0 
049130  fe df a0 fe df a0 fe df a0 fe df a0 fe df a0 fe 
049140  df a0 fe df a0 fe df a0 fe df a0 fe df a0 fe df 
049150  a0 fe df a0 fe df a0 fe df a0 fe df a0 fe df a0 
049160  fe df a0 fe df a0 fe df a0 fe df a0 fe df a0 fe 
049170  df a0 fe df a0 fe df a0 fe df a0 fe df a0 fe df 
049180  a0 fe df a0 fe df a0 fe df a0 fe df a0 fe df a0 
049190  fe df a0 fe df a0 fe df a0 fe df a0 fe df a0 fe 
0491a0  df a0 fe df a0 fe df a0 fe df a0 fe df a0 fe df 
0491b0  a0 fe df a0 fe df a0 fe df a0 fe df a0 fe df a0 
0491c0  fe df a0 fe df a0 fe df a0 fe df a0 fe df a0 fe 
0491d0  df a0 fe df a0 fe df a0 fe df a0 fe df a0 fe df 
0491e0  a0 fe df a0 fe df a0 fe df a0 fe df a0 fe df a0 
0491f0  fe df a0 fe df a0 fe df a0 fe df a0 fe df a0 fe 
049200  df a0 fe df a0 fe df a0 fe df a0 fe df a0 fe df 
049210  a0 fe df a0 fe df a0 fe df a0 fe df a0 fe df a0 
049220  fe df a0 fe df a0 fe df a0 fe df a0 fe df a0 fe 
049230  df a0 fe df a0 fe df a0 fe df a0 fe df a0 fe df 
049240  a0 fe df a0 fe df a0 fe df a0 fe df a0 fe df a0 
049250  fe df a0 fe df a0 fe df a0 fe df a0 fe df a0 fe 
049260  df a0 fe df a0 fe df a0 fe df a0 fe df a0 fe df 
049270  a0 fe df a0 fe df a0 fe df a0 fe df a0 fe df a0 
049280  fe df a0 fe df a0 fe df a0 fe df a0 fe df a0 fe 
049290  df a0 fe df a0 fe df a0 fe df a0 fe df a0 fe df 
0492a0  a0 fe df a0 fe df a0 fe df a0 fe df a0 fe df a0 
0492b0  fe df a0 fe df a0 fe df a0 fe df a0 fe df a0 fe 
0492c0  df a0 fe df a0 fe df a0 fe df a0 fe df a0 fe df 
0492d0  a0 fe df a0 fe df a0 fe df a0 fe df a0 fe df a0 
0492e0  fe df a0 fe df a0 fe df a0 fe df a0 fe df a0 fe 
0492f0  df a0 fe df a0 fe df a0 fe df a0 fe df a0 fe df 
049300  a0 fe df a0 fe df a0 fe df a0 fe df a0 fe df a0 
049310  fe df a0 fe df a0 fe df a0 fe df a0 fe df a0 fe 
049320  df a0 fe df a0 fe df a0 fe df a0 fe df a0 fe df 
049330  a0 fe df a0 fe df a0 fe df a0 fe df a0 fe df a0 
049340  fe df a0 fe df a0 fe df a0 fe df a0 fe df a0 fe 
049350  df a0 fe df a0 fe df a0 fe df a0 fe df a0 fe df 
049360  a0 fe df a0 fe df a0 fe df a0 fe df a0 fe df a0 
049370  fe df a0 fe df a0 fe df a0 fe df a0 fe df a0 fe 
049380  df a0 fe df a0 fe df a0 fe df a0 fe df a0 fe df 
049390  a0 fe df a0 fe df a0 fe df a0 fe df a0 fe df a0 
0493a0  fe df a0 fe df a0 fe df a0 fe df a0 fe df a0 fe 
0493b0  df a0 fe df a0 fe df a0 fe df a0 fe df a0 fe df 
0493c0  a0 fe df a0 fe df a0 fe df a0 fe df a0 fe df a0 
0493d0  fe df a0 fe df a0 fe df a0 fe df a0 fe df a0 fe 
0493e0  df a0 fe df a0 fe df a0 fe df a0 fe df a0 fe df 
0493f0  a0 fe df a0 fe df a0 fe df a0 fe df a0 fe df a0 
049400  fe df a0 fe df a0 fe df a0 fe df a0 fe df a0 fe 
049410  df a0 fe df a0 fe df a0 fe df a0 fe df a0 fe df 
049420  a0 fe df a0 fe df a0 fe df a0 fe df a0 fe df a0 
049430  fe df a0 fe df a0 fe df a0 fe df a0 fe df a0 fe 
049440  df a0 fe df a0 fe df a0 fe df a0 fe df a0 fe df 
049450  a0 fe df a0 fe df a0 fe df a0 fe df a0 fe df a0 
049460  fe df a0 fe df a0 fe df a0 fe df a0 fe df a0 fe 
049470  df a0 fe df a0 fe df a0 fe df a0 fe df a0 fe df 
049480  a0 fe df a0 fe df a0 fe df a0 fe df a0 fe df a0 
049490  fe df a0 fe df a0 fe df a0 fe df a0 fe df a0 fe 
0494a0  df a0 fe df a0 fe df a0 fe df a0 fe df a0 fe df 
0494b0  a0 fe df a0 fe df a0 fe df a0 fe df a0 fe df a0 
0494c0  fe df a0 fe df a0 fe df a0 fe df a0 fe df a0 fe 
0494d0  df a0 fe df a0 fe df a0 fe df a0 fe df a0 fe df 
0494e0  a0 fe df a0 fe df a0 fe df a0 fe df a0 fe df a0 
0494f0  fe df a0 fe df a0 fe df a0 fe df a0 fe df a0 fe 
049500  df a0 fe df a0 fe df a0 fe df a0 fe df a0 fe df 
049510  a0 fe df a0 fe df a0 fe df a0 fe df a0 fe df a0 
049520  fe df a0 fe df a0 fe df a0 fe df a0 fe df a0 fe 
049530  df a0 fe df a0 fe df a0 fe df a0 fe df a0 fe df 
049540  a0 fe df a0 fe df a0 fe df a0 fe df a0 fe df a0 
049550  fe df a0 fe df a0 fe df a0 fe df a0 fe df a0 fe 
049560  df a0 fe df a0 fe df a0 fe df a0 fe df a0 fe df 
049570  a0 fe df a0 fe df a0 fe df a0 fe df a0 fe df a0 
049580  fe df a0 fe df a0 fe df a0 fe df a0 fe df a0 fe 
049590  df a0 fe df a0 fe df a0 fe df a0 fe df a0 fe df 
0495a0  a0 fe df a0 fe df a0 fe df a0 fe df a0 fe df a0 
0495b0  fe df a0 fe df a0 fe df a0 fe df a0 fe df a0 fe 
0495c0  df a0 fe df a0 fe df a0 fe df a0 fe df a0 fe df 
0495d0  a0 fe df a0 fe df a0 fe df a0 fe df a0 fe df a0 
0495e0  fe df a0 fe df a0 fe df a0 fe df a0 fe df a0 fe 
0495f0  df a0 fe df a0 fe df a0 fe df a0 fe df a0 fe df 
049600  a0 fe df a0 fe df a0 fe df a0 fe df a0 fe df a0 
049610  fe df a0 fe df a0 fe df a0 fe df a0 fe df a0 fe 
049620  df a0 fe df a0 fe df a0 fe df a0 fe df a0 fe df 
049630  a0 fe df a0 fe df a0 fe df a0 fe df a0 fe df a0 
049640  fe df a0 fe df a0 fe df a0 fe df a0 fe df a0 fe 
049650  df a0 fe df a0 fe df a0 fe df a0 fe df a0 fe df 
049660  a0 fe df a0 fe df a0 fe df a0 fe df a0 fe df a0 
049670  fe df a0 fe df a0 fe df a0 fe df a0 fe df a0 fe 
049680  df a0 fe df a0 fe df a0 fe df a0 fe df a0 fe df 
049690  a0 fe df a0 fe df a0 fe df a0 fe df a0 fe df a0 
0496a0  fe df a0 fe df a0 fe df a0 fe df a0 fe df a0 fe 
0496b0  df a0 fe df a0 fe df a0 fe df a0 fe df a0 fe df 
0496c0  a0 fe df a0 fe df a0 fe df a0 fe df a0 fe df a0 
0496d0  fe df a0 fe df a0 fe df a0 fe df a0 fe df a0 fe 
0496e0  df a0 fe df a0 fe df a0 fe df a0 fe df a0 fe df 
0496f0  a0 fe df a0 fe df a0 fe df a0 fe df a0 fe df a0 
049700  fe df a0 fe df a0 fe df a0 fe df a0 fe df a0 fe 
049710  df a0 fe df a0 fe df a0 fe df a0 fe df a0 fe df 
049720  a0 fe df a0 fe df a0 fe df a0 fe df a0 fe df a0 
049730  fe df a0 fe df a0 fe df a0 fe df a0 fe df a0 fe 
049740  df a0 fe df a0 fe df a0 fe df a0 fe df a0 fe df 
049750  a0 fe df a0 fe df a0 fe df a0 fe df a0 fe df a0 
049760  fe df a0 fe df a0 fe df a0 fe df a0 fe df a0 fe 
049770  df a0 fe df a0 fe df a0 fe df a0 fe df a0 fe df 
049780  a0 fe df a0 fe df a0 fe df a0 fe df a0 fe df a0 
049790  fe df a0 fe df a0 fe df a0 fe df a0 fe df a0 fe 
0497a0  df a0 fe df a0 fe df a0 fe df a0 fe df a0 fe df 
0497b0  a0 fe df a0 fe df a0 fe df a0 fe df a0 fe df a0 
0497c0  fe df a0 fe df a0 fe df a0 fe df a0 fe df a0 fe 
0497d0  df a0 fe df a0 fe df a0 fe df a0 fe df a0 fe df 
0497e0  a0 fe df a0 fe df a0 fe df a0 fe df a0 fe df a0 
0497f0  fe df a0 fe df a0 fe df a0 fe df a0 fe df a0 fe 
049800  df a0 fe df a0 fe df a0 fe df a0 fe df a0 fe df 
049810  a0 fe df a0 fe df a0 fe df a0 fe df a0 fe df a0 
049820  fe df a0 fe df a0 fe df a0 fe df a0 fe df a0 fe 
049830  df a0 fe df a0 fe df a0 fe df a0 fe df a0 fe df 
049840  a0 fe df a0 fe df a0 fe df a0 fe df a0 fe df a0 
049850  fe df a0 fe df a0 fe df a0 fe df a0 fe df a0 fe 
049860  df a0 fe df a0 fe df a0 fe df a0 fe df a0 fe df 
049870  a0 fe df a0 fe df a0 fe df a0 fe df a0 fe df a0 
049880  fe df a0 fe df a0 fe df a0 fe df a0 fe df a0 fe 
049890  df a0 fe df a0 fe df a0 fe df a0 fe df a0 fe df 
0498a0  a0 fe df a0 fe df a0 fe df a0 fe df a0 fe df a0 
0498b0  fe df a0 fe df a0 fe df a0 fe df a0 fe df a0 fe 
0498c0  df a0 fe df a0 fe df a0 fe df a0 fe df a0 fe df 
0498d0  a0 fe df a0 fe df a0 fe df a0 fe df a0 fe df a0 
0498e0  fe df a0 fe df a0 fe df a0 fe df a0 fe df a0 fe 
0498f0  df a0 fe df a0 fe df a0 fe df a0 fe df a0 fe df 
049900  a0 fe df a0 fe df a0 fe df a0 fe df a0 fe df a0 
049910  fe df a0 fe df a0 fe df a0 fe df a0 fe df a0 fe 
049920  df a0 fe df a0 fe df a0 fe df a0 fe df a0 fe df 
049930  a0 fe df a0 fe df a0 fe df a0 fe df a0 fe df a0 
049940  fe df a0 fe df a0 fe df a0 fe df a0 fe df a0 fe 
049950  df a0 fe df a0 fe df a0 fe df a0 fe df a0 fe df 
049960  a0 fe df a0 fe df a0 fe df a0 fe df a0 fe df a0 
049970  fe df a0 fe df a0 fe df a0 fe df a0 fe df a0 fe 
049980  df a0 fe df a0 fe df a0 fe df a0 fe df a0 fe df 
049990  a0 fe df a0 fe df a0 fe df a0 fe df a0 fe df a0 
0499a0  fe df a0 fe df a0 fe df a0 fe df a0 fe df a0 fe 
0499b0  df a0 fe df a0 fe df a0 fe df a0 fe df a0 fe df 
0499c0  a0 fe df a0 fe df a0 fe df a0 fe df a0 fe df a0 
0499d0  fe df a0 fe df a0 fe df a0 fe df a0 fe df a0 fe 
0499e0  df a0 fe df a0 fe df a0 fe df a0 fe df a0 fe df 
0499f0  a0 fe df a0 fe df a0 fe df a0 fe df a0 fe df a0 
049a00  fe df a0 fe df a0 fe df a0 fe df a0 fe df a0 fe 
049a10  df a0 fe df a0 fe df a0 fe df a0 fe df a0 fe df 
049a20  a0 fe df a0 fe df a0 fe df a0 fe df a0 fe df a0 
049a30  fe df a0 fe df a0 fe df a0 fe df a0 fe df a0 fe 
049a40  df a0 fe df a0 fe df a0 fe df a0 fe df a0 fe df 
049a50  a0 fe df a0 fe df a0 fe df a0 fe df a0 fe df a0 
049a60  fe df a0 fe df a0 fe df a0 fe df a0 fe df a0 fe 
049a70  df a0 fe df a0 fe df a0 fe df a0 fe df a0 fe df 
049a80  a0 fe df a0 fe df a0 fe df a0 fe df a0 fe df a0 
049a90  fe df a0 fe df a0 fe df a0 fe df a0 fe df a0 fe 
049aa0  df a0 fe df a0 fe df a0 fe df a0 fe df a0 fe df 
049ab0  a0 fe df a0 fe df a0 fe df a0 fe df a0 fe df a0 
049ac0  fe df a0 fe df a0 fe df a0 fe df a0 fe df a0 fe 
049ad0  df a0 fe df a0 fe df a0 fe df a0 fe df a0 fe df 
049ae0  a0 fe df a0 fe df a0 fe df a0 fe df a0 fe df a0 
049af0  fe df a0 fe df a0 fe df a0 fe df a0 fe df a0 fe 
049b00  df a0 fe df a0 fe df a0 fe df a0 fe df a0 fe df 
049b10  a0 fe df a0 fe df a0 fe df a0 fe df a0 fe df a0 
049b20  fe df a0 fe df a0 fe df a0 fe df a0 fe df a0 fe 
049b30  df a0 fe df a0 fe df a0 fe df a0 fe df a0 fe df 
049b40  a0 fe df a0 fe df a0 fe df a0 fe df a0 fe df a0 
049b50  fe df a0 fe df a0 fe df a0 fe df a0 fe df a0 fe 
049b60  df a0 fe df a0 fe df a0 fe df a0 fe df a0 fe df 
049b70  a0 fe df a0 fe df a0 fe df a0 fe df a0 fe df a0 
049b80  fe df a0 fe df a0 fe df a0 fe df a0 fe df a0 fe 
049b90  df a0 fe df a0 fe df a0 fe df a0 fe df a0 fe df 
049ba0  a0 fe df a0 fe df a0 fe df a0 fe df a0 fe df a0 
049bb0  fe df a0 fe df a0 fe df a0 fe df a0 fe df a0 fe 
049bc0  df a0 fe df a0 fe df a0 fe df a0 fe df a0 fe df 
049bd0  a0 fe df a0 fe df a0 fe df a0 fe df a0 fe df a0 
049be0  fe df a0 fe df a0 fe df a0 fe df a0 fe df a0 fe 
049bf0  df a0 fe df a0 fe df a0 fe df a0 fe df a0 fe df 
049c00  a0 fe df a0 fe df a0 fe df a0 fe df a0 fe df a0 
049c10  fe df a0 fe df a0 fe df a0 fe df a0 fe df a0 fe 
049c20  df a0 fe df a0 fe df a0 fe df a0 fe df a0 fe df 
049c30  a0 fe df a0 fe df a0 fe df a0 fe df a0 fe df a0 
049c40  fe df a0 fe df a0 fe df a0 fe df a0 fe df a0 fe 
049c50  df a0 fe df a0 fe df a0 fe df a0 fe df a0 fe df 
049c60  a0 fe df a0 fe df a0 fe df a0 fe df a0 fe df a0 
049c70  fe df a0 fe df a0 fe df a0 fe df a0 fe df a0 fe 
049c80  df a0 fe df a0 fe df a0 fe df a0 fe df a0 fe df 
049c90  a0 fe df a0 fe df a0 fe df a0 fe df a0 fe df a0 
049ca0  fe df a0 fe df a0 fe df a0 fe df a0 fe df a0 fe 
049cb0  df a0 fe df a0 fe df a0 fe df a0 fe df a0 fe df 
049cc0  a0 fe df a0 fe df a0 fe df a0 fe df a0 fe df a0 
049cd0  fe df a0 fe df a0 fe df a0 fe df a0 fe df a0 fe 
049ce0  df a0 fe df a0 fe df a0 fe df a0 fe df a0 fe df 
049cf0  a0 fe df a0 fe df a0 fe df a0 fe df a0 fe df a0 
049d00  fe df a0 fe df a0 fe df a0 fe df a0 fe df a0 fe 
049d10  df a0 fe df a0 fe df a0 fe df a0 fe df a0 fe df 
049d20  a0 fe df a0 fe df a0 fe df a0 fe df a0 fe df a0 
049d30  fe df a0 fe df a0 fe df a0 fe df a0 fe df a0 fe 
049d40  df a0 fe df a0 fe df a0 fe df a0 fe df a0 fe df 
049d50  a0 fe df a0 fe df a0 fe df a0 fe df a0 fe df a0 
049d60  fe df a0 fe df a0 fe df a0 fe df a0 fe df a0 fe 
049d70  df a0 fe df a0 fe df a0 fe df a0 fe df a0 fe df 
049d80  a0 fe df a0 fe df a0 fe df a0 fe df a0 fe df a0 
049d90  fe df a0 fe df a0 fe df a0 fe df a0 fe df a0 fe 
049da0  df a0 fe df a0 fe df a0 fe df a0 fe df a0 fe df 
049db0  a0 fe df a0 fe df a0 fe df a0 fe df a0 fe df a0 
049dc0  fe df a0 fe df a0 fe df a0 fe df a0 fe df a0 fe 
049dd0  df a0 fe df a0 fe df a0 fe df a0 fe df a0 fe df 
049de0  a0 fe df a0 fe df a0 fe df a0 fe df a0 fe df a0 
049df0  fe df a0 fe df a0 fe df a0 fe df a0 fe df a0 fe 
049e00  df a0 fe df a0 fe df a0 fe df a0 fe df a0 fe df 
049e10  a0 fe df a0 fe df a0 fe df a0 fe df a0 fe df a0 
049e20  fe df a0 fe df a0 fe df a0 fe df a0 fe df a0 fe 
049e30  df a0 fe df a0 fe df a0 fe df a0 fe df a0 fe df 
049e40  a0 fe df a0 fe df a0 fe df a0 fe df a0 fe df a0 
049e50  fe df a0 fe df a0 fe df a0 fe df a0 fe df a0 fe 
049e60  df a0 fe df a0 fe df a0 fe df a0 fe df a0 fe df 
049e70  a0 fe df a0 fe df a0 fe df a0 fe df a0 fe df a0 
049e80  fe df a0 fe df a0 fe df a0 fe df a0 fe df a0 fe 
049e90  df a0 fe df a0 fe df a0 fe df a0 fe df a0 fe df 
049ea0  a0 fe df a0 fe df a0 fe df a0 fe df a0 fe df a0 
049eb0  fe df a0 fe df a0 fe df a0 fe df a0 fe df a0 fe 
049ec0  df a0 fe df a0 fe df a0 fe df a0 fe df a0 fe df 
049ed0  a0 fe df a0 fe df a0 fe df a0 fe df a0 fe df a0 
049ee0  fe df a0 fe df a0 fe df a0 fe df a0 fe df a0 fe 
049ef0  df a0 fe df a0 fe df a0 fe df a0 fe df a0 fe df 
049f00  a0 fe df a0 fe df a0 fe df a0 fe df a0 fe df a0 
049f10  fe df a0 fe df a0 fe df a0 fe df a0 fe df a0 fe 
049f20  df a0 fe df a0 fe df a0 fe df a0 fe df a0 fe df 
049f30  a0 fe df a0 fe df a0 fe df a0 fe df a0 fe df a0 
049f40  fe df a0 fe df a0 fe df a0 fe df a0 fe df a0 fe 
049f50  df a0 fe df a0 fe df a0 fe df a0 fe df a0 fe df 
049f60  a0 fe df a0 fe df a0 fe df a0 fe df a0 fe df a0 
049f70  fe df a0 fe df a0 fe df a0 fe df a0 fe df a0 fe 
049f80  df a0 fe df a0 fe df a0 fe df a0 fe df a0 fe df 
049f90  a0 fe df a0 fe df a0 fe df a0 fe df a0 fe df a0 
049fa0  fe df a0 fe df a0 fe df a0 fe df a0 fe df a0 fe 
049fb0  df a0 fe df a0 fe df a0 fe df a0 fe df a0 fe df 
049fc0  a0 fe df a0 fe df a0 fe df a0 fe df a0 fe df a0 
049fd0  fe df a0 fe df a0 fe df a0 fe df a0 fe df a0 fe 
049fe0  df a0 fe df a0 fe df a0 fe df a0 fe df a0 fe df 
049ff0  a0 fe df a0 fe df a0 fe df a0 fe df a0 fe df a0 
04a000  fe df a0 fe df a0 fe df a0 fe df a0 fe df a0 fe 
04a010  df a0 fe df a0 fe df a0 fe df a0 fe df a0 fe df 
04a020  a0 fe df a0 fe df a0 fe df a0 fe df a0 fe df a0 
04a030  fe df a0 fe df a0 fe df a0 fe df a0 fe df a0 fe 
04a040  df a0 fe df a0 fe df a0 fe df a0 fe df a0 fe df 
04a050  a0 fe df a0 fe df a0 fe df a0 fe df a0 fe df a0 
04a060  fe df a0 fe df a0 fe df a0 fe df a0 fe df a0 fe 
04a070  df a0 fe df a0 fe df a0 fe df a0 fe df a0 fe df 
04a080  a0 fe df a0 fe df a0 fe df a0 fe df a0 fe df a0 
04a090  fe df a0 fe df a0 fe df a0 fe df a0 fe df a0 fe 
04a0a0  df a0 fe df a0 fe df a0 fe df a0 fe df a0 fe df 
04a0b0  a0 fe df a0 fe df a0 fe df a0 fe df a0 fe df a0 
04a0c0  fe df a0 fe df a0 fe df a0 fe df a0 fe df a0 fe 
04a0d0  df a0 fe df a0 fe df a0 fe df a0 fe df a0 fe df 
04a0e0  a0 fe df a0 fe df a0 fe df a0 fe df a0 fe df a0 
04a0f0  fe df a0 fe df a0 fe df a0 fe df a0 fe df a0 fe 
04a100  df a0 fe df a0 fe df a0 fe df a0 fe df a0 fe df 
04a110  a0 fe df a0 fe df a0 fe df a0 fe df a0 fe df a0 
04a120  fe df a0 fe df a0 fe df a0 fe df a0 fe df a0 fe 
04a130  df a0 fe df a0 fe df a0 fe df a0 fe df a0 fe df 
04a140  a0 fe df a0 fe df a0 fe df a0 fe df a0 fe df a0 
04a150  fe df a0 fe df a0 fe df a0 fe df a0 fe df a0 fe 
04a160  df a0 fe df a0 fe df a0 fe df a0 fe df a0 fe df 
04a170  a0 fe df a0 fe df a0 fe df a0 fe df a0 fe df a0 
04a180  fe df a0 fe df a0 fe df a0 fe df a0 fe df a0 fe 
04a190  df a0 fe df a0 fe df a0 fe df a0 fe df a0 fe df 
04a1a0  a0 fe df a0 fe df a0 fe df a0 fe df a0 fe df a0 
04a1b0  fe df a0 fe df a0 fe df a0 fe df a0 fe df a0 fe 
04a1c0  df a0 fe df a0 fe df a0 fe df a0 fe df a0 fe df 
04a1d0  a0 fe df a0 fe df a0 fe df a0 fe df a0 fe df a0 
04a1e0  fe df a0 fe df a0 fe df a0 fe df a0 fe df a0 fe 
04a1f0  df a0 fe df a0 fe df a0 fe df a0 fe df a0 fe df 
04a200  a0 fe df a0 fe df a0 fe df a0 fe df a0 fe df a0 
04a210  fe df a0 fe df a0 fe df a0 fe df a0 fe df a0 fe 
04a220  df a0 fe df a0 fe df a0 fe df a0 fe df a0 fe df 
04a230  a0 fe df a0 fe df a0 fe df a0 fe df a0 fe df a0 
04a240  fe df a0 fe df a0 fe df a0 fe df a0 fe df a0 fe 
04a250  df a0 fe df a0 fe df a0 fe df a0 fe df a0 fe df 
04a260  a0 fe df a0 fe df a0 fe df a0 fe df a0 fe df a0 
04a270  fe df a0 fe df a0 fe df a0 fe df a0 fe df a0 fe 
04a280  df a0 fe df a0 fe df a0 fe df a0 fe df a0 fe df 
04a290  a0 fe df a0 fe df a0 fe df a0 fe df a0 fe df a0 
04a2a0  fe df a0 fe df a0 fe df a0 fe df a0 fe df a0 fe 
04a2b0  df a0 fe df a0 fe df a0 fe df a0 fe df a0 fe df 
04a2c0  a0 fe df a0 fe df a0 fe df a0 fe df a0 fe df a0 
04a2d0  fe df a0 fe df a0 fe df a0 fe df a0 fe df a0 fe 
04a2e0  df a0 fe df a0 fe df a0 fe df a0 fe df a0 fe df 
04a2f0  a0 fe df a0 fe df a0 fe df a0 fe df a0 fe df a0 
04a300  fe df a0 fe df a0 fe df a0 fe df a0 fe df a0 fe 
04a310  df a0 fe df a0 fe df a0 fe df a0 fe df a0 fe df 
04a320  a0 fe df a0 fe df a0 fe df a0 fe df a0 fe df a0 
04a330  fe df a0 fe df a0 fe df a0 fe df a0 fe df a0 fe 
04a340  df a0 fe df a0 fe df a0 fe df a0 fe df a0 fe df 
04a350  a0 fe df a0 fe df a0 fe df a0 fe df a0 fe df a0 
04a360  fe df a0 fe df a0 fe df a0 fe df a0 fe df a0 fe 
04a370  df a0 fe df a0 fe df a0 fe df a0 fe df a0 fe df 
04a380  a0 fe df a0 fe df a0 fe df a0 fe df a0 fe df a0 
04a390  fe df a0 fe df a0 fe df a0 fe df a0 fe df a0 fe 
04a3a0  df a0 fe df a0 fe df a0 fe df a0 fe df a0 fe df 
04a3b0  a0 fe df a0 fe df a0 fe df a0 fe df a0 fe df a0 
04a3c0  fe df a0 fe df a0 fe df a0 fe df a0 fe df a0 fe 
04a3d0  df a0 fe df a0 fe df a0 fe df a0 fe df a0 fe df 
04a3e0  a0 fe df a0 fe df a0 fe df a0 fe df a0 fe df a0 
04a3f0  fe df a0 fe df a0 fe df a0 fe df a0 fe df a0 fe 
04a400  df a0 fe df a0 fe df a0 fe df a0 fe df a0 fe df 
04a410  a0 fe df a0 fe df a0 fe df a0 fe df a0 fe df a0 
04a420  fe df a0 fe df a0 fe df a0 fe df a0 fe df a0 fe 
04a430  df a0 fe df a0 fe df a0 fe df a0 fe df a0 fe df 
04a440  a0 fe df a0 fe df a0 fe df a0 fe df a0 fe df a0 
04a450  fe df a0 fe df a0 fe df a0 fe df a0 fe df a0 fe 
04a460  df a0 fe df a0 fe df a0 fe df a0 fe df a0 fe df 
04a470  a0 fe df a0 fe df a0 fe df a0 fe df a0 fe df a0 
04a480  fe df a0 fe df a0 fe df a0 fe df a0 fe df a0 fe 
04a490  df a0 fe df a0 fe df a0 fe df a0 fe df a0 fe df 
04a4a0  a0 fe df a0 fe df a0 fe df a0 fe df a0 fe df a0 
04a4b0  fe df a0 fe df a0 fe df a0 fe df a0 fe df a0 fe 
04a4c0  df a0 fe df a0 fe df a0 fe df a0 fe df a0 fe df 
04a4d0  a0 fe df a0 fe df a0 fe df a0 fe df a0 fe df a0 
04a4e0  fe df a0 fe df a0 fe df a0 fe df a0 fe df a0 fe 
04a4f0  df a0 fe df a0 fe df a0 fe df a0 fe df a0 fe df 
04a500  a0 fe df a0 fe df a0 fe df a0 fe df a0 fe df a0 
04a510  fe df a0 fe df a0 fe df a0 fe df a0 fe df a0 fe 
04a520  df a0 fe df a0 fe df a0 fe df a0 fe df a0 fe df 
04a530  a0 fe df a0 fe df a0 fe df a0 fe df a0 fe df a0 
04a540  fe df a0 fe df a0 fe df a0 fe df a0 fe df a0 fe 
04a550  df a0 fe df a0 fe df a0 fe df a0 fe df a0 fe df 
04a560  a0 fe df a0 fe df a0 fe df a0 fe df a0 fe df a0 
04a570  fe df a0 fe df a0 fe df a0 fe df a0 fe df a0 fe 
04a580  df a0 fe df a0 fe df a0 fe df a0 fe df a0 fe df 
04a590  a0 fe df a0 fe df a0 fe df a0 fe df a0 fe df a0 
04a5a0  fe df a0 fe df a0 fe df a0 fe df a0 fe df a0 fe 
04a5b0  df a0 fe df a0 fe df a0 fe df a0 fe df a0 fe df 
04a5c0  a0 fe df a0 fe df a0 fe df a0 fe df a0 fe df a0 
04a5d0  fe df a0 fe df a0 fe df a0 fe df a0 fe df a0 fe 
04a5e0  df a0 fe df a0 fe df a0 fe df a0 fe df a0 fe df 
04a5f0  a0 fe df a0 fe df a0 fe df a0 fe df a0 fe df a0 
04a600  fe df a0 fe df a0 fe df a0 fe df a0 fe df a0 fe 
04a610  df a0 fe df a0 fe df a0 fe df a0 fe df a0 fe df 
04a620  a0 fe df a0 fe df a0 fe df a0 fe df a0 fe df a0 
04a630  fe df a0 fe df a0 fe df a0 fe df a0 fe df a0 fe 
04a640  df a0 fe df a0 fe df a0 fe df a0 fe df a0 fe df 
04a650  a0 fe df a0 fe df a0 fe df a0 fe df a0 fe df a0 
04a660  fe df a0 fe df a0 fe df a0 fe df a0 fe df a0 fe 
04a670  df a0 fe df a0 fe df a0 fe df a0 fe df a0 fe df 
04a680  a0 fe df a0 fe df a0 fe df a0 fe df a0 fe df a0 
04a690  fe df a0 fe df a0 fe df a0 fe df a0 fe df a0 fe 
04a6a0  df a0 fe df a0 fe df a0 fe df a0 fe df a0 fe df 
04a6b0  a0 fe df a0 fe df a0 fe df a0 fe df a0 fe df a0 
04a6c0  fe df a0 fe df a0 fe df a0 fe df a0 fe df a0 fe 
04a6d0  df a0 fe df a0 fe df a0 fe df a0 fe df a0 fe df 
04a6e0  a0 fe df a0 fe df a0 fe df a0 fe df a0 fe df a0 
04a6f0  fe df a0 fe df a0 fe df a0 fe df a0 fe df a0 fe 
04a700  df a0 fe df a0 fe df a0 fe df a0 fe df a0 fe df 
04a710  a0 fe df a0 fe df a0 fe df a0 fe df a0 fe df a0 
04a720  fe df a0 fe df a0 fe df a0 fe df a0 fe df a0 fe 
04a730  df a0 fe df a0 fe df a0 fe df a0 fe df a0 fe df 
04a740  a0 fe df a0 fe df a0 fe df a0 fe df a0 fe df a0 
04a750  fe df a0 fe df a0 fe df a0 fe df a0 fe df a0 fe 
04a760  df a0 fe df a0 fe df a0 fe df a0 fe df a0 fe df 
04a770  a0 fe df a0 fe df a0 fe df a0 fe df a0 fe df a0 
04a780  fe df a0 fe df a0 fe df a0 fe df a0 fe df a0 fe 
04a790  df a0 fe df a0 fe df a0 fe df a0 fe df a0 fe df 
04a7a0  a0 fe df a0 fe df a0 fe df a0 fe df a0 fe df a0 
04a7b0  fe df a0 fe df a0 fe df a0 fe df a0 fe df a0 fe 
04a7c0  df a0 fe df a0 fe df a0 fe df a0 fe df a0 fe df 
04a7d0  a0 fe df a0 fe df a0 fe df a0 fe df a0 fe df a0 
04a7e0  fe df a0 fe df a0 fe df a0 fe df a0 fe df a0 fe 
04a7f0  df a0 fe df a0 fe df a0 fe df a0 fe df a0 fe df 
04a800  a0 fe df a0 fe df a0 fe df a0 fe df a0 fe df a0 
04a810  fe df a0 fe df a0 fe df a0 fe df a0 fe df a0 fe 
04a820  df a0 fe df a0 fe df a0 fe df a0 fe df a0 fe df 
04a830  a0 fe df a0 fe df a0 fe df a0 fe df a0 fe df a0 
04a840  fe df a0 fe df a0 fe df a0 fe df a0 fe df a0 fe 
04a850  df a0 fe df a0 fe df a0 fe df a0 fe df a0 fe df 
04a860  a0 fe df a0 fe df a0 fe df a0 fe df a0 fe df a0 
04a870  fe df a0 fe df a0 fe df a0 fe df a0 fe df a0 fe 
04a880  df a0 fe df a0 fe df a0 fe df a0 fe df a0 fe df 
04a890  a0 fe df a0 fe df a0 fe df a0 fe df a0 fe df a0 
04a8a0  fe df a0 fe df a0 fe df a0 fe df a0 fe df a0 fe 
04a8b0  df a0 fe df a0 fe df a0 fe df a0 fe df a0 fe df 
04a8c0  a0 fe df a0 fe df a0 fe df a0 fe df a0 fe df a0 
04a8d0  fe df a0 fe df a0 fe df a0 fe df a0 fe df a0 fe 
04a8e0  df a0 fe df a0 fe df a0 fe df a0 fe df a0 fe df 
04a8f0  a0 fe df a0 fe df a0 fe df a0 fe df a0 fe df a0 
04a900  fe df a0 fe df a0 fe df a0 fe df a0 fe df a0 fe 
04a910  df a0 fe df a0 fe df a0 fe df a0 fe df a0 fe df 
04a920  a0 fe df a0 fe df a0 fe df a0 fe df a0 fe df a0 
04a930  fe df a0 fe df a0 fe df a0 fe df a0 fe df a0 fe 
04a940  df a0 fe df a0 fe df a0 fe df a0 fe df a0 fe df 
04a950  a0 fe df a0 fe df a0 fe df a0 fe df a0 fe df a0 
04a960  fe df a0 fe df a0 fe df a0 fe df a0 fe df a0 fe 
04a970  df a0 fe df a0 fe df a0 fe df a0 fe df a0 fe df 
04a980  a0 fe df a0 fe df a0 fe df a0 fe df a0 fe df a0 
04a990  fe df a0 fe df a0 fe df a0 fe df a0 fe df a0 fe 
04a9a0  df a0 fe df a0 fe df a0 fe df a0 fe df a0 fe df 
04a9b0  a0 fe df a0 fe df a0 fe df a0 fe df a0 fe df a0 
04a9c0  fe df a0 fe df a0 fe df a0 fe df a0 fe df a0 fe 
04a9d0  df a0 fe df a0 fe df a0 fe df a0 fe df a0 fe df 
04a9e0  a0 fe df a0 fe df a0 fe df a0 fe df a0 fe df a0 
04a9f0  fe df a0 fe df a0 fe df a0 fe df a0 fe df a0 fe 
04aa00  df a0 fe df a0 fe df a0 fe df a0 fe df a0 fe df 
04aa10  a0 fe df a0 fe df a0 fe df a0 fe df a0 fe df a0 
04aa20  fe df a0 fe df a0 fe df a0 fe df a0 fe df a0 fe 
04aa30  df a0 fe df a0 fe df a0 fe df a0 fe df a0 fe df 
04aa40  a0 fe df a0 fe df a0 fe df a0 fe df a0 fe df a0 
04aa50  fe df a0 fe df a0 fe df a0 fe df a0 fe df a0 fe 
04aa60  df a0 fe df a0 fe df a0 fe df a0 fe df a0 fe df 
04aa70  a0 fe df a0 fe df a0 fe df a0 fe df a0 fe df a0 
04aa80  fe df a0 fe df a0 fe df a0 fe df a0 fe df a0 fe 
04aa90  df a0 fe df a0 fe df a0 fe df a0 fe df a0 fe df 
04aaa0  a0 fe df a0 fe df a0 fe df a0 fe df a0 fe df a0 
04aab0  fe df a0 fe df a0 fe df a0 fe df a0 fe df a0 fe 
04aac0  df a0 fe df a0 fe df a0 fe df a0 fe df a0 fe df 
04aad0  a0 fe df a0 fe df a0 fe df a0 fe df a0 fe df a0 
04aae0  fe df a0 fe df a0 fe df a0 fe df a0 fe df a0 fe 
04aaf0  df a0 fe df a0 fe df a0 fe df a0 fe df a0 fe df 
04ab00  a0 fe df a0 fe df a0 fe df a0 fe df a0 fe df a0 
04ab10  fe df a0 fe df a0 fe df a0 fe df a0 fe df a0 fe 
04ab20  df a0 fe df a0 fe df a0 fe df a0 fe df a0 fe df 
04ab30  a0 fe df a0 fe df a0 fe df a0 fe df a0 fe df a0 
04ab40  fe df a0 fe df a0 fe df a0 fe df a0 fe df a0 fe 
04ab50  df a0 fe df a0 fe df a0 fe df a0 fe df a0 fe df 
04ab60  a0 fe df a0 fe df a0 fe df a0 fe df a0 fe df a0 
04ab70  fe df a0 fe df a0 fe df a0 fe df a0 fe df a0 fe 
04ab80  df a0 fe df a0 fe df a0 fe df a0 fe df a0 fe df 
04ab90  a0 fe df a0 fe df a0 fe df a0 fe df a0 fe df a0 
04aba0  fe df a0 fe df a0 fe df a0 fe df a0 fe df a0 fe 
04abb0  df a0 fe df a0 fe df a0 fe df a0 fe df a0 fe df 
04abc0  a0 fe df a0 fe df a0 fe df a0 fe df a0 fe df a0 
04abd0  fe df a0 fe df a0 fe df a0 fe df a0 fe df a0 fe 
04abe0  df a0 fe df a0 fe df a0 fe df a0 fe df a0 fe df 
04abf0  a0 fe df a0 fe df a0 fe df a0 fe df a0 fe df a0 
04ac00  fe df a0 fe df a0 fe df a0 fe df a0 fe df a0 fe 
04ac10  df a0 fe df a0 fe df a0 fe df a0 fe df a0 fe df 
04ac20  a0 fe df a0 fe df a0 fe df a0 fe df a0 fe df a0 
04ac30  fe df a0 fe df a0 fe df a0 fe df a0 fe df a0 fe 
04ac40  df a0 fe df a0 fe df a0 fe df a0 fe df a0 fe df 
04ac50  a0 fe df a0 fe df a0 fe df a0 fe df a0 fe df a0 
04ac60  fe df a0 fe df a0 fe df a0 fe df a0 fe df a0 fe 
04ac70  df a0 fe df a0 fe df a0 fe df a0 fe df a0 fe df 
04ac80  a0 fe df a0 fe df a0 fe df a0 fe df a0 fe df a0 
04ac90  fe df a0 fe df a0 fe df a0 fe df a0 fe df a0 fe 
04aca0  df a0 fe df a0 fe df a0 fe df a0 fe df a0 fe df 
04acb0  a0 fe df a0 fe df a0 fe df a0 fe df a0 fe df a0 
04acc0  fe df a0 fe df a0 fe df a0 fe df a0 fe df a0 fe 
04acd0  df a0 fe df a0 fe df a0 fe df a0 fe df a0 fe df 
04ace0  a0 fe df a0 fe df a0 fe df a0 fe df a0 fe df a0 
04acf0  fe df a0 fe df a0 fe df a0 fe df a0 fe df a0 fe 
04ad00  df a0 fe df a0 fe df a0 fe df a0 fe df a0 fe df 
04ad10  a0 fe df a0 fe df a0 fe df a0 fe df a0 fe df a0 
04ad20  fe df a0 fe df a0 fe df a0 fe df a0 fe df a0 fe 
04ad30  df a0 fe df a0 fe df a0 fe df a0 fe df a0 fe df 
04ad40  a0 fe df a0 fe df a0 fe df a0 fe df a0 fe df a0 
04ad50  fe df a0 fe df a0 fe df a0 fe df a0 fe df a0 fe 
04ad60  df a0 fe df a0 fe df a0 fe df a0 fe df a0 fe df 
04ad70  a0 fe df a0 fe df a0 fe df a0 fe df a0 fe df a0 
04ad80  fe df a0 fe df a0 fe df a0 fe df a0 fe df a0 fe 
04ad90  df a0 fe df a0 fe df a0 fe df a0 fe df a0 fe df 
04ada0  a0 fe df a0 fe df a0 fe df a0 fe df a0 fe df a0 
04adb0  fe df a0 fe df a0 fe df a0 fe df a0 fe df a0 fe 
04adc0  df a0 fe df a0 fe df a0 fe df a0 fe df a0 fe df 
04add0  a0 fe df a0 fe df a0 fe df a0 fe df a0 fe df a0 
04ade0  fe df a0 fe df a0 fe df a0 fe df a0 fe df a0 fe 
04adf0  df a0 fe df a0 fe df a0 fe df a0 fe df a0 fe df 
04ae00  a0 fe df a0 fe df a0 fe df a0 fe df a0 fe df a0 
04ae10  fe df a0 fe df a0 fe df a0 fe df a0 fe df a0 fe 
04ae20  df a0 fe df a0 fe df a0 fe df a0 fe df a0 fe df 
04ae30  a0 fe df a0 fe df a0 fe df a0 fe df a0 fe df a0 
04ae40  fe df a0 fe df a0 fe df a0 fe df a0 fe df a0 fe 
04ae50  df a0 fe df a0 fe df a0 fe df a0 fe df a0 fe df 
04ae60  a0 fe df a0 fe df a0 fe df a0 fe df a0 fe df a0 
04ae70  fe df a0 fe df a0 fe df a0 fe df a0 fe df a0 fe 
04ae80  df a0 fe df a0 fe df a0 fe df a0 fe df a0 fe df 
04ae90  a0 fe df a0 fe df a0 fe df a0 fe df a0 fe df a0 
04aea0  fe df a0 fe df a0 fe df a0 fe df a0 fe df a0 fe 
04aeb0  df a0 fe df a0 fe df a0 fe df a0 fe df a0 fe df 
04aec0  a0 fe df a0 fe df a0 fe df a0 fe df a0 fe df a0 
04aed0  fe df a0 fe df a0 fe df a0 fe df a0 fe df a0 fe 
04aee0  df a0 fe df a0 fe df a0 fe df a0 fe df a0 fe df 
04aef0  a0 fe df a0 fe df a0 fe df a0 fe df a0 fe df a0 
04af00  fe df a0 fe df a0 fe df a0 fe df a0 fe df a0 fe 
04af10  df a0 fe df a0 fe df a0 fe df a0 fe df a0 fe df 
04af20  a0 fe df a0 fe df a0 fe df a0 fe df a0 fe df a0 
04af30  fe df a0 fe df a0 fe df a0 fe df a0 fe df a0 fe 
04af40  df a0 fe df a0 fe df a0 fe df a0 fe df a0 fe df 
04af50  a0 fe df a0 fe df a0 fe df a0 fe df a0 fe df a0 
04af60  fe df a0 fe df a0 fe df a0 fe df a0 fe df a0 fe 
04af70  df a0 fe df a0 fe df a0 fe df a0 fe df a0 fe df 
04af80  a0 fe df a0 fe df a0 fe df a0 fe df a0 fe df a0 
04af90  fe df a0 fe df a0 fe df a0 fe df a0 fe df a0 fe 
04afa0  df a0 fe df a0 fe df a0 fe df a0 fe df a0 fe df 
04afb0  a0 fe df a0 fe df a0 fe df a0 fe df a0 fe df a0 
04afc0  fe df a0 fe df a0 fe df a0 fe df a0 fe df a0 fe 
04afd0  df a0 fe df a0 fe df a0 fe df a0 fe df a0 fe df 
04afe0  a0 fe df a0 fe df a0 fe df a0 fe df a0 fe df a0 
04aff0  fe df a0 fe df a0 fe df a0 fe df a0 fe df a0 fe 
04b000  df a0 fe df a0 fe df a0 fe df a0 fe df a0 fe df 
04b010  a0 fe df a0 fe df a0 fe df a0 fe df a0 fe df a0 
04b020  fe df a0 fe df a0 fe df a0 fe df a0 fe df a0 fe 
04b030  df a0 fe df a0 fe df a0 fe df a0 fe df a0 fe df 
04b040  a0 fe df a0 fe df a0 fe df a0 fe df a0 fe df a0 
04b050  fe df a0 fe df a0 fe df a0 fe df a0 fe df a0 fe 
04b060  df a0 fe df a0 fe df a0 fe df a0 fe df a0 fe df 
04b070  a0 fe df a0 fe df a0 fe df a0 fe df a0 fe df a0 
04b080  fe df a0 fe df a0 fe df a0 fe df a0 fe df a0 fe 
04b090  df a0 fe df a0 fe df a0 fe df a0 fe df a0 fe df 
04b0a0  a0 fe df a0 fe df a0 fe df a0 fe df a0 fe df a0 
04b0b0  fe df a0 fe df a0 fe df a0 fe df a0 fe df a0 fe 
04b0c0  df a0 fe df a0 fe df a0 fe df a0 fe df a0 fe df 
04b0d0  a0 fe df a0 fe df a0 fe df a0 fe df a0 fe df a0 
04b0e0  fe df a0 fe df a0 fe df a0 fe df a0 fe df a0 fe 
04b0f0  df a0 fe df a0 fe df a0 fe df a0 fe df a0 fe df 
04b100  a0 fe df a0 fe df a0 fe df a0 fe df a0 fe df a0 
04b110  fe df a0 fe df a0 fe df a0 fe df a0 fe df a0 fe 
04b120  df a0 fe df a0 fe df a0 fe df a0 fe df a0 fe df 
04b130  a0 fe df a0 fe df a0 fe df a0 fe df a0 fe df a0 
04b140  fe df a0 fe df a0 fe df a0 fe df a0 fe df a0 fe 
04b150  df a0 fe df a0 fe df a0 fe df a0 fe df a0 fe df 
04b160  a0 fe df a0 fe df a0 fe df a0 fe df a0 fe df a0 
04b170  fe df a0 fe df a0 fe df a0 fe df a0 fe df a0 fe 
04b180  df a0 fe df a0 fe df a0 fe df a0 fe df a0 fe df 
04b190  a0 fe df a0 fe df a0 fe df a0 fe df a0 fe df a0 
04b1a0  fe df a0 fe df a0 fe df a0 fe df a0 fe df a0 fe 
04b1b0  df a0 fe df a0 fe df a0 fe df a0 fe df a0 fe df 
04b1c0  a0 fe df a0 fe df a0 fe df a0 fe df a0 fe df a0 
04b1d0  fe df a0 fe df a0 fe df a0 fe df a0 fe df a0 fe 
04b1e0  df a0 fe df a0 fe df a0 fe df a0 fe df a0 fe df 
04b1f0  a0 fe df a0 fe df a0 fe df a0 fe df a0 fe df a0 
04b200  fe df a0 fe df a0 fe df a0 fe df a0 fe df a0 fe 
04b210  df a0 fe df a0 fe df a0 fe df a0 fe df a0 fe df 
04b220  a0 fe df a0 fe df a0 fe df a0 fe df a0 fe df a0 
04b230  fe df a0 fe df a0 fe df a0 fe df a0 fe df a0 fe 
04b240  df a0 fe df a0 fe df a0 fe df a0 fe df a0 fe df 
04b250  a0 fe df a0 fe df a0 fe df a0 fe df a0 fe df a0 
04b260  fe df a0 fe df a0 fe df a0 fe df a0 fe df a0 fe 
04b270  df a0 fe df a0 fe df a0 fe df a0 fe df a0 fe df 
04b280  a0 fe df a0 fe df a0 fe df a0 fe df a0 fe df a0 
04b290  fe df a0 fe df a0 fe df a0 fe df a0 fe df a0 fe 
04b2a0  df a0 fe df a0 fe df a0 fe df a0 fe df a0 fe df 
04b2b0  a0 fe df a0 fe df a0 fe df a0 fe df a0 fe df a0 
04b2c0  fe df a0 fe df a0 fe df a0 fe df a0 fe df a0 fe 
04b2d0  df a0 fe df a0 fe df a0 fe df a0 fe df a0 fe df 
04b2e0  a0 fe df a0 fe df a0 fe df a0 fe df a0 fe df a0 
04b2f0  fe df a0 fe df a0 fe df a0 fe df a0 fe df a0 fe 
04b300  df a0 fe df a0 fe df a0 fe df a0 fe df a0 fe df 
04b310  a0 fe df a0 fe df a0 fe df a0 fe df a0 fe df a0 
04b320  fe df a0 fe df a0 fe df a0 fe df a0 fe df a0 fe 
04b330  df a0 fe df a0 fe df a0 fe df a0 fe df a0 fe df 
04b340  a0 fe df a0 fe df a0 fe df a0 fe df a0 fe df a0 
04b350  fe df a0 fe df a0 fe df a0 fe df a0 fe df a0 fe 
04b360  df a0 fe df a0 fe df a0 fe df a0 fe df a0 fe df 
04b370  a0 fe df a0 fe df a0 fe df a0 fe df a0 fe df a0 
04b380  fe df a0 fe df a0 fe df a0 fe df a0 fe df a0 fe 
04b390  df a0 fe df a0 fe df a0 fe df a0 fe df a0 fe df 
04b3a0  a0 fe df a0 fe df a0 fe df a0 fe df a0 fe df a0 
04b3b0  fe df a0 fe df a0 fe df a0 fe df a0 fe df a0 fe 
04b3c0  df a0 fe df a0 fe df a0 fe df a0 fe df a0 fe df 
04b3d0  a0 fe df a0 fe df a0 fe df a0 fe df a0 fe df a0 
04b3e0  fe df a0 fe df a0 fe df a0 fe df a0 fe df a0 fe 
04b3f0  df a0 fe df a0 fe df a0 fe df a0 fe df a0 fe df 
04b400  a0 fe df a0 fe df a0 fe df a0 fe df a0 fe df a0 
04b410  fe df a0 fe df a0 fe df a0 fe df a0 fe df a0 fe 
04b420  df a0 fe df a0 fe df a0 fe df a0 fe df a0 fe df 
04b430  a0 fe df a0 fe df a0 fe df a0 fe df a0 fe df a0 
04b440  fe df a0 fe df a0 fe df a0 fe df a0 fe df a0 fe 
04b450  df a0 fe df a0 fe df a0 fe df a0 fe df a0 fe df 
04b460  a0 fe df a0 fe df a0 fe df a0 fe df a0 fe df a0 
04b470  fe df a0 fe df a0 fe df a0 fe df a0 fe df a0 fe 
04b480  df a0 fe df a0 fe df a0 fe df a0 fe df a0 fe df 
04b490  a0 fe df a0 fe df a0 fe df a0 fe df a0 fe df a0 
04b4a0  fe df a0 fe df a0 fe df a0 fe df a0 fe df a0 fe 
04b4b0  df a0 fe df a0 fe df a0 fe df a0 fe df a0 fe df 
04b4c0  a0 fe df a0 fe df a0 fe df a0 fe df a0 fe df a0 
04b4d0  fe df a0 fe df a0 fe df a0 fe df a0 fe df a0 fe 
04b4e0  df a0 fe df a0 fe df a0 fe df a0 fe df a0 fe df 
04b4f0  a0 fe df a0 fe df a0 fe df a0 fe df a0 fe df a0 
04b500  fe df a0 fe df a0 fe df a0 fe df a0 fe df a0 fe 
04b510  df a0 fe df a0 fe df a0 fe df a0 fe df a0 fe df 
04b520  a0 fe df a0 fe df a0 fe df a0 fe df a0 fe df a0 
04b530  fe df a0 fe df a0 fe df a0 fe df a0 fe df a0 fe 
04b540  df a0 fe df a0 fe df a0 fe df a0 fe df a0 fe df 
04b550  a0 fe df a0 fe df a0 fe df a0 fe df a0 fe df a0 
04b560  fe df a0 fe df a0 fe df a0 fe df a0 fe df a0 fe 
04b570  df a0 fe df a0 fe df a0 fe df a0 fe df a0 fe df 
04b580  a0 fe df a0 fe df a0 fe df a0 fe df a0 fe df a0 
04b590  fe df a0 fe df a0 fe df a0 fe df a0 fe df a0 fe 
04b5a0  df a0 fe df a0 fe df a0 fe df a0 fe df a0 fe df 
04b5b0  a0 fe df a0 fe df a0 fe df a0 fe df a0 fe df a0 
04b5c0  fe df a0 fe df a0 fe df a0 fe df a0 fe df a0 fe 
04b5d0  df a0 fe df a0 fe df a0 fe df a0 fe df a0 fe df 
04b5e0  a0 fe df a0 fe df a0 fe df a0 fe df a0 fe df a0 
04b5f0  fe df a0 fe df a0 fe df a0 fe df a0 fe df a0 fe 
04b600  df a0 fe df a0 fe df a0 fe df a0 fe df a0 fe df 
04b610  a0 fe df a0 fe df a0 fe df a0 fe df a0 fe df a0 
04b620  fe df a0 fe df a0 fe df a0 fe df a0 fe df a0 fe 
04b630  df a0 fe df a0 fe df a0 fe df a0 fe df a0 fe df 
04b640  a0 fe df a0 fe df a0 fe df a0 fe df a0 fe df a0 
04b650  fe df a0 fe df a0 fe df a0 fe df a0 fe df a0 fe 
04b660  df a0 fe df a0 fe df a0 fe df a0 fe df a0 fe df 
04b670  a0 fe df a0 fe df a0 fe df a0 fe df a0 fe df a0 
04b680  fe df a0 fe df a0 fe df a0 fe df a0 fe df a0 fe 
04b690  df a0 fe df a0 fe df a0 fe df a0 fe df a0 fe df 
04b6a0  a0 fe df a0 fe df a0 fe df a0 fe df a0 fe df a0 
04b6b0  fe df a0 fe df a0 fe df a0 fe df a0 fe df a0 fe 
04b6c0  df a0 fe df a0 fe df a0 fe df a0 fe df a0 fe df 
04b6d0  a0 fe df a0 fe df a0 fe df a0 fe df a0 fe df a0 
04b6e0  fe df a0 fe df a0 fe df a0 fe df a0 fe df a0 fe 
04b6f0  df a0 fe df a0 fe df a0 fe df a0 fe df a0 fe df 
04b700  a0 fe df a0 fe df a0 fe df a0 fe df a0 fe df a0 
04b710  fe df a0 fe df a0 fe df a0 fe df a0 fe df a0 fe 
04b720  df a0 fe df a0 fe df a0 fe df a0 fe df a0 fe df 
04b730  a0 fe df a0 fe df a0 fe df a0 fe df a0 fe df a0 
04b740  fe df a0 fe df a0 fe df a0 fe df a0 fe df a0 fe 
04b750  df a0 fe df a0 fe df a0 fe df a0 fe df a0 fe df 
04b760  a0 fe df a0 fe df a0 fe df a0 fe df a0 fe df a0 
04b770  fe df a0 fe df a0 fe df a0 fe df a0 fe df a0 fe 
04b780  df a0 fe df a0 fe df a0 fe df a0 fe df a0 fe df 
04b790  a0 fe df a0 fe df a0 fe df a0 fe df a0 fe df a0 
04b7a0  fe df a0 fe df a0 fe df a0 fe df a0 fe df a0 fe 
04b7b0  df a0 fe df a0 fe df a0 fe df a0 fe df a0 fe df 
04b7c0  a0 fe df a0 fe df a0 fe df a0 fe df a0 fe df a0 
04b7d0  fe df a0 fe df a0 fe df a0 fe df a0 fe df a0 fe 
04b7e0  df a0 fe df a0 fe df a0 fe df a0 fe df a0 fe df 
04b7f0  a0 fe df a0 fe df a0 fe df a0 fe df a0 fe df a0 
04b800  fe df a0 fe df a0 fe df a0 fe df a0 fe df a0 fe 
04b810  df a0 fe df a0 fe df a0 fe df a0 fe df a0 fe df 
04b820  a0 fe df a0 fe df a0 fe df a0 fe df a0 fe df a0 
04b830  fe df a0 fe df a0 fe df a0 fe df a0 fe df a0 fe 
04b840  df a0 fe df a0 fe df a0 fe df a0 fe df a0 fe df 
04b850  a0 fe df a0 fe df a0 fe df a0 fe df a0 fe df a0 
04b860  fe df a0 fe df a0 fe df a0 fe df a0 fe df a0 fe 
04b870  df a0 fe df a0 fe df a0 fe df a0 fe df a0 fe df 
04b880  a0 fe df a0 fe df a0 fe df a0 fe df a0 fe df a0 
04b890  fe df a0 fe df a0 fe df a0 fe df a0 fe df a0 fe 
04b8a0  df a0 fe df a0 fe df a0 fe df a0 fe df a0 fe df 
04b8b0  a0 fe df a0 fe df a0 fe df a0 fe df a0 fe df a0 
04b8c0  fe df a0 fe df a0 fe df a0 fe df a0 fe df a0 fe 
04b8d0  df a0 fe df a0 fe df a0 fe df a0 fe df a0 fe df 
04b8e0  a0 fe df a0 fe df a0 fe df a0 fe df a0 fe df a0 
04b8f0  fe df a0 fe df a0 fe df a0 fe df a0 fe df a0 fe 
04b900  df a0 fe df a0 fe df a0 fe df a0 fe df a0 fe df 
04b910  a0 fe df a0 fe df a0 fe df a0 fe df a0 fe df a0 
04b920  fe df a0 fe df a0 fe df a0 fe df a0 fe df a0 fe 
04b930  df a0 fe df a0 fe df a0 fe df a0 fe df a0 fe df 
04b940  a0 fe df a0 fe df a0 fe df a0 fe df a0 fe df a0 
04b950  fe df a0 fe df a0 fe df a0 fe df a0 fe df a0 fe 
04b960  df a0 fe df a0 fe df a0 fe df a0 fe df a0 fe df 
04b970  a0 fe df a0 fe df a0 fe df a0 fe df a0 fe df a0 
04b980  fe df a0 fe df a0 fe df a0 fe df a0 fe df a0 fe 
04b990  df a0 fe df a0 fe df a0 fe df a0 fe df a0 fe df 
04b9a0  a0 fe df a0 fe df a0 fe df a0 fe df a0 fe df a0 
04b9b0  fe df a0 fe df a0 fe df a0 fe df a0 fe df a0 fe 
04b9c0  df a0 fe df a0 fe df a0 fe df a0 fe df a0 fe df 
04b9d0  a0 fe df a0 fe df a0 fe df a0 fe df a0 fe df a0 
04b9e0  fe df a0 fe df a0 fe df a0 fe df a0 fe df a0 fe 
04b9f0  df a0 fe df a0 fe df a0 fe df a0 fe df a0 fe df 
04ba00  a0 fe df a0 fe df a0 fe df a0 fe df a0 fe df a0 
04ba10  fe df a0 fe df a0 fe df a0 fe df a0 fe df a0 fe 
04ba20  df a0 fe df a0 fe df a0 fe df a0 fe df a0 fe df 
04ba30  a0 fe df a0 fe df a0 fe df a0 fe df a0 fe df a0 
04ba40  fe df a0 fe df a0 fe df a0 fe df a0 fe df a0 fe 
04ba50  df a0 fe df a0 fe df a0 fe df a0 fe df a0 fe df 
04ba60  a0 fe df a0 fe df a0 fe df a0 fe df a0 fe df a0 
04ba70  fe df a0 fe df a0 fe df a0 fe df a0 fe df a0 fe 
04ba80  df a0 fe df a0 fe df a0 fe df a0 fe df a0 fe df 
04ba90  a0 fe df a0 fe df a0 fe df a0 fe df a0 fe df a0 
04baa0  fe df a0 fe df a0 fe df a0 fe df a0 fe df a0 fe 
04bab0  df a0 fe df a0 fe df a0 fe df a0 fe df a0 fe df 
04bac0  a0 fe df a0 fe df a0 fe df a0 fe df a0 fe df a0 
04bad0  fe df a0 fe df a0 fe df a0 fe df a0 fe df a0 fe 
04bae0  df a0 fe df a0 fe df a0 fe df a0 fe df a0 fe df 
04baf0  a0 fe df a0 fe df a0 fe df a0 fe df a0 fe df a0 
04bb00  fe df a0 fe df a0 fe df a0 fe df a0 fe df a0 fe 
04bb10  df a0 fe df a0 fe df a0 fe df a0 fe df a0 fe df 
04bb20  a0 fe df a0 fe df a0 fe df a0 fe df a0 fe df a0 
04bb30  fe df a0 fe df a0 fe df a0 fe df a0 fe df a0 fe 
04bb40  df a0 fe df a0 fe df a0 fe df a0 fe df a0 fe df 
04bb50  a0 fe df a0 fe df a0 fe df a0 fe df a0 fe df a0 
04bb60  fe df a0 fe df a0 fe df a0 fe df a0 fe df a0 fe 
04bb70  df a0 fe df a0 fe df a0 fe df a0 fe df a0 fe df 
04bb80  a0 fe df a0 fe df a0 fe df a0 fe df a0 fe df a0 
04bb90  fe df a0 fe df a0 fe df a0 fe df a0 fe df a0 fe 
04bba0  df a0 fe df a0 fe df a0 fe df a0 fe df a0 fe df 
04bbb0  a0 fe df a0 fe df a0 fe df a0 fe df a0 fe df a0 
04bbc0  fe df a0 fe df a0 fe df a0 fe df a0 fe df a0 fe 
04bbd0  df a0 fe df a0 fe df a0 fe df a0 fe df a0 fe df 
04bbe0  a0 fe df a0 fe df a0 fe df a0 fe df a0 fe df a0 
04bbf0  fe df a0 fe df a0 fe df a0 fe df a0 fe df a0 fe 
04bc00  df a0 fe df a0 fe df a0 fe df a0 fe df a0 fe df 
04bc10  a0 fe df a0 fe df a0 fe df a0 fe df a0 fe df a0 
04bc20  fe df a0 fe df a0 fe df a0 fe df a0 fe df a0 fe 
04bc30  df a0 fe df a0 fe df a0 fe df a0 fe df a0 fe df 
04bc40  a0 fe df a0 fe df a0 fe df a0 fe df a0 fe df a0 
04bc50  fe df a0 fe df a0 fe df a0 fe df a0 fe df a0 fe 
04bc60  df a0 fe df a0 fe df a0 fe df a0 fe df a0 fe df 
04bc70  a0 fe df a0 fe df a0 fe df a0 fe df a0 fe df a0 
04bc80  fe df a0 fe df a0 fe df a0 fe df a0 fe df a0 fe 
04bc90  df a0 fe df a0 fe df a0 fe df a0 fe df a0 fe df 
04bca0  a0 fe df a0 fe df a0 fe df a0 fe df a0 fe df a0 
04bcb0  fe df a0 fe df a0 fe df a0 fe df a0 fe df a0 fe 
04bcc0  df a0 fe df a0 fe df a0 fe df a0 fe df a0 fe df 
04bcd0  a0 fe df a0 fe df a0 fe df a0 fe df a0 fe df a0 
04bce0  fe df a0 fe df a0 fe df a0 fe df a0 fe df a0 fe 
04bcf0  df a0 fe df a0 fe df a0 fe df a0 fe df a0 fe df 
04bd00  a0 fe df a0 fe df a0 fe df a0 fe df a0 fe df a0 
04bd10  fe df a0 fe df a0 fe df a0 fe df a0 fe df a0 fe 
04bd20  df a0 fe df a0 fe df a0 fe df a0 fe df a0 fe df 
04bd30  a0 fe df a0 fe df a0 fe df a0 fe df a0 fe df a0 
04bd40  fe df a0 fe df a0 fe df a0 fe df a0 fe df a0 fe 
04bd50  df a0 fe df a0 fe df a0 fe df a0 fe df a0 fe df 
04bd60  a0 fe df a0 fe df a0 fe df a0 fe df a0 fe df a0 
04bd70  fe df a0 fe df a0 fe df a0 fe df a0 fe df a0 fe 
04bd80  df a0 fe df a0 fe df a0 fe df a0 fe df a0 fe df 
04bd90  a0 fe df a0 fe df a0 fe df a0 fe df a0 fe df a0 
04bda0  fe df a0 fe df a0 fe df a0 fe df a0 fe df a0 fe 
04bdb0  df a0 fe df a0 fe df a0 fe df a0 fe df a0 fe df 
04bdc0  a0 fe df a0 fe df a0 fe df a0 fe df a0 fe df a0 
04bdd0  fe df a0 fe df a0 fe df a0 fe df a0 fe df a0 fe 
04bde0  df a0 fe df a0 fe df a0 fe df a0 fe df a0 fe df 
04bdf0  a0 fe df a0 fe df a0 fe df a0 fe df a0 fe df a0 
04be00  fe df a0 fe df a0 fe df a0 fe df a0 fe df a0 fe 
04be10  df a0 fe df a0 fe df a0 fe df a0 fe df a0 fe df 
04be20  a0 fe df a0 fe df a0 fe df a0 fe df a0 fe df a0 
04be30  fe df a0 fe df a0 fe df a0 fe df a0 fe df a0 fe 
04be40  df a0 fe df a0 fe df a0 fe df a0 fe df a0 fe df 
04be50  a0 fe df a0 fe df a0 fe df a0 fe df a0 fe df a0 
04be60  fe df a0 fe df a0 fe df a0 fe df a0 fe df a0 fe 
04be70  df a0 fe df a0 fe df a0 fe df a0 fe df a0 fe df 
04be80  a0 fe df a0 fe df a0 fe df a0 fe df a0 fe df a0 
04be90  fe df a0 fe df a0 fe df a0 fe df a0 fe df a0 fe 
04bea0  df a0 fe df a0 fe df a0 fe df a0 fe df a0 fe df 
04beb0  a0 fe df a0 fe df a0 fe df a0 fe df a0 fe df a0 
04bec0  fe df a0 fe df a0 fe df a0 fe df a0 fe df a0 fe 
04bed0  df a0 fe df a0 fe df a0 fe df a0 fe df a0 fe df 
04bee0  a0 fe df a0 fe df a0 fe df a0 fe df a0 fe df a0 
04bef0  fe df a0 fe df a0 fe df a0 fe df a0 fe df a0 fe 
04bf00  df a0 fe df a0 fe df a0 fe df a0 fe df a0 fe df 
04bf10  a0 fe df a0 fe df a0 fe df a0 fe df a0 fe df a0 
04bf20  fe df a0 fe df a0 fe df a0 fe df a0 fe df a0 fe 
04bf30  df a0 fe df a0 fe df a0 fe df a0 fe df a0 fe df 
04bf40  a0 fe df a0 fe df a0 fe df a0 fe df a0 fe df a0 
04bf50  fe df a0 fe df a0 fe df a0 fe df a0 fe df a0 fe 
04bf60  df a0 fe df a0 fe df a0 fe df a0 fe df a0 fe df 
04bf70  a0 fe df a0 fe df a0 fe df a0 fe df a0 fe df a0 
04bf80  fe df a0 fe df a0 fe df a0 fe df a0 fe df a0 fe 
04bf90  df a0 fe df a0 fe df a0 fe df a0 fe df a0 fe df 
04bfa0  a0 fe df a0 fe df a0 fe df a0 fe df a0 fe df a0 
04bfb0  fe df a0 fe df a0 fe df a0 fe df a0 fe df a0 fe 
04bfc0  df a0 fe df a0 fe df a0 fe df a0 fe df a0 fe df 
04bfd0  a0 fe df a0 fe df a0 fe df a0 fe df a0 fe df a0 
04bfe0  fe df a0 fe df a0 fe df a0 fe df a0 fe df a0 fe 
04bff0  df a0 fe df a0 fe df a0 fe df a0 fe df a0 fe df 
04c000  a0 fe df a0 fe df a0 fe df a0 fe df a0 fe df a0 
04c010  fe df a0 fe df a0 fe df a0 fe df a0 fe df a0 fe 
04c020  df a0 fe df a0 fe df a0 fe df a0 fe df a0 fe df 
04c030  a0 fe df a0 fe df a0 fe df a0 fe df a0 fe df a0 
04c040  fe df a0 fe df a0 fe df a0 fe df a0 fe df a0 fe 
04c050  df a0 fe df a0 fe df a0 fe df a0 fe df a0 fe df 
04c060  a0 fe df a0 fe df a0 fe df a0 fe df a0 fe df a0 
04c070  fe df a0 fe df a0 fe df a0 fe df a0 fe df a0 fe 
04c080  df a0 fe df a0 fe df a0 fe df a0 fe df a0 fe df 
04c090  a0 fe df a0 fe df a0 fe df a0 fe df a0 fe df a0 
04c0a0  fe df a0 fe df a0 fe df a0 fe df a0 fe df a0 fe 
04c0b0  df a0 fe df a0 fe df a0 fe df a0 fe df a0 fe df 
04c0c0  a0 fe df a0 fe df a0 fe df a0 fe df a0 fe df a0 
04c0d0  fe df a0 fe df a0 fe df a0 fe df a0 fe df a0 fe 
04c0e0  df a0 fe df a0 fe df a0 fe df a0 fe df a0 fe df 
04c0f0  a0 fe df a0 fe df a0 fe df a0 fe df a0 fe df a0 
04c100  fe df a0 fe df a0 fe df a0 fe df a0 fe df a0 fe 
04c110  df a0 fe df a0 fe df a0 fe df a0 fe df a0 fe df 
04c120  a0 fe df a0 fe df a0 fe df a0 fe df a0 fe df a0 
04c130  fe df a0 fe df a0 fe df a0 fe df a0 fe df a0 fe 
04c140  df a0 fe df a0 fe df a0 fe df a0 fe df a0 fe df 
04c150  a0 fe df a0 fe df a0 fe df a0 fe df a0 fe df a0 
04c160  fe df a0 fe df a0 fe df a0 fe df a0 fe df a0 fe 
04c170  df a0 fe df a0 fe df a0 fe df a0 fe df a0 fe df 
04c180  a0 fe df a0 fe df a0 fe df a0 fe df a0 fe df a0 
04c190  fe df a0 fe df a0 fe df a0 fe df a0 fe df a0 fe 
04c1a0  df a0 fe df a0 fe df a0 fe df a0 fe df a0 fe df 
04c1b0  a0 fe df a0 fe df a0 fe df a0 fe df a0 fe df a0 
04c1c0  fe df a0 fe df a0 fe df a0 fe df a0 fe df a0 fe 
04c1d0  df a0 fe df a0 fe df a0 fe df a0 fe df a0 fe df 
04c1e0  a0 fe df a0 fe df a0 fe df a0 fe df a0 fe df a0 
04c1f0  fe df a0 fe df a0 fe df a0 fe df a0 fe df a0 fe 
04c200  df a0 fe df a0 fe df a0 fe df a0 fe df a0 fe df 
04c210  a0 fe df a0 fe df a0 fe df a0 fe df a0 fe df a0 
04c220  fe df a0 fe df a0 fe df a0 fe df a0 fe df a0 fe 
04c230  df a0 fe df a0 fe df a0 fe df a0 fe df a0 fe df 
04c240  a0 fe df a0 fe df a0 fe df a0 fe df a0 fe df a0 
04c250  fe df a0 fe df a0 fe df a0 fe df a0 fe df a0 fe 
04c260  df a0 fe df a0 fe df a0 fe df a0 fe df a0 fe df 
04c270  a0 fe df a0 fe df a0 fe df a0 fe df a0 fe df a0 
04c280  fe df a0 fe df a0 fe df a0 fe df a0 fe df a0 fe 
04c290  df a0 fe df a0 fe df a0 fe df a0 fe df a0 fe df 
04c2a0  a0 fe df a0 fe df a0 fe df a0 fe df a0 fe df a0 
04c2b0  fe df a0 fe df a0 fe df a0 fe df a0 fe df a0 fe 
04c2c0  df a0 fe df a0 fe df a0 fe df a0 fe df a0 fe df 
04c2d0  a0 fe df a0 fe df a0 fe df a0 fe df a0 fe df a0 
04c2e0  fe df a0 fe df a0 fe df a0 fe df a0 fe df a0 fe 
04c2f0  df a0 fe df a0 fe df a0 fe df a0 fe df a0 fe df 
04c300  a0 fe df a0 fe df a0 fe df a0 fe df a0 fe df a0 
04c310  fe df a0 fe df a0 fe df a0 fe df a0 fe df a0 fe 
04c320  df a0 fe df a0 fe df a0 fe df a0 fe df a0 fe df 
04c330  a0 fe df a0 fe df a0 fe df a0 fe df a0 fe df a0 
04c340  fe df a0 fe df a0 fe df a0 fe df a0 fe df a0 fe 
04c350  df a0 fe df a0 fe df a0 fe df a0 fe df a0 fe df 
04c360  a0 fe df a0 fe df a0 fe df a0 fe df a0 fe df a0 
04c370  fe df a0 fe df a0 fe df a0 fe df a0 fe df a0 fe 
04c380  df a0 fe df a0 fe df a0 fe df a0 fe df a0 fe df 
04c390  a0 fe df a0 fe df a0 fe df a0 fe df a0 fe df a0 
04c3a0  fe df a0 fe df a0 fe df a0 fe df a0 fe df a0 fe 
04c3b0  df a0 fe df a0 fe df a0 fe df a0 fe df a0 fe df 
04c3c0  a0 fe df a0 fe df a0 fe df a0 fe df a0 fe df a0 
04c3d0  fe df a0 fe df a0 fe df a0 fe df a0 fe df a0 fe 
04c3e0  df a0 fe df a0 fe df a0 fe df a0 fe df a0 fe df 
04c3f0  a0 fe df a0 fe df a0 fe df a0 fe df a0 fe df a0 
04c400  fe df a0 fe df a0 fe df a0 fe df a0 fe df a0 fe 
04c410  df a0 fe df a0 fe df a0 fe df a0 fe df a0 fe df 
04c420  a0 fe df a0 fe df a0 fe df a0 fe df a0 fe df a0 
04c430  fe df a0 fe df a0 fe df a0 fe df a0 fe df a0 fe 
04c440  df a0 fe df a0 fe df a0 fe df a0 fe df a0 fe df 
04c450  a0 fe df a0 fe df a0 fe df a0 fe df a0 fe df a0 
04c460  fe df a0 fe df a0 fe df a0 fe df a0 fe df a0 fe 
04c470  df a0 fe df a0 fe df a0 fe df a0 fe df a0 fe df 
04c480  a0 fe df a0 fe df a0 fe df a0 fe df a0 fe df a0 
04c490  fe df a0 fe df a0 fe df a0 fe df a0 fe df a0 fe 
04c4a0  df a0 fe df a0 fe df a0 fe df a0 fe df a0 fe df 
04c4b0  a0 fe df a0 fe df a0 fe df a0 fe df a0 fe df a0 
04c4c0  fe df a0 fe df a0 fe df a0 fe df a0 fe df a0 fe 
04c4d0  df a0 fe df a0 fe df a0 fe df a0 fe df a0 fe df 
04c4e0  a0 fe df a0 fe df a0 fe df a0 fe df a0 fe df a0 
04c4f0  fe df a0 fe df a0 fe df a0 fe df a0 fe df a0 fe 
04c500  df a0 fe df a0 fe df a0 fe df a0 fe df a0 fe df 
04c510  a0 fe df a0 fe df a0 fe df a0 fe df a0 fe df a0 
04c520  fe df a0 fe df a0 fe df a0 fe df a0 fe df a0 fe 
04c530  df a0 fe df a0 fe df a0 fe df a0 fe df a0 fe df 
04c540  a0 fe df a0 fe df a0 fe df a0 fe df a0 fe df a0 
04c550  fe df a0 fe df a0 fe df a0 fe df a0 fe df a0 fe 
04c560  df a0 fe df a0 fe df a0 fe df a0 fe df a0 fe df 
04c570  a0 fe df a0 fe df a0 fe df a0 fe df a0 fe df a0 
04c580  fe df a0 fe df a0 fe df a0 fe df a0 fe df a0 fe 
04c590  df a0 fe df a0 fe df a0 fe df a0 fe df a0 fe df 
04c5a0  a0 fe df a0 fe df a0 fe df a0 fe df a0 fe df a0 
04c5b0  fe df a0 fe df a0 fe df a0 fe df a0 fe df a0 fe 
04c5c0  df a0 fe df a0 fe df a0 fe df a0 fe df a0 fe df 
04c5d0  a0 fe df a0 fe df a0 fe df a0 fe df a0 fe df a0 
04c5e0  fe df a0 fe df a0 fe df a0 fe df a0 fe df a0 fe 
04c5f0  df a0 fe df a0 fe df a0 fe df a0 fe df a0 fe df 
04c600  a0 fe df a0 fe df a0 fe df a0 fe df a0 fe df a0 
04c610  fe df a0 fe df a0 fe df a0 fe df a0 fe df a0 fe 
04c620  df a0 fe df a0 fe df a0 fe df a0 fe df a0 fe df 
04c630  a0 fe df a0 fe df a0 fe df a0 fe df a0 fe df a0 
04c640  fe df a0 fe df a0 fe df a0 fe df a0 fe df a0 fe 
04c650  df a0 fe df a0 fe df a0 fe df a0 fe df a0 fe df 
04c660  a0 fe df a0 fe df a0 fe df a0 fe df a0 fe df a0 
04c670  fe df a0 fe df a0 fe df a0 fe df a0 fe df a0 fe 
04c680  df a0 fe df a0 fe df a0 fe df a0 fe df a0 fe df 
04c690  a0 fe df a0 fe df a0 fe df a0 fe df a0 fe df a0 
04c6a0  fe df a0 fe df a0 fe df a0 fe df a0 fe df a0 fe 
04c6b0  df a0 fe df a0 fe df a0 fe df a0 fe df a0 fe df 
04c6c0  a0 fe df a0 fe df a0 fe df a0 fe df a0 fe df a0 
04c6d0  fe df a0 fe df a0 fe df a0 fe df a0 fe df a0 fe 
04c6e0  df a0 fe df a0 fe df a0 fe df a0 fe df a0 fe df 
04c6f0  a0 fe df a0 fe df a0 fe df a0 fe df a0 fe df a0 
04c700  fe df a0 fe df a0 fe df a0 fe df a0 fe df a0 fe 
04c710  df a0 fe df a0 fe df a0 fe df a0 fe df a0 fe df 
04c720  a0 fe df a0 fe df a0 fe df a0 fe df a0 fe df a0 
04c730  fe df a0 fe df a0 fe df a0 fe df a0 fe df a0 fe 
04c740  df a0 fe df a0 fe df a0 fe df a0 fe df a0 fe df 
04c750  a0 fe df a0 fe df a0 fe df a0 fe df a0 fe df a0 
04c760  fe df a0 fe df a0 fe df a0 fe df a0 fe df a0 fe 
04c770  df a0 fe df a0 fe df a0 fe df a0 fe df a0 fe df 
04c780  a0 fe df a0 fe df a0 fe df a0 fe df a0 fe df a0 
04c790  fe df a0 fe df a0 fe df a0 fe df a0 fe df a0 fe 
04c7a0  df a0 fe df a0 fe df a0 fe df a0 fe df a0 fe df 
04c7b0  a0 fe df a0 fe df a0 fe df a0 fe df a0 fe df a0 
04c7c0  fe df a0 fe df a0 fe df a0 fe df a0 fe df a0 fe 
04c7d0  df a0 fe df a0 fe df a0 fe df a0 fe df a0 fe df 
04c7e0  a0 fe df a0 fe df a0 fe df a0 fe df a0 fe df a0 
04c7f0  fe df a0 fe df a0 fe df a0 fe df a0 fe df a0 fe 
04c800  df a0 fe df a0 fe df a0 fe df a0 fe df a0 fe df 
04c810  a0 fe df a0 fe df a0 fe df a0 fe df a0 fe df a0 
04c820  fe df a0 fe df a0 fe df a0 fe df a0 fe df a0 fe 
04c830  df a0 fe df a0 fe df a0 fe df a0 fe df a0 fe df 
04c840  a0 fe df a0 fe df a0 fe df a0 fe df a0 fe df a0 
04c850  fe df a0 fe df a0 fe df a0 fe df a0 fe df a0 fe 
04c860  df a0 fe df a0 fe df a0 fe df a0 fe df a0 fe df 
04c870  a0 fe df a0 fe df a0 fe df a0 fe df a0 fe df a0 
04c880  fe df a0 fe df a0 fe df a0 fe df a0 fe df a0 fe 
04c890  df a0 fe df a0 fe df a0 fe df a0 fe df a0 fe df 
04c8a0  a0 fe df a0 fe df a0 fe df a0 fe df a0 fe df a0 
04c8b0  fe df a0 fe df a0 fe df a0 fe df a0 fe df a0 fe 
04c8c0  df a0 fe df a0 fe df a0 fe df a0 fe df a0 fe df 
04c8d0  a0 fe df a0 fe df a0 fe df a0 fe df a0 fe df a0 
04c8e0  fe df a0 fe df a0 fe df a0 fe df a0 fe df a0 fe 
04c8f0  df a0 fe df a0 fe df a0 fe df a0 fe df a0 fe df 
04c900  a0 fe df a0 fe df a0 fe df a0 fe df a0 fe df a0 
04c910  fe df a0 fe df a0 fe df a0 fe df a0 fe df a0 fe 
04c920  df a0 fe df a0 fe df a0 fe df a0 fe df a0 fe df 
04c930  a0 fe df a0 fe df a0 fe df a0 fe df a0 fe df a0 
04c940  fe df a0 fe df a0 fe df a0 fe df a0 fe df a0 fe 
04c950  df a0 fe df a0 fe df a0 fe df a0 fe df a0 fe df 
04c960  a0 fe df a0 fe df a0 fe df a0 fe df a0 fe df a0 
04c970  fe df a0 fe df a0 fe df a0 fe df a0 fe df a0 fe 
04c980  df a0 fe df a0 fe df a0 fe df a0 fe df a0 fe df 
04c990  a0 fe df a0 fe df a0 fe df a0 fe df a0 fe df a0 
04c9a0  fe df a0 fe df a0 fe df a0 fe df a0 fe df a0 fe 
04c9b0  df a0 fe df a0 fe df a0 fe df a0 fe df a0 fe df 
04c9c0  a0 fe df a0 fe df a0 fe df a0 fe df a0 fe df a0 
04c9d0  fe df a0 fe df a0 fe df a0 fe df a0 fe df a0 fe 
04c9e0  df a0 fe df a0 fe df a0 fe df a0 fe df a0 fe df 
04c9f0  a0 fe df a0 fe df a0 fe df a0 fe df a0 fe df a0 
04ca00  fe df a0 fe df a0 fe df a0 fe df a0 fe df a0 fe 
04ca10  df a0 fe df a0 fe df a0 fe df a0 fe df a0 fe df 
04ca20  a0 fe df a0 fe df a0 fe df a0 fe df a0 fe df a0 
04ca30  fe df a0 fe df a0 fe df a0 fe df a0 fe df a0 fe 
04ca40  df a0 fe df a0 fe df a0 fe df a0 fe df a0 fe df 
04ca50  a0 fe df a0 fe df a0 fe df a0 fe df a0 fe df a0 
04ca60  fe df a0 fe df a0 fe df a0 fe df a0 fe df a0 fe 
04ca70  df a0 fe df a0 fe df a0 fe df a0 fe df a0 fe df 
04ca80  a0 fe df a0 fe df a0 fe df a0 fe df a0 fe df a0 
04ca90  fe df a0 fe df a0 fe df a0 fe df a0 fe df a0 fe 
04caa0  df a0 fe df a0 fe df a0 fe df a0 fe df a0 fe df 
04cab0  a0 fe df a0 fe df a0 fe df a0 fe df a0 fe df a0 
04cac0  fe df a0 fe df a0 fe df a0 fe df a0 fe df a0 fe 
04cad0  df a0 fe df a0 fe df a0 fe df a0 fe df a0 fe df 
04cae0  a0 fe df a0 fe df a0 fe df a0 fe df a0 fe df a0 
04caf0  fe df a0 fe df a0 fe df a0 fe df a0 fe df a0 fe 
04cb00  df a0 fe df a0 fe df a0 fe df a0 fe df a0 fe df 
04cb10  a0 fe df a0 fe df a0 fe df a0 fe df a0 fe df a0 
04cb20  fe df a0 fe df a0 fe df a0 fe df a0 fe df a0 fe 
04cb30  df a0 fe df a0 fe df a0 fe df a0 fe df a0 fe df 
04cb40  a0 fe df a0 fe df a0 fe df a0 fe df a0 fe df a0 
04cb50  fe df a0 fe df a0 fe df a0 fe df a0 fe df a0 fe 
04cb60  df a0 fe df a0 fe df a0 fe df a0 fe df a0 fe df 
04cb70  a0 fe df a0 fe df a0 fe df a0 fe df a0 fe df a0 
04cb80  fe df a0 fe df a0 fe df a0 fe df a0 fe df a0 fe 
04cb90  df a0 fe df a0 fe df a0 fe df a0 fe df a0 fe df 
04cba0  a0 fe df a0 fe df a0 fe df a0 fe df a0 fe df a0 
04cbb0  fe df a0 fe df a0 fe df a0 fe df a0 fe df a0 fe 
04cbc0  df a0 fe df a0 fe df a0 fe df a0 fe df a0 fe df 
04cbd0  a0 fe df a0 fe df a0 fe df a0 fe df a0 fe df a0 
04cbe0  fe df a0 fe df a0 fe df a0 fe df a0 fe df a0 fe 
04cbf0  df a0 fe df a0 fe df a0 fe df a0 fe df a0 fe df 
04cc00  a0 fe df a0 fe df a0 fe df a0 fe df a0 fe df a0 
04cc10  fe df a0 fe df a0 fe df a0 fe df a0 fe df a0 fe 
04cc20  df a0 fe df a0 fe df a0 fe df a0 fe df a0 fe df 
04cc30  a0 fe df a0 fe df a0 fe df a0 fe df a0 fe df a0 
04cc40  fe df a0 fe df a0 fe df a0 fe df a0 fe df a0 fe 
04cc50  df a0 fe df a0 fe df a0 fe df a0 fe df a0 fe df 
04cc60  a0 fe df a0 fe df a0 fe df a0 fe df a0 fe df a0 
04cc70  fe df a0 fe df a0 fe df a0 fe df a0 fe df a0 fe 
04cc80  df a0 fe df a0 fe df a0 fe df a0 fe df a0 fe df 
04cc90  a0 fe df a0 fe df a0 fe df a0 fe df a0 fe df a0 
04cca0  fe df a0 fe df a0 fe df a0 fe df a0 fe df a0 fe 
04ccb0  df a0 fe df a0 fe df a0 fe df a0 fe df a0 fe df 
04ccc0  a0 fe df a0 fe df a0 fe df a0 fe df a0 fe df a0 
04ccd0  fe df a0 fe df a0 fe df a0 fe df a0 fe df a0 fe 
04cce0  df a0 fe df a0 fe df a0 fe df a0 fe df a0 fe df 
04ccf0  a0 fe df a0 fe df a0 fe df a0 fe df a0 fe df a0 
04cd00  fe df a0 fe df a0 fe df a0 fe df a0 fe df a0 fe 
04cd10  df a0 fe df a0 fe df a0 fe df a0 fe df a0 fe df 
04cd20  a0 fe df a0 fe df a0 fe df a0 fe df a0 fe df a0 
04cd30  fe df a0 fe df a0 fe df a0 fe df a0 fe df a0 fe 
04cd40  df a0 fe df a0 fe df a0 fe df a0 fe df a0 fe df 
04cd50  a0 fe df a0 fe df a0 fe df a0 fe df a0 fe df a0 
04cd60  fe df a0 fe df a0 fe df a0 fe df a0 fe df a0 fe 
04cd70  df a0 fe df a0 fe df a0 fe df a0 fe df a0 fe df 
04cd80  a0 fe df a0 fe df a0 fe df a0 fe df a0 fe df a0 
04cd90  fe df a0 fe df a0 fe df a0 fe df a0 fe df a0 fe 
04cda0  df a0 fe df a0 fe df a0 fe df a0 fe df a0 fe df 
04cdb0  a0 fe df a0 fe df a0 fe df a0 fe df a0 fe df a0 
04cdc0  fe df a0 fe df a0 fe df a0 fe df a0 fe df a0 fe 
04cdd0  df a0 fe df a0 fe df a0 fe df a0 fe df a0 fe df 
04cde0  a0 fe df a0 fe df a0 fe df a0 fe df a0 fe df a0 
04cdf0  fe df a0 fe df a0 fe df a0 fe df a0 fe df a0 fe 
04ce00  df a0 fe df a0 fe df a0 fe df a0 fe df a0 fe df 
04ce10  a0 fe df a0 fe df a0 fe df a0 fe df a0 fe df a0 
04ce20  fe df a0 fe df a0 fe df a0 fe df a0 fe df a0 fe 
04ce30  df a0 fe df a0 fe df a0 fe df a0 fe df a0 fe df 
04ce40  a0 fe df a0 fe df a0 fe df a0 fe df a0 fe df a0 
04ce50  fe df a0 fe df a0 fe df a0 fe df a0 fe df a0 fe 
04ce60  df a0 fe df a0 fe df a0 fe df a0 fe df a0 fe df 
04ce70  a0 fe df a0 fe df a0 fe df a0 fe df a0 fe df a0 
04ce80  fe df a0 fe df a0 fe df a0 fe df a0 fe df a0 fe 
04ce90  df a0 fe df a0 fe df a0 fe df a0 fe df a0 fe df 
04cea0  a0 fe df a0 fe df a0 fe df a0 fe df a0 fe df a0 
04ceb0  fe df a0 fe df a0 fe df a0 fe df a0 fe df a0 fe 
04cec0  df a0 fe df a0 fe df a0 fe df a0 fe df a0 fe df 
04ced0  a0 fe df a0 fe df a0 fe df a0 fe df a0 fe df a0 
04cee0  fe df a0 fe df a0 fe df a0 fe df a0 fe df a0 fe 
04cef0  df a0 fe df a0 fe df a0 fe df a0 fe df a0 fe df 
04cf00  a0 fe df a0 fe df a0 fe df a0 fe df a0 fe df a0 
04cf10  fe df a0 fe df a0 fe df a0 fe df a0 fe df a0 fe 
04cf20  df a0 fe df a0 fe df a0 fe df a0 fe df a0 fe df 
04cf30  a0 fe df a0 fe df a0 fe df a0 fe df a0 fe df a0 
04cf40  fe df a0 fe df a0 fe df a0 fe df a0 fe df a0 fe 
04cf50  df a0 fe df a0 fe df a0 fe df a0 fe df a0 fe df 
04cf60  a0 fe df a0 fe df a0 fe df a0 fe df a0 fe df a0 
04cf70  fe df a0 fe df a0 fe df a0 fe df a0 fe df a0 fe 
04cf80  df a0 fe df a0 fe df a0 fe df a0 fe df a0 fe df 
04cf90  a0 fe df a0 fe df a0 fe df a0 fe df a0 fe df a0 
04cfa0  fe df a0 fe df a0 fe df a0 fe df a0 fe df a0 fe 
04cfb0  df a0 fe df a0 fe df a0 fe df a0 fe df a0 fe df 
04cfc0  a0 fe df a0 fe df a0 fe df a0 fe df a0 fe df a0 
04cfd0  fe df a0 fe df a0 fe df a0 fe df a0 fe df a0 fe 
04cfe0  df a0 fe df a0 fe df a0 fe df a0 fe df a0 fe df 
04cff0  a0 fe df a0 fe df a0 fe df a0 fe df a0 fe df a0 
04d000  fe df a0 fe df a0 fe df a0 fe df a0 fe df a0 fe 
04d010  df a0 fe df a0 fe df a0 fe df a0 fe df a0 fe df 
04d020  a0 fe df a0 fe df a0 fe df a0 fe df a0 fe df a0 
04d030  fe df a0 fe df a0 fe df a0 fe df a0 fe df a0 fe 
04d040  df a0 fe df a0 fe df a0 fe df a0 fe df a0 fe df 
04d050  a0 fe df a0 fe df a0 fe df a0 fe df a0 fe df a0 
04d060  fe df a0 fe df a0 fe df a0 fe df a0 fe df a0 fe 
04d070  df a0 fe df a0 fe df a0 fe df a0 fe df a0 fe df 
04d080  a0 fe df a0 fe df a0 fe df a0 fe df a0 fe df a0 
04d090  fe df a0 fe df a0 fe df a0 fe df a0 fe df a0 fe 
04d0a0  df a0 fe df a0 fe df a0 fe df a0 fe df a0 fe df 
04d0b0  a0 fe df a0 fe df a0 fe df a0 fe df a0 fe df a0 
04d0c0  fe df a0 fe df a0 fe df a0 fe df a0 fe df a0 fe 
04d0d0  df a0 fe df a0 fe df a0 fe df a0 fe df a0 fe df 
04d0e0  a0 fe df a0 fe df a0 fe df a0 fe df a0 fe df a0 
04d0f0  fe df a0 fe df a0 fe df a0 fe df a0 fe df a0 fe 
04d100  df a0 fe df a0 fe df a0 fe df a0 fe df a0 fe df 
04d110  a0 fe df a0 fe df a0 fe df a0 fe df a0 fe df a0 
04d120  fe df a0 fe df a0 fe df a0 fe df a0 fe df a0 fe 
04d130  df a0 fe df a0 fe df a0 fe df a0 fe df a0 fe df 
04d140  a0 fe df a0 fe df a0 fe df a0 fe df a0 fe df a0 
04d150  fe df a0 fe df a0 fe df a0 fe df a0 fe df a0 fe 
04d160  df a0 fe df a0 fe df a0 fe df a0 fe df a0 fe df 
04d170  a0 fe df a0 fe df a0 fe df a0 fe df a0 fe df a0 
04d180  fe df a0 fe df a0 fe df a0 fe df a0 fe df a0 fe 
04d190  df a0 fe df a0 fe df a0 fe df a0 fe df a0 fe df 
04d1a0  a0 fe df a0 fe df a0 fe df a0 fe df a0 fe df a0 
04d1b0  fe df a0 fe df a0 fe df a0 fe df a0 fe df a0 fe 
04d1c0  df a0 fe df a0 fe df a0 fe df a0 fe df a0 fe df 
04d1d0  a0 fe df a0 fe df a0 fe df a0 fe df a0 fe df a0 
04d1e0  fe df a0 fe df a0 fe df a0 fe df a0 fe df a0 fe 
04d1f0  df a0 fe df a0 fe df a0 fe df a0 fe df a0 fe df 
04d200  a0 fe df a0 fe df a0 fe df a0 fe df a0 fe df a0 
04d210  fe df a0 fe df a0 fe df a0 fe df a0 fe df a0 fe 
04d220  df a0 fe df a0 fe df a0 fe df a0 fe df a0 fe df 
04d230  a0 fe df a0 fe df a0 fe df a0 fe df a0 fe df a0 
04d240  fe df a0 fe df a0 fe df a0 fe df a0 fe df a0 fe 
04d250  df a0 fe df a0 fe df a0 fe df a0 fe df a0 fe df 
04d260  a0 fe df a0 fe df a0 fe df a0 fe df a0 fe df a0 
04d270  fe df a0 fe df a0 fe df a0 fe df a0 fe df a0 fe 
04d280  df a0 fe df a0 fe df a0 fe df a0 fe df a0 fe df 
04d290  a0 fe df a0 fe df a0 fe df a0 fe df a0 fe df a0 
04d2a0  fe df a0 fe df a0 fe df a0 fe df a0 fe df a0 fe 
04d2b0  df a0 fe df a0 fe df a0 fe df a0 fe df a0 fe df 
04d2c0  a0 fe df a0 fe df a0 fe df a0 fe df a0 fe df a0 
04d2d0  fe df a0 fe df a0 fe df a0 fe df a0 fe df a0 fe 
04d2e0  df a0 fe df a0 fe df a0 fe df a0 fe df a0 fe df 
04d2f0  a0 fe df a0 fe df a0 fe df a0 fe df a0 fe df a0 
04d300  fe df a0 fe df a0 fe df a0 fe df a0 fe df a0 fe 
04d310  df a0 fe df a0 fe df a0 fe df a0 fe df a0 fe df 
04d320  a0 fe df a0 fe df a0 fe df a0 fe df a0 fe df a0 
04d330  fe df a0 fe df a0 fe df a0 fe df a0 fe df a0 fe 
04d340  df a0 fe df a0 fe df a0 fe df a0 fe df a0 fe df 
04d350  a0 fe df a0 fe df a0 fe df a0 fe df a0 fe df a0 
04d360  fe df a0 fe df a0 fe df a0 fe df a0 fe df a0 fe 
04d370  df a0 fe df a0 fe df a0 fe df a0 fe df a0 fe df 
04d380  a0 fe df a0 fe df a0 fe df a0 fe df a0 fe df a0 
04d390  fe df a0 fe df a0 fe df a0 fe df a0 fe df a0 fe 
04d3a0  df a0 fe df a0 fe df a0 fe df a0 fe df a0 fe df 
04d3b0  a0 fe df a0 fe df a0 fe df a0 fe df a0 fe df a0 
04d3c0  fe df a0 fe df a0 fe df a0 fe df a0 fe df a0 fe 
04d3d0  df a0 fe df a0 fe df a0 fe df a0 fe df a0 fe df 
04d3e0  a0 fe df a0 fe df a0 fe df a0 fe df a0 fe df a0 
04d3f0  fe df a0 fe df a0 fe df a0 fe df a0 fe df a0 fe 
04d400  df a0 fe df a0 fe df a0 fe df a0 fe df a0 fe df 
04d410  a0 fe df a0 fe df a0 fe df a0 fe df a0 fe df a0 
04d420  fe df a0 fe df a0 fe df a0 fe df a0 fe df a0 fe 
04d430  df a0 fe df a0 fe df a0 fe df a0 fe df a0 fe df 
04d440  a0 fe df a0 fe df a0 fe df a0 fe df a0 fe df a0 
04d450  fe df a0 fe df a0 fe df a0 fe df a0 fe df a0 fe 
04d460  df a0 fe df a0 fe df a0 fe df a0 fe df a0 fe df 
04d470  a0 fe df a0 fe df a0 fe df a0 fe df a0 fe df a0 
04d480  fe df a0 fe df a0 fe df a0 fe df a0 fe df a0 fe 
04d490  df a0 fe df a0 fe df a0 fe df a0 fe df a0 fe df 
04d4a0  a0 fe df a0 fe df a0 fe df a0 fe df a0 fe df a0 
04d4b0  fe df a0 fe df a0 fe df a0 fe df a0 fe df a0 fe 
04d4c0  df a0 fe df a0 fe df a0 fe df a0 fe df a0 fe df 
04d4d0  a0 fe df a0 fe df a0 fe df a0 fe df a0 fe df a0 
04d4e0  fe df a0 fe df a0 fe df a0 fe df a0 fe df a0 fe 
04d4f0  df a0 fe df a0 fe df a0 fe df a0 fe df a0 fe df 
04d500  a0 fe df a0 fe df a0 fe df a0 fe df a0 fe df a0 
04d510  fe df a0 fe df a0 fe df a0 fe df a0 fe df a0 fe 
04d520  df a0 fe df a0 fe df a0 fe df a0 fe df a0 fe df 
04d530  a0 fe df a0 fe df a0 fe df a0 fe df a0 fe df a0 
04d540  fe df a0 fe df a0 fe df a0 fe df a0 fe df a0 fe 
04d550  df a0 fe df a0 fe df a0 fe df a0 fe df a0 fe df 
04d560  a0 fe df a0 fe df a0 fe df a0 fe df a0 fe df a0 
04d570  fe df a0 fe df a0 fe df a0 fe df a0 fe df a0 fe 
04d580  df a0 fe df a0 fe df a0 fe df a0 fe df a0 fe df 
04d590  a0 fe df a0 fe df a0 fe df a0 fe df a0 fe df a0 
04d5a0  fe df a0 fe df a0 fe df a0 fe df a0 fe df a0 fe 
04d5b0  df a0 fe df a0 fe df a0 fe df a0 fe df a0 fe df 
04d5c0  a0 fe df a0 fe df a0 fe df a0 fe df a0 fe df a0 
04d5d0  fe df a0 fe df a0 fe df a0 fe df a0 fe df a0 fe 
04d5e0  df a0 fe df a0 fe df a0 fe df a0 fe df a0 fe df 
04d5f0  a0 fe df a0 fe df a0 fe df a0 fe df a0 fe df a0 
04d600  fe df a0 fe df a0 fe df a0 fe df a0 fe df a0 fe 
04d610  df a0 fe df a0 fe df a0 fe df a0 fe df a0 fe df 
04d620  a0 fe df a0 fe df a0 fe df a0 fe df a0 fe df a0 
04d630  fe df a0 fe df a0 fe df a0 fe df a0 fe df a0 fe 
04d640  df a0 fe df a0 fe df a0 fe df a0 fe df a0 fe df 
04d650  a0 fe df a0 fe df a0 fe df a0 fe df a0 fe df a0 
04d660  fe df a0 fe df a0 fe df a0 fe df a0 fe df a0 fe 
04d670  df a0 fe df a0 fe df a0 fe df a0 fe df a0 fe df 
04d680  a0 fe df a0 fe df a0 fe df a0 fe df a0 fe df a0 
04d690  fe df a0 fe df a0 fe df a0 fe df a0 fe df a0 fe 
04d6a0  df a0 fe df a0 fe df a0 fe df a0 fe df a0 fe df 
04d6b0  a0 fe df a0 fe df a0 fe df a0 fe df a0 fe df a0 
04d6c0  fe df a0 fe df a0 fe df a0 fe df a0 fe df a0 fe 
04d6d0  df a0 fe df a0 fe df a0 fe df a0 fe df a0 fe df 
04d6e0  a0 fe df a0 fe df a0 fe df a0 fe df a0 fe df a0 
04d6f0  fe df a0 fe df a0 fe df a0 fe df a0 fe df a0 fe 
04d700  df a0 fe df a0 fe df a0 fe df a0 fe df a0 fe df 
04d710  a0 fe df a0 fe df a0 fe df a0 fe df a0 fe df a0 
04d720  fe df a0 fe df a0 fe df a0 fe df a0 fe df a0 fe 
04d730  df a0 fe df a0 fe df a0 fe df a0 fe df a0 fe df 
04d740  a0 fe df a0 fe df a0 fe df a0 fe df a0 fe df a0 
04d750  fe df a0 fe df a0 fe df a0 fe df a0 fe df a0 fe 
04d760  df a0 fe df a0 fe df a0 fe df a0 fe df a0 fe df 
04d770  a0 fe df a0 fe df a0 fe df a0 fe df a0 fe df a0 
04d780  fe df a0 fe df a0 fe df a0 fe df a0 fe df a0 fe 
04d790  df a0 fe df a0 fe df a0 fe df a0 fe df a0 fe df 
04d7a0  a0 fe df a0 fe df a0 fe df a0 fe df a0 fe df a0 
04d7b0  fe df a0 fe df a0 fe df a0 fe df a0 fe df a0 fe 
04d7c0  df a0 fe df a0 fe df a0 fe df a0 fe df a0 fe df 
04d7d0  a0 fe df a0 fe df a0 fe df a0 fe df a0 fe df a0 
04d7e0  fe df a0 fe df a0 fe df a0 fe df a0 fe df a0 fe 
04d7f0  df a0 fe df a0 fe df a0 fe df a0 fe df a0 fe df 
04d800  a0 fe df a0 fe df a0 fe df a0 fe df a0 fe df a0 
04d810  fe df a0 fe df a0 fe df a0 fe df a0 fe df a0 fe 
04d820  df a0 fe df a0 fe df a0 fe df a0 fe df a0 fe df 
04d830  a0 fe df a0 fe df a0 fe df a0 fe df a0 fe df a0 
04d840  fe df a0 fe df a0 fe df a0 fe df a0 fe df a0 fe 
04d850  df a0 fe df a0 fe df a0 fe df a0 fe df a0 fe df 
04d860  a0 fe df a0 fe df a0 fe df a0 fe df a0 fe df a0 
04d870  fe df a0 fe df a0 fe df a0 fe df a0 fe df a0 fe 
04d880  df a0 fe df a0 fe df a0 fe df a0 fe df a0 fe df 
04d890  a0 fe df a0 fe df a0 fe df a0 fe df a0 fe df a0 
04d8a0  fe df a0 fe df a0 fe df a0 fe df a0 fe df a0 fe 
04d8b0  df a0 fe df a0 fe df a0 fe df a0 fe df a0 fe df 
04d8c0  a0 fe df a0 fe df a0 fe df a0 fe df a0 fe df a0 
04d8d0  fe df a0 fe df a0 fe df a0 fe df a0 fe df a0 fe 
04d8e0  df a0 fe df a0 fe df a0 fe df a0 fe df a0 fe df 
04d8f0  a0 fe df a0 fe df a0 fe df a0 fe df a0 fe df a0 
04d900  fe df a0 fe df a0 fe df a0 fe df a0 fe df a0 fe 
04d910  df a0 fe df a0 fe df a0 fe df a0 fe df a0 fe df 
04d920  a0 fe df a0 fe df a0 fe df a0 fe df a0 fe df a0 
04d930  fe df a0 fe df a0 fe df a0 fe df a0 fe df a0 fe 
04d940  df a0 fe df a0 fe df a0 fe df a0 fe df a0 fe df 
04d950  a0 fe df a0 fe df a0 fe df a0 fe df a0 fe df a0 
04d960  fe df a0 fe df a0 fe df a0 fe df a0 fe df a0 fe 
04d970  df a0 fe df a0 fe df a0 fe df a0 fe df a0 fe df 
04d980  a0 fe df a0 fe df a0 fe df a0 fe df a0 fe df a0 
04d990  fe df a0 fe df a0 fe df a0 fe df a0 fe df a0 fe 
04d9a0  df a0 fe df a0 fe df a0 fe df a0 fe df a0 fe df 
04d9b0  a0 fe df a0 fe df a0 fe df a0 fe df a0 fe df a0 
04d9c0  fe df a0 fe df a0 fe df a0 fe df a0 fe df a0 fe 
04d9d0  df a0 fe df a0 fe df a0 fe df a0 fe df a0 fe df 
04d9e0  a0 fe df a0 fe df a0 fe df a0 fe df a0 fe df a0 
04d9f0  fe df a0 fe df a0 fe df a0 fe df a0 fe df a0 fe 
04da00  df a0 fe df a0 fe df a0 fe df a0 fe df a0 fe df 
04da10  a0 fe df a0 fe df a0 fe df a0 fe df a0 fe df a0 
04da20  fe df a0 fe df a0 fe df a0 fe df a0 fe df a0 fe 
04da30  df a0 fe df a0 fe df a0 fe df a0 fe df a0 fe df 
04da40  a0 fe df a0 fe df a0 fe df a0 fe df a0 fe df a0 
04da50  fe df a0 fe df a0 fe df a0 fe df a0 fe df a0 fe 
04da60  df a0 fe df a0 fe df a0 fe df a0 fe df a0 fe df 
04da70  a0 fe df a0 fe df a0 fe df a0 fe df a0 fe df a0 
04da80  fe df a0 fe df a0 fe df a0 fe df a0 fe df a0 fe 
04da90  df a0 fe df a0 fe df a0 fe df a0 fe df a0 fe df 
04daa0  a0 fe df a0 fe df a0 fe df a0 fe df a0 fe df a0 
04dab0  fe df a0 fe df a0 fe df a0 fe df a0 fe df a0 fe 
04dac0  df a0 fe df a0 fe df a0 fe df a0 fe df a0 fe df 
04dad0  a0 fe df a0 fe df a0 fe df a0 fe df a0 fe df a0 
04dae0  fe df a0 fe df a0 fe df a0 fe df a0 fe df a0 fe 
04daf0  df a0 fe df a0 fe df a0 fe df a0 fe df a0 fe df 
04db00  a0 fe df a0 fe df a0 fe df a0 fe df a0 fe df a0 
04db10  fe df a0 fe df a0 fe df a0 fe df a0 fe df a0 fe 
04db20  df a0 fe df a0 fe df a0 fe df a0 fe df a0 fe df 
04db30  a0 fe df a0 fe df a0 fe df a0 fe df a0 fe df a0 
04db40  fe df a0 fe df a0 fe df a0 fe df a0 fe df a0 fe 
04db50  df a0 fe df a0 fe df a0 fe df a0 fe df a0 fe df 
04db60  a0 fe df a0 fe df a0 fe df a0 fe df a0 fe df a0 
04db70  fe df a0 fe df a0 fe df a0 fe df a0 fe df a0 fe 
04db80  df a0 fe df a0 fe df a0 fe df a0 fe df a0 fe df 
04db90  a0 fe df a0 fe df a0 fe df a0 fe df a0 fe df a0 
04dba0  fe df a0 fe df a0 fe df a0 fe df a0 fe df a0 fe 
04dbb0  df a0 fe df a0 fe df a0 fe df a0 fe df a0 fe df 
04dbc0  a0 fe df a0 fe df a0 fe df a0 fe df a0 fe df a0 
04dbd0  fe df a0 fe df a0 fe df a0 fe df a0 fe df a0 fe 
04dbe0  df a0 fe df a0 fe df a0 fe df a0 fe df a0 fe df 
04dbf0  a0 fe df a0 fe df a0 fe df a0 fe df a0 fe df a0 
04dc00  fe df a0 fe df a0 fe df a0 fe df a0 fe df a0 fe 
04dc10  df a0 fe df a0 fe df a0 fe df a0 fe df a0 fe df 
04dc20  a0 fe df a0 fe df a0 fe df a0 fe df a0 fe df a0 
04dc30  fe df a0 fe df a0 fe df a0 fe df a0 fe df a0 fe 
04dc40  df a0 fe df a0 fe df a0 fe df a0 fe df a0 fe df 
04dc50  a0 fe df a0 fe df a0 fe df a0 fe df a0 fe df a0 
04dc60  fe df a0 fe df a0 fe df a0 fe df a0 fe df a0 fe 
04dc70  df a0 fe df a0 fe df a0 fe df a0 fe df a0 fe df 
04dc80  a0 fe df a0 fe df a0 fe df a0 fe df a0 fe df a0 
04dc90  fe df a0 fe df a0 fe df a0 fe df a0 fe df a0 fe 
04dca0  df a0 fe df a0 fe df a0 fe df a0 fe df a0 fe df 
04dcb0  a0 fe df a0 fe df a0 fe df a0 fe df a0 fe df a0 
04dcc0  fe df a0 fe df a0 fe df a0 fe df a0 fe df a0 fe 
04dcd0  df a0 fe df a0 fe df a0 fe df a0 fe df a0 fe df 
04dce0  a0 fe df a0 fe df a0 fe df a0 fe df a0 fe df a0 
04dcf0  fe df a0 fe df a0 fe df a0 fe df a0 fe df a0 fe 
04dd00  df a0 fe df a0 fe df a0 fe df a0 fe df a0 fe df 
04dd10  a0 fe df a0 fe df a0 fe df a0 fe df a0 fe df a0 
04dd20  fe df a0 fe df a0 fe df a0 fe df a0 fe df a0 fe 
04dd30  df a0 fe df a0 fe df a0 fe df a0 fe df a0 fe df 
04dd40  a0 fe df a0 fe df a0 fe df a0 fe df a0 fe df a0 
04dd50  fe df a0 fe df a0 fe df a0 fe df a0 fe df a0 fe 
04dd60  df a0 fe df a0 fe df a0 fe df a0 fe df a0 fe df 
04dd70  a0 fe df a0 fe df a0 fe df a0 fe df a0 fe df a0 
04dd80  fe df a0 fe df a0 fe df a0 fe df a0 fe df a0 fe 
04dd90  df a0 fe df a0 fe df a0 fe df a0 fe df a0 fe df 
04dda0  a0 fe df a0 fe df a0 fe df a0 fe df a0 fe df a0 
04ddb0  fe df a0 fe df a0 fe df a0 fe df a0 fe df a0 fe 
04ddc0  df a0 fe df a0 fe df a0 fe df a0 fe df a0 fe df 
04ddd0  a0 fe df a0 fe df a0 fe df a0 fe df a0 fe df a0 
04dde0  fe df a0 fe df a0 fe df a0 fe df a0 fe df a0 fe 
04ddf0  df a0 fe df a0 fe df a0 fe df a0 fe df a0 fe df 
04de00  a0 fe df a0 fe df a0 fe df a0 fe df a0 fe df a0 
04de10  fe df a0 fe df a0 fe df a0 fe df a0 fe df a0 fe 
04de20  df a0 fe df a0 fe df a0 fe df a0 fe df a0 fe df 
04de30  a0 fe df a0 fe df a0 fe df a0 fe df a0 fe df a0 
04de40  fe df a0 fe df a0 fe df a0 fe df a0 fe df a0 fe 
04de50  df a0 fe df a0 fe df a0 fe df a0 fe df a0 fe df 
04de60  a0 fe df a0 fe df a0 fe df a0 fe df a0 fe df a0 
04de70  fe df a0 fe df a0 fe df a0 fe df a0 fe df a0 fe 
04de80  df a0 fe df a0 fe df a0 fe df a0 fe df a0 fe df 
04de90  a0 fe df a0 fe df a0 fe df a0 fe df a0 fe df a0 
04dea0  fe df a0 fe df a0 fe df a0 fe df a0 fe df a0 fe 
04deb0  df a0 fe df a0 fe df a0 fe df a0 fe df a0 fe df 
04dec0  a0 fe df a0 fe df a0 fe df a0 fe df a0 fe df a0 
04ded0  fe df a0 fe df a0 fe df a0 fe df a0 fe df a0 fe 
04dee0  df a0 fe df a0 fe df a0 fe df a0 fe df a0 fe df 
04def0  a0 fe df a0 fe df a0 fe df a0 fe df a0 fe df a0 
04df00  fe df a0 fe df a0 fe df a0 fe df a0 fe df a0 fe 
04df10  df a0 fe df a0 fe df a0 fe df a0 fe df a0 fe df 
04df20  a0 fe df a0 fe df a0 fe df a0 fe df a0 fe df a0 
04df30  fe df a0 fe df a0 fe df a0 fe df a0 fe df a0 fe 
04df40  df a0 fe df a0 fe df a0 fe df a0 fe df a0 fe df 
04df50  a0 fe df a0 fe df a0 fe df a0 fe df a0 fe df a0 
04df60  fe df a0 fe df a0 fe df a0 fe df a0 fe df a0 fe 
04df70  df a0 fe df a0 fe df a0 fe df a0 fe df a0 fe df 
04df80  a0 fe df a0 fe df a0 fe df a0 fe df a0 fe df a0 
04df90  fe df a0 fe df a0 fe df a0 fe df a0 fe df a0 fe 
04dfa0  df a0 fe df a0 fe df a0 fe df a0 fe df a0 fe df 
04dfb0  a0 fe df a0 fe df a0 fe df a0 fe df a0 fe df a0 
04dfc0  fe df a0 fe df a0 fe df a0 fe df a0 fe df a0 fe 
04dfd0  df a0 fe df a0 fe df a0 fe df a0 fe df a0 fe df 
04dfe0  a0 fe df a0 fe df a0 fe df a0 fe df a0 fe df a0 
04dff0  fe df a0 fe df a0 fe df a0 fe df a0 fe df a0 fe 
04e000  df a0 fe df a0 fe df a0 fe df a0 fe df a0 fe df 
04e010  a0 fe df a0 fe df a0 fe df a0 fe df a0 fe df a0 
04e020  fe df a0 fe df a0 fe df a0 fe df a0 fe df a0 fe 
04e030  df a0 fe df a0 fe df a0 fe df a0 fe df a0 fe df 
04e040  a0 fe df a0 fe df a0 fe df a0 fe df a0 fe df a0 
04e050  fe df a0 fe df a0 fe df a0 fe df a0 fe df a0 fe 
04e060  df a0 fe df a0 fe df a0 fe df a0 fe df a0 fe df 
04e070  a0 fe df a0 fe df a0 fe df a0 fe df a0 fe df a0 
04e080  fe df a0 fe df a0 fe df a0 fe df a0 fe df a0 fe 
04e090  df a0 fe df a0 fe df a0 fe df a0 fe df a0 fe df 
04e0a0  a0 fe df a0 fe df a0 fe df a0 fe df a0 fe df a0 
04e0b0  fe df a0 fe df a0 fe df a0 fe df a0 fe df a0 fe 
04e0c0  df a0 fe df a0 fe df a0 fe df a0 fe df a0 fe df 
04e0d0  a0 fe df a0 fe df a0 fe df a0 fe df a0 fe df a0 
04e0e0  fe df a0 fe df a0 fe df a0 fe df a0 fe df a0 fe 
04e0f0  df a0 fe df a0 fe df a0 fe df a0 fe df a0 fe df 
04e100  a0 fe df a0 fe df a0 fe df a0 fe df a0 fe df a0 
04e110  fe df a0 fe df a0 fe df a0 fe df a0 fe df a0 fe 
04e120  df a0 fe df a0 fe df a0 fe df a0 fe df a0 fe df 
04e130  a0 fe df a0 fe df a0 fe df a0 fe df a0 fe df a0 
04e140  fe df a0 fe df a0 fe df a0 fe df a0 fe df a0 fe 
04e150  df a0 fe df a0 fe df a0 fe df a0 fe df a0 fe df 
04e160  a0 fe df a0 fe df a0 fe df a0 fe df a0 fe df a0 
04e170  fe df a0 fe df a0 fe df a0 fe df a0 fe df a0 fe 
04e180  df a0 fe df a0 fe df a0 fe df a0 fe df a0 fe df 
04e190  a0 fe df a0 fe df a0 fe df a0 fe df a0 fe df a0 
04e1a0  fe df a0 fe df a0 fe df a0 fe df a0 fe df a0 fe 
04e1b0  df a0 fe df a0 fe df a0 fe df a0 fe df a0 fe df 
04e1c0  a0 fe df a0 fe df a0 fe df a0 fe df a0 fe df a0 
04e1d0  fe df a0 fe df a0 fe df a0 fe df a0 fe df a0 fe 
04e1e0  df a0 fe df a0 fe df a0 fe df a0 fe df a0 fe df 
04e1f0  a0 fe df a0 fe df a0 fe df a0 fe df a0 fe df a0 
04e200  fe df a0 fe df a0 fe df a0 fe df a0 fe df a0 fe 
04e210  df a0 fe df a0 fe df a0 fe df a0 fe df a0 fe df 
04e220  a0 fe df a0 fe df a0 fe df a0 fe df a0 fe df a0 
04e230  fe df a0 fe df a0 fe df a0 fe df a0 fe df a0 fe 
04e240  df a0 fe df a0 fe df a0 fe df a0 fe df a0 fe df 
04e250  a0 fe df a0 fe df a0 fe df a0 fe df a0 fe df a0 
04e260  fe df a0 fe df a0 fe df a0 fe df a0 fe df a0 fe 
04e270  df a0 fe df a0 fe df a0 fe df a0 fe df a0 fe df 
04e280  a0 fe df a0 fe df a0 fe df a0 fe df a0 fe df a0 
04e290  fe df a0 fe df a0 fe df a0 fe df a0 fe df a0 fe 
04e2a0  df a0 fe df a0 fe df a0 fe df a0 fe df a0 fe df 
04e2b0  a0 fe df a0 fe df a0 fe df a0 fe df a0 fe df a0 
04e2c0  fe df a0 fe df a0 fe df a0 fe df a0 fe df a0 fe 
04e2d0  df a0 fe df a0 fe df a0 fe df a0 fe df a0 fe df 
04e2e0  a0 fe df a0 fe df a0 fe df a0 fe df a0 fe df a0 
04e2f0  fe df a0 fe df a0 fe df a0 fe df a0 fe df a0 fe 
04e300  df a0 fe df a0 fe df a0 fe df a0 fe df a0 fe df 
04e310  a0 fe df a0 fe df a0 fe df a0 fe df a0 fe df a0 
04e320  fe df a0 fe df a0 fe df a0 fe df a0 fe df a0 fe 
04e330  df a0 fe df a0 fe df a0 fe df a0 fe df a0 fe df 
04e340  a0 fe df a0 fe df a0 fe df a0 fe df a0 fe df a0 
04e350  fe df a0 fe df a0 fe df a0 fe df a0 fe df a0 fe 
04e360  df a0 fe df a0 fe df a0 fe df a0 fe df a0 fe df 
04e370  a0 fe df a0 fe df a0 fe df a0 fe df a0 fe df a0 
04e380  fe df a0 fe df a0 fe df a0 fe df a0 fe df a0 fe 
04e390  df a0 fe df a0 fe df a0 fe df a0 fe df a0 fe df 
04e3a0  a0 fe df a0 fe df a0 fe df a0 fe df a0 fe df a0 
04e3b0  fe df a0 fe df a0 fe df a0 fe df a0 fe df a0 fe 
04e3c0  df a0 fe df a0 fe df a0 fe df a0 fe df a0 fe df 
04e3d0  a0 fe df a0 fe df a0 fe df a0 fe df a0 fe df a0 
04e3e0  fe df a0 fe df a0 fe df a0 fe df a0 fe df a0 fe 
04e3f0  df a0 fe df a0 fe df a0 fe df a0 fe df a0 fe df 
04e400  a0 fe df a0 fe df a0 fe df a0 fe df a0 fe df a0 
04e410  fe df a0 fe df a0 fe df a0 fe df a0 fe df a0 fe 
04e420  df a0 fe df a0 fe df a0 fe df a0 fe df a0 fe df 
04e430  a0 fe df a0 fe df a0 fe df a0 fe df a0 fe df a0 
04e440  fe df a0 fe df a0 fe df a0 fe df a0 fe df a0 fe 
04e450  df a0 fe df a0 fe df a0 fe df a0 fe df a0 fe df 
04e460  a0 fe df a0 fe df a0 fe df a0 fe df a0 fe df a0 
04e470  fe df a0 fe df a0 fe df a0 fe df a0 fe df a0 fe 
04e480  df a0 fe df a0 fe df a0 fe df a0 fe df a0 fe df 
04e490  a0 fe df a0 fe df a0 fe df a0 fe df a0 fe df a0 
04e4a0  fe df a0 fe df a0 fe df a0 fe df a0 fe df a0 fe 
04e4b0  df a0 fe df a0 fe df a0 fe df a0 fe df a0 fe df 
04e4c0  a0 fe df a0 fe df a0 fe df a0 fe df a0 fe df a0 
04e4d0  fe df a0 fe df a0 fe df a0 fe df a0 fe df a0 fe 
04e4e0  df a0 fe df a0 fe df a0 fe df a0 fe df a0 fe df 
04e4f0  a0 fe df a0 fe df a0 fe df a0 fe df a0 fe df a0 
04e500  fe df a0 fe df a0 fe df a0 fe df a0 fe df a0 fe 
04e510  df a0 fe df a0 fe df a0 fe df a0 fe df a0 fe df 
04e520  a0 fe df a0 fe df a0 fe df a0 fe df a0 fe df a0 
04e530  fe df a0 fe df a0 fe df a0 fe df a0 fe df a0 fe 
04e540  df a0 fe df a0 fe df a0 fe df a0 fe df a0 fe df 
04e550  a0 fe df a0 fe df a0 fe df a0 fe df a0 fe df a0 
04e560  fe df a0 fe df a0 fe df a0 fe df a0 fe df a0 fe 
04e570  df a0 fe df a0 fe df a0 fe df a0 fe df a0 fe df 
04e580  a0 fe df a0 fe df a0 fe df a0 fe df a0 fe df a0 
04e590  fe df a0 fe df a0 fe df a0 fe df a0 fe df a0 fe 
04e5a0  df a0 fe df a0 fe df a0 fe df a0 fe df a0 fe df 
04e5b0  a0 fe df a0 fe df a0 fe df a0 fe df a0 fe df a0 
04e5c0  fe df a0 fe df a0 fe df a0 fe df a0 fe df a0 fe 
04e5d0  df a0 fe df a0 fe df a0 fe df a0 fe df a0 fe df 
04e5e0  a0 fe df a0 fe df a0 fe df a0 fe df a0 fe df a0 
04e5f0  fe df a0 fe df a0 fe df a0 fe df a0 fe df a0 fe 
04e600  df a0 fe df a0 fe df a0 fe df a0 fe df a0 fe df 
04e610  a0 fe df a0 fe df a0 fe df a0 fe df a0 fe df a0 
04e620  fe df a0 fe df a0 fe df a0 fe df a0 fe df a0 fe 
04e630  df a0 fe df a0 fe df a0 fe df a0 fe df a0 fe df 
04e640  a0 fe df a0 fe df a0 fe df a0 fe df a0 fe df a0 
04e650  fe df a0 fe df a0 fe df a0 fe df a0 fe df a0 fe 
04e660  df a0 fe df a0 fe df a0 fe df a0 fe df a0 fe df 
04e670  a0 fe df a0 fe df a0 fe df a0 fe df a0 fe df a0 
04e680  fe df a0 fe df a0 fe df a0 fe df a0 fe df a0 fe 
04e690  df a0 fe df a0 fe df a0 fe df a0 fe df a0 fe df 
04e6a0  a0 fe df a0 fe df a0 fe df a0 fe df a0 fe df a0 
04e6b0  fe df a0 fe df a0 fe df a0 fe df a0 fe df a0 fe 
04e6c0  df a0 fe df a0 fe df a0 fe df a0 fe df a0 fe df 
04e6d0  a0 fe df a0 fe df a0 fe df a0 fe df a0 fe df a0 
04e6e0  fe df a0 fe df a0 fe df a0 fe df a0 fe df a0 fe 
04e6f0  df a0 fe df a0 fe df a0 fe df a0 fe df a0 fe df 
04e700  a0 fe df a0 fe df a0 fe df a0 fe df a0 fe df a0 
04e710  fe df a0 fe df a0 fe df a0 fe df a0 fe df a0 fe 
04e720  df a0 fe df a0 fe df a0 fe df a0 fe df a0 fe df 
04e730  a0 fe df a0 fe df a0 fe df a0 fe df a0 fe df a0 
04e740  fe df a0 fe df a0 fe df a0 fe df a0 fe df a0 fe 
04e750  df a0 fe df a0 fe df a0 fe df a0 fe df a0 fe df 
04e760  a0 fe df a0 fe df a0 fe df a0 fe df a0 fe df a0 
04e770  fe df a0 fe df a0 fe df a0 fe df a0 fe df a0 fe 
04e780  df a0 fe df a0 fe df a0 fe df a0 fe df a0 fe df 
04e790  a0 fe df a0 fe df a0 fe df a0 fe df a0 fe df a0 
04e7a0  fe df a0 fe df a0 fe df a0 fe df a0 fe df a0 fe 
04e7b0  df a0 fe df a0 fe df a0 fe df a0 fe df a0 fe df 
04e7c0  a0 fe df a0 fe df a0 fe df a0 fe df a0 fe df a0 
04e7d0  fe df a0 fe df a0 fe df a0 fe df a0 fe df a0 fe 
04e7e0  df a0 fe df a0 fe df a0 fe df a0 fe df a0 fe df 
04e7f0  a0 fe df a0 fe df a0 fe df a0 fe df a0 fe df a0 
04e800  fe df a0 fe df a0 fe df a0 fe df a0 fe df a0 fe 
04e810  df a0 fe df a0 fe df a0 fe df a0 fe df a0 fe df 
04e820  a0 fe df a0 fe df a0 fe df a0 fe df a0 fe df a0 
04e830  fe df a0 fe df a0 fe df a0 fe df a0 fe df a0 fe 
04e840  df a0 fe df a0 fe df a0 fe df a0 fe df a0 fe df 
04e850  a0 fe df a0 fe df a0 fe df a0 fe df a0 fe df a0 
04e860  fe df a0 fe df a0 fe df a0 fe df a0 fe df a0 fe 
04e870  df a0 fe df a0 fe df a0 fe df a0 fe df a0 fe df 
04e880  a0 fe df a0 fe df a0 fe df a0 fe df a0 fe df a0 
04e890  fe df a0 fe df a0 fe df a0 fe df a0 fe df a0 fe 
04e8a0  df a0 fe df a0 fe df a0 fe df a0 fe df a0 fe df 
04e8b0  a0 fe df a0 fe df a0 fe df a0 fe df a0 fe df a0 
04e8c0  fe df a0 fe df a0 fe df a0 fe df a0 fe df a0 fe 
04e8d0  df a0 fe df a0 fe df a0 fe df a0 fe df a0 fe df 
04e8e0  a0 fe df a0 fe df a0 fe df a0 fe df a0 fe df a0 
04e8f0  fe df a0 fe df a0 fe df a0 fe df a0 fe df a0 fe 
04e900  df a0 fe df a0 fe df a0 fe df a0 fe df a0 fe df 
04e910  a0 fe df a0 fe df a0 fe df a0 fe df a0 fe df a0 
04e920  fe df a0 fe df a0 fe df a0 fe df a0 fe df a0 fe 
04e930  df a0 fe df a0 fe df a0 fe df a0 fe df a0 fe df 
04e940  a0 fe df a0 fe df a0 fe df a0 fe df a0 fe df a0 
04e950  fe df a0 fe df a0 fe df a0 fe df a0 fe df a0 fe 
04e960  df a0 fe df a0 fe df a0 fe df a0 fe df a0 fe df 
04e970  a0 fe df a0 fe df a0 fe df a0 fe df a0 fe df a0 
04e980  fe df a0 fe df a0 fe df a0 fe df a0 fe df a0 fe 
04e990  df a0 fe df a0 fe df a0 fe df a0 fe df a0 fe df 
04e9a0  a0 fe df a0 fe df a0 fe df a0 fe df a0 fe df a0 
04e9b0  fe df a0 fe df a0 fe df a0 fe df a0 fe df a0 fe 
04e9c0  df a0 fe df a0 fe df a0 fe df a0 fe df a0 fe df 
04e9d0  a0 fe df a0 fe df a0 fe df a0 fe df a0 fe df a0 
04e9e0  fe df a0 fe df a0 fe df a0 fe df a0 fe df a0 fe 
04e9f0  df a0 fe df a0 fe df a0 fe df a0 fe df a0 fe df 
04ea00  a0 fe df a0 fe df a0 fe df a0 fe df a0 fe df a0 
04ea10  fe df a0 fe df a0 fe df a0 fe df a0 fe df a0 fe 
04ea20  df a0 fe df a0 fe df a0 fe df a0 fe df a0 fe df 
04ea30  a0 fe df a0 fe df a0 fe df a0 fe df a0 fe df a0 
04ea40  fe df a0 fe df a0 fe df a0 fe df a0 fe df a0 fe 
04ea50  df a0 fe df a0 fe df a0 fe df a0 fe df a0 fe df 
04ea60  a0 fe df a0 fe df a0 fe df a0 fe df a0 fe df a0 
04ea70  fe df a0 fe df a0 fe df a0 fe df a0 fe df a0 fe 
04ea80  df a0 fe df a0 fe df a0 fe df a0 fe df a0 fe df 
04ea90  a0 fe df a0 fe df a0 fe df a0 fe df a0 fe df a0 
04eaa0  fe df a0 fe df a0 fe df a0 fe df a0 fe df a0 fe 
04eab0  df a0 fe df a0 fe df a0 fe df a0 fe df a0 fe df 
04eac0  a0 fe df a0 fe df a0 fe df a0 fe df a0 fe df a0 
04ead0  fe df a0 fe df a0 fe df a0 fe df a0 fe df a0 fe 
04eae0  df a0 fe df a0 fe df a0 fe df a0 fe df a0 fe df 
04eaf0  a0 fe df a0 fe df a0 fe df a0 fe df a0 fe df a0 
04eb00  fe df a0 fe df a0 fe df a0 fe df a0 fe df a0 fe 
04eb10  df a0 fe df a0 fe df a0 fe df a0 fe df a0 fe df 
04eb20  a0 fe df a0 fe df a0 fe df a0 fe df a0 fe df a0 
04eb30  fe df a0 fe df a0 fe df a0 fe df a0 fe df a0 fe 
04eb40  df a0 fe df a0 fe df a0 fe df a0 fe df a0 fe df 
04eb50  a0 fe df a0 fe df a0 fe df a0 fe df a0 fe df a0 
04eb60  fe df a0 fe df a0 fe df a0 fe df a0 fe df a0 fe 
04eb70  df a0 fe df a0 fe df a0 fe df a0 fe df a0 fe df 
04eb80  a0 fe df a0 fe df a0 fe df a0 fe df a0 fe df a0 
04eb90  fe df a0 fe df a0 fe df a0 fe df a0 fe df a0 fe 
04eba0  df a0 fe df a0 fe df a0 fe df a0 fe df a0 fe df 
04ebb0  a0 fe df a0 fe df a0 fe df a0 fe df a0 fe df a0 
04ebc0  fe df a0 fe df a0 fe df a0 fe df a0 fe df a0 fe 
04ebd0  df a0 fe df a0 fe df a0 fe df a0 fe df a0 fe df 
04ebe0  a0 fe df a0 fe df a0 fe df a0 fe df a0 fe df a0 
04ebf0  fe df a0 fe df a0 fe df a0 fe df a0 fe df a0 fe 
04ec00  df a0 fe df a0 fe df a0 fe df a0 fe df a0 fe df 
04ec10  a0 fe df a0 fe df a0 fe df a0 fe df a0 fe df a0 
04ec20  fe df a0 fe df a0 fe df a0 fe df a0 fe df a0 fe 
04ec30  df a0 fe df a0 fe df a0 fe df a0 fe df a0 fe df 
04ec40  a0 fe df a0 fe df a0 fe df a0 fe df a0 fe df a0 
04ec50  fe df a0 fe df a0 fe df a0 fe df a0 fe df a0 fe 
04ec60  df a0 fe df a0 fe df a0 fe df a0 fe df a0 fe df 
04ec70  a0 fe df a0 fe df a0 fe df a0 fe df a0 fe df a0 
04ec80  fe df a0 fe df a0 fe df a0 fe df a0 fe df a0 fe 
04ec90  df a0 fe df a0 fe df a0 fe df a0 fe df a0 fe df 
04eca0  a0 fe df a0 fe df a0 fe df a0 fe df a0 fe df a0 
04ecb0  fe df a0 fe df a0 fe df a0 fe df a0 fe df a0 fe 
04ecc0  df a0 fe df a0 fe df a0 fe df a0 fe df a0 fe df 
04ecd0  a0 fe df a0 fe df a0 fe df a0 fe df a0 fe df a0 
04ece0  fe df a0 fe df a0 fe df a0 fe df a0 fe df a0 fe 
04ecf0  df a0 fe df a0 fe df a0 fe df a0 fe df a0 fe df 
04ed00  a0 fe df a0 fe df a0 fe df a0 fe df a0 fe df a0 
04ed10  fe df a0 fe df a0 fe df a0 fe df a0 fe df a0 fe 
04ed20  df a0 fe df a0 fe df a0 fe df a0 fe df a0 fe df 
04ed30  a0 fe df a0 fe df a0 fe df a0 fe df a0 fe df a0 
04ed40  fe df a0 fe df a0 fe df a0 fe df a0 fe df a0 fe 
04ed50  df a0 fe df a0 fe df a0 fe df a0 fe df a0 fe df 
04ed60  a0 fe df a0 fe df a0 fe df a0 fe df a0 fe df a0 
04ed70  fe df a0 fe df a0 fe df a0 fe df a0 fe df a0 fe 
04ed80  df a0 fe df a0 fe df a0 fe df a0 fe df a0 fe df 
04ed90  a0 fe df a0 fe df a0 fe df a0 fe df a0 fe df a0 
04eda0  fe df a0 fe df a0 fe df a0 fe df a0 fe df a0 fe 
04edb0  df a0 fe df a0 fe df a0 fe df a0 fe df a0 fe df 
04edc0  a0 fe df a0 fe df a0 fe df a0 fe df a0 fe df a0 
04edd0  fe df a0 fe df a0 fe df a0 fe df a0 fe df a0 fe 
04ede0  df a0 fe df a0 fe df a0 fe df a0 fe df a0 fe df 
04edf0  a0 fe df a0 fe df a0 fe df a0 fe df a0 fe df a0 
04ee00  fe df a0 fe df a0 fe df a0 fe df a0 fe df a0 fe 
04ee10  df a0 fe df a0 fe df a0 fe df a0 fe df a0 fe df 
04ee20  a0 fe df a0 fe df a0 fe df a0 fe df a0 fe df a0 
04ee30  fe df a0 fe df a0 fe df a0 fe df a0 fe df a0 fe 
04ee40  df a0 fe df a0 fe df a0 fe df a0 fe df a0 fe df 
04ee50  a0 fe df a0 fe df a0 fe df a0 fe df a0 fe df a0 
04ee60  fe df a0 fe df a0 fe df a0 fe df a0 fe df a0 fe 
04ee70  df a0 fe df a0 fe df a0 fe df a0 fe df a0 fe df 
04ee80  a0 fe df a0 fe df a0 fe df a0 fe df a0 fe df a0 
04ee90  fe df a0 fe df a0 fe df a0 fe df a0 fe df a0 fe 
04eea0  df a0 fe df a0 fe df a0 fe df a0 fe df a0 fe df 
04eeb0  a0 fe df a0 fe df a0 fe df a0 fe df a0 fe df a0 
04eec0  fe df a0 fe df a0 fe df a0 fe df a0 fe df a0 fe 
04eed0  df a0 fe df a0 fe df a0 fe df a0 fe df a0 fe df 
04eee0  a0 fe df a0 fe df a0 fe df a0 fe df a0 fe df a0 
04eef0  fe df a0 fe df a0 fe df a0 fe df a0 fe df a0 fe 
04ef00  df a0 fe df a0 fe df a0 fe df a0 fe df a0 fe df 
04ef10  a0 fe df a0 fe df a0 fe df a0 fe df a0 fe df a0 
04ef20  fe df a0 fe df a0 fe df a0 fe df a0 fe df a0 fe 
04ef30  df a0 fe df a0 fe df a0 fe df a0 fe df a0 fe df 
04ef40  a0 fe df a0 fe df a0 fe df a0 fe df a0 fe df a0 
04ef50  fe df a0 fe df a0 fe df a0 fe df a0 fe df a0 fe 
04ef60  df a0 fe df a0 fe df a0 fe df a0 fe df a0 fe df 
04ef70  a0 fe df a0 fe df a0 fe df a0 fe df a0 fe df a0 
04ef80  fe df a0 fe df a0 fe df a0 fe df a0 fe df a0 fe 
04ef90  df a0 fe df a0 fe df a0 fe df a0 fe df a0 fe df 
04efa0  a0 fe df a0 fe df a0 fe df a0 fe df a0 fe df a0 
04efb0  fe df a0 fe df a0 fe df a0 fe df a0 fe df a0 fe 
04efc0  df a0 fe df a0 fe df a0 fe df a0 fe df a0 fe df 
04efd0  a0 fe df a0 fe df a0 fe df a0 fe df a0 fe df a0 
04efe0  fe df a0 fe df a0 fe df a0 fe df a0 fe df a0 fe 
04eff0  df a0 fe df a0 fe df a0 fe df a0 fe df a0 fe df 
04f000  a0 fe df a0 fe df a0 fe df a0 fe df a0 fe df a0 
04f010  fe df a0 fe df a0 fe df a0 fe df a0 fe df a0 fe 
04f020  df a0 fe df a0 fe df a0 fe df a0 fe df a0 fe df 
04f030  a0 fe df a0 fe df a0 fe df a0 fe df a0 fe df a0 
04f040  fe df a0 fe df a0 fe df a0 fe df a0 fe df a0 fe 
04f050  df a0 fe df a0 fe df a0 fe df a0 fe df a0 fe df 
04f060  a0 fe df a0 fe df a0 fe df a0 fe df a0 fe df a0 
04f070  fe df a0 fe df a0 fe df a0 fe df a0 fe df a0 fe 
04f080  df a0 fe df a0 fe df a0 fe df a0 fe df a0 fe df 
04f090  a0 fe df a0 fe df a0 fe df a0 fe df a0 fe df a0 
04f0a0  fe df a0 fe df a0 fe df a0 fe df a0 fe df a0 fe 
04f0b0  df a0 fe df a0 fe df a0 fe df a0 fe df a0 fe df 
04f0c0  a0 fe df a0 fe df a0 fe df a0 fe df a0 fe df a0 
04f0d0  fe df a0 fe df a0 fe df a0 fe df a0 fe df a0 fe 
04f0e0  df a0 fe df a0 fe df a0 fe df a0 fe df a0 fe df 
04f0f0  a0 fe df a0 fe df a0 fe df a0 fe df a0 fe df a0 
04f100  fe df a0 fe df a0 fe df a0 fe df a0 fe df a0 fe 
04f110  df a0 fe df a0 fe df a0 fe df a0 fe df a0 fe df 
04f120  a0 fe df a0 fe df a0 fe df a0 fe df a0 fe df a0 
04f130  fe df a0 fe df a0 fe df a0 fe df a0 fe df a0 fe 
04f140  df a0 fe df a0 fe df a0 fe df a0 fe df a0 fe df 
04f150  a0 fe df a0 fe df a0 fe df a0 fe df a0 fe df a0 
04f160  fe df a0 fe df a0 fe df a0 fe df a0 fe df a0 fe 
04f170  df a0 fe df a0 fe df a0 fe df a0 fe df a0 fe df 
04f180  a0 fe df a0 fe df a0 fe df a0 fe df a0 fe df a0 
04f190  fe df a0 fe df a0 fe df a0 fe df a0 fe df a0 fe 
04f1a0  df a0 fe df a0 fe df a0 fe df a0 fe df a0 fe df 
04f1b0  a0 fe df a0 fe df a0 fe df a0 fe df a0 fe df a0 
04f1c0  fe df a0 fe df a0 fe df a0 fe df a0 fe df a0 fe 
04f1d0  df a0 fe df a0 fe df a0 fe df a0 fe df a0 fe df 
04f1e0  a0 fe df a0 fe df a0 fe df a0 fe df a0 fe df a0 
04f1f0  fe df a0 fe df a0 fe df a0 fe df a0 fe df a0 fe 
04f200  df a0 fe df a0 fe df a0 fe df a0 fe df a0 fe df 
04f210  a0 fe df a0 fe df a0 fe df a0 fe df a0 fe df a0 
04f220  fe df a0 fe df a0 fe df a0 fe df a0 fe df a0 fe 
04f230  df a0 fe df a0 fe df a0 fe df a0 fe df a0 fe df 
04f240  a0 fe df a0 fe df a0 fe df a0 fe df a0 fe df a0 
04f250  fe df a0 fe df a0 fe df a0 fe df a0 fe df a0 fe 
04f260  df a0 fe df a0 fe df a0 fe df a0 fe df a0 fe df 
04f270  a0 fe df a0 fe df a0 fe df a0 fe df a0 fe df a0 
04f280  fe df a0 fe df a0 fe df a0 fe df a0 fe df a0 fe 
04f290  df a0 fe df a0 fe df a0 fe df a0 fe df a0 fe df 
04f2a0  a0 fe df a0 fe df a0 fe df a0 fe df a0 fe df a0 
04f2b0  fe df a0 fe df a0 fe df a0 fe df a0 fe df a0 fe 
04f2c0  df a0 fe df a0 fe df a0 fe df a0 fe df a0 fe df 
04f2d0  a0 fe df a0 fe df a0 fe df a0 fe df a0 fe df a0 
04f2e0  fe df a0 fe df a0 fe df a0 fe df a0 fe df a0 fe 
04f2f0  df a0 fe df a0 fe df a0 fe df a0 fe df a0 fe df 
04f300  a0 fe df a0 fe df a0 fe df a0 fe df a0 fe df a0 
04f310  fe df a0 fe df a0 fe df a0 fe df a0 fe df a0 fe 
04f320  df a0 fe df a0 fe df a0 fe df a0 fe df a0 fe df 
04f330  a0 fe df a0 fe df a0 fe df a0 fe df a0 fe df a0 
04f340  fe df a0 fe df a0 fe df a0 fe df a0 fe df a0 fe 
04f350  df a0 fe df a0 fe df a0 fe df a0 fe df a0 fe df 
04f360  a0 fe df a0 fe df a0 fe df a0 fe df a0 fe df a0 
04f370  fe df a0 fe df a0 fe df a0 fe df a0 fe df a0 fe 
04f380  df a0 fe df a0 fe df a0 fe df a0 fe df a0 fe df 
04f390  a0 fe df a0 fe df a0 fe df a0 fe df a0 fe df a0 
04f3a0  fe df a0 fe df a0 fe df a0 fe df a0 fe df a0 fe 
04f3b0  df a0 fe df a0 fe df a0 fe df a0 fe df a0 fe df 
04f3c0  a0 fe df a0 fe df a0 fe df a0 fe df a0 fe df a0 
04f3d0  fe df a0 fe df a0 fe df a0 fe df a0 fe df a0 fe 
04f3e0  df a0 fe df a0 fe df a0 fe df a0 fe df a0 fe df 
04f3f0  a0 fe df a0 fe df a0 fe df a0 fe df a0 fe df a0 
04f400  fe df a0 fe df a0 fe df a0 fe df a0 fe df a0 fe 
04f410  df a0 fe df a0 fe df a0 fe df a0 fe df a0 fe df 
04f420  a0 fe df a0 fe df a0 fe df a0 fe df a0 fe df a0 
04f430  fe df a0 fe df a0 fe df a0 fe df a0 fe df a0 fe 
04f440  df a0 fe df a0 fe df a0 fe df a0 fe df a0 fe df 
04f450  a0 fe df a0 fe df a0 fe df a0 fe df a0 fe df a0 
04f460  fe df a0 fe df a0 fe df a0 fe df a0 fe df a0 fe 
04f470  df a0 fe df a0 fe df a0 fe df a0 fe df a0 fe df 
04f480  a0 fe df a0 fe df a0 fe df a0 fe df a0 fe df a0 
04f490  fe df a0 fe df a0 fe df a0 fe df a0 fe df a0 fe 
04f4a0  df a0 fe df a0 fe df a0 fe df a0 fe df a0 fe df 
04f4b0  a0 fe df a0 fe df a0 fe df a0 fe df a0 fe df a0 
04f4c0  fe df a0 fe df a0 fe df a0 fe df a0 fe df a0 fe 
04f4d0  df a0 fe df a0 fe df a0 fe df a0 fe df a0 fe df 
04f4e0  a0 fe df a0 fe df a0 fe df a0 fe df a0 fe df a0 
04f4f0  fe df a0 fe df a0 fe df a0 fe df a0 fe df a0 fe 
04f500  df a0 fe df a0 fe df a0 fe df a0 fe df a0 fe df 
04f510  a0 fe df a0 fe df a0 fe df a0 fe df a0 fe df a0 
04f520  fe df a0 fe df a0 fe df a0 fe df a0 fe df a0 fe 
04f530  df a0 fe df a0 fe df a0 fe df a0 fe df a0 fe df 
04f540  a0 fe df a0 fe df a0 fe df a0 fe df a0 fe df a0 
04f550  fe df a0 fe df a0 fe df a0 fe df a0 fe df a0 fe 
04f560  df a0 fe df a0 fe df a0 fe df a0 fe df a0 fe df 
04f570  a0 fe df a0 fe df a0 fe df a0 fe df a0 fe df a0 
04f580  fe df a0 fe df a0 fe df a0 fe df a0 fe df a0 fe 
04f590  df a0 fe df a0 fe df a0 fe df a0 fe df a0 fe df 
04f5a0  a0 fe df a0 fe df a0 fe df a0 fe df a0 fe df a0 
04f5b0  fe df a0 fe df a0 fe df a0 fe df a0 fe df a0 fe 
04f5c0  df a0 fe df a0 fe df a0 fe df a0 fe df a0 fe df 
04f5d0  a0 fe df a0 fe df a0 fe df a0 fe df a0 fe df a0 
04f5e0  fe df a0 fe df a0 fe df a0 fe df a0 fe df a0 fe 
04f5f0  df a0 fe df a0 fe df a0 fe df a0 fe df a0 fe df 
04f600  a0 fe df a0 fe df a0 fe df a0 fe df a0 fe df a0 
04f610  fe df a0 fe df a0 fe df a0 fe df a0 fe df a0 fe 
04f620  df a0 fe df a0 fe df a0 fe df a0 fe df a0 fe df 
04f630  a0 fe df a0 fe df a0 fe df a0 fe df a0 fe df a0 
04f640  fe df a0 fe df a0 fe df a0 fe df a0 fe df a0 fe 
04f650  df a0 fe df a0 fe df a0 fe df a0 fe df a0 fe df 
04f660  a0 fe df a0 fe df a0 fe df a0 fe df a0 fe df a0 
04f670  fe df a0 fe df a0 fe df a0 fe df a0 fe df a0 fe 
04f680  df a0 fe df a0 fe df a0 fe df a0 fe df a0 fe df 
04f690  a0 fe df a0 fe df a0 fe df a0 fe df a0 fe df a0 
04f6a0  fe df a0 fe df a0 fe df a0 fe df a0 fe df a0 fe 
04f6b0  df a0 fe df a0 fe df a0 fe df a0 fe df a0 fe df 
04f6c0  a0 fe df a0 fe df a0 fe df a0 fe df a0 fe df a0 
04f6d0  fe df a0 fe df a0 fe df a0 fe df a0 fe df a0 fe 
04f6e0  df a0 fe df a0 fe df a0 fe df a0 fe df a0 fe df 
04f6f0  a0 fe df a0 fe df a0 fe df a0 fe df a0 fe df a0 
04f700  fe df a0 fe df a0 fe df a0 fe df a0 fe df a0 fe 
04f710  df a0 fe df a0 fe df a0 fe df a0 fe df a0 fe df 
04f720  a0 fe df a0 fe df a0 fe df a0 fe df a0 fe df a0 
04f730  fe df a0 fe df a0 fe df a0 fe df a0 fe df a0 fe 
04f740  df a0 fe df a0 fe df a0 fe df a0 fe df a0 fe df 
04f750  a0 fe df a0 fe df a0 fe df a0 fe df a0 fe df a0 
04f760  fe df a0 fe df a0 fe df a0 fe df a0 fe df a0 fe 
04f770  df a0 fe df a0 fe df a0 fe df a0 fe df a0 fe df 
04f780  a0 fe df a0 fe df a0 fe df a0 fe df a0 fe df a0 
04f790  fe df a0 fe df a0 fe df a0 fe df a0 fe df a0 fe 
04f7a0  df a0 fe df a0 fe df a0 fe df a0 fe df a0 fe df 
04f7b0  a0 fe df a0 fe df a0 fe df a0 fe df a0 fe df a0 
04f7c0  fe df a0 fe df a0 fe df a0 fe df a0 fe df a0 fe 
04f7d0  df a0 fe df a0 fe df a0 fe df a0 fe df a0 fe df 
04f7e0  a0 fe df a0 fe df a0 fe df a0 fe df a0 fe df a0 
04f7f0  fe df a0 fe df a0 fe df a0 fe df a0 fe df a0 fe 
04f800  df a0 fe df a0 fe df a0 fe df a0 fe df a0 fe df 
04f810  a0 fe df a0 fe df a0 fe df a0 fe df a0 fe df a0 
04f820  fe df a0 fe df a0 fe df a0 fe df a0 fe df a0 fe 
04f830  df a0 fe df a0 fe df a0 fe df a0 fe df a0 fe df 
04f840  a0 fe df a0 fe df a0 fe df a0 fe df a0 fe df a0 
04f850  fe df a0 fe df a0 fe df a0 fe df a0 fe df a0 fe 
04f860  df a0 fe df a0 fe df a0 fe df a0 fe df a0 fe df 
04f870  a0 fe df a0 fe df a0 fe df a0 fe df a0 fe df a0 
04f880  fe df a0 fe df a0 fe df a0 fe df a0 fe df a0 fe 
04f890  df a0 fe df a0 fe df a0 fe df a0 fe df a0 fe df 
04f8a0  a0 fe df a0 fe df a0 fe df a0 fe df a0 fe df a0 
04f8b0  fe df a0 fe df a0 fe df a0 fe df a0 fe df a0 fe 
04f8c0  df a0 fe df a0 fe df a0 fe df a0 fe df a0 fe df 
04f8d0  a0 fe df a0 fe df a0 fe df a0 fe df a0 fe df a0 
04f8e0  fe df a0 fe df a0 fe df a0 fe df a0 fe df a0 fe 
04f8f0  df a0 fe df a0 fe df a0 fe df a0 fe df a0 fe df 
04f900  a0 fe df a0 fe df a0 fe df a0 fe df a0 fe df a0 
04f910  fe df a0 fe df a0 fe df a0 fe df a0 fe df a0 fe 
04f920  df a0 fe df a0 fe df a0 fe df a0 fe df a0 fe df 
04f930  a0 fe df a0 fe df a0 fe df a0 fe df a0 fe df a0 
04f940  fe df a0 fe df a0 fe df a0 fe df a0 fe df a0 fe 
04f950  df a0 fe df a0 fe df a0 fe df a0 fe df a0 fe df 
04f960  a0 fe df a0 fe df a0 fe df a0 fe df a0 fe df a0 
04f970  fe df a0 fe df a0 fe df a0 fe df a0 fe df a0 fe 
04f980  df a0 fe df a0 fe df a0 fe df a0 fe df a0 fe df 
04f990  a0 fe df a0 fe df a0 fe df a0 fe df a0 fe df a0 
04f9a0  fe df a0 fe df a0 fe df a0 fe df a0 fe df a0 fe 
04f9b0  df a0 fe df a0 fe df a0 fe df a0 fe df a0 fe df 
04f9c0  a0 fe df a0 fe df a0 fe df a0 fe df a0 fe df a0 
04f9d0  fe df a0 fe df a0 fe df a0 fe df a0 fe df a0 fe 
04f9e0  df a0 fe df a0 fe df a0 fe df a0 fe df a0 fe df 
04f9f0  a0 fe df a0 fe df a0 fe df a0 fe df a0 fe df a0 
04fa00  fe df a0 fe df a0 fe df a0 fe df a0 fe df a0 fe 
04fa10  df a0 fe df a0 fe df a0 fe df a0 fe df a0 fe df 
04fa20  a0 fe df a0 fe df a0 fe df a0 fe df a0 fe df a0 
04fa30  fe df a0 fe df a0 fe df a0 fe df a0 fe df a0 fe 
04fa40  df a0 fe df a0 fe df a0 fe df a0 fe df a0 fe df 
04fa50  a0 fe df a0 fe df a0 fe df a0 fe df a0 fe df a0 
04fa60  fe df a0 fe df a0 fe df a0 fe df a0 fe df a0 fe 
04fa70  df a0 fe df a0 fe df a0 fe df a0 fe df a0 fe df 
04fa80  a0 fe df a0 fe df a0 fe df a0 fe df a0 fe df a0 
04fa90  fe df a0 fe df a0 fe df a0 fe df a0 fe df a0 fe 
04faa0  df a0 fe df a0 fe df a0 fe df a0 fe df a0 fe df 
04fab0  a0 fe df a0 fe df a0 fe df a0 fe df a0 fe df a0 
04fac0  fe df a0 fe df a0 fe df a0 fe df a0 fe df a0 fe 
04fad0  df a0 fe df a0 fe df a0 fe df a0 fe df a0 fe df 
04fae0  a0 fe df a0 fe df a0 fe df a0 fe df a0 fe df a0 
04faf0  fe df a0 fe df a0 fe df a0 fe df a0 fe df a0 fe 
04fb00  df a0 fe df a0 fe df a0 fe df a0 fe df a0 fe df 
04fb10  a0 fe df a0 fe df a0 fe df a0 fe df a0 fe df a0 
04fb20  fe df a0 fe df a0 fe df a0 fe df a0 fe df a0 fe 
04fb30  df a0 fe df a0 fe df a0 fe df a0 fe df a0 fe df 
04fb40  a0 fe df a0 fe df a0 fe df a0 fe df a0 fe df a0 
04fb50  fe df a0 fe df a0 fe df a0 fe df a0 fe df a0 fe 
04fb60  df a0 fe df a0 fe df a0 fe df a0 fe df a0 fe df 
04fb70  a0 fe df a0 fe df a0 fe df a0 fe df a0 fe df a0 
04fb80  fe df a0 fe df a0 fe df a0 fe df a0 fe df a0 fe 
04fb90  df a0 fe df a0 fe df a0 fe df a0 fe df a0 fe df 
04fba0  a0 fe df a0 fe df a0 fe df a0 fe df a0 fe df a0 
04fbb0  fe df a0 fe df a0 fe df a0 fe df a0 fe df a0 fe 
04fbc0  df a0 fe df a0 fe df a0 fe df a0 fe df a0 fe df 
04fbd0  a0 fe df a0 fe df a0 fe df a0 fe df a0 fe df a0 
04fbe0  fe df a0 fe df a0 fe df a0 fe df a0 fe df a0 fe 
04fbf0  df a0 fe df a0 fe df a0 fe df a0 fe df a0 fe df 
04fc00  a0 fe df a0 fe df a0 fe df a0 fe df a0 fe df a0 
04fc10  fe df a0 fe df a0 fe df a0 fe df a0 fe df a0 fe 
04fc20  df a0 fe df a0 fe df a0 fe df a0 fe df a0 fe df 
04fc30  a0 fe df a0 fe df a0 fe df a0 fe df a0 fe df a0 
04fc40  fe df a0 fe df a0 fe df a0 fe df a0 fe df a0 fe 
04fc50  df a0 fe df a0 fe df a0 fe df a0 fe df a0 fe df 
04fc60  a0 fe df a0 fe df a0 fe df a0 fe df a0 fe df a0 
04fc70  fe df a0 fe df a0 fe df a0 fe df a0 fe df a0 fe 
04fc80  df a0 fe df a0 fe df a0 fe df a0 fe df a0 fe df 
04fc90  a0 fe df a0 fe df a0 fe df a0 fe df a0 fe df a0 
04fca0  fe df a0 fe df a0 fe df a0 fe df a0 fe df a0 fe 
04fcb0  df a0 fe df a0 fe df a0 fe df a0 fe df a0 fe df 
04fcc0  a0 fe df a0 fe df a0 fe df a0 fe df a0 fe df a0 
04fcd0  fe df a0 fe df a0 fe df a0 fe df a0 fe df a0 fe 
04fce0  df a0 fe df a0 fe df a0 fe df a0 fe df a0 fe df 
04fcf0  a0 fe df a0 fe df a0 fe df a0 fe df a0 fe df a0 
04fd00  fe df a0 fe df a0 fe df a0 fe df a0 fe df a0 fe 
04fd10  df a0 fe df a0 fe df a0 fe df a0 fe df a0 fe df 
04fd20  a0 fe df a0 fe df a0 fe df a0 fe df a0 fe df a0 
04fd30  fe df a0 fe df a0 fe df a0 fe df a0 fe df a0 fe 
04fd40  df a0 fe df a0 fe df a0 fe df a0 fe df a0 fe df 
04fd50  a0 fe df a0 fe df a0 fe df a0 fe df a0 fe df a0 
04fd60  fe df a0 fe df a0 fe df a0 fe df a0 fe df a0 fe 
04fd70  df a0 fe df a0 fe df a0 fe df a0 fe df a0 fe df 
04fd80  a0 fe df a0 fe df a0 fe df a0 fe df a0 fe df a0 
04fd90  fe df a0 fe df a0 fe df a0 fe df a0 fe df a0 fe 
04fda0  df a0 fe df a0 fe df a0 fe df a0 fe df a0 fe df 
04fdb0  a0 fe df a0 fe df a0 fe df a0 fe df a0 fe df a0 
04fdc0  fe df a0 fe df a0 fe df a0 fe df a0 fe df a0 fe 
04fdd0  df a0 fe df a0 fe df a0 fe df a0 fe df a0 fe df 
04fde0  a0 fe df a0 fe df a0 fe df a0 fe df a0 fe df a0 
04fdf0  fe df a0 fe df a0 fe df a0 fe df a0 fe df a0 fe 
04fe00  df a0 fe df a0 fe df a0 fe df a0 fe df a0 fe df 
04fe10  a0 fe df a0 fe df a0 fe df a0 fe df a0 fe df a0 
04fe20  fe df a0 fe df a0 fe df a0 fe df a0 fe df a0 fe 
04fe30  df a0 fe df a0 fe df a0 fe df a0 fe df a0 fe df 
04fe40  a0 fe df a0 fe df a0 fe df a0 fe df a0 fe df a0 
04fe50  fe df a0 fe df a0 fe df a0 fe df a0 fe df a0 fe 
04fe60  df a0 fe df a0 fe df a0 fe df a0 fe df a0 fe df 
04fe70  a0 fe df a0 fe df a0 fe df a0 fe df a0 fe df a0 
04fe80  fe df a0 fe df a0 fe df a0 fe df a0 fe df a0 fe 
04fe90  df a0 fe df a0 fe df a0 fe df a0 fe df a0 fe df 
04fea0  a0 fe df a0 fe df a0 fe df a0 fe df a0 fe df a0 
04feb0  fe df a0 fe df a0 fe df a0 fe df a0 fe df a0 fe 
04fec0  df a0 fe df a0 fe df a0 fe df a0 fe df a0 fe df 
04fed0  a0 fe df a0 fe df a0 fe df a0 fe df a0 fe df a0 
04fee0  fe df a0 fe df a0 fe df a0 fe df a0 fe df a0 fe 
04fef0  df a0 fe df a0 fe df a0 fe df a0 fe df a0 fe df 
04ff00  a0 fe df a0 fe df a0 fe df a0 fe df a0 fe df a0 
04ff10  fe df a0 fe df a0 fe df a0 fe df a0 fe df a0 fe 
04ff20  df a0 fe df a0 fe df a0 fe df a0 fe df a0 fe df 
04ff30  a0 fe df a0 fe df a0 fe df a0 fe df a0 fe df a0 
04ff40  fe df a0 fe df a0 fe df a0 fe df a0 fe df a0 fe 
04ff50  df a0 fe df a0 fe df a0 fe df a0 fe df a0 fe df 
04ff60  a0 fe df a0 fe df a0 fe df a0 fe df a0 fe df a0 
04ff70  fe df a0 fe df a0 fe df a0 fe df a0 fe df a0 fe 
04ff80  df a0 fe df a0 fe df a0 fe df a0 fe df a0 fe df 
04ff90  a0 fe df a0 fe df a0 fe df a0 fe df a0 fe df a0 
04ffa0  fe df a0 fe df a0 fe df a0 fe df a0 fe df a0 fe 
04ffb0  df a0 fe df a0 fe df a0 fe df a0 fe df a0 fe df 
04ffc0  a0 fe df a0 fe df a0 fe df a0 fe df a0 fe df a0 
04ffd0  fe df a0 fe df a0 fe df a0 fe df a0 fe df a0 fe 
04ffe0  df a0 fe df a0 fe df a0 fe df a0 fe df a0 fe df 
04fff0  a0 fe df a0 fe df a0 fe df a0 fe df a0 fe df a0 
050000  fe df a0 fe df a0 fe df a0 fe df a0 fe df a0 fe 
050010  df a0 fe df a0 fe df a0 fe df a0 fe df a0 fe df 
050020  a0 fe df a0 fe df a0 fe df a0 fe df a0 fe df a0 
050030  fe df a0 fe df a0 fe df a0 fe df a0 fe df a0 fe 
050040  df a0 fe df a0 fe df a0 fe df a0 fe df a0 fe df 
050050  a0 fe df a0 fe df a0 fe df a0 fe df a0 fe df a0 
050060  fe df a0 fe df a0 fe df a0 fe df a0 fe df a0 fe 
050070  df a0 fe df a0 fe df a0 fe df a0 fe df a0 fe df 
050080  a0 fe df a0 fe df a0 fe df a0 fe df a0 fe df a0 
050090  fe df a0 fe df a0 fe df a0 fe df a0 fe df a0 fe 
0500a0  df a0 fe df a0 fe df a0 fe df a0 fe df a0 fe df 
0500b0  a0 fe df a0 fe df a0 fe df a0 fe df a0 fe df a0 
0500c0  fe df a0 fe df a0 fe df a0 fe df a0 fe df a0 fe 
0500d0  df a0 fe df a0 fe df a0 fe df a0 fe df a0 fe df 
0500e0  a0 fe df a0 fe df a0 fe df a0 fe df a0 fe df a0 
0500f0  fe df a0 fe df a0 fe df a0 fe df a0 fe df a0 fe 
050100  df a0 fe df a0 fe df a0 fe df a0 fe df a0 fe df 
050110  a0 fe df a0 fe df a0 fe df a0 fe df a0 fe df a0 
050120  fe df a0 fe df a0 fe df a0 fe df a0 fe df a0 fe 
050130  df a0 fe df a0 fe df a0 fe df a0 fe df a0 fe df 
050140  a0 fe df a0 fe df a0 fe df a0 fe df a0 fe df a0 
050150  fe df a0 fe df a0 fe df a0 fe df a0 fe df a0 fe 
050160  df a0 fe df a0 fe df a0 fe df a0 fe df a0 fe df 
050170  a0 fe df a0 fe df a0 fe df a0 fe df a0 fe df a0 
050180  fe df a0 fe df a0 fe df a0 fe df a0 fe df a0 fe 
050190  df a0 fe df a0 fe df a0 fe df a0 fe df a0 fe df 
0501a0  a0 fe df a0 fe df a0 fe df a0 fe df a0 fe df a0 
0501b0  fe df a0 fe df a0 fe df a0 fe df a0 fe df a0 fe 
0501c0  df a0 fe df a0 fe df a0 fe df a0 fe df a0 fe df 
0501d0  a0 fe df a0 fe df a0 fe df a0 fe df a0 fe df a0 
0501e0  fe df a0 fe df a0 fe df a0 fe df a0 fe df a0 fe 
0501f0  df a0 fe df a0 fe df a0 fe df a0 fe df a0 fe df 
050200  a0 fe df a0 fe df a0 fe df a0 fe df a0 fe df a0 
050210  fe df a0 fe df a0 fe df a0 fe df a0 fe df a0 fe 
050220  df a0 fe df a0 fe df a0 fe df a0 fe df a0 fe df 
050230  a0 fe df a0 fe df a0 fe df a0 fe df a0 fe df a0 
050240  fe df a0 fe df a0 fe df a0 fe df a0 fe df a0 fe 
050250  df a0 fe df a0 fe df a0 fe df a0 fe df a0 fe df 
050260  a0 fe df a0 fe df a0 fe df a0 fe df a0 fe df a0 
050270  fe df a0 fe df a0 fe df a0 fe df a0 fe df a0 fe 
050280  df a0 fe df a0 fe df a0 fe df a0 fe df a0 fe df 
050290  a0 fe df a0 fe df a0 fe df a0 fe df a0 fe df a0 
0502a0  fe df a0 fe df a0 fe df a0 fe df a0 fe df a0 fe 
0502b0  df a0 fe df a0 fe df a0 fe df a0 fe df a0 fe df 
0502c0  a0 fe df a0 fe df a0 fe df a0 fe df a0 fe df a0 
0502d0  fe df a0 fe df a0 fe df a0 fe df a0 fe df a0 fe 
0502e0  df a0 fe df a0 fe df a0 fe df a0 fe df a0 fe df 
0502f0  a0 fe df a0 fe df a0 fe df a0 fe df a0 fe df a0 
050300  fe df a0 fe df a0 fe df a0 fe df a0 fe df a0 fe 
050310  df a0 fe df a0 fe df a0 fe df a0 fe df a0 fe df 
050320  a0 fe df a0 fe df a0 fe df a0 fe df a0 fe df a0 
050330  fe df a0 fe df a0 fe df a0 fe df a0 fe df a0 fe 
050340  df a0 fe df a0 fe df a0 fe df a0 fe df a0 fe df 
050350  a0 fe df a0 fe df a0 fe df a0 fe df a0 fe df a0 
050360  fe df a0 fe df a0 fe df a0 fe df a0 fe df a0 fe 
050370  df a0 fe df a0 fe df a0 fe df a0 fe df a0 fe df 
050380  a0 fe df a0 fe df a0 fe df a0 fe df a0 fe df a0 
050390  fe df a0 fe df a0 fe df a0 fe df a0 fe df a0 fe 
0503a0  df a0 fe df a0 fe df a0 fe df a0 fe df a0 fe df 
0503b0  a0 fe df a0 fe df a0 fe df a0 fe df a0 fe df a0 
0503c0  fe df a0 fe df a0 fe df a0 fe df a0 fe df a0 fe 
0503d0  df a0 fe df a0 fe df a0 fe df a0 fe df a0 fe df 
0503e0  a0 fe df a0 fe df a0 fe df a0 fe df a0 fe df a0 
0503f0  fe df a0 fe df a0 fe df a0 fe df a0 fe df a0 fe 
050400  df a0 fe df a0 fe df a0 fe df a0 fe df a0 fe df 
050410  a0 fe df a0 fe df a0 fe df a0 fe df a0 fe df a0 
050420  fe df a0 fe df a0 fe df a0 fe df a0 fe df a0 fe 
050430  df a0 fe df a0 fe df a0 fe df a0 fe df a0 fe df 
050440  a0 fe df a0 fe df a0 fe df a0 fe df a0 fe df a0 
050450  fe df a0 fe df a0 fe df a0 fe df a0 fe df a0 fe 
050460  df a0 fe df a0 fe df a0 fe df a0 fe df a0 fe df 
050470  a0 fe df a0 fe df a0 fe df a0 fe df a0 fe df a0 
050480  fe df a0 fe df a0 fe df a0 fe df a0 fe df a0 fe 
050490  df a0 fe df a0 fe df a0 fe df a0 fe df a0 fe df 
0504a0  a0 fe df a0 fe df a0 fe df a0 fe df a0 fe df a0 
0504b0  fe df a0 fe df a0 fe df a0 fe df a0 fe df a0 fe 
0504c0  df a0 fe df a0 fe df a0 fe df a0 fe df a0 fe df 
0504d0  a0 fe df a0 fe df a0 fe df a0 fe df a0 fe df a0 
0504e0  fe df a0 fe df a0 fe df a0 fe df a0 fe df a0 fe 
0504f0  df a0 fe df a0 fe df a0 fe df a0 fe df a0 fe df 
050500  a0 fe df a0 fe df a0 fe df a0 fe df a0 fe df a0 
050510  fe df a0 fe df a0 fe df a0 fe df a0 fe df a0 fe 
050520  df a0 fe df a0 fe df a0 fe df a0 fe df a0 fe df 
050530  a0 fe df a0 fe df a0 fe df a0 fe df a0 fe df a0 
050540  fe df a0 fe df a0 fe df a0 fe df a0 fe df a0 fe 
050550  df a0 fe df a0 fe df a0 fe df a0 fe df a0 fe df 
050560  a0 fe df a0 fe df a0 fe df a0 fe df a0 fe df a0 
050570  fe df a0 fe df a0 fe df a0 fe df a0 fe df a0 fe 
050580  df a0 fe df a0 fe df a0 fe df a0 fe df a0 fe df 
050590  a0 fe df a0 fe df a0 fe df a0 fe df a0 fe df a0 
0505a0  fe df a0 fe df a0 fe df a0 fe df a0 fe df a0 fe 
0505b0  df a0 fe df a0 fe df a0 fe df a0 fe df a0 fe df 
0505c0  a0 fe df a0 fe df a0 fe df a0 fe df a0 fe df a0 
0505d0  fe df a0 fe df a0 fe df a0 fe df a0 fe df a0 fe 
0505e0  df a0 fe df a0 fe df a0 fe df a0 fe df a0 fe df 
0505f0  a0 fe df a0 fe df a0 fe df a0 fe df a0 fe df a0 
050600  fe df a0 fe df a0 fe df a0 fe df a0 fe df a0 fe 
050610  df a0 fe df a0 fe df a0 fe df a0 fe df a0 fe df 
050620  a0 fe df a0 fe df a0 fe df a0 fe df a0 fe df a0 
050630  fe df a0 fe df a0 fe df a0 fe df a0 fe df a0 fe 
050640  df a0 fe df a0 fe df a0 fe df a0 fe df a0 fe df 
050650  a0 fe df a0 fe df a0 fe df a0 fe df a0 fe df a0 
050660  fe df a0 fe df a0 fe df a0 fe df a0 fe df a0 fe 
050670  df a0 fe df a0 fe df a0 fe df a0 fe df a0 fe df 
050680  a0 fe df a0 fe df a0 fe df a0 fe df a0 fe df a0 
050690  fe df a0 fe df a0 fe df a0 fe df a0 fe df a0 fe 
0506a0  df a0 fe df a0 fe df a0 fe df a0 fe df a0 fe df 
0506b0  a0 fe df a0 fe df a0 fe df a0 fe df a0 fe df a0 
0506c0  fe df a0 fe df a0 fe df a0 fe df a0 fe df a0 fe 
0506d0  df a0 fe df a0 fe df a0 fe df a0 fe df a0 fe df 
0506e0  a0 fe df a0 fe df a0 fe df a0 fe df a0 fe df a0 
0506f0  fe df a0 fe df a0 fe df a0 fe df a0 fe df a0 fe 
050700  df a0 fe df a0 fe df a0 fe df a0 fe df a0 fe df 
050710  a0 fe df a0 fe df a0 fe df a0 fe df a0 fe df a0 
050720  fe df a0 fe df a0 fe df a0 fe df a0 fe df a0 fe 
050730  df a0 fe df a0 fe df a0 fe df a0 fe df a0 fe df 
050740  a0 fe df a0 fe df a0 fe df a0 fe df a0 fe df a0 
050750  fe df a0 fe df a0 fe df a0 fe df a0 fe df a0 fe 
050760  df a0 fe df a0 fe df a0 fe df a0 fe df a0 fe df 
050770  a0 fe df a0 fe df a0 fe df a0 fe df a0 fe df a0 
050780  fe df a0 fe df a0 fe df a0 fe df a0 fe df a0 fe 
050790  df a0 fe df a0 fe df a0 fe df a0 fe df a0 fe df 
0507a0  a0 fe df a0 fe df a0 fe df a0 fe df a0 fe df a0 
0507b0  fe df a0 fe df a0 fe df a0 fe df a0 fe df a0 fe 
0507c0  df a0 fe df a0 fe df a0 fe df a0 fe df a0 fe df 
0507d0  a0 fe df a0 fe df a0 fe df a0 fe df a0 fe df a0 
0507e0  fe df a0 fe df a0 fe df a0 fe df a0 fe df a0 fe 
0507f0  df a0 fe df a0 fe df a0 fe df a0 fe df a0 fe df 
050800  a0 fe df a0 fe df a0 fe df a0 fe df a0 fe df a0 
050810  fe df a0 fe df a0 fe df a0 fe df a0 fe df a0 fe 
050820  df a0 fe df a0 fe df a0 fe df a0 fe df a0 fe df 
050830  a0 fe df a0 fe df a0 fe df a0 fe df a0 fe df a0 
050840  fe df a0 fe df a0 fe df a0 fe df a0 fe df a0 fe 
050850  df a0 fe df a0 fe df a0 fe df a0 fe df a0 fe df 
050860  a0 fe df a0 fe df a0 fe df a0 fe df a0 fe df a0 
050870  fe df a0 fe df a0 fe df a0 fe df a0 fe df a0 fe 
050880  df a0 fe df a0 fe df a0 fe df a0 fe df a0 fe df 
050890  a0 fe df a0 fe df a0 fe df a0 fe df a0 fe df a0 
0508a0  fe df a0 fe df a0 fe df a0 fe df a0 fe df a0 fe 
0508b0  df a0 fe df a0 fe df a0 fe df a0 fe df a0 fe df 
0508c0  a0 fe df a0 fe df a0 fe df a0 fe df a0 fe df a0 
0508d0  fe df a0 fe df a0 fe df a0 fe df a0 fe df a0 fe 
0508e0  df a0 fe df a0 fe df a0 fe df a0 fe df a0 fe df 
0508f0  a0 fe df a0 fe df a0 fe df a0 fe df a0 fe df a0 
050900  fe df a0 fe df a0 fe df a0 fe df a0 fe df a0 fe 
050910  df a0 fe df a0 fe df a0 fe df a0 fe df a0 fe df 
050920  a0 fe df a0 fe df a0 fe df a0 fe df a0 fe df a0 
050930  fe df a0 fe df a0 fe df a0 fe df a0 fe df a0 fe 
050940  df a0 fe df a0 fe df a0 fe df a0 fe df a0 fe df 
050950  a0 fe df a0 fe df a0 fe df a0 fe df a0 fe df a0 
050960  fe df a0 fe df a0 fe df a0 fe df a0 fe df a0 fe 
050970  df a0 fe df a0 fe df a0 fe df a0 fe df a0 fe df 
050980  a0 fe df a0 fe df a0 fe df a0 fe df a0 fe df a0 
050990  fe df a0 fe df a0 fe df a0 fe df a0 fe df a0 fe 
0509a0  df a0 fe df a0 fe df a0 fe df a0 fe df a0 fe df 
0509b0  a0 fe df a0 fe df a0 fe df a0 fe df a0 fe df a0 
0509c0  fe df a0 fe df a0 fe df a0 fe df a0 fe df a0 fe 
0509d0  df a0 fe df a0 fe df a0 fe df a0 fe df a0 fe df 
0509e0  a0 fe df a0 fe df a0 fe df a0 fe df a0 fe df a0 
0509f0  fe df a0 fe df a0 fe df a0 fe df a0 fe df a0 fe 
050a00  df a0 fe df a0 fe df a0 fe df a0 fe df a0 fe df 
050a10  a0 fe df a0 fe df a0 fe df a0 fe df a0 fe df a0 
050a20  fe df a0 fe df a0 fe df a0 fe df a0 fe df a0 fe 
050a30  df a0 fe df a0 fe df a0 fe df a0 fe df a0 fe df 
050a40  a0 fe df a0 fe df a0 fe df a0 fe df a0 fe df a0 
050a50  fe df a0 fe df a0 fe df a0 fe df a0 fe df a0 fe 
050a60  df a0 fe df a0 fe df a0 fe df a0 fe df a0 fe df 
050a70  a0 fe df a0 fe df a0 fe df a0 fe df a0 fe df a0 
050a80  fe df a0 fe df a0 fe df a0 fe df a0 fe df a0 fe 
050a90  df a0 fe df a0 fe df a0 fe df a0 fe df a0 fe df 
050aa0  a0 fe df a0 fe df a0 fe df a0 fe df a0 fe df a0 
050ab0  fe df a0 fe df a0 fe df a0 fe df a0 fe df a0 fe 
050ac0  df a0 fe df a0 fe df a0 fe df a0 fe df a0 fe df 
050ad0  a0 fe df a0 fe df a0 fe df a0 fe df a0 fe df a0 
050ae0  fe df a0 fe df a0 fe df a0 fe df a0 fe df a0 fe 
050af0  df a0 fe df a0 fe df a0 fe df a0 fe df a0 fe df 
050b00  a0 fe df a0 fe df a0 fe df a0 fe df a0 fe df a0 
050b10  fe df a0 fe df a0 fe df a0 fe df a0 fe df a0 fe 
050b20  df a0 fe df a0 fe df a0 fe df a0 fe df a0 fe df 
050b30  a0 fe df a0 fe df a0 fe df a0 fe df a0 fe df a0 
050b40  fe df a0 fe df a0 fe df a0 fe df a0 fe df a0 fe 
050b50  df a0 fe df a0 fe df a0 fe df a0 fe df a0 fe df 
050b60  a0 fe df a0 fe df a0 fe df a0 fe df a0 fe df a0 
050b70  fe df a0 fe df a0 fe df a0 fe df a0 fe df a0 fe 
050b80  df a0 fe df a0 fe df a0 fe df a0 fe df a0 fe df 
050b90  a0 fe df a0 fe df a0 fe df a0 fe df a0 fe df a0 
050ba0  fe df a0 fe df a0 fe df a0 fe df a0 fe df a0 fe 
050bb0  df a0 fe df a0 fe df a0 fe df a0 fe df a0 fe df 
050bc0  a0 fe df a0 fe df a0 fe df a0 fe df a0 fe df a0 
050bd0  fe df a0 fe df a0 fe df a0 fe df a0 fe df a0 fe 
050be0  df a0 fe df a0 fe df a0 fe df a0 fe df a0 fe df 
050bf0  a0 fe df a0 fe df a0 fe df a0 fe df a0 fe df a0 
050c00  fe df a0 fe df a0 fe df a0 fe df a0 fe df a0 fe 
050c10  df a0 fe df a0 fe df a0 fe df a0 fe df a0 fe df 
050c20  a0 fe df a0 fe df a0 fe df a0 fe df a0 fe df a0 
050c30  fe df a0 fe df a0 fe df a0 fe df a0 fe df a0 fe 
050c40  df a0 fe df a0 fe df a0 fe df a0 fe df a0 fe df 
050c50  a0 fe df a0 fe df a0 fe df a0 fe df a0 fe df a0 
050c60  fe df a0 fe df a0 fe df a0 fe df a0 fe df a0 fe 
050c70  df a0 fe df a0 fe df a0 fe df a0 fe df a0 fe df 
050c80  a0 fe df a0 fe df a0 fe df a0 fe df a0 fe df a0 
050c90  fe df a0 fe df a0 fe df a0 fe df a0 fe df a0 fe 
050ca0  df a0 fe df a0 fe df a0 fe df a0 fe df a0 fe df 
050cb0  a0 fe df a0 fe df a0 fe df a0 fe df a0 fe df a0 
050cc0  fe df a0 fe df a0 fe df a0 fe df a0 fe df a0 fe 
050cd0  df a0 fe df a0 fe df a0 fe df a0 fe df a0 fe df 
050ce0  a0 fe df a0 fe df a0 fe df a0 fe df a0 fe df a0 
050cf0  fe df a0 fe df a0 fe df a0 fe df a0 fe df a0 fe 
050d00  df a0 fe df a0 fe df a0 fe df a0 fe df a0 fe df 
050d10  a0 fe df a0 fe df a0 fe df a0 fe df a0 fe df a0 
050d20  fe df a0 fe df a0 fe df a0 fe df a0 fe df a0 fe 
050d30  df a0 fe df a0 fe df a0 fe df a0 fe df a0 fe df 
050d40  a0 fe df a0 fe df a0 fe df a0 fe df a0 fe df a0 
050d50  fe df a0 fe df a0 fe df a0 fe df a0 fe df a0 fe 
050d60  df a0 fe df a0 fe df a0 fe df a0 fe df a0 fe df 
050d70  a0 fe df a0 fe df a0 fe df a0 fe df a0 fe df a0 
050d80  fe df a0 fe df a0 fe df a0 fe df a0 fe df a0 fe 
050d90  df a0 fe df a0 fe df a0 fe df a0 fe df a0 fe df 
050da0  a0 fe df a0 fe df a0 fe df a0 fe df a0 fe df a0 
050db0  fe df a0 fe df a0 fe df a0 fe df a0 fe df a0 fe 
050dc0  df a0 fe df a0 fe df a0 fe df a0 fe df a0 fe df 
050dd0  a0 fe df a0 fe df a0 fe df a0 fe df a0 fe df a0 
050de0  fe df a0 fe df a0 fe df a0 fe df a0 fe df a0 fe 
050df0  df a0 fe df a0 fe df a0 fe df a0 fe df a0 fe df 
050e00  a0 fe df a0 fe df a0 fe df a0 fe df a0 fe df a0 
050e10  fe df a0 fe df a0 fe df a0 fe df a0 fe df a0 fe 
050e20  df a0 fe df a0 fe df a0 fe df a0 fe df a0 fe df 
050e30  a0 fe df a0 fe df a0 fe df a0 fe df a0 fe df a0 
050e40  fe df a0 fe df a0 fe df a0 fe df a0 fe df a0 fe 
050e50  df a0 fe df a0 fe df a0 fe df a0 fe df a0 fe df 
050e60  a0 fe df a0 fe df a0 fe df a0 fe df a0 fe df a0 
050e70  fe df a0 fe df a0 fe df a0 fe df a0 fe df a0 fe 
050e80  df a0 fe df a0 fe df a0 fe df a0 fe df a0 fe df 
050e90  a0 fe df a0 fe df a0 fe df a0 fe df a0 fe df a0 
050ea0  fe df a0 fe df a0 fe df a0 fe df a0 fe df a0 fe 
050eb0  df a0 fe df a0 fe df a0 fe df a0 fe df a0 fe df 
050ec0  a0 fe df a0 fe df a0 fe df a0 fe df a0 fe df a0 
050ed0  fe df a0 fe df a0 fe df a0 fe df a0 fe df a0 fe 
050ee0  df a0 fe df a0 fe df a0 fe df a0 fe df a0 fe df 
050ef0  a0 fe df a0 fe df a0 fe df a0 fe df a0 fe df a0 
050f00  fe df a0 fe df a0 fe df a0 fe df a0 fe df a0 fe 
050f10  df a0 fe df a0 fe df a0 fe df a0 fe df a0 fe df 
050f20  a0 fe df a0 fe df a0 fe df a0 fe df a0 fe df a0 
050f30  fe df a0 fe df a0 fe df a0 fe df a0 fe df a0 fe 
050f40  df a0 fe df a0 fe df a0 fe df a0 fe df a0 fe df 
050f50  a0 fe df a0 fe df a0 fe df a0 fe df a0 fe df a0 
050f60  fe df a0 fe df a0 fe df a0 fe df a0 fe df a0 fe 
050f70  df a0 fe df a0 fe df a0 fe df a0 fe df a0 fe df 
050f80  a0 fe df a0 fe df a0 fe df a0 fe df a0 fe df a0 
050f90  fe df a0 fe df a0 fe df a0 fe df a0 fe df a0 fe 
050fa0  df a0 fe df a0 fe df a0 fe df a0 fe df a0 fe df 
050fb0  a0 fe df a0 fe df a0 fe df a0 fe df a0 fe df a0 
050fc0  fe df a0 fe df a0 fe df a0 fe df a0 fe df a0 fe 
050fd0  df a0 fe df a0 fe df a0 fe df a0 fe df a0 fe df 
050fe0  a0 fe df a0 fe df a0 fe df a0 fe df a0 fe df a0 
050ff0  fe df a0 fe df a0 fe df a0 fe df a0 fe df a0 fe 
051000  df a0 fe df a0 fe df a0 fe df a0 fe df a0 fe df 
051010  a0 fe df a0 fe df a0 fe df a0 fe df a0 fe df a0 
051020  fe df a0 fe df a0 fe df a0 fe df a0 fe df a0 fe 
051030  df a0 fe df a0 fe df a0 fe df a0 fe df a0 fe df 
051040  a0 fe df a0 fe df a0 fe df a0 fe df a0 fe df a0 
051050  fe df a0 fe df a0 fe df a0 fe df a0 fe df a0 fe 
051060  df a0 fe df a0 fe df a0 fe df a0 fe df a0 fe df 
051070  a0 fe df a0 fe df a0 fe df a0 fe df a0 fe df a0 
051080  fe df a0 fe df a0 fe df a0 fe df a0 fe df a0 fe 
051090  df a0 fe df a0 fe df a0 fe df a0 fe df a0 fe df 
0510a0  a0 fe df a0 fe df a0 fe df a0 fe df a0 fe df a0 
0510b0  fe df a0 fe df a0 fe df a0 fe df a0 fe df a0 fe 
0510c0  df a0 fe df a0 fe df a0 fe df a0 fe df a0 fe df 
0510d0  a0 fe df a0 fe df a0 fe df a0 fe df a0 fe df a0 
0510e0  fe df a0 fe df a0 fe df a0 fe df a0 fe df a0 fe 
0510f0  df a0 fe df a0 fe df a0 fe df a0 fe df a0 fe df 
051100  a0 fe df a0 fe df a0 fe df a0 fe df a0 fe df a0 
051110  fe df a0 fe df a0 fe df a0 fe df a0 fe df a0 fe 
051120  df a0 fe df a0 fe df a0 fe df a0 fe df a0 fe df 
051130  a0 fe df a0 fe df a0 fe df a0 fe df a0 fe df a0 
051140  fe df a0 fe df a0 fe df a0 fe df a0 fe df a0 fe 
051150  df a0 fe df a0 fe df a0 fe df a0 fe df a0 fe df 
051160  a0 fe df a0 fe df a0 fe df a0 fe df a0 fe df a0 
051170  fe df a0 fe df a0 fe df a0 fe df a0 fe df a0 fe 
051180  df a0 fe df a0 fe df a0 fe df a0 fe df a0 fe df 
051190  a0 fe df a0 fe df a0 fe df a0 fe df a0 fe df a0 
0511a0  fe df a0 fe df a0 fe df a0 fe df a0 fe df a0 fe 
0511b0  df a0 fe df a0 fe df a0 fe df a0 fe df a0 fe df 
0511c0  a0 fe df a0 fe df a0 fe df a0 fe df a0 fe df a0 
0511d0  fe df a0 fe df a0 fe df a0 fe df a0 fe df a0 fe 
0511e0  df a0 fe df a0 fe df a0 fe df a0 fe df a0 fe df 
0511f0  a0 fe df a0 fe df a0 fe df a0 fe df a0 fe df a0 
051200  fe df a0 fe df a0 fe df a0 fe df a0 fe df a0 fe 
051210  df a0 fe df a0 fe df a0 fe df a0 fe df a0 fe df 
051220  a0 fe df a0 fe df a0 fe df a0 fe df a0 fe df a0 
051230  fe df a0 fe df a0 fe df a0 fe df a0 fe df a0 fe 
051240  df a0 fe df a0 fe df a0 fe df a0 fe df a0 fe df 
051250  a0 fe df a0 fe df a0 fe df a0 fe df a0 fe df a0 
051260  fe df a0 fe df a0 fe df a0 fe df a0 fe df a0 fe 
051270  df a0 fe df a0 fe df a0 fe df a0 fe df a0 fe df 
051280  a0 fe df a0 fe df a0 fe df a0 fe df a0 fe df a0 
051290  fe df a0 fe df a0 fe df a0 fe df a0 fe df a0 fe 
0512a0  df a0 fe df a0 fe df a0 fe df a0 fe df a0 fe df 
0512b0  a0 fe df a0 fe df a0 fe df a0 fe df a0 fe df a0 
0512c0  fe df a0 fe df a0 fe df a0 fe df a0 fe df a0 fe 
0512d0  df a0 fe df a0 fe df a0 fe df a0 fe df a0 fe df 
0512e0  a0 fe df a0 fe df a0 fe df a0 fe df a0 fe df a0 
0512f0  fe df a0 fe df a0 fe df a0 fe df a0 fe df a0 fe 
051300  df a0 fe df a0 fe df a0 fe df a0 fe df a0 fe df 
051310  a0 fe df a0 fe df a0 fe df a0 fe df a0 fe df a0 
051320  fe df a0 fe df a0 fe df a0 fe df a0 fe df a0 fe 
051330  df a0 fe df a0 fe df a0 fe df a0 fe df a0 fe df 
051340  a0 fe df a0 fe df a0 fe df a0 fe df a0 fe df a0 
051350  fe df a0 fe df a0 fe df a0 fe df a0 fe df a0 fe 
051360  df a0 fe df a0 fe df a0 fe df a0 fe df a0 fe df 
051370  a0 fe df a0 fe df a0 fe df a0 fe df a0 fe df a0 
051380  fe df a0 fe df a0 fe df a0 fe df a0 fe df a0 fe 
051390  df a0 fe df a0 fe df a0 fe df a0 fe df a0 fe df 
0513a0  a0 fe df a0 fe df a0 fe df a0 fe df a0 fe df a0 
0513b0  fe df a0 fe df a0 fe df a0 fe df a0 fe df a0 fe 
0513c0  df a0 fe df a0 fe df a0 fe df a0 fe df a0 fe df 
0513d0  a0 fe df a0 fe df a0 fe df a0 fe df a0 fe df a0 
0513e0  fe df a0 fe df a0 fe df a0 fe df a0 fe df a0 fe 
0513f0  df a0 fe df a0 fe df a0 fe df a0 fe df a0 fe df 
051400  a0 fe df a0 fe df a0 fe df a0 fe df a0 fe df a0 
051410  fe df a0 fe df a0 fe df a0 fe df a0 fe df a0 fe 
051420  df a0 fe df a0 fe df a0 fe df a0 fe df a0 fe df 
051430  a0 fe df a0 fe df a0 fe df a0 fe df a0 fe df a0 
051440  fe df a0 fe df a0 fe df a0 fe df a0 fe df a0 fe 
051450  df a0 fe df a0 fe df a0 fe df a0 fe df a0 fe df 
051460  a0 fe df a0 fe df a0 fe df a0 fe df a0 fe df a0 
051470  fe df a0 fe df a0 fe df a0 fe df a0 fe df a0 fe 
051480  df a0 fe df a0 fe df a0 fe df a0 fe df a0 fe df 
051490  a0 fe df a0 fe df a0 fe df a0 fe df a0 fe df a0 
0514a0  fe df a0 fe df a0 fe df a0 fe df a0 fe df a0 fe 
0514b0  df a0 fe df a0 fe df a0 fe df a0 fe df a0 fe df 
0514c0  a0 fe df a0 fe df a0 fe df a0 fe df a0 fe df a0 
0514d0  fe df a0 fe df a0 fe df a0 fe df a0 fe df a0 fe 
0514e0  df a0 fe df a0 fe df a0 fe df a0 fe df a0 fe df 
0514f0  a0 fe df a0 fe df a0 fe df a0 fe df a0 fe df a0 
051500  fe df a0 fe df a0 fe df a0 fe df a0 fe df a0 fe 
051510  df a0 fe df a0 fe df a0 fe df a0 fe df a0 fe df 
051520  a0 fe df a0 fe df a0 fe df a0 fe df a0 fe df a0 
051530  fe df a0 fe df a0 fe df a0 fe df a0 fe df a0 fe 
051540  df a0 fe df a0 fe df a0 fe df a0 fe df a0 fe df 
051550  a0 fe df a0 fe df a0 fe df a0 fe df a0 fe df a0 
051560  fe df a0 fe df a0 fe df a0 fe df a0 fe df a0 fe 
051570  df a0 fe df a0 fe df a0 fe df a0 fe df a0 fe df 
051580  a0 fe df a0 fe df a0 fe df a0 fe df a0 fe df a0 
051590  fe df a0 fe df a0 fe df a0 fe df a0 fe df a0 fe 
0515a0  df a0 fe df a0 fe df a0 fe df a0 fe df a0 fe df 
0515b0  a0 fe df a0 fe df a0 fe df a0 fe df a0 fe df a0 
0515c0  fe df a0 fe df a0 fe df a0 fe df a0 fe df a0 fe 
0515d0  df a0 fe df a0 fe df a0 fe df a0 fe df a0 fe df 
0515e0  a0 fe df a0 fe df a0 fe df a0 fe df a0 fe df a0 
0515f0  fe df a0 fe df a0 fe df a0 fe df a0 fe df a0 fe 
051600  df a0 fe df a0 fe df a0 fe df a0 fe df a0 fe df 
051610  a0 fe df a0 fe df a0 fe df a0 fe df a0 fe df a0 
051620  fe df a0 fe df a0 fe df a0 fe df a0 fe df a0 fe 
051630  df a0 fe df a0 fe df a0 fe df a0 fe df a0 fe df 
051640  a0 fe df a0 fe df a0 fe df a0 fe df a0 fe df a0 
051650  fe df a0 fe df a0 fe df a0 fe df a0 fe df a0 fe 
051660  df a0 fe df a0 fe df a0 fe df a0 fe df a0 fe df 
051670  a0 fe df a0 fe df a0 fe df a0 fe df a0 fe df a0 
051680  fe df a0 fe df a0 fe df a0 fe df a0 fe df a0 fe 
051690  df a0 fe df a0 fe df a0 fe df a0 fe df a0 fe df 
0516a0  a0 fe df a0 fe df a0 fe df a0 fe df a0 fe df a0 
0516b0  fe df a0 fe df a0 fe df a0 fe df a0 fe df a0 fe 
0516c0  df a0 fe df a0 fe df a0 fe df a0 fe df a0 fe df 
0516d0  a0 fe df a0 fe df a0 fe df a0 fe df a0 fe df a0 
0516e0  fe df a0 fe df a0 fe df a0 fe df a0 fe df a0 fe 
0516f0  df a0 fe df a0 fe df a0 fe df a0 fe df a0 fe df 
051700  a0 fe df a0 fe df a0 fe df a0 fe df a0 fe df a0 
051710  fe df a0 fe df a0 fe df a0 fe df a0 fe df a0 fe 
051720  df a0 fe df a0 fe df a0 fe df a0 fe df a0 fe df 
051730  a0 fe df a0 fe df a0 fe df a0 fe df a0 fe df a0 
051740  fe df a0 fe df a0 fe df a0 fe df a0 fe df a0 fe 
051750  df a0 fe df a0 fe df a0 fe df a0 fe df a0 fe df 
051760  a0 fe df a0 fe df a0 fe df a0 fe df a0 fe df a0 
051770  fe df a0 fe df a0 fe df a0 fe df a0 fe df a0 fe 
051780  df a0 fe df a0 fe df a0 fe df a0 fe df a0 fe df 
051790  a0 fe df a0 fe df a0 fe df a0 fe df a0 fe df a0 
0517a0  fe df a0 fe df a0 fe df a0 fe df a0 fe df a0 fe 
0517b0  df a0 fe df a0 fe df a0 fe df a0 fe df a0 fe df 
0517c0  a0 fe df a0 fe df a0 fe df a0 fe df a0 fe df a0 
0517d0  fe df a0 fe df a0 fe df a0 fe df a0 fe df a0 fe 
0517e0  df a0 fe df a0 fe df a0 fe df a0 fe df a0 fe df 
0517f0  a0 fe df a0 fe df a0 fe df a0 fe df a0 fe df a0 
051800  fe df a0 fe df a0 fe df a0 fe df a0 fe df a0 fe 
051810  df a0 fe df a0 fe df a0 fe df a0 fe df a0 fe df 
051820  a0 fe df a0 fe df a0 fe df a0 fe df a0 fe df a0 
051830  fe df a0 fe df a0 fe df a0 fe df a0 fe df a0 fe 
051840  df a0 fe df a0 fe df a0 fe df a0 fe df a0 fe df 
051850  a0 fe df a0 fe df a0 fe df a0 fe df a0 fe df a0 
051860  fe df a0 fe df a0 fe df a0 fe df a0 fe df a0 fe 
051870  df a0 fe df a0 fe df a0 fe df a0 fe df a0 fe df 
051880  a0 fe df a0 fe df a0 fe df a0 fe df a0 fe df a0 
051890  fe df a0 fe df a0 fe df a0 fe df a0 fe df a0 fe 
0518a0  df a0 fe df a0 fe df a0 fe df a0 fe df a0 fe df 
0518b0  a0 fe df a0 fe df a0 fe df a0 fe df a0 fe df a0 
0518c0  fe df a0 fe df a0 fe df a0 fe df a0 fe df a0 fe 
0518d0  df a0 fe df a0 fe df a0 fe df a0 fe df a0 fe df 
0518e0  a0 fe df a0 fe df a0 fe df a0 fe df a0 fe df a0 
0518f0  fe df a0 fe df a0 fe df a0 fe df a0 fe df a0 fe 
051900  df a0 fe df a0 fe df a0 fe df a0 fe df a0 fe df 
051910  a0 fe df a0 fe df a0 fe df a0 fe df a0 fe df a0 
051920  fe df a0 fe df a0 fe df a0 fe df a0 fe df a0 fe 
051930  df a0 fe df a0 fe df a0 fe df a0 fe df a0 fe df 
051940  a0 fe df a0 fe df a0 fe df a0 fe df a0 fe df a0 
051950  fe df a0 fe df a0 fe df a0 fe df a0 fe df a0 fe 
051960  df a0 fe df a0 fe df a0 fe df a0 fe df a0 fe df 
051970  a0 fe df a0 fe df a0 fe df a0 fe df a0 fe df a0 
051980  fe df a0 fe df a0 fe df a0 fe df a0 fe df a0 fe 
051990  df a0 fe df a0 fe df a0 fe df a0 fe df a0 fe df 
0519a0  a0 fe df a0 fe df a0 fe df a0 fe df a0 fe df a0 
0519b0  fe df a0 fe df a0 fe df a0 fe df a0 fe df a0 fe 
0519c0  df a0 fe df a0 fe df a0 fe df a0 fe df a0 fe df 
0519d0  a0 fe df a0 fe df a0 fe df a0 fe df a0 fe df a0 
0519e0  fe df a0 fe df a0 fe df a0 fe df a0 fe df a0 fe 
0519f0  df a0 fe df a0 fe df a0 fe df a0 fe df a0 fe df 
051a00  a0 fe df a0 fe df a0 fe df a0 fe df a0 fe df a0 
051a10  fe df a0 fe df a0 fe df a0 fe df a0 fe df a0 fe 
051a20  df a0 fe df a0 fe df a0 fe df a0 fe df a0 fe df 
051a30  a0 fe df a0 fe df a0 fe df a0 fe df a0 fe df a0 
051a40  fe df a0 fe df a0 fe df a0 fe df a0 fe df a0 fe 
051a50  df a0 fe df a0 fe df a0 fe df a0 fe df a0 fe df 
051a60  a0 fe df a0 fe df a0 fe df a0 fe df a0 fe df a0 
051a70  fe df a0 fe df a0 fe df a0 fe df a0 fe df a0 fe 
051a80  df a0 fe df a0 fe df a0 fe df a0 fe df a0 fe df 
051a90  a0 fe df a0 fe df a0 fe df a0 fe df a0 fe df a0 
051aa0  fe df a0 fe df a0 fe df a0 fe df a0 fe df a0 fe 
051ab0  df a0 fe df a0 fe df a0 fe df a0 fe df a0 fe df 
051ac0  a0 fe df a0 fe df a0 fe df a0 fe df a0 fe df a0 
051ad0  fe df a0 fe df a0 fe df a0 fe df a0 fe df a0 fe 
051ae0  df a0 fe df a0 fe df a0 fe df a0 fe df a0 fe df 
051af0  a0 fe df a0 fe df a0 fe df a0 fe df a0 fe df a0 
051b00  fe df a0 fe df a0 fe df a0 fe df a0 fe df a0 fe 
051b10  df a0 fe df a0 fe df a0 fe df a0 fe df a0 fe df 
051b20  a0 fe df a0 fe df a0 fe df a0 fe df a0 fe df a0 
051b30  fe df a0 fe df a0 fe df a0 fe df a0 fe df a0 fe 
051b40  df a0 fe df a0 fe df a0 fe df a0 fe df a0 fe df 
051b50  a0 fe df a0 fe df a0 fe df a0 fe df a0 fe df a0 
051b60  fe df a0 fe df a0 fe df a0 fe df a0 fe df a0 fe 
051b70  df a0 fe df a0 fe df a0 fe df a0 fe df a0 fe df 
051b80  a0 fe df a0 fe df a0 fe df a0 fe df a0 fe df a0 
051b90  fe df a0 fe df a0 fe df a0 fe df a0 fe df a0 fe 
051ba0  df a0 fe df a0 fe df a0 fe df a0 fe df a0 fe df 
051bb0  a0 fe df a0 fe df a0 fe df a0 fe df a0 fe df a0 
051bc0  fe df a0 fe df a0 fe df a0 fe df a0 fe df a0 fe 
051bd0  df a0 fe df a0 fe df a0 fe df a0 fe df a0 fe df 
051be0  a0 fe df a0 fe df a0 fe df a0 fe df a0 fe df a0 
051bf0  fe df a0 fe df a0 fe df a0 fe df a0 fe df a0 fe 
051c00  df a0 fe df a0 fe df a0 fe df a0 fe df a0 fe df 
051c10  a0 fe df a0 fe df a0 fe df a0 fe df a0 fe df a0 
051c20  fe df a0 fe df a0 fe df a0 fe df a0 fe df a0 fe 
051c30  df a0 fe df a0 fe df a0 fe df a0 fe df a0 fe df 
051c40  a0 fe df a0 fe df a0 fe df a0 fe df a0 fe df a0 
051c50  fe df a0 fe df a0 fe df a0 fe df a0 fe df a0 fe 
051c60  df a0 fe df a0 fe df a0 fe df a0 fe df a0 fe df 
051c70  a0 fe df a0 fe df a0 fe df a0 fe df a0 fe df a0 
051c80  fe df a0 fe df a0 fe df a0 fe df a0 fe df a0 fe 
051c90  df a0 fe df a0 fe df a0 fe df a0 fe df a0 fe df 
051ca0  a0 fe df a0 fe df a0 fe df a0 fe df a0 fe df a0 
051cb0  fe df a0 fe df a0 fe df a0 fe df a0 fe df a0 fe 
051cc0  df a0 fe df a0 fe df a0 fe df a0 fe df a0 fe df 
051cd0  a0 fe df a0 fe df a0 fe df a0 fe df a0 fe df a0 
051ce0  fe df a0 fe df a0 fe df a0 fe df a0 fe df a0 fe 
051cf0  df a0 fe df a0 fe df a0 fe df a0 fe df a0 fe df 
051d00  a0 fe df a0 fe df a0 fe df a0 fe df a0 fe df a0 
051d10  fe df a0 fe df a0 fe df a0 fe df a0 fe df a0 fe 
051d20  df a0 fe df a0 fe df a0 fe df a0 fe df a0 fe df 
051d30  a0 fe df a0 fe df a0 fe df a0 fe df a0 fe df a0 
051d40  fe df a0 fe df a0 fe df a0 fe df a0 fe df a0 fe 
051d50  df a0 fe df a0 fe df a0 fe df a0 fe df a0 fe df 
051d60  a0 fe df a0 fe df a0 fe df a0 fe df a0 fe df a0 
051d70  fe df a0 fe df a0 fe df a0 fe df a0 fe df a0 fe 
051d80  df a0 fe df a0 fe df a0 fe df a0 fe df a0 fe df 
051d90  a0 fe df a0 fe df a0 fe df a0 fe df a0 fe df a0 
051da0  fe df a0 fe df a0 fe df a0 fe df a0 fe df a0 fe 
051db0  df a0 fe df a0 fe df a0 fe df a0 fe df a0 fe df 
051dc0  a0 fe df a0 fe df a0 fe df a0 fe df a0 fe df a0 
051dd0  fe df a0 fe df a0 fe df a0 fe df a0 fe df a0 fe 
051de0  df a0 fe df a0 fe df a0 fe df a0 fe df a0 fe df 
051df0  a0 fe df a0 fe df a0 fe df a0 fe df a0 fe df a0 
051e00  fe df a0 fe df a0 fe df a0 fe df a0 fe df a0 fe 
051e10  df a0 fe df a0 fe df a0 fe df a0 fe df a0 fe df 
051e20  a0 fe df a0 fe df a0 fe df a0 fe df a0 fe df a0 
051e30  fe df a0 fe df a0 fe df a0 fe df a0 fe df a0 fe 
051e40  df a0 fe df a0 fe df a0 fe df a0 fe df a0 fe df 
051e50  a0 fe df a0 fe df a0 fe df a0 fe df a0 fe df a0 
051e60  fe df a0 fe df a0 fe df a0 fe df a0 fe df a0 fe 
051e70  df a0 fe df a0 fe df a0 fe df a0 fe df a0 fe df 
051e80  a0 fe df a0 fe df a0 fe df a0 fe df a0 fe df a0 
051e90  fe df a0 fe df a0 fe df a0 fe df a0 fe df a0 fe 
051ea0  df a0 fe df a0 fe df a0 fe df a0 fe df a0 fe df 
051eb0  a0 fe df a0 fe df a0 fe df a0 fe df a0 fe df a0 
051ec0  fe df a0 fe df a0 fe df a0 fe df a0 fe df a0 fe 
051ed0  df a0 fe df a0 fe df a0 fe df a0 fe df a0 fe df 
051ee0  a0 fe df a0 fe df a0 fe df a0 fe df a0 fe df a0 
051ef0  fe df a0 fe df a0 fe df a0 fe df a0 fe df a0 fe 
051f00  df a0 fe df a0 fe df a0 fe df a0 fe df a0 fe df 
051f10  a0 fe df a0 fe df a0 fe df a0 fe df a0 fe df a0 
051f20  fe df a0 fe df a0 fe df a0 fe df a0 fe df a0 fe 
051f30  df a0 fe df a0 fe df a0 fe df a0 fe df a0 fe df 
051f40  a0 fe df a0 fe df a0 fe df a0 fe df a0 fe df a0 
051f50  fe df a0 fe df a0 fe df a0 fe df a0 fe df a0 fe 
051f60  df a0 fe df a0 fe df a0 fe df a0 fe df a0 fe df 
051f70  a0 fe df a0 fe df a0 fe df a0 fe df a0 fe df a0 
051f80  fe df a0 fe df a0 fe df a0 fe df a0 fe df a0 fe 
051f90  df a0 fe df a0 fe df a0 fe df a0 fe df a0 fe df 
051fa0  a0 fe df a0 fe df a0 fe df a0 fe df a0 fe df a0 
051fb0  fe df a0 fe df a0 fe df a0 fe df a0 fe df a0 fe 
051fc0  df a0 fe df a0 fe df a0 fe df a0 fe df a0 fe df 
051fd0  a0 fe df a0 fe df a0 fe df a0 fe df a0 fe df a0 
051fe0  fe df a0 fe df a0 fe df a0 fe df a0 fe df a0 fe 
051ff0  df a0 fe df a0 fe df a0 fe df a0 fe df a0 fe df 
052000  a0 fe df a0 fe df a0 fe df a0 fe df a0 fe df a0 
052010  fe df a0 fe df a0 fe df a0 fe df a0 fe df a0 fe 
052020  df a0 fe df a0 fe df a0 fe df a0 fe df a0 fe df 
052030  a0 fe df a0 fe df a0 fe df a0 fe df a0 fe df a0 
052040  fe df a0 fe df a0 fe df a0 fe df a0 fe df a0 fe 
052050  df a0 fe df a0 fe df a0 fe df a0 fe df a0 fe df 
052060  a0 fe df a0 fe df a0 fe df a0 fe df a0 fe df a0 
052070  fe df a0 fe df a0 fe df a0 fe df a0 fe df a0 fe 
052080  df a0 fe df a0 fe df a0 fe df a0 fe df a0 fe df 
052090  a0 fe df a0 fe df a0 fe df a0 fe df a0 fe df a0 
0520a0  fe df a0 fe df a0 fe df a0 fe df a0 fe df a0 fe 
0520b0  df a0 fe df a0 fe df a0 fe df a0 fe df a0 fe df 
0520c0  a0 fe df a0 fe df a0 fe df a0 fe df a0 fe df a0 
0520d0  fe df a0 fe df a0 fe df a0 fe df a0 fe df a0 fe 
0520e0  df a0 fe df a0 fe df a0 fe df a0 fe df a0 fe df 
0520f0  a0 fe df a0 fe df a0 fe df a0 fe df a0 fe df a0 
052100  fe df a0 fe df a0 fe df a0 fe df a0 fe df a0 fe 
052110  df a0 fe df a0 fe df a0 fe df a0 fe df a0 fe df 
052120  a0 fe df a0 fe df a0 fe df a0 fe df a0 fe df a0 
052130  fe df a0 fe df a0 fe df a0 fe df a0 fe df a0 fe 
052140  df a0 fe df a0 fe df a0 fe df a0 fe df a0 fe df 
052150  a0 fe df a0 fe df a0 fe df a0 fe df a0 fe df a0 
052160  fe df a0 fe df a0 fe df a0 fe df a0 fe df a0 fe 
052170  df a0 fe df a0 fe df a0 fe df a0 fe df a0 fe df 
052180  a0 fe df a0 fe df a0 fe df a0 fe df a0 fe df a0 
052190  fe df a0 fe df a0 fe df a0 fe df a0 fe df a0 fe 
0521a0  df a0 fe df a0 fe df a0 fe df a0 fe df a0 fe df 
0521b0  a0 fe df a0 fe df a0 fe df a0 fe df a0 fe df a0 
0521c0  fe df a0 fe df a0 fe df a0 fe df a0 fe df a0 fe 
0521d0  df a0 fe df a0 fe df a0 fe df a0 fe df a0 fe df 
0521e0  a0 fe df a0 fe df a0 fe df a0 fe df a0 fe df a0 
0521f0  fe df a0 fe df a0 fe df a0 fe df a0 fe df a0 fe 
052200  df a0 fe df a0 fe df a0 fe df a0 fe df a0 fe df 
052210  a0 fe df a0 fe df a0 fe df a0 fe df a0 fe df a0 
052220  fe df a0 fe df a0 fe df a0 fe df a0 fe df a0 fe 
052230  df a0 fe df a0 fe df a0 fe df a0 fe df a0 fe df 
052240  a0 fe df a0 fe df a0 fe df a0 fe df a0 fe df a0 
052250  fe df a0 fe df a0 fe df a0 fe df a0 fe df a0 fe 
052260  df a0 fe df a0 fe df a0 fe df a0 fe df a0 fe df 
052270  a0 fe df a0 fe df a0 fe df a0 fe df a0 fe df a0 
052280  fe df a0 fe df a0 fe df a0 fe df a0 fe df a0 fe 
052290  df a0 fe df a0 fe df a0 fe df a0 fe df a0 fe df 
0522a0  a0 fe df a0 fe df a0 fe df a0 fe df a0 fe df a0 
0522b0  fe df a0 fe df a0 fe df a0 fe df a0 fe df a0 fe 
0522c0  df a0 fe df a0 fe df a0 fe df a0 fe df a0 fe df 
0522d0  a0 fe df a0 fe df a0 fe df a0 fe df a0 fe df a0 
0522e0  fe df a0 fe df a0 fe df a0 fe df a0 fe df a0 fe 
0522f0  df a0 fe df a0 fe df a0 fe df a0 fe df a0 fe df 
052300  a0 fe df a0 fe df a0 fe df a0 fe df a0 fe df a0 
052310  fe df a0 fe df a0 fe df a0 fe df a0 fe df a0 fe 
052320  df a0 fe df a0 fe df a0 fe df a0 fe df a0 fe df 
052330  a0 fe df a0 fe df a0 fe df a0 fe df a0 fe df a0 
052340  fe df a0 fe df a0 fe df a0 fe df a0 fe df a0 fe 
052350  df a0 fe df a0 fe df a0 fe df a0 fe df a0 fe df 
052360  a0 fe df a0 fe df a0 fe df a0 fe df a0 fe df a0 
052370  fe df a0 fe df a0 fe df a0 fe df a0 fe df a0 fe 
052380  df a0 fe df a0 fe df a0 fe df a0 fe df a0 fe df 
052390  a0 fe df a0 fe df a0 fe df a0 fe df a0 fe df a0 
0523a0  fe df a0 fe df a0 fe df a0 fe df a0 fe df a0 fe 
0523b0  df a0 fe df a0 fe df a0 fe df a0 fe df a0 fe df 
0523c0  a0 fe df a0 fe df a0 fe df a0 fe df a0 fe df a0 
0523d0  fe df a0 fe df a0 fe df a0 fe df a0 fe df a0 fe 
0523e0  df a0 fe df a0 fe df a0 fe df a0 fe df a0 fe df 
0523f0  a0 fe df a0 fe df a0 fe df a0 fe df a0 fe df a0 
052400  fe df a0 fe df a0 fe df a0 fe df a0 fe df a0 fe 
052410  df a0 fe df a0 fe df a0 fe df a0 fe df a0 fe df 
052420  a0 fe df a0 fe df a0 fe df a0 fe df a0 fe df a0 
052430  fe df a0 fe df a0 fe df a0 fe df a0 fe df a0 fe 
052440  df a0 fe df a0 fe df a0 fe df a0 fe df a0 fe df 
052450  a0 fe df a0 fe df a0 fe df a0 fe df a0 fe df a0 
052460  fe df a0 fe df a0 fe df a0 fe df a0 fe df a0 fe 
052470  df a0 fe df a0 fe df a0 fe df a0 fe df a0 fe df 
052480  a0 fe df a0 fe df a0 fe df a0 fe df a0 fe df a0 
052490  fe df a0 fe df a0 fe df a0 fe df a0 fe df a0 fe 
0524a0  df a0 fe df a0 fe df a0 fe df a0 fe df a0 fe df 
0524b0  a0 fe df a0 fe df a0 fe df a0 fe df a0 fe df a0 
0524c0  fe df a0 fe df a0 fe df a0 fe df a0 fe df a0 fe 
0524d0  df a0 fe df a0 fe df a0 fe df a0 fe df a0 fe df 
0524e0  a0 fe df a0 fe df a0 fe df a0 fe df a0 fe df a0 
0524f0  fe df a0 fe df a0 fe df a0 fe df a0 fe df a0 fe 
052500  df a0 fe df a0 fe df a0 fe df a0 fe df a0 fe df 
052510  a0 fe df a0 fe df a0 fe df a0 fe df a0 fe df a0 
052520  fe df a0 fe df a0 fe df a0 fe df a0 fe df a0 fe 
052530  df a0 fe df a0 fe df a0 fe df a0 fe df a0 fe df 
052540  a0 fe df a0 fe df a0 fe df a0 fe df a0 fe df a0 
052550  fe df a0 fe df a0 fe df a0 fe df a0 fe df a0 fe 
052560  df a0 fe df a0 fe df a0 fe df a0 fe df a0 fe df 
052570  a0 fe df a0 fe df a0 fe df a0 fe df a0 fe df a0 
052580  fe df a0 fe df a0 fe df a0 fe df a0 fe df a0 fe 
052590  df a0 fe df a0 fe df a0 fe df a0 fe df a0 fe df 
0525a0  a0 fe df a0 fe df a0 fe df a0 fe df a0 fe df a0 
0525b0  fe df a0 fe df a0 fe df a0 fe df a0 fe df a0 fe 
0525c0  df a0 fe df a0 fe df a0 fe df a0 fe df a0 fe df 
0525d0  a0 fe df a0 fe df a0 fe df a0 fe df a0 fe df a0 
0525e0  fe df a0 fe df a0 fe df a0 fe df a0 fe df a0 fe 
0525f0  df a0 fe df a0 fe df a0 fe df a0 fe df a0 fe df 
052600  a0 fe df a0 fe df a0 fe df a0 fe df a0 fe df a0 
052610  fe df a0 fe df a0 fe df a0 fe df a0 fe df a0 fe 
052620  df a0 fe df a0 fe df a0 fe df a0 fe df a0 fe df 
052630  a0 fe df a0 fe df a0 fe df a0 fe df a0 fe df a0 
052640  fe df a0 fe df a0 fe df a0 fe df a0 fe df a0 fe 
052650  df a0 fe df a0 fe df a0 fe df a0 fe df a0 fe df 
052660  a0 fe df a0 fe df a0 fe df a0 fe df a0 fe df a0 
052670  fe df a0 fe df a0 fe df a0 fe df a0 fe df a0 fe 
052680  df a0 fe df a0 fe df a0 fe df a0 fe df a0 fe df 
052690  a0 fe df a0 fe df a0 fe df a0 fe df a0 fe df a0 
0526a0  fe df a0 fe df a0 fe df a0 fe df a0 fe df a0 fe 
0526b0  df a0 fe df a0 fe df a0 fe df a0 fe df a0 fe df 
0526c0  a0 fe df a0 fe df a0 fe df a0 fe df a0 fe df a0 
0526d0  fe df a0 fe df a0 fe df a0 fe df a0 fe df a0 fe 
0526e0  df a0 fe df a0 fe df a0 fe df a0 fe df a0 fe df 
0526f0  a0 fe df a0 fe df a0 fe df a0 fe df a0 fe df a0 
052700  fe df a0 fe df a0 fe df a0 fe df a0 fe df a0 fe 
052710  df a0 fe df a0 fe df a0 fe df a0 fe df a0 fe df 
052720  a0 fe df a0 fe df a0 fe df a0 fe df a0 fe df a0 
052730  fe df a0 fe df a0 fe df a0 fe df a0 fe df a0 fe 
052740  df a0 fe df a0 fe df a0 fe df a0 fe df a0 fe df 
052750  a0 fe df a0 fe df a0 fe df a0 fe df a0 fe df a0 
052760  fe df a0 fe df a0 fe df a0 fe df a0 fe df a0 fe 
052770  df a0 fe df a0 fe df a0 fe df a0 fe df a0 fe df 
052780  a0 fe df a0 fe df a0 fe df a0 fe df a0 fe df a0 
052790  fe df a0 fe df a0 fe df a0 fe df a0 fe df a0 fe 
0527a0  df a0 fe df a0 fe df a0 fe df a0 fe df a0 fe df 
0527b0  a0 fe df a0 fe df a0 fe df a0 fe df a0 fe df a0 
0527c0  fe df a0 fe df a0 fe df a0 fe df a0 fe df a0 fe 
0527d0  df a0 fe df a0 fe df a0 fe df a0 fe df a0 fe df 
0527e0  a0 fe df a0 fe df a0 fe df a0 fe df a0 fe df a0 
0527f0  fe df a0 fe df a0 fe df a0 fe df a0 fe df a0 fe 
052800  df a0 fe df a0 fe df a0 fe df a0 fe df a0 fe df 
052810  a0 fe df a0 fe df a0 fe df a0 fe df a0 fe df a0 
052820  fe df a0 fe df a0 fe df a0 fe df a0 fe df a0 fe 
052830  df a0 fe df a0 fe df a0 fe df a0 fe df a0 fe df 
052840  a0 fe df a0 fe df a0 fe df a0 fe df a0 fe df a0 
052850  fe df a0 fe df a0 fe df a0 fe df a0 fe df a0 fe 
052860  df a0 fe df a0 fe df a0 fe df a0 fe df a0 fe df 
052870  a0 fe df a0 fe df a0 fe df a0 fe df a0 fe df a0 
052880  fe df a0 fe df a0 fe df a0 fe df a0 fe df a0 fe 
052890  df a0 fe df a0 fe df a0 fe df a0 fe df a0 fe df 
0528a0  a0 fe df a0 fe df a0 fe df a0 fe df a0 fe df a0 
0528b0  fe df a0 fe df a0 fe df a0 fe df a0 fe df a0 fe 
0528c0  df a0 fe df a0 fe df a0 fe df a0 fe df a0 fe df 
0528d0  a0 fe df a0 fe df a0 fe df a0 fe df a0 fe df a0 
0528e0  fe df a0 fe df a0 fe df a0 fe df a0 fe df a0 fe 
0528f0  df a0 fe df a0 fe df a0 fe df a0 fe df a0 fe df 
052900  a0 fe df a0 fe df a0 fe df a0 fe df a0 fe df a0 
052910  fe df a0 fe df a0 fe df a0 fe df a0 fe df a0 fe 
052920  df a0 fe df a0 fe df a0 fe df a0 fe df a0 fe df 
052930  a0 fe df a0 fe df a0 fe df a0 fe df a0 fe df a0 
052940  fe df a0 fe df a0 fe df a0 fe df a0 fe df a0 fe 
052950  df a0 fe df a0 fe df a0 fe df a0 fe df a0 fe df 
052960  a0 fe df a0 fe df a0 fe df a0 fe df a0 fe df a0 
052970  fe df a0 fe df a0 fe df a0 fe df a0 fe df a0 fe 
052980  df a0 fe df a0 fe df a0 fe df a0 fe df a0 fe df 
052990  a0 fe df a0 fe df a0 fe df a0 fe df a0 fe df a0 
0529a0  fe df a0 fe df a0 fe df a0 fe df a0 fe df a0 fe 
0529b0  df a0 fe df a0 fe df a0 fe df a0 fe df a0 fe df 
0529c0  a0 fe df a0 fe df a0 fe df a0 fe df a0 fe df a0 
0529d0  fe df a0 fe df a0 fe df a0 fe df a0 fe df a0 fe 
0529e0  df a0 fe df a0 fe df a0 fe df a0 fe df a0 fe df 
0529f0  a0 fe df a0 fe df a0 fe df a0 fe df a0 fe df a0 
052a00  fe df a0 fe df a0 fe df a0 fe df a0 fe df a0 fe 
052a10  df a0 fe df a0 fe df a0 fe df a0 fe df a0 fe df 
052a20  a0 fe df a0 fe df a0 fe df a0 fe df a0 fe df a0 
052a30  fe df a0 fe df a0 fe df a0 fe df a0 fe df a0 fe 
052a40  df a0 fe df a0 fe df a0 fe df a0 fe df a0 fe df 
052a50  a0 fe df a0 fe df a0 fe df a0 fe df a0 fe df a0 
052a60  fe df a0 fe df a0 fe df a0 fe df a0 fe df a0 fe 
052a70  df a0 fe df a0 fe df a0 fe df a0 fe df a0 fe df 
052a80  a0 fe df a0 fe df a0 fe df a0 fe df a0 fe df a0 
052a90  fe df a0 fe df a0 fe df a0 fe df a0 fe df a0 fe 
052aa0  df a0 fe df a0 fe df a0 fe df a0 fe df a0 fe df 
052ab0  a0 fe df a0 fe df a0 fe df a0 fe df a0 fe df a0 
052ac0  fe df a0 fe df a0 fe df a0 fe df a0 fe df a0 fe 
052ad0  df a0 fe df a0 fe df a0 fe df a0 fe df a0 fe df 
052ae0  a0 fe df a0 fe df a0 fe df a0 fe df a0 fe df a0 
052af0  fe df a0 fe df a0 fe df a0 fe df a0 fe df a0 fe 
052b00  df a0 fe df a0 fe df a0 fe df a0 fe df a0 fe df 
052b10  a0 fe df a0 fe df a0 fe df a0 fe df a0 fe df a0 
052b20  fe df a0 fe df a0 fe df a0 fe df a0 fe df a0 fe 
052b30  df a0 fe df a0 fe df a0 fe df a0 fe df a0 fe df 
052b40  a0 fe df a0 fe df a0 fe df a0 fe df a0 fe df a0 
052b50  fe df a0 fe df a0 fe df a0 fe df a0 fe df a0 fe 
052b60  df a0 fe df a0 fe df a0 fe df a0 fe df a0 fe df 
052b70  a0 fe df a0 fe df a0 fe df a0 fe df a0 fe df a0 
052b80  fe df a0 fe df a0 fe df a0 fe df a0 fe df a0 fe 
052b90  df a0 fe df a0 fe df a0 fe df a0 fe df a0 fe df 
052ba0  a0 fe df a0 fe df a0 fe df a0 fe df a0 fe df a0 
052bb0  fe df a0 fe df a0 fe df a0 fe df a0 fe df a0 fe 
052bc0  df a0 fe df a0 fe df a0 fe df a0 fe df a0 fe df 
052bd0  a0 fe df a0 fe df a0 fe df a0 fe df a0 fe df a0 
052be0  fe df a0 fe df a0 fe df a0 fe df a0 fe df a0 fe 
052bf0  df a0 fe df a0 fe df a0 fe df a0 fe df a0 fe df 
052c00  a0 fe df a0 fe df a0 fe df a0 fe df a0 fe df a0 
052c10  fe df a0 fe df a0 fe df a0 fe df a0 fe df a0 fe 
052c20  df a0 fe df a0 fe df a0 fe df a0 fe df a0 fe df 
052c30  a0 fe df a0 fe df a0 fe df a0 fe df a0 fe df a0 
052c40  fe df a0 fe df a0 fe df a0 fe df a0 fe df a0 fe 
052c50  df a0 fe df a0 fe df a0 fe df a0 fe df a0 fe df 
052c60  a0 fe df a0 fe df a0 fe df a0 fe df a0 fe df a0 
052c70  fe df a0 fe df a0 fe df a0 fe df a0 fe df a0 fe 
052c80  df a0 fe df a0 fe df a0 fe df a0 fe df a0 fe df 
052c90  a0 fe df a0 fe df a0 fe df a0 fe df a0 fe df a0 
052ca0  fe df a0 fe df a0 fe df a0 fe df a0 fe df a0 fe 
052cb0  df a0 fe df a0 fe df a0 fe df a0 fe df a0 fe df 
052cc0  a0 fe df a0 fe df a0 fe df a0 fe df a0 fe df a0 
052cd0  fe df a0 fe df a0 fe df a0 fe df a0 fe df a0 fe 
052ce0  df a0 fe df a0 fe df a0 fe df a0 fe df a0 fe df 
052cf0  a0 fe df a0 fe df a0 fe df a0 fe df a0 fe df a0 
052d00  fe df a0 fe df a0 fe df a0 fe df a0 fe df a0 fe 
052d10  df a0 fe df a0 fe df a0 fe df a0 fe df a0 fe df 
052d20  a0 fe df a0 fe df a0 fe df a0 fe df a0 fe df a0 
052d30  fe df a0 fe df a0 fe df a0 fe df a0 fe df a0 fe 
052d40  df a0 fe df a0 fe df a0 fe df a0 fe df a0 fe df 
052d50  a0 fe df a0 fe df a0 fe df a0 fe df a0 fe df a0 
052d60  fe df a0 fe df a0 fe df a0 fe df a0 fe df a0 fe 
052d70  df a0 fe df a0 fe df a0 fe df a0 fe df a0 fe df 
052d80  a0 fe df a0 fe df a0 fe df a0 fe df a0 fe df a0 
052d90  fe df a0 fe df a0 fe df a0 fe df a0 fe df a0 fe 
052da0  df a0 fe df a0 fe df a0 fe df a0 fe df a0 fe df 
052db0  a0 fe df a0 fe df a0 fe df a0 fe df a0 fe df a0 
052dc0  fe df a0 fe df a0 fe df a0 fe df a0 fe df a0 fe 
052dd0  df a0 fe df a0 fe df a0 fe df a0 fe df a0 fe df 
052de0  a0 fe df a0 fe df a0 fe df a0 fe df a0 fe df a0 
052df0  fe df a0 fe df a0 fe df a0 fe df a0 fe df a0 fe 
052e00  df a0 fe df a0 fe df a0 fe df a0 fe df a0 fe df 
052e10  a0 fe df a0 fe df a0 fe df a0 fe df a0 fe df a0 
052e20  fe df a0 fe df a0 fe df a0 fe df a0 fe df a0 fe 
052e30  df a0 fe df a0 fe df a0 fe df a0 fe df a0 fe df 
052e40  a0 fe df a0 fe df a0 fe df a0 fe df a0 fe df a0 
052e50  fe df a0 fe df a0 fe df a0 fe df a0 fe df a0 fe 
052e60  df a0 fe df a0 fe df a0 fe df a0 fe df a0 fe df 
052e70  a0 fe df a0 fe df a0 fe df a0 fe df a0 fe df a0 
052e80  fe df a0 fe df a0 fe df a0 fe df a0 fe df a0 fe 
052e90  df a0 fe df a0 fe df a0 fe df a0 fe df a0 fe df 
052ea0  a0 fe df a0 fe df a0 fe df a0 fe df a0 fe df a0 
052eb0  fe df a0 fe df a0 fe df a0 fe df a0 fe df a0 fe 
052ec0  df a0 fe df a0 fe df a0 fe df a0 fe df a0 fe df 
052ed0  a0 fe df a0 fe df a0 fe df a0 fe df a0 fe df a0 
052ee0  fe df a0 fe df a0 fe df a0 fe df a0 fe df a0 fe 
052ef0  df a0 fe df a0 fe df a0 fe df a0 fe df a0 fe df 
052f00  a0 fe df a0 fe df a0 fe df a0 fe df a0 fe df a0 
052f10  fe df a0 fe df a0 fe df a0 fe df a0 fe df a0 fe 
052f20  df a0 fe df a0 fe df a0 fe df a0 fe df a0 fe df 
052f30  a0 fe df a0 fe df a0 fe df a0 fe df a0 fe df a0 
052f40  fe df a0 fe df a0 fe df a0 fe df a0 fe df a0 fe 
052f50  df a0 fe df a0 fe df a0 fe df a0 fe df a0 fe df 
052f60  a0 fe df a0 fe df a0 fe df a0 fe df a0 fe df a0 
052f70  fe df a0 fe df a0 fe df a0 fe df a0 fe df a0 fe 
052f80  df a0 fe df a0 fe df a0 fe df a0 fe df a0 fe df 
052f90  a0 fe df a0 fe df a0 fe df a0 fe df a0 fe df a0 
052fa0  fe df a0 fe df a0 fe df a0 fe df a0 fe df a0 fe 
052fb0  df a0 fe df a0 fe df a0 fe df a0 fe df a0 fe df 
052fc0  a0 fe df a0 fe df a0 fe df a0 fe df a0 fe df a0 
052fd0  fe df a0 fe df a0 fe df a0 fe df a0 fe df a0 fe 
052fe0  df a0 fe df a0 fe df a0 fe df a0 fe df a0 fe df 
052ff0  a0 fe df a0 fe df a0 fe df a0 fe df a0 fe df a0 
053000  fe df a0 fe df a0 fe df a0 fe df a0 fe df a0 fe 
053010  df a0 fe df a0 fe df a0 fe df a0 fe df a0 fe df 
053020  a0 fe df a0 fe df a0 fe df a0 fe df a0 fe df a0 
053030  fe df a0 fe df a0 fe df a0 fe df a0 fe df a0 fe 
053040  df a0 fe df a0 fe df a0 fe df a0 fe df a0 fe df 
053050  a0 fe df a0 fe df a0 fe df a0 fe df a0 fe df a0 
053060  fe df a0 fe df a0 fe df a0 fe df a0 fe df a0 fe 
053070  df a0 fe df a0 fe df a0 fe df a0 fe df a0 fe df 
053080  a0 fe df a0 fe df a0 fe df a0 fe df a0 fe df a0 
053090  fe df a0 fe df a0 fe df a0 fe df a0 fe df a0 fe 
0530a0  df a0 fe df a0 fe df a0 fe df a0 fe df a0 fe df 
0530b0  a0 fe df a0 fe df a0 fe df a0 fe df a0 fe df a0 
0530c0  fe df a0 fe df a0 fe df a0 fe df a0 fe df a0 fe 
0530d0  df a0 fe df a0 fe df a0 fe df a0 fe df a0 fe df 
0530e0  a0 fe df a0 fe df a0 fe df a0 fe df a0 fe df a0 
0530f0  fe df a0 fe df a0 fe df a0 fe df a0 fe df a0 fe 
053100  df a0 fe df a0 fe df a0 fe df a0 fe df a0 fe df 
053110  a0 fe df a0 fe df a0 fe df a0 fe df a0 fe df a0 
053120  fe df a0 fe df a0 fe df a0 fe df a0 fe df a0 fe 
053130  df a0 fe df a0 fe df a0 fe df a0 fe df a0 fe df 
053140  a0 fe df a0 fe df a0 fe df a0 fe df a0 fe df a0 
053150  fe df a0 fe df a0 fe df a0 fe df a0 fe df a0 fe 
053160  df a0 fe df a0 fe df a0 fe df a0 fe df a0 fe df 
053170  a0 fe df a0 fe df a0 fe df a0 fe df a0 fe df a0 
053180  fe df a0 fe df a0 fe df a0 fe df a0 fe df a0 fe 
053190  df a0 fe df a0 fe df a0 fe df a0 fe df a0 fe df 
0531a0  a0 fe df a0 fe df a0 fe df a0 fe df a0 fe df a0 
0531b0  fe df a0 fe df a0 fe df a0 fe df a0 fe df a0 fe 
0531c0  df a0 fe df a0 fe df a0 fe df a0 fe df a0 fe df 
0531d0  a0 fe df a0 fe df a0 fe df a0 fe df a0 fe df a0 
0531e0  fe df a0 fe df a0 fe df a0 fe df a0 fe df a0 fe 
0531f0  df a0 fe df a0 fe df a0 fe df a0 fe df a0 fe df 
053200  a0 fe df a0 fe df a0 fe df a0 fe df a0 fe df a0 
053210  fe df a0 fe df a0 fe df a0 fe df a0 fe df a0 fe 
053220  df a0 fe df a0 fe df a0 fe df a0 fe df a0 fe df 
053230  a0 fe df a0 fe df a0 fe df a0 fe df a0 fe df a0 
053240  fe df a0 fe df a0 fe df a0 fe df a0 fe df a0 fe 
053250  df a0 fe df a0 fe df a0 fe df a0 fe df a0 fe df 
053260  a0 fe df a0 fe df a0 fe df a0 fe df a0 fe df a0 
053270  fe df a0 fe df a0 fe df a0 fe df a0 fe df a0 fe 
053280  df a0 fe df a0 fe df a0 fe df a0 fe df a0 fe df 
053290  a0 fe df a0 fe df a0 fe df a0 fe df a0 fe df a0 
0532a0  fe df a0 fe df a0 fe df a0 fe df a0 fe df a0 fe 
0532b0  df a0 fe df a0 fe df a0 fe df a0 fe df a0 fe df 
0532c0  a0 fe df a0 fe df a0 fe df a0 fe df a0 fe df a0 
0532d0  fe df a0 fe df a0 fe df a0 fe df a0 fe df a0 fe 
0532e0  df a0 fe df a0 fe df a0 fe df a0 fe df a0 fe df 
0532f0  a0 fe df a0 fe df a0 fe df a0 fe df a0 fe df a0 
053300  fe df a0 fe df a0 fe df a0 fe df a0 fe df a0 fe 
053310  df a0 fe df a0 fe df a0 fe df a0 fe df a0 fe df 
053320  a0 fe df a0 fe df a0 fe df a0 fe df a0 fe df a0 
053330  fe df a0 fe df a0 fe df a0 fe df a0 fe df a0 fe 
053340  df a0 fe df a0 fe df a0 fe df a0 fe df a0 fe df 
053350  a0 fe df a0 fe df a0 fe df a0 fe df a0 fe df a0 
053360  fe df a0 fe df a0 fe df a0 fe df a0 fe df a0 fe 
053370  df a0 fe df a0 fe df a0 fe df a0 fe df a0 fe df 
053380  a0 fe df a0 fe df a0 fe df a0 fe df a0 fe df a0 
053390  fe df a0 fe df a0 fe df a0 fe df a0 fe df a0 fe 
0533a0  df a0 fe df a0 fe df a0 fe df a0 fe df a0 fe df 
0533b0  a0 fe df a0 fe df a0 fe df a0 fe df a0 fe df a0 
0533c0  fe df a0 fe df a0 fe df a0 fe df a0 fe df a0 fe 
0533d0  df a0 fe df a0 fe df a0 fe df a0 fe df a0 fe df 
0533e0  a0 fe df a0 fe df a0 fe df a0 fe df a0 fe df a0 
0533f0  fe df a0 fe df a0 fe df a0 fe df a0 fe df a0 fe 
053400  df a0 fe df a0 fe df a0 fe df a0 fe df a0 fe df 
053410  a0 fe df a0 fe df a0 fe df a0 fe df a0 fe df a0 
053420  fe df a0 fe df a0 fe df a0 fe df a0 fe df a0 fe 
053430  df a0 fe df a0 fe df a0 fe df a0 fe df a0 fe df 
053440  a0 fe df a0 fe df a0 fe df a0 fe df a0 fe df a0 
053450  fe df a0 fe df a0 fe df a0 fe df a0 fe df a0 fe 
053460  df a0 fe df a0 fe df a0 fe df a0 fe df a0 fe df 
053470  a0 fe df a0 fe df a0 fe df a0 fe df a0 fe df a0 
053480  fe df a0 fe df a0 fe df a0 fe df a0 fe df a0 fe 
053490  df a0 fe df a0 fe df a0 fe df a0 fe df a0 fe df 
0534a0  a0 fe df a0 fe df a0 fe df a0 fe df a0 fe df a0 
0534b0  fe df a0 fe df a0 fe df a0 fe df a0 fe df a0 fe 
0534c0  df a0 fe df a0 fe df a0 fe df a0 fe df a0 fe df 
0534d0  a0 fe df a0 fe df a0 fe df a0 fe df a0 fe df a0 
0534e0  fe df a0 fe df a0 fe df a0 fe df a0 fe df a0 fe 
0534f0  df a0 fe df a0 fe df a0 fe df a0 fe df a0 fe df 
053500  a0 fe df a0 fe df a0 fe df a0 fe df a0 fe df a0 
053510  fe df a0 fe df a0 fe df a0 fe df a0 fe df a0 fe 
053520  df a0 fe df a0 fe df a0 fe df a0 fe df a0 fe df 
053530  a0 fe df a0 fe df a0 fe df a0 fe df a0 fe df a0 
053540  fe df a0 fe df a0 fe df a0 fe df a0 fe df a0 fe 
053550  df a0 fe df a0 fe df a0 fe df a0 fe df a0 fe df 
053560  a0 fe df a0 fe df a0 fe df a0 fe df a0 fe df a0 
053570  fe df a0 fe df a0 fe df a0 fe df a0 fe df a0 fe 
053580  df a0 fe df a0 fe df a0 fe df a0 fe df a0 fe df 
053590  a0 fe df a0 fe df a0 fe df a0 fe df a0 fe df a0 
0535a0  fe df a0 fe df a0 fe df a0 fe df a0 fe df a0 fe 
0535b0  df a0 fe df a0 fe df a0 fe df a0 fe df a0 fe df 
0535c0  a0 fe df a0 fe df a0 fe df a0 fe df a0 fe df a0 
0535d0  fe df a0 fe df a0 fe df a0 fe df a0 fe df a0 fe 
0535e0  df a0 fe df a0 fe df a0 fe df a0 fe df a0 fe df 
0535f0  a0 fe df a0 fe df a0 fe df a0 fe df a0 fe df a0 
053600  fe df a0 fe df a0 fe df a0 fe df a0 fe df a0 fe 
053610  df a0 fe df a0 fe df a0 fe df a0 fe df a0 fe df 
053620  a0 fe df a0 fe df a0 fe df a0 fe df a0 fe df a0 
053630  fe df a0 fe df a0 fe df a0 fe df a0 fe df a0 fe 
053640  df a0 fe df a0 fe df a0 fe df a0 fe df a0 fe df 
053650  a0 fe df a0 fe df a0 fe df a0 fe df a0 fe df a0 
053660  fe df a0 fe df a0 fe df a0 fe df a0 fe df a0 fe 
053670  df a0 fe df a0 fe df a0 fe df a0 fe df a0 fe df 
053680  a0 fe df a0 fe df a0 fe df a0 fe df a0 fe df a0 
053690  fe df a0 fe df a0 fe df a0 fe df a0 fe df a0 fe 
0536a0  df a0 fe df a0 fe df a0 fe df a0 fe df a0 fe df 
0536b0  a0 fe df a0 fe df a0 fe df a0 fe df a0 fe df a0 
0536c0  fe df a0 fe df a0 fe df a0 fe df a0 fe df a0 fe 
0536d0  df a0 fe df a0 fe df a0 fe df a0 fe df a0 fe df 
0536e0  a0 fe df a0 fe df a0 fe df a0 fe df a0 fe df a0 
0536f0  fe df a0 fe df a0 fe df a0 fe df a0 fe df a0 fe 
053700  df a0 fe df a0 fe df a0 fe df a0 fe df a0 fe df 
053710  a0 fe df a0 fe df a0 fe df a0 fe df a0 fe df a0 
053720  fe df a0 fe df a0 fe df a0 fe df a0 fe df a0 fe 
053730  df a0 fe df a0 fe df a0 fe df a0 fe df a0 fe df 
053740  a0 fe df a0 fe df a0 fe df a0 fe df a0 fe df a0 
053750  fe df a0 fe df a0 fe df a0 fe df a0 fe df a0 fe 
053760  df a0 fe df a0 fe df a0 fe df a0 fe df a0 fe df 
053770  a0 fe df a0 fe df a0 fe df a0 fe df a0 fe df a0 
053780  fe df a0 fe df a0 fe df a0 fe df a0 fe df a0 fe 
053790  df a0 fe df a0 fe df a0 fe df a0 fe df a0 fe df 
0537a0  a0 fe df a0 fe df a0 fe df a0 fe df a0 fe df a0 
0537b0  fe df a0 fe df a0 fe df a0 fe df a0 fe df a0 fe 
0537c0  df a0 fe df a0 fe df a0 fe df a0 fe df a0 fe df 
0537d0  a0 fe df a0 fe df a0 fe df a0 fe df a0 fe df a0 
0537e0  fe df a0 fe df a0 fe df a0 fe df a0 fe df a0 fe 
0537f0  df a0 fe df a0 fe df a0 fe df a0 fe df a0 fe df 
053800  a0 fe df a0 fe df a0 fe df a0 fe df a0 fe df a0 
053810  fe df a0 fe df a0 fe df a0 fe df a0 fe df a0 fe 
053820  df a0 fe df a0 fe df a0 fe df a0 fe df a0 fe df 
053830  a0 fe df a0 fe df a0 fe df a0 fe df a0 fe df a0 
053840  fe df a0 fe df a0 fe df a0 fe df a0 fe df a0 fe 
053850  df a0 fe df a0 fe df a0 fe df a0 fe df a0 fe df 
053860  a0 fe df a0 fe df a0 fe df a0 fe df a0 fe df a0 
053870  fe df a0 fe df a0 fe df a0 fe df a0 fe df a0 fe 
053880  df a0 fe df a0 fe df a0 fe df a0 fe df a0 fe df 
053890  a0 fe df a0 fe df a0 fe df a0 fe df a0 fe df a0 
0538a0  fe df a0 fe df a0 fe df a0 fe df a0 fe df a0 fe 
0538b0  df a0 fe df a0 fe df a0 fe df a0 fe df a0 fe df 
0538c0  a0 fe df a0 fe df a0 fe df a0 fe df a0 fe df a0 
0538d0  fe df a0 fe df a0 fe df a0 fe df a0 fe df a0 fe 
0538e0  df a0 fe df a0 fe df a0 fe df a0 fe df a0 fe df 
0538f0  a0 fe df a0 fe df a0 fe df a0 fe df a0 fe df a0 
053900  fe df a0 fe df a0 fe df a0 fe df a0 fe df a0 fe 
053910  df a0 fe df a0 fe df a0 fe df a0 fe df a0 fe df 
053920  a0 fe df a0 fe df a0 fe df a0 fe df a0 fe df a0 
053930  fe df a0 fe df a0 fe df a0 fe df a0 fe df a0 fe 
053940  df a0 fe df a0 fe df a0 fe df a0 fe df a0 fe df 
053950  a0 fe df a0 fe df a0 fe df a0 fe df a0 fe df a0 
053960  fe df a0 fe df a0 fe df a0 fe df a0 fe df a0 fe 
053970  df a0 fe df a0 fe df a0 fe df a0 fe df a0 fe df 
053980  a0 fe df a0 fe df a0 fe df a0 fe df a0 fe df a0 
053990  fe df a0 fe df a0 fe df a0 fe df a0 fe df a0 fe 
0539a0  df a0 fe df a0 fe df a0 fe df a0 fe df a0 fe df 
0539b0  a0 fe df a0 fe df a0 fe df a0 fe df a0 fe df a0 
0539c0  fe df a0 fe df a0 fe df a0 fe df a0 fe df a0 fe 
0539d0  df a0 fe df a0 fe df a0 fe df a0 fe df a0 fe df 
0539e0  a0 fe df a0 fe df a0 fe df a0 fe df a0 fe df a0 
0539f0  fe df a0 fe df a0 fe df a0 fe df a0 fe df a0 fe 
053a00  df a0 fe df a0 fe df a0 fe df a0 fe df a0 fe df 
053a10  a0 fe df a0 fe df a0 fe df a0 fe df a0 fe df a0 
053a20  fe df a0 fe df a0 fe df a0 fe df a0 fe df a0 fe 
053a30  df a0 fe df a0 fe df a0 fe df a0 fe df a0 fe df 
053a40  a0 fe df a0 fe df a0 fe df a0 fe df a0 fe df a0 
053a50  fe df a0 fe df a0 fe df a0 fe df a0 fe df a0 fe 
053a60  df a0 fe df a0 fe df a0 fe df a0 fe df a0 fe df 
053a70  a0 fe df a0 fe df a0 fe df a0 fe df a0 fe df a0 
053a80  fe df a0 fe df a0 fe df a0 fe df a0 fe df a0 fe 
053a90  df a0 fe df a0 fe df a0 fe df a0 fe df a0 fe df 
053aa0  a0 fe df a0 fe df a0 fe df a0 fe df a0 fe df a0 
053ab0  fe df a0 fe df a0 fe df a0 fe df a0 fe df a0 fe 
053ac0  df a0 fe df a0 fe df a0 fe df a0 fe df a0 fe df 
053ad0  a0 fe df a0 fe df a0 fe df a0 fe df a0 fe df a0 
053ae0  fe df a0 fe df a0 fe df a0 fe df a0 fe df a0 fe 
053af0  df a0 fe df a0 fe df a0 fe df a0 fe df a0 fe df 
053b00  a0 fe df a0 fe df a0 fe df a0 fe df a0 fe df a0 
053b10  fe df a0 fe df a0 fe df a0 fe df a0 fe df a0 fe 
053b20  df a0 fe df a0 fe df a0 fe df a0 fe df a0 fe df 
053b30  a0 fe df a0 fe df a0 fe df a0 fe df a0 fe df a0 
053b40  fe df a0 fe df a0 fe df a0 fe df a0 fe df a0 fe 
053b50  df a0 fe df a0 fe df a0 fe df a0 fe df a0 fe df 
053b60  a0 fe df a0 fe df a0 fe df a0 fe df a0 fe df a0 
053b70  fe df a0 fe df a0 fe df a0 fe df a0 fe df a0 fe 
053b80  df a0 fe df a0 fe df a0 fe df a0 fe df a0 fe df 
053b90  a0 fe df a0 fe df a0 fe df a0 fe df a0 fe df a0 
053ba0  fe df a0 fe df a0 fe df a0 fe df a0 fe df a0 fe 
053bb0  df a0 fe df a0 fe df a0 fe df a0 fe df a0 fe df 
053bc0  a0 fe df a0 fe df a0 fe df a0 fe df a0 fe df a0 
053bd0  fe df a0 fe df a0 fe df a0 fe df a0 fe df a0 fe 
053be0  df a0 fe df a0 fe df a0 fe df a0 fe df a0 fe df 
053bf0  a0 fe df a0 fe df a0 fe df a0 fe df a0 fe df a0 
053c00  fe df a0 fe df a0 fe df a0 fe df a0 fe df a0 fe 
053c10  df a0 fe df a0 fe df a0 fe df a0 fe df a0 fe df 
053c20  a0 fe df a0 fe df a0 fe df a0 fe df a0 fe df a0 
053c30  fe df a0 fe df a0 fe df a0 fe df a0 fe df a0 fe 
053c40  df a0 fe df a0 fe df a0 fe df a0 fe df a0 fe df 
053c50  a0 fe df a0 fe df a0 fe df a0 fe df a0 fe df a0 
053c60  fe df a0 fe df a0 fe df a0 fe df a0 fe df a0 fe 
053c70  df a0 fe df a0 fe df a0 fe df a0 fe df a0 fe df 
053c80  a0 fe df a0 fe df a0 fe df a0 fe df a0 fe df a0 
053c90  fe df a0 fe df a0 fe df a0 fe df a0 fe df a0 fe 
053ca0  df a0 fe df a0 fe df a0 fe df a0 fe df a0 fe df 
053cb0  a0 fe df a0 fe df a0 fe df a0 fe df a0 fe df a0 
053cc0  fe df a0 fe df a0 fe df a0 fe df a0 fe df a0 fe 
053cd0  df a0 fe df a0 fe df a0 fe df a0 fe df a0 fe df 
053ce0  a0 fe df a0 fe df a0 fe df a0 fe df a0 fe df a0 
053cf0  fe df a0 fe df a0 fe df a0 fe df a0 fe df a0 fe 
053d00  df a0 fe df a0 fe df a0 fe df a0 fe df a0 fe df 
053d10  a0 fe df a0 fe df a0 fe df a0 fe df a0 fe df a0 
053d20  fe df a0 fe df a0 fe df a0 fe df a0 fe df a0 fe 
053d30  df a0 fe df a0 fe df a0 fe df a0 fe df a0 fe df 
053d40  a0 fe df a0 fe df a0 fe df a0 fe df a0 fe df a0 
053d50  fe df a0 fe df a0 fe df a0 fe df a0 fe df a0 fe 
053d60  df a0 fe df a0 fe df a0 fe df a0 fe df a0 fe df 
053d70  a0 fe df a0 fe df a0 fe df a0 fe df a0 fe df a0 
053d80  fe df a0 fe df a0 fe df a0 fe df a0 fe df a0 fe 
053d90  df a0 fe df a0 fe df a0 fe df a0 fe df a0 fe df 
053da0  a0 fe df a0 fe df a0 fe df a0 fe df a0 fe df a0 
053db0  fe df a0 fe df a0 fe df a0 fe df a0 fe df a0 fe 
053dc0  df a0 fe df a0 fe df a0 fe df a0 fe df a0 fe df 
053dd0  a0 fe df a0 fe df a0 fe df a0 fe df a0 fe df a0 
053de0  fe df a0 fe df a0 fe df a0 fe df a0 fe df a0 fe 
053df0  df a0 fe df a0 fe df a0 fe df a0 fe df a0 fe df 
053e00  a0 fe df a0 fe df a0 fe df a0 fe df a0 fe df a0 
053e10  fe df a0 fe df a0 fe df a0 fe df a0 fe df a0 fe 
053e20  df a0 fe df a0 fe df a0 fe df a0 fe df a0 fe df 
053e30  a0 fe df a0 fe df a0 fe df a0 fe df a0 fe df a0 
053e40  fe df a0 fe df a0 fe df a0 fe df a0 fe df a0 fe 
053e50  df a0 fe df a0 fe df a0 fe df a0 fe df a0 fe df 
053e60  a0 fe df a0 fe df a0 fe df a0 fe df a0 fe df a0 
053e70  fe df a0 fe df a0 fe df a0 fe df a0 fe df a0 fe 
053e80  df a0 fe df a0 fe df a0 fe df a0 fe df a0 fe df 
053e90  a0 fe df a0 fe df a0 fe df a0 fe df a0 fe df a0 
053ea0  fe df a0 fe df a0 fe df a0 fe df a0 fe df a0 fe 
053eb0  df a0 fe df a0 fe df a0 fe df a0 fe df a0 fe df 
053ec0  a0 fe df a0 fe df a0 fe df a0 fe df a0 fe df a0 
053ed0  fe df a0 fe df a0 fe df a0 fe df a0 fe df a0 fe 
053ee0  df a0 fe df a0 fe df a0 fe df a0 fe df a0 fe df 
053ef0  a0 fe df a0 fe df a0 fe df a0 fe df a0 fe df a0 
053f00  fe df a0 fe df a0 fe df a0 fe df a0 fe df a0 fe 
053f10  df a0 fe df a0 fe df a0 fe df a0 fe df a0 fe df 
053f20  a0 fe df a0 fe df a0 fe df a0 fe df a0 fe df a0 
053f30  fe df a0 fe df a0 fe df a0 fe df a0 fe df a0 fe 
053f40  df a0 fe df a0 fe df a0 fe df a0 fe df a0 fe df 
053f50  a0 fe df a0 fe df a0 fe df a0 fe df a0 fe df a0 
053f60  fe df a0 fe df a0 fe df a0 fe df a0 fe df a0 fe 
053f70  df a0 fe df a0 fe df a0 fe df a0 fe df a0 fe df 
053f80  a0 fe df a0 fe df a0 fe df a0 fe df a0 fe df a0 
053f90  fe df a0 fe df a0 fe df a0 fe df a0 fe df a0 fe 
053fa0  df a0 fe df a0 fe df a0 fe df a0 fe df a0 fe df 
053fb0  a0 fe df a0 fe df a0 fe df a0 fe df a0 fe df a0 
053fc0  fe df a0 fe df a0 fe df a0 fe df a0 fe df a0 fe 
053fd0  df a0 fe df a0 fe df a0 fe df a0 fe df a0 fe df 
053fe0  a0 fe df a0 fe df a0 fe df a0 fe df a0 fe df a0 
053ff0  fe df a0 fe df a0 fe df a0 fe df a0 fe df a0 fe 
054000  df a0 fe df a0 fe df a0 fe df a0 fe df a0 fe df 
054010  a0 fe df a0 fe df a0 fe df a0 fe df a0 fe df a0 
054020  fe df a0 fe df a0 fe df a0 fe df a0 fe df a0 fe 
054030  df a0 fe df a0 fe df a0 fe df a0 fe df a0 fe df 
054040  a0 fe df a0 fe df a0 fe df a0 fe df a0 fe df a0 
054050  fe df a0 fe df a0 fe df a0 fe df a0 fe df a0 fe 
054060  df a0 fe df a0 fe df a0 fe df a0 fe df a0 fe df 
054070  a0 fe df a0 fe df a0 fe df a0 fe df a0 fe df a0 
054080  fe df a0 fe df a0 fe df a0 fe df a0 fe df a0 fe 
054090  df a0 fe df a0 fe df a0 fe df a0 fe df a0 fe df 
0540a0  a0 fe df a0 fe df a0 fe df a0 fe df a0 fe df a0 
0540b0  fe df a0 fe df a0 fe df a0 fe df a0 fe df a0 fe 
0540c0  df a0 fe df a0 fe df a0 fe df a0 fe df a0 fe df 
0540d0  a0 fe df a0 fe df a0 fe df a0 fe df a0 fe df a0 
0540e0  fe df a0 fe df a0 fe df a0 fe df a0 fe df a0 fe 
0540f0  df a0 fe df a0 fe df a0 fe df a0 fe df a0 fe df 
054100  a0 fe df a0 fe df a0 fe df a0 fe df a0 fe df a0 
054110  fe df a0 fe df a0 fe df a0 fe df a0 fe df a0 fe 
054120  df a0 fe df a0 fe df a0 fe df a0 fe df a0 fe df 
054130  a0 fe df a0 fe df a0 fe df a0 fe df a0 fe df a0 
054140  fe df a0 fe df a0 fe df a0 fe df a0 fe df a0 fe 
054150  df a0 fe df a0 fe df a0 fe df a0 fe df a0 fe df 
054160  a0 fe df a0 fe df a0 fe df a0 fe df a0 fe df a0 
054170  fe df a0 fe df a0 fe df a0 fe df a0 fe df a0 fe 
054180  df a0 fe df a0 fe df a0 fe df a0 fe df a0 fe df 
054190  a0 fe df a0 fe df a0 fe df a0 fe df a0 fe df a0 
0541a0  fe df a0 fe df a0 fe df a0 fe df a0 fe df a0 fe 
0541b0  df a0 fe df a0 fe df a0 fe df a0 fe df a0 fe df 
0541c0  a0 fe df a0 fe df a0 fe df a0 fe df a0 fe df a0 
0541d0  fe df a0 fe df a0 fe df a0 fe df a0 fe df a0 fe 
0541e0  df a0 fe df a0 fe df a0 fe df a0 fe df a0 fe df 
0541f0  a0 fe df a0 fe df a0 fe df a0 fe df a0 fe df a0 
054200  fe df a0 fe df a0 fe df a0 fe df a0 fe df a0 fe 
054210  df a0 fe df a0 fe df a0 fe df a0 fe df a0 fe df 
054220  a0 fe df a0 fe df a0 fe df a0 fe df a0 fe df a0 
054230  fe df a0 fe df a0 fe df a0 fe df a0 fe df a0 fe 
054240  df a0 fe df a0 fe df a0 fe df a0 fe df a0 fe df 
054250  a0 fe df a0 fe df a0 fe df a0 fe df a0 fe df a0 
054260  fe df a0 fe df a0 fe df a0 fe df a0 fe df a0 fe 
054270  df a0 fe df a0 fe df a0 fe df a0 fe df a0 fe df 
054280  a0 fe df a0 fe df a0 fe df a0 fe df a0 fe df a0 
054290  fe df a0 fe df a0 fe df a0 fe df a0 fe df a0 fe 
0542a0  df a0 fe df a0 fe df a0 fe df a0 fe df a0 fe df 
0542b0  a0 fe df a0 fe df a0 fe df a0 fe df a0 fe df a0 
0542c0  fe df a0 fe df a0 fe df a0 fe df a0 fe df a0 fe 
0542d0  df a0 fe df a0 fe df a0 fe df a0 fe df a0 fe df 
0542e0  a0 fe df a0 fe df a0 fe df a0 fe df a0 fe df a0 
0542f0  fe df a0 fe df a0 fe df a0 fe df a0 fe df a0 fe 
054300  df a0 fe df a0 fe df a0 fe df a0 fe df a0 fe df 
054310  a0 fe df a0 fe df a0 fe df a0 fe df a0 fe df a0 
054320  fe df a0 fe df a0 fe df a0 fe df a0 fe df a0 fe 
054330  df a0 fe df a0 fe df a0 fe df a0 fe df a0 fe df 
054340  a0 fe df a0 fe df a0 fe df a0 fe df a0 fe df a0 
054350  fe df a0 fe df a0 fe df a0 fe df a0 fe df a0 fe 
054360  df a0 fe df a0 fe df a0 fe df a0 fe df a0 fe df 
054370  a0 fe df a0 fe df a0 fe df a0 fe df a0 fe df a0 
054380  fe df a0 fe df a0 fe df a0 fe df a0 fe df a0 fe 
054390  df a0 fe df a0 fe df a0 fe df a0 fe df a0 fe df 
0543a0  a0 fe df a0 fe df a0 fe df a0 fe df a0 fe df a0 
0543b0  fe df a0 fe df a0 fe df a0 fe df a0 fe df a0 fe 
0543c0  df a0 fe df a0 fe df a0 fe df a0 fe df a0 fe df 
0543d0  a0 fe df a0 fe df a0 fe df a0 fe df a0 fe df a0 
0543e0  fe df a0 fe df a0 fe df a0 fe df a0 fe df a0 fe 
0543f0  df a0 fe df a0 fe df a0 fe df a0 fe df a0 fe df 
054400  a0 fe df a0 fe df a0 fe df a0 fe df a0 fe df a0 
054410  fe df a0 fe df a0 fe df a0 fe df a0 fe df a0 fe 
054420  df a0 fe df a0 fe df a0 fe df a0 fe df a0 fe df 
054430  a0 fe df a0 fe df a0 fe df a0 fe df a0 fe df a0 
054440  fe df a0 fe df a0 fe df a0 fe df a0 fe df a0 fe 
054450  df a0 fe df a0 fe df a0 fe df a0 fe df a0 fe df 
054460  a0 fe df a0 fe df a0 fe df a0 fe df a0 fe df a0 
054470  fe df a0 fe df a0 fe df a0 fe df a0 fe df a0 fe 
054480  df a0 fe df a0 fe df a0 fe df a0 fe df a0 fe df 
054490  a0 fe df a0 fe df a0 fe df a0 fe df a0 fe df a0 
0544a0  fe df a0 fe df a0 fe df a0 fe df a0 fe df a0 fe 
0544b0  df a0 fe df a0 fe df a0 fe df a0 fe df a0 fe df 
0544c0  a0 fe df a0 fe df a0 fe df a0 fe df a0 fe df a0 
0544d0  fe df a0 fe df a0 fe df a0 fe df a0 fe df a0 fe 
0544e0  df a0 fe df a0 fe df a0 fe df a0 fe df a0 fe df 
0544f0  a0 fe df a0 fe df a0 fe df a0 fe df a0 fe df a0 
054500  fe df a0 fe df a0 fe df a0 fe df a0 fe df a0 fe 
054510  df a0 fe df a0 fe df a0 fe df a0 fe df a0 fe df 
054520  a0 fe df a0 fe df a0 fe df a0 fe df a0 fe df a0 
054530  fe df a0 fe df a0 fe df a0 fe df a0 fe df a0 fe 
054540  df a0 fe df a0 fe df a0 fe df a0 fe df a0 fe df 
054550  a0 fe df a0 fe df a0 fe df a0 fe df a0 fe df a0 
054560  fe df a0 fe df a0 fe df a0 fe df a0 fe df a0 fe 
054570  df a0 fe df a0 fe df a0 fe df a0 fe df a0 fe df 
054580  a0 fe df a0 fe df a0 fe df a0 fe df a0 fe df a0 
054590  fe df a0 fe df a0 fe df a0 fe df a0 fe df a0 fe 
0545a0  df a0 fe df a0 fe df a0 fe df a0 fe df a0 fe df 
0545b0  a0 fe df a0 fe df a0 fe df a0 fe df a0 fe df a0 
0545c0  fe df a0 fe df a0 fe df a0 fe df a0 fe df a0 fe 
0545d0  df a0 fe df a0 fe df a0 fe df a0 fe df a0 fe df 
0545e0  a0 fe df a0 fe df a0 fe df a0 fe df a0 fe df a0 
0545f0  fe df a0 fe df a0 fe df a0 fe df a0 fe df a0 fe 
054600  df a0 fe df a0 fe df a0 fe df a0 fe df a0 fe df 
054610  a0 fe df a0 fe df a0 fe df a0 fe df a0 fe df a0 
054620  fe df a0 fe df a0 fe df a0 fe df a0 fe df a0 fe 
054630  df a0 fe df a0 fe df a0 fe df a0 fe df a0 fe df 
054640  a0 fe df a0 fe df a0 fe df a0 fe df a0 fe df a0 
054650  fe df a0 fe df a0 fe df a0 fe df a0 fe df a0 fe 
054660  df a0 fe df a0 fe df a0 fe df a0 fe df a0 fe df 
054670  a0 fe df a0 fe df a0 fe df a0 fe df a0 fe df a0 
054680  fe df a0 fe df a0 fe df a0 fe df a0 fe df a0 fe 
054690  df a0 fe df a0 fe df a0 fe df a0 fe df a0 fe df 
0546a0  a0 fe df a0 fe df a0 fe df a0 fe df a0 fe df a0 
0546b0  fe df a0 fe df a0 fe df a0 fe df a0 fe df a0 fe 
0546c0  df a0 fe df a0 fe df a0 fe df a0 fe df a0 fe df 
0546d0  a0 fe df a0 fe df a0 fe df a0 fe df a0 fe df a0 
0546e0  fe df a0 fe df a0 fe df a0 fe df a0 fe df a0 fe 
0546f0  df a0 fe df a0 fe df a0 fe df a0 fe df a0 fe df 
054700  a0 fe df a0 fe df a0 fe df a0 fe df a0 fe df a0 
054710  fe df a0 fe df a0 fe df a0 fe df a0 fe df a0 fe 
054720  df a0 fe df a0 fe df a0 fe df a0 fe df a0 fe df 
054730  a0 fe df a0 fe df a0 fe df a0 fe df a0 fe df a0 
054740  fe df a0 fe df a0 fe df a0 fe df a0 fe df a0 fe 
054750  df a0 fe df a0 fe df a0 fe df a0 fe df a0 fe df 
054760  a0 fe df a0 fe df a0 fe df a0 fe df a0 fe df a0 
054770  fe df a0 fe df a0 fe df a0 fe df a0 fe df a0 fe 
054780  df a0 fe df a0 fe df a0 fe df a0 fe df a0 fe df 
054790  a0 fe df a0 fe df a0 fe df a0 fe df a0 fe df a0 
0547a0  fe df a0 fe df a0 fe df a0 fe df a0 fe df a0 fe 
0547b0  df a0 fe df a0 fe df a0 fe df a0 fe df a0 fe df 
0547c0  a0 fe df a0 fe df a0 fe df a0 fe df a0 fe df a0 
0547d0  fe df a0 fe df a0 fe df a0 fe df a0 fe df a0 fe 
0547e0  df a0 fe df a0 fe df a0 fe df a0 fe df a0 fe df 
0547f0  a0 fe df a0 fe df a0 fe df a0 fe df a0 fe df a0 
054800  fe df a0 fe df a0 fe df a0 fe df a0 fe df a0 fe 
054810  df a0 fe df a0 fe df a0 fe df a0 fe df a0 fe df 
054820  a0 fe df a0 fe df a0 fe df a0 fe df a0 fe df a0 
054830  fe df a0 fe df a0 fe df a0 fe df a0 fe df a0 fe 
054840  df a0 fe df a0 fe df a0 fe df a0 fe df a0 fe df 
054850  a0 fe df a0 fe df a0 fe df a0 fe df a0 fe df a0 
054860  fe df a0 fe df a0 fe df a0 fe df a0 fe df a0 fe 
054870  df a0 fe df a0 fe df a0 fe df a0 fe df a0 fe df 
054880  a0 fe df a0 fe df a0 fe df a0 fe df a0 fe df a0 
054890  fe df a0 fe df a0 fe df a0 fe df a0 fe df a0 fe 
0548a0  df a0 fe df a0 fe df a0 fe df a0 fe df a0 fe df 
0548b0  a0 fe df a0 fe df a0 fe df a0 fe df a0 fe df a0 
0548c0  fe df a0 fe df a0 fe df a0 fe df a0 fe df a0 fe 
0548d0  df a0 fe df a0 fe df a0 fe df a0 fe df a0 fe df 
0548e0  a0 fe df a0 fe df a0 fe df a0 fe df a0 fe df a0 
0548f0  fe df a0 fe df a0 fe df a0 fe df a0 fe df a0 fe 
054900  df a0 fe df a0 fe df a0 fe df a0 fe df a0 fe df 
054910  a0 fe df a0 fe df a0 fe df a0 fe df a0 fe df a0 
054920  fe df a0 fe df a0 fe df a0 fe df a0 fe df a0 fe 
054930  df a0 fe df a0 fe df a0 fe df a0 fe df a0 fe df 
054940  a0 fe df a0 fe df a0 fe df a0 fe df a0 fe df a0 
054950  fe df a0 fe df a0 fe df a0 fe df a0 fe df a0 fe 
054960  df a0 fe df a0 fe df a0 fe df a0 fe df a0 fe df 
054970  a0 fe df a0 fe df a0 fe df a0 fe df a0 fe df a0 
054980  fe df a0 fe df a0 fe df a0 fe df a0 fe df a0 fe 
054990  df a0 fe df a0 fe df a0 fe df a0 fe df a0 fe df 
0549a0  a0 fe df a0 fe df a0 fe df a0 fe df a0 fe df a0 
0549b0  fe df a0 fe df a0 fe df a0 fe df a0 fe df a0 fe 
0549c0  df a0 fe df a0 fe df a0 fe df a0 fe df a0 fe df 
0549d0  a0 fe df a0 fe df a0 fe df a0 fe df a0 fe df a0 
0549e0  fe df a0 fe df a0 fe df a0 fe df a0 fe df a0 fe 
0549f0  df a0 fe df a0 fe df a0 fe df a0 fe df a0 fe df 
054a00  a0 fe df a0 fe df a0 fe df a0 fe df a0 fe df a0 
054a10  fe df a0 fe df a0 fe df a0 fe df a0 fe df a0 fe 
054a20  df a0 fe df a0 fe df a0 fe df a0 fe df a0 fe df 
054a30  a0 fe df a0 fe df a0 fe df a0 fe df a0 fe df a0 
054a40  fe df a0 fe df a0 fe df a0 fe df a0 fe df a0 fe 
054a50  df a0 fe df a0 fe df a0 fe df a0 fe df a0 fe df 
054a60  a0 fe df a0 fe df a0 fe df a0 fe df a0 fe df a0 
054a70  fe df a0 fe df a0 fe df a0 fe df a0 fe df a0 fe 
054a80  df a0 fe df a0 fe df a0 fe df a0 fe df a0 fe df 
054a90  a0 fe df a0 fe df a0 fe df a0 fe df a0 fe df a0 
054aa0  fe df a0 fe df a0 fe df a0 fe df a0 fe df a0 fe 
054ab0  df a0 fe df a0 fe df a0 fe df a0 fe df a0 fe df 
054ac0  a0 fe df a0 fe df a0 fe df a0 fe df a0 fe df a0 
054ad0  fe df a0 fe df a0 fe df a0 fe df a0 fe df a0 fe 
054ae0  df a0 fe df a0 fe df a0 fe df a0 fe df a0 fe df 
054af0  a0 fe df a0 fe df a0 fe df a0 fe df a0 fe df a0 
054b00  fe df a0 fe df a0 fe df a0 fe df a0 fe df a0 fe 
054b10  df a0 fe df a0 fe df a0 fe df a0 fe df a0 fe df 
054b20  a0 fe df a0 fe df a0 fe df a0 fe df a0 fe df a0 
054b30  fe df a0 fe df a0 fe df a0 fe df a0 fe df a0 fe 
054b40  df a0 fe df a0 fe df a0 fe df a0 fe df a0 fe df 
054b50  a0 fe df a0 fe df a0 fe df a0 fe df a0 fe df a0 
054b60  fe df a0 fe df a0 fe df a0 fe df a0 fe df a0 fe 
054b70  df a0 fe df a0 fe df a0 fe df a0 fe df a0 fe df 
054b80  a0 fe df a0 fe df a0 fe df a0 fe df a0 fe df a0 
054b90  fe df a0 fe df a0 fe df a0 fe df a0 fe df a0 fe 
054ba0  df a0 fe df a0 fe df a0 fe df a0 fe df a0 fe df 
054bb0  a0 fe df a0 fe df a0 fe df a0 fe df a0 fe df a0 
054bc0  fe df a0 fe df a0 fe df a0 fe df a0 fe df a0 fe 
054bd0  df a0 fe df a0 fe df a0 fe df a0 fe df a0 fe df 
054be0  a0 fe df a0 fe df a0 fe df a0 fe df a0 fe df a0 
054bf0  fe df a0 fe df a0 fe df a0 fe df a0 fe df a0 fe 
054c00  df a0 fe df a0 fe df a0 fe df a0 fe df a0 fe df 
054c10  a0 fe df a0 fe df a0 fe df a0 fe df a0 fe df a0 
054c20  fe df a0 fe df a0 fe df a0 fe df a0 fe df a0 fe 
054c30  df a0 fe df a0 fe df a0 fe df a0 fe df a0 fe df 
054c40  a0 fe df a0 fe df a0 fe df a0 fe df a0 fe df a0 
054c50  fe df a0 fe df a0 fe df a0 fe df a0 fe df a0 fe 
054c60  df a0 fe df a0 fe df a0 fe df a0 fe df a0 fe df 
054c70  a0 fe df a0 fe df a0 fe df a0 fe df a0 fe df a0 
054c80  fe df a0 fe df a0 fe df a0 fe df a0 fe df a0 fe 
054c90  df a0 fe df a0 fe df a0 fe df a0 fe df a0 fe df 
054ca0  a0 fe df a0 fe df a0 fe df a0 fe df a0 fe df a0 
054cb0  fe df a0 fe df a0 fe df a0 fe df a0 fe df a0 fe 
054cc0  df a0 fe df a0 fe df a0 fe df a0 fe df a0 fe df 
054cd0  a0 fe df a0 fe df a0 fe df a0 fe df a0 fe df a0 
054ce0  fe df a0 fe df a0 fe df a0 fe df a0 fe df a0 fe 
054cf0  df a0 fe df a0 fe df a0 fe df a0 fe df a0 fe df 
054d00  a0 fe df a0 fe df a0 fe df a0 fe df a0 fe df a0 
054d10  fe df a0 fe df a0 fe df a0 fe df a0 fe df a0 fe 
054d20  df a0 fe df a0 fe df a0 fe df a0 fe df a0 fe df 
054d30  a0 fe df a0 fe df a0 fe df a0 fe df a0 fe df a0 
054d40  fe df a0 fe df a0 fe df a0 fe df a0 fe df a0 fe 
054d50  df a0 fe df a0 fe df a0 fe df a0 fe df a0 fe df 
054d60  a0 fe df a0 fe df a0 fe df a0 fe df a0 fe df a0 
054d70  fe df a0 fe df a0 fe df a0 fe df a0 fe df a0 fe 
054d80  df a0 fe df a0 fe df a0 fe df a0 fe df a0 fe df 
054d90  a0 fe df a0 fe df a0 fe df a0 fe df a0 fe df a0 
054da0  fe df a0 fe df a0 fe df a0 fe df a0 fe df a0 fe 
054db0  df a0 fe df a0 fe df a0 fe df a0 fe df a0 fe df 
054dc0  a0 fe df a0 fe df a0 fe df a0 fe df a0 fe df a0 
054dd0  fe df a0 fe df a0 fe df a0 fe df a0 fe df a0 fe 
054de0  df a0 fe df a0 fe df a0 fe df a0 fe df a0 fe df 
054df0  a0 fe df a0 fe df a0 fe df a0 fe df a0 fe df a0 
054e00  fe df a0 fe df a0 fe df a0 fe df a0 fe df a0 fe 
054e10  df a0 fe df a0 fe df a0 fe df a0 fe df a0 fe df 
054e20  a0 fe df a0 fe df a0 fe df a0 fe df a0 fe df a0 
054e30  fe df a0 fe df a0 fe df a0 fe df a0 fe df a0 fe 
054e40  df a0 fe df a0 fe df a0 fe df a0 fe df a0 fe df 
054e50  a0 fe df a0 fe df a0 fe df a0 fe df a0 fe df a0 
054e60  fe df a0 fe df a0 fe df a0 fe df a0 fe df a0 fe 
054e70  df a0 fe df a0 fe df a0 fe df a0 fe df a0 fe df 
054e80  a0 fe df a0 fe df a0 fe df a0 fe df a0 fe df a0 
054e90  fe df a0 fe df a0 fe df a0 fe df a0 fe df a0 fe 
054ea0  df a0 fe df a0 fe df a0 fe df a0 fe df a0 fe df 
054eb0  a0 fe df a0 fe df a0 fe df a0 fe df a0 fe df a0 
054ec0  fe df a0 fe df a0 fe df a0 fe df a0 fe df a0 fe 
054ed0  df a0 fe df a0 fe df a0 fe df a0 fe df a0 fe df 
054ee0  a0 fe df a0 fe df a0 fe df a0 fe df a0 fe df a0 
054ef0  fe df a0 fe df a0 fe df a0 fe df a0 fe df a0 fe 
054f00  df a0 fe df a0 fe df a0 fe df a0 fe df a0 fe df 
054f10  a0 fe df a0 fe df a0 fe df a0 fe df a0 fe df a0 
054f20  fe df a0 fe df a0 fe df a0 fe df a0 fe df a0 fe 
054f30  df a0 fe df a0 fe df a0 fe df a0 fe df a0 fe df 
054f40  a0 fe df a0 fe df a0 fe df a0 fe df a0 fe df a0 
054f50  fe df a0 fe df a0 fe df a0 fe df a0 fe df a0 fe 
054f60  df a0 fe df a0 fe df a0 fe df a0 fe df a0 fe df 
054f70  a0 fe df a0 fe df a0 fe df a0 fe df a0 fe df a0 
054f80  fe df a0 fe df a0 fe df a0 fe df a0 fe df a0 fe 
054f90  df a0 fe df a0 fe df a0 fe df a0 fe df a0 fe df 
054fa0  a0 fe df a0 fe df a0 fe df a0 fe df a0 fe df a0 
054fb0  fe df a0 fe df a0 fe df a0 fe df a0 fe df a0 fe 
054fc0  df a0 fe df a0 fe df a0 fe df a0 fe df a0 fe df 
054fd0  a0 fe df a0 fe df a0 fe df a0 fe df a0 fe df a0 
054fe0  fe df a0 fe df a0 fe df a0 fe df a0 fe df a0 fe 
054ff0  df a0 fe df a0 fe df a0 fe df a0 fe df a0 fe df 
055000  a0 fe df a0 fe df a0 fe df a0 fe df a0 fe df a0 
055010  fe df a0 fe df a0 fe df a0 fe df a0 fe df a0 fe 
055020  df a0 fe df a0 fe df a0 fe df a0 fe df a0 fe df 
055030  a0 fe df a0 fe df a0 fe df a0 fe df a0 fe df a0 
055040  fe df a0 fe df a0 fe df a0 fe df a0 fe df a0 fe 
055050  df a0 fe df a0 fe df a0 fe df a0 fe df a0 fe df 
055060  a0 fe df a0 fe df a0 fe df a0 fe df a0 fe df a0 
055070  fe df a0 fe df a0 fe df a0 fe df a0 fe df a0 fe 
055080  df a0 fe df a0 fe df a0 fe df a0 fe df a0 fe df 
055090  a0 fe df a0 fe df a0 fe df a0 fe df a0 fe df a0 
0550a0  fe df a0 fe df a0 fe df a0 fe df a0 fe df a0 fe 
0550b0  df a0 fe df a0 fe df a0 fe df a0 fe df a0 fe df 
0550c0  a0 fe df a0 fe df a0 fe df a0 fe df a0 fe df a0 
0550d0  fe df a0 fe df a0 fe df a0 fe df a0 fe df a0 fe 
0550e0  df a0 fe df a0 fe df a0 fe df a0 fe df a0 fe df 
0550f0  a0 fe df a0 fe df a0 fe df a0 fe df a0 fe df a0 
055100  fe df a0 fe df a0 fe df a0 fe df a0 fe df a0 fe 
055110  df a0 fe df a0 fe df a0 fe df a0 fe df a0 fe df 
055120  a0 fe df a0 fe df a0 fe df a0 fe df a0 fe df a0 
055130  fe df a0 fe df a0 fe df a0 fe df a0 fe df a0 fe 
055140  df a0 fe df a0 fe df a0 fe df a0 fe df a0 fe df 
055150  a0 fe df a0 fe df a0 fe df a0 fe df a0 fe df a0 
055160  fe df a0 fe df a0 fe df a0 fe df a0 fe df a0 fe 
055170  df a0 fe df a0 fe df a0 fe df a0 fe df a0 fe df 
055180  a0 fe df a0 fe df a0 fe df a0 fe df a0 fe df a0 
055190  fe df a0 fe df a0 fe df a0 fe df a0 fe df a0 fe 
0551a0  df a0 fe df a0 fe df a0 fe df a0 fe df a0 fe df 
0551b0  a0 fe df a0 fe df a0 fe df a0 fe df a0 fe df a0 
0551c0  fe df a0 fe df a0 fe df a0 fe df a0 fe df a0 fe 
0551d0  df a0 fe df a0 fe df a0 fe df a0 fe df a0 fe df 
0551e0  a0 fe df a0 fe df a0 fe df a0 fe df a0 fe df a0 
0551f0  fe df a0 fe df a0 fe df a0 fe df a0 fe df a0 fe 
055200  df a0 fe df a0 fe df a0 fe df a0 fe df a0 fe df 
055210  a0 fe df a0 fe df a0 fe df a0 fe df a0 fe df a0 
055220  fe df a0 fe df a0 fe df a0 fe df a0 fe df a0 fe 
055230  df a0 fe df a0 fe df a0 fe df a0 fe df a0 fe df 
055240  a0 fe df a0 fe df a0 fe df a0 fe df a0 fe df a0 
055250  fe df a0 fe df a0 fe df a0 fe df a0 fe df a0 fe 
055260  df a0 fe df a0 fe df a0 fe df a0 fe df a0 fe df 
055270  a0 fe df a0 fe df a0 fe df a0 fe df a0 fe df a0 
055280  fe df a0 fe df a0 fe df a0 fe df a0 fe df a0 fe 
055290  df a0 fe df a0 fe df a0 fe df a0 fe df a0 fe df 
0552a0  a0 fe df a0 fe df a0 fe df a0 fe df a0 fe df a0 
0552b0  fe df a0 fe df a0 fe df a0 fe df a0 fe df a0 fe 
0552c0  df a0 fe df a0 fe df a0 fe df a0 fe df a0 fe df 
0552d0  a0 fe df a0 fe df a0 fe df a0 fe df a0 fe df a0 
0552e0  fe df a0 fe df a0 fe df a0 fe df a0 fe df a0 fe 
0552f0  df a0 fe df a0 fe df a0 fe df a0 fe df a0 fe df 
055300  a0 fe df a0 fe df a0 fe df a0 fe df a0 fe df a0 
055310  fe df a0 fe df a0 fe df a0 fe df a0 fe df a0 fe 
055320  df a0 fe df a0 fe df a0 fe df a0 fe df a0 fe df 
055330  a0 fe df a0 fe df a0 fe df a0 fe df a0 fe df a0 
055340  fe df a0 fe df a0 fe df a0 fe df a0 fe df a0 fe 
055350  df a0 fe df a0 fe df a0 fe df a0 fe df a0 fe df 
055360  a0 fe df a0 fe df a0 fe df a0 fe df a0 fe df a0 
055370  fe df a0 fe df a0 fe df a0 fe df a0 fe df a0 fe 
055380  df a0 fe df a0 fe df a0 fe df a0 fe df a0 fe df 
055390  a0 fe df a0 fe df a0 fe df a0 fe df a0 fe df a0 
0553a0  fe df a0 fe df a0 fe df a0 fe df a0 fe df a0 fe 
0553b0  df a0 fe df a0 fe df a0 fe df a0 fe df a0 fe df 
0553c0  a0 fe df a0 fe df a0 fe df a0 fe df a0 fe df a0 
0553d0  fe df a0 fe df a0 fe df a0 fe df a0 fe df a0 fe 
0553e0  df a0 fe df a0 fe df a0 fe df a0 fe df a0 fe df 
0553f0  a0 fe df a0 fe df a0 fe df a0 fe df a0 fe df a0 
055400  fe df a0 fe df a0 fe df a0 fe df a0 fe df a0 fe 
055410  df a0 fe df a0 fe df a0 fe df a0 fe df a0 fe df 
055420  a0 fe df a0 fe df a0 fe df a0 fe df a0 fe df a0 
055430  fe df a0 fe df a0 fe df a0 fe df a0 fe df a0 fe 
055440  df a0 fe df a0 fe df a0 fe df a0 fe df a0 fe df 
055450  a0 fe df a0 fe df a0 fe df a0 fe df a0 fe df a0 
055460  fe df a0 fe df a0 fe df a0 fe df a0 fe df a0 fe 
055470  df a0 fe df a0 fe df a0 fe df a0 fe df a0 fe df 
055480  a0 fe df a0 fe df a0 fe df a0 fe df a0 fe df a0 
055490  fe df a0 fe df a0 fe df a0 fe df a0 fe df a0 fe 
0554a0  df a0 fe df a0 fe df a0 fe df a0 fe df a0 fe df 
0554b0  a0 fe df a0 fe df a0 fe df a0 fe df a0 fe df a0 
0554c0  fe df a0 fe df a0 fe df a0 fe df a0 fe df a0 fe 
0554d0  df a0 fe df a0 fe df a0 fe df a0 fe df a0 fe df 
0554e0  a0 fe df a0 fe df a0 fe df a0 fe df a0 fe df a0 
0554f0  fe df a0 fe df a0 fe df a0 fe df a0 fe df a0 fe 
055500  df a0 fe df a0 fe df a0 fe df a0 fe df a0 fe df 
055510  a0 fe df a0 fe df a0 fe df a0 fe df a0 fe df a0 
055520  fe df a0 fe df a0 fe df a0 fe df a0 fe df a0 fe 
055530  df a0 fe df a0 fe df a0 fe df a0 fe df a0 fe df 
055540  a0 fe df a0 fe df a0 fe df a0 fe df a0 fe df a0 
055550  fe df a0 fe df a0 fe df a0 fe df a0 fe df a0 fe 
055560  df a0 fe df a0 fe df a0 fe df a0 fe df a0 fe df 
055570  a0 fe df a0 fe df a0 fe df a0 fe df a0 fe df a0 
055580  fe df a0 fe df a0 fe df a0 fe df a0 fe df a0 fe 
055590  df a0 fe df a0 fe df a0 fe df a0 fe df a0 fe df 
0555a0  a0 fe df a0 fe df a0 fe df a0 fe df a0 fe df a0 
0555b0  fe df a0 fe df a0 fe df a0 fe df a0 fe df a0 fe 
0555c0  df a0 fe df a0 fe df a0 fe df a0 fe df a0 fe df 
0555d0  a0 fe df a0 fe df a0 fe df a0 fe df a0 fe df a0 
0555e0  fe df a0 fe df a0 fe df a0 fe df a0 fe df a0 fe 
0555f0  df a0 fe df a0 fe df a0 fe df a0 fe df a0 fe df 
055600  a0 fe df a0 fe df a0 fe df a0 fe df a0 fe df a0 
055610  fe df a0 fe df a0 fe df a0 fe df a0 fe df a0 fe 
055620  df a0 fe df a0 fe df a0 fe df a0 fe df a0 fe df 
055630  a0 fe df a0 fe df a0 fe df a0 fe df a0 fe df a0 
055640  fe df a0 fe df a0 fe df a0 fe df a0 fe df a0 fe 
055650  df a0 fe df a0 fe df a0 fe df a0 fe df a0 fe df 
055660  a0 fe df a0 fe df a0 fe df a0 fe df a0 fe df a0 
055670  fe df a0 fe df a0 fe df a0 fe df a0 fe df a0 fe 
055680  df a0 fe df a0 fe df a0 fe df a0 fe df a0 fe df 
055690  a0 fe df a0 fe df a0 fe df a0 fe df a0 fe df a0 
0556a0  fe df a0 fe df a0 fe df a0 fe df a0 fe df a0 fe 
0556b0  df a0 fe df a0 fe df a0 fe df a0 fe df a0 fe df 
0556c0  a0 fe df a0 fe df a0 fe df a0 fe df a0 fe df a0 
0556d0  fe df a0 fe df a0 fe df a0 fe df a0 fe df a0 fe 
0556e0  df a0 fe df a0 fe df a0 fe df a0 fe df a0 fe df 
0556f0  a0 fe df a0 fe df a0 fe df a0 fe df a0 fe df a0 
055700  fe df a0 fe df a0 fe df a0 fe df a0 fe df a0 fe 
055710  df a0 fe df a0 fe df a0 fe df a0 fe df a0 fe df 
055720  a0 fe df a0 fe df a0 fe df a0 fe df a0 fe df a0 
055730  fe df a0 fe df a0 fe df a0 fe df a0 fe df a0 fe 
055740  df a0 fe df a0 fe df a0 fe df a0 fe df a0 fe df 
055750  a0 fe df a0 fe df a0 fe df a0 fe df a0 fe df a0 
055760  fe df a0 fe df a0 fe df a0 fe df a0 fe df a0 fe 
055770  df a0 fe df a0 fe df a0 fe df a0 fe df a0 fe df 
055780  a0 fe df a0 fe df a0 fe df a0 fe df a0 fe df a0 
055790  fe df a0 fe df a0 fe df a0 fe df a0 fe df a0 fe 
0557a0  df a0 fe df a0 fe df a0 fe df a0 fe df a0 fe df 
0557b0  a0 fe df a0 fe df a0 fe df a0 fe df a0 fe df a0 
0557c0  fe df a0 fe df a0 fe df a0 fe df a0 fe df a0 fe 
0557d0  df a0 fe df a0 fe df a0 fe df a0 fe df a0 fe df 
0557e0  a0 fe df a0 fe df a0 fe df a0 fe df a0 fe df a0 
0557f0  fe df a0 fe df a0 fe df a0 fe df a0 fe df a0 fe 
055800  df a0 fe df a0 fe df a0 fe df a0 fe df a0 fe df 
055810  a0 fe df a0 fe df a0 fe df a0 fe df a0 fe df a0 
055820  fe df a0 fe df a0 fe df a0 fe df a0 fe df a0 fe 
055830  df a0 fe df a0 fe df a0 fe df a0 fe df a0 fe df 
055840  a0 fe df a0 fe df a0 fe df a0 fe df a0 fe df a0 
055850  fe df a0 fe df a0 fe df a0 fe df a0 fe df a0 fe 
055860  df a0 fe df a0 fe df a0 fe df a0 fe df a0 fe df 
055870  a0 fe df a0 fe df a0 fe df a0 fe df a0 fe df a0 
055880  fe df a0 fe df a0 fe df a0 fe df a0 fe df a0 fe 
055890  df a0 fe df a0 fe df a0 fe df a0 fe df a0 fe df 
0558a0  a0 fe df a0 fe df a0 fe df a0 fe df a0 fe df a0 
0558b0  fe df a0 fe df a0 fe df a0 fe df a0 fe df a0 fe 
0558c0  df a0 fe df a0 fe df a0 fe df a0 fe df a0 fe df 
0558d0  a0 fe df a0 fe df a0 fe df a0 fe df a0 fe df a0 
0558e0  fe df a0 fe df a0 fe df a0 fe df a0 fe df a0 fe 
0558f0  df a0 fe df a0 fe df a0 fe df a0 fe df a0 fe df 
055900  a0 fe df a0 fe df a0 fe df a0 fe df a0 fe df a0 
055910  fe df a0 fe df a0 fe df a0 fe df a0 fe df a0 fe 
055920  df a0 fe df a0 fe df a0 fe df a0 fe df a0 fe df 
055930  a0 fe df a0 fe df a0 fe df a0 fe df a0 fe df a0 
055940  fe df a0 fe df a0 fe df a0 fe df a0 fe df a0 fe 
055950  df a0 fe df a0 fe df a0 fe df a0 fe df a0 fe df 
055960  a0 fe df a0 fe df a0 fe df a0 fe df a0 fe df a0 
055970  fe df a0 fe df a0 fe df a0 fe df a0 fe df a0 fe 
055980  df a0 fe df a0 fe df a0 fe df a0 fe df a0 fe df 
055990  a0 fe df a0 fe df a0 fe df a0 fe df a0 fe df a0 
0559a0  fe df a0 fe df a0 fe df a0 fe df a0 fe df a0 fe 
0559b0  df a0 fe df a0 fe df a0 fe df a0 fe df a0 fe df 
0559c0  a0 fe df a0 fe df a0 fe df a0 fe df a0 fe df a0 
0559d0  fe df a0 fe df a0 fe df a0 fe df a0 fe df a0 fe 
0559e0  df a0 fe df a0 fe df a0 fe df a0 fe df a0 fe df 
0559f0  a0 fe df a0 fe df a0 fe df a0 fe df a0 fe df a0 
055a00  fe df a0 fe df a0 fe df a0 fe df a0 fe df a0 fe 
055a10  df a0 fe df a0 fe df a0 fe df a0 fe df a0 fe df 
055a20  a0 fe df a0 fe df a0 fe df a0 fe df a0 fe df a0 
055a30  fe df a0 fe df a0 fe df a0 fe df a0 fe df a0 fe 
055a40  df a0 fe df a0 fe df a0 fe df a0 fe df a0 fe df 
055a50  a0 fe df a0 fe df a0 fe df a0 fe df a0 fe df a0 
055a60  fe df a0 fe df a0 fe df a0 fe df a0 fe df a0 fe 
055a70  df a0 fe df a0 fe df a0 fe df a0 fe df a0 fe df 
055a80  a0 fe df a0 fe df a0 fe df a0 fe df a0 fe df a0 
055a90  fe df a0 fe df a0 fe df a0 fe df a0 fe df a0 fe 
055aa0  df a0 fe df a0 fe df a0 fe df a0 fe df a0 fe df 
055ab0  a0 fe df a0 fe df a0 fe df a0 fe df a0 fe df a0 
055ac0  fe df a0 fe df a0 fe df a0 fe df a0 fe df a0 fe 
055ad0  df a0 fe df a0 fe df a0 fe df a0 fe df a0 fe df 
055ae0  a0 fe df a0 fe df a0 fe df a0 fe df a0 fe df a0 
055af0  fe df a0 fe df a0 fe df a0 fe df a0 fe df a0 fe 
055b00  df a0 fe df a0 fe df a0 fe df a0 fe df a0 fe df 
055b10  a0 fe df a0 fe df a0 fe df a0 fe df a0 fe df a0 
055b20  fe df a0 fe df a0 fe df a0 fe df a0 fe df a0 fe 
055b30  df a0 fe df a0 fe df a0 fe df a0 fe df a0 fe df 
055b40  a0 fe df a0 fe df a0 fe df a0 fe df a0 fe df a0 
055b50  fe df a0 fe df a0 fe df a0 fe df a0 fe df a0 fe 
055b60  df a0 fe df a0 fe df a0 fe df a0 fe df a0 fe df 
055b70  a0 fe df a0 fe df a0 fe df a0 fe df a0 fe df a0 
055b80  fe df a0 fe df a0 fe df a0 fe df a0 fe df a0 fe 
055b90  df a0 fe df a0 fe df a0 fe df a0 fe df a0 fe df 
055ba0  a0 fe df a0 fe df a0 fe df a0 fe df a0 fe df a0 
055bb0  fe df a0 fe df a0 fe df a0 fe df a0 fe df a0 fe 
055bc0  df a0 fe df a0 fe df a0 fe df a0 fe df a0 fe df 
055bd0  a0 fe df a0 fe df a0 fe df a0 fe df a0 fe df a0 
055be0  fe df a0 fe df a0 fe df a0 fe df a0 fe df a0 fe 
055bf0  df a0 fe df a0 fe df a0 fe df a0 fe df a0 fe df 
055c00  a0 fe df a0 fe df a0 fe df a0 fe df a0 fe df a0 
055c10  fe df a0 fe df a0 fe df a0 fe df a0 fe df a0 fe 
055c20  df a0 fe df a0 fe df a0 fe df a0 fe df a0 fe df 
055c30  a0 fe df a0 fe df a0 fe df a0 fe df a0 fe df a0 
055c40  fe df a0 fe df a0 fe df a0 fe df a0 fe df a0 fe 
055c50  df a0 fe df a0 fe df a0 fe df a0 fe df a0 fe df 
055c60  a0 fe df a0 fe df a0 fe df a0 fe df a0 fe df a0 
055c70  fe df a0 fe df a0 fe df a0 fe df a0 fe df a0 fe 
055c80  df a0 fe df a0 fe df a0 fe df a0 fe df a0 fe df 
055c90  a0 fe df a0 fe df a0 fe df a0 fe df a0 fe df a0 
055ca0  fe df a0 fe df a0 fe df a0 fe df a0 fe df a0 fe 
055cb0  df a0 fe df a0 fe df a0 fe df a0 fe df a0 fe df 
055cc0  a0 fe df a0 fe df a0 fe df a0 fe df a0 fe df a0 
055cd0  fe df a0 fe df a0 fe df a0 fe df a0 fe df a0 fe 
055ce0  df a0 fe df a0 fe df a0 fe df a0 fe df a0 fe df 
055cf0  a0 fe df a0 fe df a0 fe df a0 fe df a0 fe df a0 
055d00  fe df a0 fe df a0 fe df a0 fe df a0 fe df a0 fe 
055d10  df a0 fe df a0 fe df a0 fe df a0 fe df a0 fe df 
055d20  a0 fe df a0 fe df a0 fe df a0 fe df a0 fe df a0 
055d30  fe df a0 fe df a0 fe df a0 fe df a0 fe df a0 fe 
055d40  df a0 fe df a0 fe df a0 fe df a0 fe df a0 fe df 
055d50  a0 fe df a0 fe df a0 fe df a0 fe df a0 fe df a0 
055d60  fe df a0 fe df a0 fe df a0 fe df a0 fe df a0 fe 
055d70  df a0 fe df a0 fe df a0 fe df a0 fe df a0 fe df 
055d80  a0 fe df a0 fe df a0 fe df a0 fe df a0 fe df a0 
055d90  fe df a0 fe df a0 fe df a0 fe df a0 fe df a0 fe 
055da0  df a0 fe df a0 fe df a0 fe df a0 fe df a0 fe df 
055db0  a0 fe df a0 fe df a0 fe df a0 fe df a0 fe df a0 
055dc0  fe df a0 fe df a0 fe df a0 fe df a0 fe df a0 fe 
055dd0  df a0 fe df a0 fe df a0 fe df a0 fe df a0 fe df 
055de0  a0 fe df a0 fe df a0 fe df a0 fe df a0 fe df a0 
055df0  fe df a0 fe df a0 fe df a0 fe df a0 fe df a0 fe 
055e00  df a0 fe df a0 fe df a0 fe df a0 fe df a0 fe df 
055e10  a0 fe df a0 fe df a0 fe df a0 fe df a0 fe df a0 
055e20  fe df a0 fe df a0 fe df a0 fe df a0 fe df a0 fe 
055e30  df a0 fe df a0 fe df a0 fe df a0 fe df a0 fe df 
055e40  a0 fe df a0 fe df a0 fe df a0 fe df a0 fe df a0 
055e50  fe df a0 fe df a0 fe df a0 fe df a0 fe df a0 fe 
055e60  df a0 fe df a0 fe df a0 fe df a0 fe df a0 fe df 
055e70  a0 fe df a0 fe df a0 fe df a0 fe df a0 fe df a0 
055e80  fe df a0 fe df a0 fe df a0 fe df a0 fe df a0 fe 
055e90  df a0 fe df a0 fe df a0 fe df a0 fe df a0 fe df 
055ea0  a0 fe df a0 fe df a0 fe df a0 fe df a0 fe df a0 
055eb0  fe df a0 fe df a0 fe df a0 fe df a0 fe df a0 fe 
055ec0  df a0 fe df a0 fe df a0 fe df a0 fe df a0 fe df 
055ed0  a0 fe df a0 fe df a0 fe df a0 fe df a0 fe df a0 
055ee0  fe df a0 fe df a0 fe df a0 fe df a0 fe df a0 fe 
055ef0  df a0 fe df a0 fe df a0 fe df a0 fe df a0 fe df 
055f00  a0 fe df a0 fe df a0 fe df a0 fe df a0 fe df a0 
055f10  fe df a0 fe df a0 fe df a0 fe df a0 fe df a0 fe 
055f20  df a0 fe df a0 fe df a0 fe df a0 fe df a0 fe df 
055f30  a0 fe df a0 fe df a0 fe df a0 fe df a0 fe df a0 
055f40  fe df a0 fe df a0 fe df a0 fe df a0 fe df a0 fe 
055f50  df a0 fe df a0 fe df a0 fe df a0 fe df a0 fe df 
055f60  a0 fe df a0 fe df a0 fe df a0 fe df a0 fe df a0 
055f70  fe df a0 fe df a0 fe df a0 fe df a0 fe df a0 fe 
055f80  df a0 fe df a0 fe df a0 fe df a0 fe df a0 fe df 
055f90  a0 fe df a0 fe df a0 fe df a0 fe df a0 fe df a0 
055fa0  fe df a0 fe df a0 fe df a0 fe df a0 fe df a0 fe 
055fb0  df a0 fe df a0 fe df a0 fe df a0 fe df a0 fe df 
055fc0  a0 fe df a0 fe df a0 fe df a0 fe df a0 fe df a0 
055fd0  fe df a0 fe df a0 fe df a0 fe df a0 fe df a0 fe 
055fe0  df a0 fe df a0 fe df a0 fe df a0 fe df a0 fe df 
055ff0  a0 fe df a0 fe df a0 fe df a0 fe df a0 fe df a0 
056000  fe df a0 fe df a0 fe df a0 fe df a0 fe df a0 fe 
056010  df a0 fe df a0 fe df a0 fe df a0 fe df a0 fe df 
056020  a0 fe df a0 fe df a0 fe df a0 fe df a0 fe df a0 
056030  fe df a0 fe df a0 fe df a0 fe df a0 fe df a0 fe 
056040  df a0 fe df a0 fe df a0 fe df a0 fe df a0 fe df 
056050  a0 fe df a0 fe df a0 fe df a0 fe df a0 fe df a0 
056060  fe df a0 fe df a0 fe df a0 fe df a0 fe df a0 fe 
056070  df a0 fe df a0 fe df a0 fe df a0 fe df a0 fe df 
056080  a0 fe df a0 fe df a0 fe df a0 fe df a0 fe df a0 
056090  fe df a0 fe df a0 fe df a0 fe df a0 fe df a0 fe 
0560a0  df a0 fe df a0 fe df a0 fe df a0 fe df a0 fe df 
0560b0  a0 fe df a0 fe df a0 fe df a0 fe df a0 fe df a0 
0560c0  fe df a0 fe df a0 fe df a0 fe df a0 fe df a0 fe 
0560d0  df a0 fe df a0 fe df a0 fe df a0 fe df a0 fe df 
0560e0  a0 fe df a0 fe df a0 fe df a0 fe df a0 fe df a0 
0560f0  fe df a0 fe df a0 fe df a0 fe df a0 fe df a0 fe 
056100  df a0 fe df a0 fe df a0 fe df a0 fe df a0 fe df 
056110  a0 fe df a0 fe df a0 fe df a0 fe df a0 fe df a0 
056120  fe df a0 fe df a0 fe df a0 fe df a0 fe df a0 fe 
056130  df a0 fe df a0 fe df a0 fe df a0 fe df a0 fe df 
056140  a0 fe df a0 fe df a0 fe df a0 fe df a0 fe df a0 
056150  fe df a0 fe df a0 fe df a0 fe df a0 fe df a0 fe 
056160  df a0 fe df a0 fe df a0 fe df a0 fe df a0 fe df 
056170  a0 fe df a0 fe df a0 fe df a0 fe df a0 fe df a0 
056180  fe df a0 fe df a0 fe df a0 fe df a0 fe df a0 fe 
056190  df a0 fe df a0 fe df a0 fe df a0 fe df a0 fe df 
0561a0  a0 fe df a0 fe df a0 fe df a0 fe df a0 fe df a0 
0561b0  fe df a0 fe df a0 fe df a0 fe df a0 fe df a0 fe 
0561c0  df a0 fe df a0 fe df a0 fe df a0 fe df a0 fe df 
0561d0  a0 fe df a0 fe df a0 fe df a0 fe df a0 fe df a0 
0561e0  fe df a0 fe df a0 fe df a0 fe df a0 fe df a0 fe 
0561f0  df a0 fe df a0 fe df a0 fe df a0 fe df a0 fe df 
056200  a0 fe df a0 fe df a0 fe df a0 fe df a0 fe df a0 
056210  fe df a0 fe df a0 fe df a0 fe df a0 fe df a0 fe 
056220  df a0 fe df a0 fe df a0 fe df a0 fe df a0 fe df 
056230  a0 fe df a0 fe df a0 fe df a0 fe df a0 fe df a0 
056240  fe df a0 fe df a0 fe df a0 fe df a0 fe df a0 fe 
056250  df a0 fe df a0 fe df a0 fe df a0 fe df a0 fe df 
056260  a0 fe df a0 fe df a0 fe df a0 fe df a0 fe df a0 
056270  fe df a0 fe df a0 fe df a0 fe df a0 fe df a0 fe 
056280  df a0 fe df a0 fe df a0 fe df a0 fe df a0 fe df 
056290  a0 fe df a0 fe df a0 fe df a0 fe df a0 fe df a0 
0562a0  fe df a0 fe df a0 fe df a0 fe df a0 fe df a0 fe 
0562b0  df a0 fe df a0 fe df a0 fe df a0 fe df a0 fe df 
0562c0  a0 fe df a0 fe df a0 fe df a0 fe df a0 fe df a0 
0562d0  fe df a0 fe df a0 fe df a0 fe df a0 fe df a0 fe 
0562e0  df a0 fe df a0 fe df a0 fe df a0 fe df a0 fe df 
0562f0  a0 fe df a0 fe df a0 fe df a0 fe df a0 fe df a0 
056300  fe df a0 fe df a0 fe df a0 fe df a0 fe df a0 fe 
056310  df a0 fe df a0 fe df a0 fe df a0 fe df a0 fe df 
056320  a0 fe df a0 fe df a0 fe df a0 fe df a0 fe df a0 
056330  fe df a0 fe df a0 fe df a0 fe df a0 fe df a0 fe 
056340  df a0 fe df a0 fe df a0 fe df a0 fe df a0 fe df 
056350  a0 fe df a0 fe df a0 fe df a0 fe df a0 fe df a0 
056360  fe df a0 fe df a0 fe df a0 fe df a0 fe df a0 fe 
056370  df a0 fe df a0 fe df a0 fe df a0 fe df a0 fe df 
056380  a0 fe df a0 fe df a0 fe df a0 fe df a0 fe df a0 
056390  fe df a0 fe df a0 fe df a0 fe df a0 fe df a0 fe 
0563a0  df a0 fe df a0 fe df a0 fe df a0 fe df a0 fe df 
0563b0  a0 fe df a0 fe df a0 fe df a0 fe df a0 fe df a0 
0563c0  fe df a0 fe df a0 fe df a0 fe df a0 fe df a0 fe 
0563d0  df a0 fe df a0 fe df a0 fe df a0 fe df a0 fe df 
0563e0  a0 fe df a0 fe df a0 fe df a0 fe df a0 fe df a0 
0563f0  fe df a0 fe df a0 fe df a0 fe df a0 fe df a0 fe 
056400  df a0 fe df a0 fe df a0 fe df a0 fe df a0 fe df 
056410  a0 fe df a0 fe df a0 fe df a0 fe df a0 fe df a0 
056420  fe df a0 fe df a0 fe df a0 fe df a0 fe df a0 fe 
056430  df a0 fe df a0 fe df a0 fe df a0 fe df a0 fe df 
056440  a0 fe df a0 fe df a0 fe df a0 fe df a0 fe df a0 
056450  fe df a0 fe df a0 fe df a0 fe df a0 fe df a0 fe 
056460  df a0 fe df a0 fe df a0 fe df a0 fe df a0 fe df 
056470  a0 fe df a0 fe df a0 fe df a0 fe df a0 fe df a0 
056480  fe df a0 fe df a0 fe df a0 fe df a0 fe df a0 fe 
056490  df a0 fe df a0 fe df a0 fe df a0 fe df a0 fe df 
0564a0  a0 fe df a0 fe df a0 fe df a0 fe df a0 fe df a0 
0564b0  fe df a0 fe df a0 fe df a0 fe df a0 fe df a0 fe 
0564c0  df a0 fe df a0 fe df a0 fe df a0 fe df a0 fe df 
0564d0  a0 fe df a0 fe df a0 fe df a0 fe df a0 fe df a0 
0564e0  fe df a0 fe df a0 fe df a0 fe df a0 fe df a0 fe 
0564f0  df a0 fe df a0 fe df a0 fe df a0 fe df a0 fe df 
056500  a0 fe df a0 fe df a0 fe df a0 fe df a0 fe df a0 
056510  fe df a0 fe df a0 fe df a0 fe df a0 fe df a0 fe 
056520  df a0 fe df a0 fe df a0 fe df a0 fe df a0 fe df 
056530  a0 fe df a0 fe df a0 fe df a0 fe df a0 fe df a0 
056540  fe df a0 fe df a0 fe df a0 fe df a0 fe df a0 fe 
056550  df a0 fe df a0 fe df a0 fe df a0 fe df a0 fe df 
056560  a0 fe df a0 fe df a0 fe df a0 fe df a0 fe df a0 
056570  fe df a0 fe df a0 fe df a0 fe df a0 fe df a0 fe 
056580  df a0 fe df a0 fe df a0 fe df a0 fe df a0 fe df 
056590  a0 fe df a0 fe df a0 fe df a0 fe df a0 fe df a0 
0565a0  fe df a0 fe df a0 fe df a0 fe df a0 fe df a0 fe 
0565b0  df a0 fe df a0 fe df a0 fe df a0 fe df a0 fe df 
0565c0  a0 fe df a0 fe df a0 fe df a0 fe df a0 fe df a0 
0565d0  fe df a0 fe df a0 fe df a0 fe df a0 fe df a0 fe 
0565e0  df a0 fe df a0 fe df a0 fe df a0 fe df a0 fe df 
0565f0  a0 fe df a0 fe df a0 fe df a0 fe df a0 fe df a0 
056600  fe df a0 fe df a0 fe df a0 fe df a0 fe df a0 fe 
056610  df a0 fe df a0 fe df a0 fe df a0 fe df a0 fe df 
056620  a0 fe df a0 fe df a0 fe df a0 fe df a0 fe df a0 
056630  fe df a0 fe df a0 fe df a0 fe df a0 fe df a0 fe 
056640  df a0 fe df a0 fe df a0 fe df a0 fe df a0 fe df 
056650  a0 fe df a0 fe df a0 fe df a0 fe df a0 fe df a0 
056660  fe df a0 fe df a0 fe df a0 fe df a0 fe df a0 fe 
056670  df a0 fe df a0 fe df a0 fe df a0 fe df a0 fe df 
056680  a0 fe df a0 fe df a0 fe df a0 fe df a0 fe df a0 
056690  fe df a0 fe df a0 fe df a0 fe df a0 fe df a0 fe 
0566a0  df a0 fe df a0 fe df a0 fe df a0 fe df a0 fe df 
0566b0  a0 fe df a0 fe df a0 fe df a0 fe df a0 fe df a0 
0566c0  fe df a0 fe df a0 fe df a0 fe df a0 fe df a0 fe 
0566d0  df a0 fe df a0 fe df a0 fe df a0 fe df a0 fe df 
0566e0  a0 fe df a0 fe df a0 fe df a0 fe df a0 fe df a0 
0566f0  fe df a0 fe df a0 fe df a0 fe df a0 fe df a0 fe 
056700  df a0 fe df a0 fe df a0 fe df a0 fe df a0 fe df 
056710  a0 fe df a0 fe df a0 fe df a0 fe df a0 fe df a0 
056720  fe df a0 fe df a0 fe df a0 fe df a0 fe df a0 fe 
056730  df a0 fe df a0 fe df a0 fe df a0 fe df a0 fe df 
056740  a0 fe df a0 fe df a0 fe df a0 fe df a0 fe df a0 
056750  fe df a0 fe df a0 fe df a0 fe df a0 fe df a0 fe 
056760  df a0 fe df a0 fe df a0 fe df a0 fe df a0 fe df 
056770  a0 fe df a0 fe df a0 fe df a0 fe df a0 fe df a0 
056780  fe df a0 fe df a0 fe df a0 fe df a0 fe df a0 fe 
056790  df a0 fe df a0 fe df a0 fe df a0 fe df a0 fe df 
0567a0  a0 fe df a0 fe df a0 fe df a0 fe df a0 fe df a0 
0567b0  fe df a0 fe df a0 fe df a0 fe df a0 fe df a0 fe 
0567c0  df a0 fe df a0 fe df a0 fe df a0 fe df a0 fe df 
0567d0  a0 fe df a0 fe df a0 fe df a0 fe df a0 fe df a0 
0567e0  fe df a0 fe df a0 fe df a0 fe df a0 fe df a0 fe 
0567f0  df a0 fe df a0 fe df a0 fe df a0 fe df a0 fe df 
056800  a0 fe df a0 fe df a0 fe df a0 fe df a0 fe df a0 
056810  fe df a0 fe df a0 fe df a0 fe df a0 fe df a0 fe 
056820  df a0 fe df a0 fe df a0 fe df a0 fe df a0 fe df 
056830  a0 fe df a0 fe df a0 fe df a0 fe df a0 fe df a0 
056840  fe df a0 fe df a0 fe df a0 fe df a0 fe df a0 fe 
056850  df a0 fe df a0 fe df a0 fe df a0 fe df a0 fe df 
056860  a0 fe df a0 fe df a0 fe df a0 fe df a0 fe df a0 
056870  fe df a0 fe df a0 fe df a0 fe df a0 fe df a0 fe 
056880  df a0 fe df a0 fe df a0 fe df a0 fe df a0 fe df 
056890  a0 fe df a0 fe df a0 fe df a0 fe df a0 fe df a0 
0568a0  fe df a0 fe df a0 fe df a0 fe df a0 fe df a0 fe 
0568b0  df a0 fe df a0 fe df a0 fe df a0 fe df a0 fe df 
0568c0  a0 fe df a0 fe df a0 fe df a0 fe df a0 fe df a0 
0568d0  fe df a0 fe df a0 fe df a0 fe df a0 fe df a0 fe 
0568e0  df a0 fe df a0 fe df a0 fe df a0 fe df a0 fe df 
0568f0  a0 fe df a0 fe df a0 fe df a0 fe df a0 fe df a0 
056900  fe df a0 fe df a0 fe df a0 fe df a0 fe df a0 fe 
056910  df a0 fe df a0 fe df a0 fe df a0 fe df a0 fe df 
056920  a0 fe df a0 fe df a0 fe df a0 fe df a0 fe df a0 
056930  fe df a0 fe df a0 fe df a0 fe df a0 fe df a0 fe 
056940  df a0 fe df a0 fe df a0 fe df a0 fe df a0 fe df 
056950  a0 fe df a0 fe df a0 fe df a0 fe df a0 fe df a0 
056960  fe df a0 fe df a0 fe df a0 fe df a0 fe df a0 fe 
056970  df a0 fe df a0 fe df a0 fe df a0 fe df a0 fe df 
056980  a0 fe df a0 fe df a0 fe df a0 fe df a0 fe df a0 
056990  fe df a0 fe df a0 fe df a0 fe df a0 fe df a0 fe 
0569a0  df a0 fe df a0 fe df a0 fe df a0 fe df a0 fe df 
0569b0  a0 fe df a0 fe df a0 fe df a0 fe df a0 fe df a0 
0569c0  fe df a0 fe df a0 fe df a0 fe df a0 fe df a0 fe 
0569d0  df a0 fe df a0 fe df a0 fe df a0 fe df a0 fe df 
0569e0  a0 fe df a0 fe df a0 fe df a0 fe df a0 fe df a0 
0569f0  fe df a0 fe df a0 fe df a0 fe df a0 fe df a0 fe 
056a00  df a0 fe df a0 fe df a0 fe df a0 fe df a0 fe df 
056a10  a0 fe df a0 fe df a0 fe df a0 fe df a0 fe df a0 
056a20  fe df a0 fe df a0 fe df a0 fe df a0 fe df a0 fe 
056a30  df a0 fe df a0 fe df a0 fe df a0 fe df a0 fe df 
056a40  a0 fe df a0 fe df a0 fe df a0 fe df a0 fe df a0 
056a50  fe df a0 fe df a0 fe df a0 fe df a0 fe df a0 fe 
056a60  df a0 fe df a0 fe df a0 fe df a0 fe df a0 fe df 
056a70  a0 fe df a0 fe df a0 fe df a0 fe df a0 fe df a0 
056a80  fe df a0 fe df a0 fe df a0 fe df a0 fe df a0 fe 
056a90  df a0 fe df a0 fe df a0 fe df a0 fe df a0 fe df 
056aa0  a0 fe df a0 fe df a0 fe df a0 fe df a0 fe df a0 
056ab0  fe df a0 fe df a0 fe df a0 fe df a0 fe df a0 fe 
056ac0  df a0 fe df a0 fe df a0 fe df a0 fe df a0 fe df 
056ad0  a0 fe df a0 fe df a0 fe df a0 fe df a0 fe df a0 
056ae0  fe df a0 fe df a0 fe df a0 fe df a0 fe df a0 fe 
056af0  df a0 fe df a0 fe df a0 fe df a0 fe df a0 fe df 
056b00  a0 fe df a0 fe df a0 fe df a0 fe df a0 fe df a0 
056b10  fe df a0 fe df a0 fe df a0 fe df a0 fe df a0 fe 
056b20  df a0 fe df a0 fe df a0 fe df a0 fe df a0 fe df 
056b30  a0 fe df a0 fe df a0 fe df a0 fe df a0 fe df a0 
056b40  fe df a0 fe df a0 fe df a0 fe df a0 fe df a0 fe 
056b50  df a0 fe df a0 fe df a0 fe df a0 fe df a0 fe df 
056b60  a0 fe df a0 fe df a0 fe df a0 fe df a0 fe df a0 
056b70  fe df a0 fe df a0 fe df a0 fe df a0 fe df a0 fe 
056b80  df a0 fe df a0 fe df a0 fe df a0 fe df a0 fe df 
056b90  a0 fe df a0 fe df a0 fe df a0 fe df a0 fe df a0 
056ba0  fe df a0 fe df a0 fe df a0 fe df a0 fe df a0 fe 
056bb0  df a0 fe df a0 fe df a0 fe df a0 fe df a0 fe df 
056bc0  a0 fe df a0 fe df a0 fe df a0 fe df a0 fe df a0 
056bd0  fe df a0 fe df a0 fe df a0 fe df a0 fe df a0 fe 
056be0  df a0 fe df a0 fe df a0 fe df a0 fe df a0 fe df 
056bf0  a0 fe df a0 fe df a0 fe df a0 fe df a0 fe df a0 
056c00  fe df a0 fe df a0 fe df a0 fe df a0 fe df a0 fe 
056c10  df a0 fe df a0 fe df a0 fe df a0 fe df a0 fe df 
056c20  a0 fe df a0 fe df a0 fe df a0 fe df a0 fe df a0 
056c30  fe df a0 fe df a0 fe df a0 fe df a0 fe df a0 fe 
056c40  df a0 fe df a0 fe df a0 fe df a0 fe df a0 fe df 
056c50  a0 fe df a0 fe df a0 fe df a0 fe df a0 fe df a0 
056c60  fe df a0 fe df a0 fe df a0 fe df a0 fe df a0 fe 
056c70  df a0 fe df a0 fe df a0 fe df a0 fe df a0 fe df 
056c80  a0 fe df a0 fe df a0 fe df a0 fe df a0 fe df a0 
056c90  fe df a0 fe df a0 fe df a0 fe df a0 fe df a0 fe 
056ca0  df a0 fe df a0 fe df a0 fe df a0 fe df a0 fe df 
056cb0  a0 fe df a0 fe df a0 fe df a0 fe df a0 fe df a0 
056cc0  fe df a0 fe df a0 fe df a0 fe df a0 fe df a0 fe 
056cd0  df a0 fe df a0 fe df a0 fe df a0 fe df a0 fe df 
056ce0  a0 fe df a0 fe df a0 fe df a0 fe df a0 fe df a0 
056cf0  fe df a0 fe df a0 fe df a0 fe df a0 fe df a0 fe 
056d00  df a0 fe df a0 fe df a0 fe df a0 fe df a0 fe df 
056d10  a0 fe df a0 fe df a0 fe df a0 fe df a0 fe df a0 
056d20  fe df a0 fe df a0 fe df a0 fe df a0 fe df a0 fe 
056d30  df a0 fe df a0 fe df a0 fe df a0 fe df a0 fe df 
056d40  a0 fe df a0 fe df a0 fe df a0 fe df a0 fe df a0 
056d50  fe df a0 fe df a0 fe df a0 fe df a0 fe df a0 fe 
056d60  df a0 fe df a0 fe df a0 fe df a0 fe df a0 fe df 
056d70  a0 fe df a0 fe df a0 fe df a0 fe df a0 fe df a0 
056d80  fe df a0 fe df a0 fe df a0 fe df a0 fe df a0 fe 
056d90  df a0 fe df a0 fe df a0 fe df a0 fe df a0 fe df 
056da0  a0 fe df a0 fe df a0 fe df a0 fe df a0 fe df a0 
056db0  fe df a0 fe df a0 fe df a0 fe df a0 fe df a0 fe 
056dc0  df a0 fe df a0 fe df a0 fe df a0 fe df a0 fe df 
056dd0  a0 fe df a0 fe df a0 fe df a0 fe df a0 fe df a0 
056de0  fe df a0 fe df a0 fe df a0 fe df a0 fe df a0 fe 
056df0  df a0 fe df a0 fe df a0 fe df a0 fe df a0 fe df 
056e00  a0 fe df a0 fe df a0 fe df a0 fe df a0 fe df a0 
056e10  fe df a0 fe df a0 fe df a0 fe df a0 fe df a0 fe 
056e20  df a0 fe df a0 fe df a0 fe df a0 fe df a0 fe df 
056e30  a0 fe df a0 fe df a0 fe df a0 fe df a0 fe df a0 
056e40  fe df a0 fe df a0 fe df a0 fe df a0 fe df a0 fe 
056e50  df a0 fe df a0 fe df a0 fe df a0 fe df a0 fe df 
056e60  a0 fe df a0 fe df a0 fe df a0 fe df a0 fe df a0 
056e70  fe df a0 fe df a0 fe df a0 fe df a0 fe df a0 fe 
056e80  df a0 fe df a0 fe df a0 fe df a0 fe df a0 fe df 
056e90  a0 fe df a0 fe df a0 fe df a0 fe df a0 fe df a0 
056ea0  fe df a0 fe df a0 fe df a0 fe df a0 fe df a0 fe 
056eb0  df a0 fe df a0 fe df a0 fe df a0 fe df a0 fe df 
056ec0  a0 fe df a0 fe df a0 fe df a0 fe df a0 fe df a0 
056ed0  fe df a0 fe df a0 fe df a0 fe df a0 fe df a0 fe 
056ee0  df a0 fe df a0 fe df a0 fe df a0 fe df a0 fe df 
056ef0  a0 fe df a0 fe df a0 fe df a0 fe df a0 fe df a0 
056f00  fe df a0 fe df a0 fe df a0 fe df a0 fe df a0 fe 
056f10  df a0 fe df a0 fe df a0 fe df a0 fe df a0 fe df 
056f20  a0 fe df a0 fe df a0 fe df a0 fe df a0 fe df a0 
056f30  fe df a0 fe df a0 fe df a0 fe df a0 fe df a0 fe 
056f40  df a0 fe df a0 fe df a0 fe df a0 fe df a0 fe df 
056f50  a0 fe df a0 fe df a0 fe df a0 fe df a0 fe df a0 
056f60  fe df a0 fe df a0 fe df a0 fe df a0 fe df a0 fe 
056f70  df a0 fe df a0 fe df a0 fe df a0 fe df a0 fe df 
056f80  a0 fe df a0 fe df a0 fe df a0 fe df a0 fe df a0 
056f90  fe df a0 fe df a0 fe df a0 fe df a0 fe df a0 fe 
056fa0  df a0 fe df a0 fe df a0 fe df a0 fe df a0 fe df 
056fb0  a0 fe df a0 fe df a0 fe df a0 fe df a0 fe df a0 
056fc0  fe df a0 fe df a0 fe df a0 fe df a0 fe df a0 fe 
056fd0  df a0 fe df a0 fe df a0 fe df a0 fe df a0 fe df 
056fe0  a0 fe df a0 fe df a0 fe df a0 fe df a0 fe df a0 
056ff0  fe df a0 fe df a0 fe df a0 fe df a0 fe df a0 fe 
057000  df a0 fe df a0 fe df a0 fe df a0 fe df a0 fe df 
057010  a0 fe df a0 fe df a0 fe df a0 fe df a0 fe df a0 
057020  fe df a0 fe df a0 fe df a0 fe df a0 fe df a0 fe 
057030  df a0 fe df a0 fe df a0 fe df a0 fe df a0 fe df 
057040  a0 fe df a0 fe df a0 fe df a0 fe df a0 fe df a0 
057050  fe df a0 fe df a0 fe df a0 fe df a0 fe df a0 fe 
057060  df a0 fe df a0 fe df a0 fe df a0 fe df a0 fe df 
057070  a0 fe df a0 fe df a0 fe df a0 fe df a0 fe df a0 
057080  fe df a0 fe df a0 fe df a0 fe df a0 fe df a0 fe 
057090  df a0 fe df a0 fe df a0 fe df a0 fe df a0 fe df 
0570a0  a0 fe df a0 fe df a0 fe df a0 fe df a0 fe df a0 
0570b0  fe df a0 fe df a0 fe df a0 fe df a0 fe df a0 fe 
0570c0  df a0 fe df a0 fe df a0 fe df a0 fe df a0 fe df 
0570d0  a0 fe df a0 fe df a0 fe df a0 fe df a0 fe df a0 
0570e0  fe df a0 fe df a0 fe df a0 fe df a0 fe df a0 fe 
0570f0  df a0 fe df a0 fe df a0 fe df a0 fe df a0 fe df 
057100  a0 fe df a0 fe df a0 fe df a0 fe df a0 fe df a0 
057110  fe df a0 fe df a0 fe df a0 fe df a0 fe df a0 fe 
057120  df a0 fe df a0 fe df a0 fe df a0 fe df a0 fe df 
057130  a0 fe df a0 fe df a0 fe df a0 fe df a0 fe df a0 
057140  fe df a0 fe df a0 fe df a0 fe df a0 fe df a0 fe 
057150  df a0 fe df a0 fe df a0 fe df a0 fe df a0 fe df 
057160  a0 fe df a0 fe df a0 fe df a0 fe df a0 fe df a0 
057170  fe df a0 fe df a0 fe df a0 fe df a0 fe df a0 fe 
057180  df a0 fe df a0 fe df a0 fe df a0 fe df a0 fe df 
057190  a0 fe df a0 fe df a0 fe df a0 fe df a0 fe df a0 
0571a0  fe df a0 fe df a0 fe df a0 fe df a0 fe df a0 fe 
0571b0  df a0 fe df a0 fe df a0 fe df a0 fe df a0 fe df 
0571c0  a0 fe df a0 fe df a0 fe df a0 fe df a0 fe df a0 
0571d0  fe df a0 fe df a0 fe df a0 fe df a0 fe df a0 fe 
0571e0  df a0 fe df a0 fe df a0 fe df a0 fe df a0 fe df 
0571f0  a0 fe df a0 fe df a0 fe df a0 fe df a0 fe df a0 
057200  fe df a0 fe df a0 fe df a0 fe df a0 fe df a0 fe 
057210  df a0 fe df a0 fe df a0 fe df a0 fe df a0 fe df 
057220  a0 fe df a0 fe df a0 fe df a0 fe df a0 fe df a0 
057230  fe df a0 fe df a0 fe df a0 fe df a0 fe df a0 fe 
057240  df a0 fe df a0 fe df a0 fe df a0 fe df a0 fe df 
057250  a0 fe df a0 fe df a0 fe df a0 fe df a0 fe df a0 
057260  fe df a0 fe df a0 fe df a0 fe df a0 fe df a0 fe 
057270  df a0 fe df a0 fe df a0 fe df a0 fe df a0 fe df 
057280  a0 fe df a0 fe df a0 fe df a0 fe df a0 fe df a0 
057290  fe df a0 fe df a0 fe df a0 fe df a0 fe df a0 fe 
0572a0  df a0 fe df a0 fe df a0 fe df a0 fe df a0 fe df 
0572b0  a0 fe df a0 fe df a0 fe df a0 fe df a0 fe df a0 
0572c0  fe df a0 fe df a0 fe df a0 fe df a0 fe df a0 fe 
0572d0  df a0 fe df a0 fe df a0 fe df a0 fe df a0 fe df 
0572e0  a0 fe df a0 fe df a0 fe df a0 fe df a0 fe df a0 
0572f0  fe df a0 fe df a0 fe df a0 fe df a0 fe df a0 fe 
057300  df a0 fe df a0 fe df a0 fe df a0 fe df a0 fe df 
057310  a0 fe df a0 fe df a0 fe df a0 fe df a0 fe df a0 
057320  fe df a0 fe df a0 fe df a0 fe df a0 fe df a0 fe 
057330  df a0 fe df a0 fe df a0 fe df a0 fe df a0 fe df 
057340  a0 fe df a0 fe df a0 fe df a0 fe df a0 fe df a0 
057350  fe df a0 fe df a0 fe df a0 fe df a0 fe df a0 fe 
057360  df a0 fe df a0 fe df a0 fe df a0 fe df a0 fe df 
057370  a0 fe df a0 fe df a0 fe df a0 fe df a0 fe df a0 
057380  fe df a0 fe df a0 fe df a0 fe df a0 fe df a0 fe 
057390  df a0 fe df a0 fe df a0 fe df a0 fe df a0 fe df 
0573a0  a0 fe df a0 fe df a0 fe df a0 fe df a0 fe df a0 
0573b0  fe df a0 fe df a0 fe df a0 fe df a0 fe df a0 fe 
0573c0  df a0 fe df a0 fe df a0 fe df a0 fe df a0 fe df 
0573d0  a0 fe df a0 fe df a0 fe df a0 fe df a0 fe df a0 
0573e0  fe df a0 fe df a0 fe df a0 fe df a0 fe df a0 fe 
0573f0  df a0 fe df a0 fe df a0 fe df a0 fe df a0 fe df 
057400  a0 fe df a0 fe df a0 fe df a0 fe df a0 fe df a0 
057410  fe df a0 fe df a0 fe df a0 fe df a0 fe df a0 fe 
057420  df a0 fe df a0 fe df a0 fe df a0 fe df a0 fe df 
057430  a0 fe df a0 fe df a0 fe df a0 fe df a0 fe df a0 
057440  fe df a0 fe df a0 fe df a0 fe df a0 fe df a0 fe 
057450  df a0 fe df a0 fe df a0 fe df a0 fe df a0 fe df 
057460  a0 fe df a0 fe df a0 fe df a0 fe df a0 fe df a0 
057470  fe df a0 fe df a0 fe df a0 fe df a0 fe df a0 fe 
057480  df a0 fe df a0 fe df a0 fe df a0 fe df a0 fe df 
057490  a0 fe df a0 fe df a0 fe df a0 fe df a0 fe df a0 
0574a0  fe df a0 fe df a0 fe df a0 fe df a0 fe df a0 fe 
0574b0  df a0 fe df a0 fe df a0 fe df a0 fe df a0 fe df 
0574c0  a0 fe df a0 fe df a0 fe df a0 fe df a0 fe df a0 
0574d0  fe df a0 fe df a0 fe df a0 fe df a0 fe df a0 fe 
0574e0  df a0 fe df a0 fe df a0 fe df a0 fe df a0 fe df 
0574f0  a0 fe df a0 fe df a0 fe df a0 fe df a0 fe df a0 
057500  fe df a0 fe df a0 fe df a0 fe df a0 fe df a0 fe 
057510  df a0 fe df a0 fe df a0 fe df a0 fe df a0 fe df 
057520  a0 fe df a0 fe df a0 fe df a0 fe df a0 fe df a0 
057530  fe df a0 fe df a0 fe df a0 fe df a0 fe df a0 fe 
057540  df a0 fe df a0 fe df a0 fe df a0 fe df a0 fe df 
057550  a0 fe df a0 fe df a0 fe df a0 fe df a0 fe df a0 
057560  fe df a0 fe df a0 fe df a0 fe df a0 fe df a0 fe 
057570  df a0 fe df a0 fe df a0 fe df a0 fe df a0 fe df 
057580  a0 fe df a0 fe df a0 fe df a0 fe df a0 fe df a0 
057590  fe df a0 fe df a0 fe df a0 fe df a0 fe df a0 fe 
0575a0  df a0 fe df a0 fe df a0 fe df a0 fe df a0 fe df 
0575b0  a0 fe df a0 fe df a0 fe df a0 fe df a0 fe df a0 
0575c0  fe df a0 fe df a0 fe df a0 fe df a0 fe df a0 fe 
0575d0  df a0 fe df a0 fe df a0 fe df a0 fe df a0 fe df 
0575e0  a0 fe df a0 fe df a0 fe df a0 fe df a0 fe df a0 
0575f0  fe df a0 fe df a0 fe df a0 fe df a0 fe df a0 fe 
057600  df a0 fe df a0 fe df a0 fe df a0 fe df a0 fe df 
057610  a0 fe df a0 fe df a0 fe df a0 fe df a0 fe df a0 
057620  fe df a0 fe df a0 fe df a0 fe df a0 fe df a0 fe 
057630  df a0 fe df a0 fe df a0 fe df a0 fe df a0 fe df 
057640  a0 fe df a0 fe df a0 fe df a0 fe df a0 fe df a0 
057650  fe df a0 fe df a0 fe df a0 fe df a0 fe df a0 fe 
057660  df a0 fe df a0 fe df a0 fe df a0 fe df a0 fe df 
057670  a0 fe df a0 fe df a0 fe df a0 fe df a0 fe df a0 
057680  fe df a0 fe df a0 fe df a0 fe df a0 fe df a0 fe 
057690  df a0 fe df a0 fe df a0 fe df a0 fe df a0 fe df 
0576a0  a0 fe df a0 fe df a0 fe df a0 fe df a0 fe df a0 
0576b0  fe df a0 fe df a0 fe df a0 fe df a0 fe df a0 fe 
0576c0  df a0 fe df a0 fe df a0 fe df a0 fe df a0 fe df 
0576d0  a0 fe df a0 fe df a0 fe df a0 fe df a0 fe df a0 
0576e0  fe df a0 fe df a0 fe df a0 fe df a0 fe df a0 fe 
0576f0  df a0 fe df a0 fe df a0 fe df a0 fe df a0 fe df 
057700  a0 fe df a0 fe df a0 fe df a0 fe df a0 fe df a0 
057710  fe df a0 fe df a0 fe df a0 fe df a0 fe df a0 fe 
057720  df a0 fe df a0 fe df a0 fe df a0 fe df a0 fe df 
057730  a0 fe df a0 fe df a0 fe df a0 fe df a0 fe df a0 
057740  fe df a0 fe df a0 fe df a0 fe df a0 fe df a0 fe 
057750  df a0 fe df a0 fe df a0 fe df a0 fe df a0 fe df 
057760  a0 fe df a0 fe df a0 fe df a0 fe df a0 fe df a0 
057770  fe df a0 fe df a0 fe df a0 fe df a0 fe df a0 fe 
057780  df a0 fe df a0 fe df a0 fe df a0 fe df a0 fe df 
057790  a0 fe df a0 fe df a0 fe df a0 fe df a0 fe df a0 
0577a0  fe df a0 fe df a0 fe df a0 fe df a0 fe df a0 fe 
0577b0  df a0 fe df a0 fe df a0 fe df a0 fe df a0 fe df 
0577c0  a0 fe df a0 fe df a0 fe df a0 fe df a0 fe df a0 
0577d0  fe df a0 fe df a0 fe df a0 fe df a0 fe df a0 fe 
0577e0  df a0 fe df a0 fe df a0 fe df a0 fe df a0 fe df 
0577f0  a0 fe df a0 fe df a0 fe df a0 fe df a0 fe df a0 
057800  fe df a0 fe df a0 fe df a0 fe df a0 fe df a0 fe 
057810  df a0 fe df a0 fe df a0 fe df a0 fe df a0 fe df 
057820  a0 fe df a0 fe df a0 fe df a0 fe df a0 fe df a0 
057830  fe df a0 fe df a0 fe df a0 fe df a0 fe df a0 fe 
057840  df a0 fe df a0 fe df a0 fe df a0 fe df a0 fe df 
057850  a0 fe df a0 fe df a0 fe df a0 fe df a0 fe df a0 
057860  fe df a0 fe df a0 fe df a0 fe df a0 fe df a0 fe 
057870  df a0 fe df a0 fe df a0 fe df a0 fe df a0 fe df 
057880  a0 fe df a0 fe df a0 fe df a0 fe df a0 fe df a0 
057890  fe df a0 fe df a0 fe df a0 fe df a0 fe df a0 fe 
0578a0  df a0 fe df a0 fe df a0 fe df a0 fe df a0 fe df 
0578b0  a0 fe df a0 fe df a0 fe df a0 fe df a0 fe df a0 
0578c0  fe df a0 fe df a0 fe df a0 fe df a0 fe df a0 fe 
0578d0  df a0 fe df a0 fe df a0 fe df a0 fe df a0 fe df 
0578e0  a0 fe df a0 fe df a0 fe df a0 fe df a0 fe df a0 
0578f0  fe df a0 fe df a0 fe df a0 fe df a0 fe df a0 fe 
057900  df a0 fe df a0 fe df a0 fe df a0 fe df a0 fe df 
057910  a0 fe df a0 fe df a0 fe df a0 fe df a0 fe df a0 
057920  fe df a0 fe df a0 fe df a0 fe df a0 fe df a0 fe 
057930  df a0 fe df a0 fe df a0 fe df a0 fe df a0 fe df 
057940  a0 fe df a0 fe df a0 fe df a0 fe df a0 fe df a0 
057950  fe df a0 fe df a0 fe df a0 fe df a0 fe df a0 fe 
057960  df a0 fe df a0 fe df a0 fe df a0 fe df a0 fe df 
057970  a0 fe df a0 fe df a0 fe df a0 fe df a0 fe df a0 
057980  fe df a0 fe df a0 fe df a0 fe df a0 fe df a0 fe 
057990  df a0 fe df a0 fe df a0 fe df a0 fe df a0 fe df 
0579a0  a0 fe df a0 fe df a0 fe df a0 fe df a0 fe df a0 
0579b0  fe df a0 fe df a0 fe df a0 fe df a0 fe df a0 fe 
0579c0  df a0 fe df a0 fe df a0 fe df a0 fe df a0 fe df 
0579d0  a0 fe df a0 fe df a0 fe df a0 fe df a0 fe df a0 
0579e0  fe df a0 fe df a0 fe df a0 fe df a0 fe df a0 fe 
0579f0  df a0 fe df a0 fe df a0 fe df a0 fe df a0 fe df 
057a00  a0 fe df a0 fe df a0 fe df a0 fe df a0 fe df a0 
057a10  fe df a0 fe df a0 fe df a0 fe df a0 fe df a0 fe 
057a20  df a0 fe df a0 fe df a0 fe df a0 fe df a0 fe df 
057a30  a0 fe df a0 fe df a0 fe df a0 fe df a0 fe df a0 
057a40  fe df a0 fe df a0 fe df a0 fe df a0 fe df a0 fe 
057a50  df a0 fe df a0 fe df a0 fe df a0 fe df a0 fe df 
057a60  a0 fe df a0 fe df a0 fe df a0 fe df a0 fe df a0 
057a70  fe df a0 fe df a0 fe df a0 fe df a0 fe df a0 fe 
057a80  df a0 fe df a0 fe df a0 fe df a0 fe df a0 fe df 
057a90  a0 fe df a0 fe df a0 fe df a0 fe df a0 fe df a0 
057aa0  fe df a0 fe df a0 fe df a0 fe df a0 fe df a0 fe 
057ab0  df a0 fe df a0 fe df a0 fe df a0 fe df a0 fe df 
057ac0  a0 fe df a0 fe df a0 fe df a0 fe df a0 fe df a0 
057ad0  fe df a0 fe df a0 fe df a0 fe df a0 fe df a0 fe 
057ae0  df a0 fe df a0 fe df a0 fe df a0 fe df a0 fe df 
057af0  a0 fe df a0 fe df a0 fe df a0 fe df a0 fe df a0 
057b00  fe df a0 fe df a0 fe df a0 fe df a0 fe df a0 fe 
057b10  df a0 fe df a0 fe df a0 fe df a0 fe df a0 fe df 
057b20  a0 fe df a0 fe df a0 fe df a0 fe df a0 fe df a0 
057b30  fe df a0 fe df a0 fe df a0 fe df a0 fe df a0 fe 
057b40  df a0 fe df a0 fe df a0 fe df a0 fe df a0 fe df 
057b50  a0 fe df a0 fe df a0 fe df a0 fe df a0 fe df a0 
057b60  fe df a0 fe df a0 fe df a0 fe df a0 fe df a0 fe 
057b70  df a0 fe df a0 fe df a0 fe df a0 fe df a0 fe df 
057b80  a0 fe df a0 fe df a0 fe df a0 fe df a0 fe df a0 
057b90  fe df a0 fe df a0 fe df a0 fe df a0 fe df a0 fe 
057ba0  df a0 fe df a0 fe df a0 fe df a0 fe df a0 fe df 
057bb0  a0 fe df a0 fe df a0 fe df a0 fe df a0 fe df a0 
057bc0  fe df a0 fe df a0 fe df a0 fe df a0 fe df a0 fe 
057bd0  df a0 fe df a0 fe df a0 fe df a0 fe df a0 fe df 
057be0  a0 fe df a0 fe df a0 fe df a0 fe df a0 fe df a0 
057bf0  fe df a0 fe df a0 fe df a0 fe df a0 fe df a0 fe 
057c00  df a0 fe df a0 fe df a0 fe df a0 fe df a0 fe df 
057c10  a0 fe df a0 fe df a0 fe df a0 fe df a0 fe df a0 
057c20  fe df a0 fe df a0 fe df a0 fe df a0 fe df a0 fe 
057c30  df a0 fe df a0 fe df a0 fe df a0 fe df a0 fe df 
057c40  a0 fe df a0 fe df a0 fe df a0 fe df a0 fe df a0 
057c50  fe df a0 fe df a0 fe df a0 fe df a0 fe df a0 fe 
057c60  df a0 fe df a0 fe df a0 fe df a0 fe df a0 fe df 
057c70  a0 fe df a0 fe df a0 fe df a0 fe df a0 fe df a0 
057c80  fe df a0 fe df a0 fe df a0 fe df a0 fe df a0 fe 
057c90  df a0 fe df a0 fe df a0 fe df a0 fe df a0 fe df 
057ca0  a0 fe df a0 fe df a0 fe df a0 fe df a0 fe df a0 
057cb0  fe df a0 fe df a0 fe df a0 fe df a0 fe df a0 fe 
057cc0  df a0 fe df a0 fe df a0 fe df a0 fe df a0 fe df 
057cd0  a0 fe df a0 fe df a0 fe df a0 fe df a0 fe df a0 
057ce0  fe df a0 fe df a0 fe df a0 fe df a0 fe df a0 fe 
057cf0  df a0 fe df a0 fe df a0 fe df a0 fe df a0 fe df 
057d00  a0 fe df a0 fe df a0 fe df a0 fe df a0 fe df a0 
057d10  fe df a0 fe df a0 fe df a0 fe df a0 fe df a0 fe 
057d20  df a0 fe df a0 fe df a0 fe df a0 fe df a0 fe df 
057d30  a0 fe df a0 fe df a0 fe df a0 fe df a0 fe df a0 
057d40  fe df a0 fe df a0 fe df a0 fe df a0 fe df a0 fe 
057d50  df a0 fe df a0 fe df a0 fe df a0 fe df a0 fe df 
057d60  a0 fe df a0 fe df a0 fe df a0 fe df a0 fe df a0 
057d70  fe df a0 fe df a0 fe df a0 fe df a0 fe df a0 fe 
057d80  df a0 fe df a0 fe df a0 fe df a0 fe df a0 fe df 
057d90  a0 fe df a0 fe df a0 fe df a0 fe df a0 fe df a0 
057da0  fe df a0 fe df a0 fe df a0 fe df a0 fe df a0 fe 
057db0  df a0 fe df a0 fe df a0 fe df a0 fe df a0 fe df 
057dc0  a0 fe df a0 fe df a0 fe df a0 fe df a0 fe df a0 
057dd0  fe df a0 fe df a0 fe df a0 fe df a0 fe df a0 fe 
057de0  df a0 fe df a0 fe df a0 fe df a0 fe df a0 fe df 
057df0  a0 fe df a0 fe df a0 fe df a0 fe df a0 fe df a0 
057e00  fe df a0 fe df a0 fe df a0 fe df a0 fe df a0 fe 
057e10  df a0 fe df a0 fe df a0 fe df a0 fe df a0 fe df 
057e20  a0 fe df a0 fe df a0 fe df a0 fe df a0 fe df a0 
057e30  fe df a0 fe df a0 fe df a0 fe df a0 fe df a0 fe 
057e40  df a0 fe df a0 fe df a0 fe df a0 fe df a0 fe df 
057e50  a0 fe df a0 fe df a0 fe df a0 fe df a0 fe df a0 
057e60  fe df a0 fe df a0 fe df a0 fe df a0 fe df a0 fe 
057e70  df a0 fe df a0 fe 
